ri4: n=200001 k=1 R=150055
SLIM_PHASE ri4-load wall=0.002 cumulative=0.002 peak_rss_kib=4096
SLIM_HEAD_SA bytes=1200440 rows=150055 mmap=1
SLIM_PHASE dict-read wall=0.000 cumulative=0.002 peak_rss_kib=4096
SLIM_PHASE dict-boundaries wall=0.002 cumulative=0.005 peak_rss_kib=4096
SLIM_STRING_ENDS count=1 bytes=8 from_parse_dict=1 cyclic=1
SLIM_PHASE parse+boundaries wall=0.000 cumulative=0.005 peak_rss_kib=4096
SLIM_PHASE parse-fingerprints wall=0.000 cumulative=0.005 peak_rss_kib=4096
SLIM_PHASE dict-fingerprints wall=0.001 cumulative=0.007 peak_rss_kib=4096
SLIM_STRUCT n=200011 P=2004 D=222044 phrases=2003 parse_bytes=8020 bd_bytes=2574 bp_bytes=2574 dict_resident=0 dict_cache_per_thread=262144 no_SA_ISA_LCP_RMQ=1 no_M_b_bwt_w_wt=1
SLIM_PHASE lce-build-total wall=0.004 cumulative=0.007 peak_rss_kib=4096
SLIM_PHASE lf-build wall=0.003 cumulative=0.009 peak_rss_kib=6144
SLIM_RI runs=750275 starts=1200440 samples=337624 lf_capacity=2249060
SLIM_PROGRESS runs=65536/150055 resolve_wall=0.002 lce_wall=0.044 write_wall=0.002 lf_steps=0 cache_hits=0
SLIM_PHASE query-chunks wall=0.050 cumulative=0.060 peak_rss_kib=8192
SLIM_PHASE queries+stream-write-final wall=0.065 cumulative=0.124 peak_rss_kib=8192
SLIM_FP parse tau=1 bytes=16048 queries=55 verified_symbols=55 hash_probes=0 mean_verified=1.000000000 max_verified=1
SLIM_FP dict tau=12 bytes=148032 queries=187557 verified_symbols=1680103 hash_probes=4291 mean_verified=8.957826154 max_verified=19
SLIM_QUERY_PHASE resolve_wall=0.004150 resolve_peak_kib=8192 lce_wall=0.103664 lce_peak_kib=8192 write_wall=0.005480 write_peak_kib=8192
SLIM_SEEDS queries=187503 mean_verified_phrases=0.000293329 max_verified_phrases=1 (includes_zero_parse_work_seeds; boundary_included)
SLIM_RESOLVE walks=0 steps=0 max=0 anchor=0 failed=0 cache_hits=0
SLIM_BOUNDARY_RESOLVE head_direct=150055 tail_direct=187503 head_lf_steps=0
