sample0	0	358	20	25	-
sample1	1	22	22	0	-
sample0	5	745627	23	21	+
sample0	7	36	23	21	-
sample0	8	5856	21	3	-
sample0	8	5847	28	16	-
sample1	9	31	22	0	-
sample1	9	19	22	0	-
sample0	12	924263	45	0	+
sample0	13	784002	23	21	+
sample0	13	6696	21	1	-
sample1	31	1069796	23	0	+
sample1	35	806919	23	0	+
sample0	39	262151	21	21	+
sample1	39	294	22	0	-
sample1	43	669659	23	0	+
sample1	43	669603	23	0	+
sample1	43	669593	20	2	+
sample1	44	1094068	22	0	+
sample1	44	1093996	23	0	+
sample1	44	148	23	0	-
sample1	46	43	22	0	-
sample1	52	806003	23	0	+
sample1	54	419635	23	0	+
sample1	55	82	23	0	-
sample1	56	78	23	0	-
sample1	57	102	23	0	-
sample1	57	53	22	0	-
sample1	70	97	23	0	-
sample0	71	262656	21	21	+
sample1	75	774246	23	0	+
sample1	75	773995	20	2	+
sample1	78	1092822	20	0	+
sample1	80	1051399	20	5	+
sample1	80	76	21	24	-
sample1	82	1483370	22	0	+
sample1	85	586129	23	0	+
sample1	88	420699	22	0	+
sample0	90	1093022	20	25	+
sample0	90	1092985	23	21	+
sample0	92	742514	28	16	+
sample0	92	742510	23	1	+
sample0	93	540484	23	21	+
sample1	94	798588	22	0	+
sample0	101	543	24	21	-
sample0	102	458325	23	21	+
sample0	104	317	23	1	-
sample0	104	308	28	16	-
sample0	106	366	20	21	-
sample1	107	1523076	24	0	+
sample0	108	287	23	21	-
sample1	108	86	21	24	-
sample0	111	669394	34	10	+
sample1	112	89	23	0	-
sample0	117	207257	23	21	+
sample0	126	101	23	21	-
sample1	129	731133	22	0	+
sample1	132	1056236	20	2	+
sample1	134	233092	22	0	+
sample1	134	233080	22	0	+
sample1	134	227396	22	0	+
sample0	135	332268	23	21	+
sample0	135	908	20	25	-
sample1	141	1538914	22	0	+
sample1	142	1051148	23	0	+
sample0	144	907417	45	0	+
sample1	145	1098231	21	2	+
sample1	147	1308296	23	0	+
sample0	148	441	23	21	-
sample0	149	424	28	10	-
sample1	151	329210	22	0	+
sample0	151	316339	23	21	+
sample0	157	1206703	23	21	+
sample0	157	5862	23	21	-
sample0	159	1502415	23	21	+
sample0	160	259	24	21	-
sample0	162	923582	23	21	+
sample0	165	1073548	23	21	+
sample1	185	554969	22	0	+
sample1	187	830595	20	2	+
sample1	189	4875	23	0	-
sample1	191	317	23	0	-
sample0	192	1552435	23	21	+
sample0	192	52910	23	21	-
sample1	193	310253	21	24	+
sample1	193	310217	23	0	+
sample1	193	310205	22	0	+
sample1	193	295404	21	0	+
sample1	193	295201	22	0	+
sample1	195	789183	22	0	+
sample1	195	705709	20	2	+
sample0	195	383	23	21	-
sample1	196	610830	23	0	+
sample0	197	37692	23	21	-
sample1	198	1337283	23	0	+
sample1	198	1337185	23	0	+
sample1	198	1314908	21	24	+
sample1	198	1285974	22	0	+
sample0	198	123739	23	21	-
sample0	200	8304	23	21	-
sample1	207	13	23	0	-
sample1	210	128	23	0	-
sample1	214	14	21	2	-
sample1	215	767823	22	0	+
sample0	215	767738	20	25	+
sample0	215	767705	30	14	+
sample1	249	14	22	0	-
sample1	255	7359	20	0	-
sample1	280	134	23	0	-
sample1	482	25	23	0	-
sample1	485	1498342	21	0	+
sample1	496	131	22	0	-
sample0	508	1505998	23	21	+
sample1	510	945229	23	0	+
sample1	510	932904	22	0	+
sample1	510	932732	22	0	+
sample0	511	543502	23	21	+
sample0	515	777949	23	21	+
sample0	517	2	23	21	-
sample0	520	674698	23	21	+
sample1	527	522955	23	0	+
sample0	528	1076347	20	25	+
sample1	529	573325	21	24	+
sample1	530	61	23	0	-
sample1	531	929042	23	0	+
sample0	532	17676	20	25	-
sample1	533	753800	23	0	+
sample0	533	746869	20	25	+
sample0	534	1094094	23	21	+
sample1	539	66	22	0	-
sample1	545	456225	22	0	+
sample1	547	800298	21	2	+
sample0	547	793297	20	25	+
sample1	551	1469953	24	0	+
sample1	553	11343	23	0	-
sample1	554	205	22	0	-
sample1	555	809709	21	24	+
sample1	555	809685	23	0	+
sample1	559	225054	23	0	+
sample1	559	57	23	0	-
sample1	561	305830	22	0	+
sample1	565	291	23	0	-
sample1	567	595871	23	0	+
sample1	570	1454681	24	0	+
sample1	570	275	23	0	-
sample0	571	761525	20	25	+
sample1	574	742480	22	0	+
sample1	601	122	22	0	-
sample0	610	217433	23	22	+
sample0	613	755762	30	14	+
sample1	613	145	22	0	-
sample1	616	1486226	23	0	+
sample0	616	1486092	31	14	+
sample1	616	59	22	0	-
sample1	618	920460	22	0	+
sample1	618	237	21	24	-
sample1	619	264	22	0	-
sample0	622	1085484	30	14	+
sample1	623	441813	20	0	+
sample1	624	201	22	0	-
sample0	625	1061644	31	14	+
sample0	627	203817	23	21	+
sample0	627	147	23	21	-
sample0	628	5630	23	21	-
sample0	631	185	23	21	-
sample1	635	1029197	22	0	+
sample0	635	1029084	23	21	+
sample0	635	162	24	21	-
sample0	637	147	24	21	-
sample0	642	222	20	21	-
sample0	642	197	23	21	-
sample0	645	309885	23	21	+
sample0	645	309863	20	21	+
sample0	646	802513	23	21	+
sample0	648	316	20	25	-
sample0	650	1053476	23	21	+
sample1	651	561627	23	0	+
sample0	652	1480857	23	21	+
sample0	652	1480835	20	21	+
sample0	654	251	20	25	-
sample1	655	420094	23	0	+
sample1	656	10	23	0	-
sample0	659	1039492	20	25	+
sample0	659	322	20	25	-
sample1	662	44	23	0	-
sample1	664	78	23	0	-
sample0	666	542400	20	25	+
sample1	669	664246	23	0	+
sample0	669	7190	20	24	-
sample0	685	382	23	21	-
sample1	686	7252	22	0	-
sample1	686	7240	22	0	-
sample1	687	189	23	0	-
sample0	688	6420	23	21	-
sample0	695	786263	28	5	+
sample0	695	786252	30	5	+
sample0	695	786241	30	5	+
sample0	695	786230	30	5	+
sample0	695	786224	25	10	+
sample0	699	6490	34	10	-
sample0	702	6954	34	10	-
sample0	706	309	23	21	-
sample1	706	200	23	0	-
sample0	707	6478	34	10	-
sample1	713	434739	21	24	+
sample0	714	18566	24	21	-
sample1	714	11702	23	0	-
sample0	717	668804	34	10	+
sample0	717	224	23	21	-
sample0	721	301	20	21	-
sample0	721	276	23	21	-
sample0	722	227	23	21	-
sample0	723	268	23	21	-
sample0	724	239	23	21	-
sample0	725	4588	23	21	-
sample0	729	208543	23	21	+
sample0	730	445924	28	5	+
sample0	730	445918	25	10	+
sample1	732	211	20	24	-
sample0	733	258	20	25	-
sample0	742	197	20	25	-
sample0	743	925765	20	25	+
sample0	747	310405	23	21	+
sample0	749	6662	23	21	-
sample0	750	6211	23	21	-
sample1	751	568081	22	0	+
sample0	752	327	23	21	-
sample0	754	1070509	23	21	+
sample1	755	813460	20	24	+
sample1	757	789786	23	0	+
sample1	758	129	22	0	-
sample1	764	214741	23	0	+
sample0	770	6730	23	21	-
sample1	770	257	20	0	-
sample1	770	126	23	0	-
sample0	772	1064316	23	21	+
sample0	777	309586	23	21	+
sample1	782	431893	23	0	+
sample1	784	264563	23	0	+
sample0	785	6213	23	21	-
sample1	789	397	23	0	-
sample0	793	311206	23	21	+
sample1	798	451346	21	24	+
sample0	802	345	23	21	-
sample0	802	333	20	25	-
sample0	803	340	23	21	-
sample1	805	1586840	22	0	+
sample1	805	1586774	23	0	+
sample0	805	1586508	21	23	+
sample0	808	347	21	1	-
sample0	809	358	28	10	-
sample0	812	1290	28	10	-
sample0	814	206426	23	21	+
sample0	818	306	20	21	-
sample0	818	281	23	21	-
sample0	819	527939	24	21	+
sample1	822	1507634	23	0	+
sample0	823	303	24	21	-
sample1	824	136	23	0	-
sample1	825	589728	20	0	+
sample0	829	6188	23	21	-
sample0	831	206146	23	21	+
sample0	831	7021	23	21	-
sample0	834	532429	24	21	+
sample0	838	284	20	21	-
sample0	838	259	23	21	-
sample0	843	6193	23	21	-
sample1	844	1044946	23	0	+
sample0	844	329	24	21	-
sample1	845	120	23	0	-
sample0	847	207795	24	21	+
sample1	851	5926	22	0	-
sample1	851	5914	22	0	-
sample1	851	5895	22	0	-
sample1	851	103	22	0	-
sample0	857	199	23	21	-
sample1	864	311773	20	0	+
sample1	869	279744	22	0	+
sample1	869	279732	22	0	+
sample1	869	279654	23	0	+
sample0	871	519547	29	15	+
sample1	874	1120206	21	24	+
sample1	880	55	23	0	-
sample1	887	1059129	20	0	+
sample1	889	152	23	0	-
sample1	889	64	23	0	-
sample1	899	151117	23	0	+
sample1	914	279	21	2	-
sample1	915	537458	23	0	+
sample1	915	40	21	24	-
sample1	916	161	22	0	-
sample1	925	125	23	0	-
sample1	989	223	20	0	-
sample1	1001	269	23	0	-
sample1	1001	240	23	0	-
sample0	1020	814616	23	21	+
sample0	1027	192	20	25	-
sample1	1031	120	23	0	-
sample1	1033	1529875	22	0	+
sample1	1038	216	23	0	-
sample1	1038	187	23	0	-
sample1	1040	828223	22	0	+
sample1	1059	1036919	22	0	+
sample1	1061	29	22	0	-
sample0	1062	854898	23	21	+
sample0	1063	200	20	25	-
sample1	1066	11	23	0	-
sample0	1068	818720	20	25	+
sample0	1073	6915	20	25	-
sample1	1086	11428	23	0	-
sample1	1088	1069621	22	0	+
sample1	1088	1069609	22	0	+
sample1	1090	574919	23	0	+
sample0	1091	1080258	29	15	+
sample0	1091	6047	23	21	-
sample1	1094	54	23	0	-
sample0	1097	1502608	23	21	+
sample0	1099	245	24	21	-
sample1	1105	288	22	0	-
sample1	1108	406	23	0	-
sample1	1111	931712	22	0	+
sample1	1113	38	22	0	-
sample1	1116	788152	22	0	+
sample1	1121	140	22	0	-
sample1	1131	945267	22	0	+
sample1	1132	1150925	23	0	+
sample1	1133	356330	22	0	+
sample1	1133	356289	20	11	+
sample1	1135	461908	22	0	+
sample0	1135	461876	20	25	+
sample0	1137	843932	23	21	+
sample1	1138	26	22	0	-
sample0	1140	7484	23	21	-
sample0	1141	543204	20	25	+
sample1	1142	1100893	22	0	+
sample0	1142	1100524	23	21	+
sample1	1143	669397	21	24	+
sample0	1144	745589	23	21	+
sample1	1145	951371	22	0	+
sample0	1145	951339	20	25	+
sample1	1147	1084957	23	0	+
sample0	1149	770897	23	21	+
sample1	1150	928245	23	0	+
sample1	1157	57	22	0	-
sample1	1157	32	22	0	-
sample1	1162	1017114	23	0	+
sample1	1165	939712	23	0	+
sample1	1169	476	20	25	-
sample1	1169	408	21	2	-
sample1	1169	333	20	25	-
sample1	1169	225	20	2	-
sample1	1169	185	20	0	-
sample1	1170	201661	20	0	+
sample1	1170	201592	21	24	+
sample1	1171	799155	22	0	+
sample1	1171	798874	23	0	+
sample1	1171	239	22	0	-
sample1	1172	251908	22	0	+
sample1	1172	383	22	0	-
sample1	1174	1050900	23	0	+
sample1	1175	71	23	0	-
sample1	1178	110	22	0	-
sample1	1179	295	20	24	-
sample1	1180	249	23	0	-
sample1	1181	1457921	23	0	+
sample1	1182	110	22	0	-
sample1	1183	913363	22	0	+
sample1	1183	448	22	0	-
sample1	1184	150	22	0	-
sample1	1220	254202	22	0	+
sample1	1240	144	23	0	-
sample1	1242	201160	22	0	+
sample1	1248	15	22	0	-
sample1	1254	178	23	0	-
sample1	1272	70	22	0	-
sample1	1276	205355	22	0	+
sample1	1285	134225	23	0	+
sample1	1289	107	22	0	-
sample1	1305	526489	23	0	+
sample1	1316	404	22	0	-
sample1	1333	194840	22	0	+
sample1	1389	254202	22	0	+
sample1	1411	178	23	0	-
sample1	1429	205355	22	0	+
sample1	1439	70	22	0	-
sample1	1440	15	22	0	-
sample1	1448	404	22	0	-
sample1	1451	526489	23	0	+
sample1	1459	201160	22	0	+
sample1	1474	134225	23	0	+
sample1	1502	144	23	0	-
sample1	1503	194840	22	0	+
sample1	1525	107	22	0	-
sample1	1556	291346	21	24	+
sample1	1557	412514	23	0	+
sample1	1557	537	23	0	-
sample1	1558	232	23	0	-
sample1	1559	256227	23	0	+
sample1	1561	534293	22	0	+
sample1	1562	719300	22	0	+
sample1	1564	137	22	0	-
sample1	1566	704372	22	0	+
sample1	1566	704223	20	0	+
sample1	1568	518	22	0	-
sample1	1571	347	20	0	-
sample1	1603	345182	22	0	+
sample1	1605	447	23	0	-
sample1	1656	208263	23	0	+
sample1	1656	208251	22	0	+
sample1	1705	140348	22	0	+
sample1	1731	87382	23	0	+
sample1	1769	1044537	23	0	+
sample1	1789	610	22	0	-
sample1	1852	158938	22	0	+
sample1	1885	302615	22	0	+
sample1	1925	14	23	0	-
sample1	1926	201796	22	0	+
sample1	1986	345182	22	0	+
sample1	2000	208263	23	0	+
sample1	2000	208251	22	0	+
sample1	2037	610	22	0	-
sample1	2054	1044537	23	0	+
sample1	2060	140348	22	0	+
sample1	2076	14	23	0	-
sample1	2108	201796	22	0	+
sample1	2134	158938	22	0	+
sample1	2143	87382	23	0	+
sample1	2146	302615	22	0	+
sample1	2194	447	23	0	-
sample0	2369	339608	23	21	+
sample0	2373	1070913	20	25	+
sample1	2374	164	22	0	-
sample0	2375	418	23	21	-
sample0	2376	1049344	27	17	+
sample0	2380	11954	23	21	-
sample1	2380	108	22	0	-
sample1	2381	925735	23	0	+
sample1	2382	112	23	0	-
sample1	2382	84	20	0	-
sample0	2384	202416	23	21	+
sample1	2387	287647	23	0	+
sample1	2389	587265	22	0	+
sample0	2390	741590	23	21	+
sample0	2391	294	23	21	-
sample0	2393	269	23	21	-
sample0	2395	400	23	21	-
sample1	2397	913702	22	0	+
sample0	2397	913520	21	1	+
sample0	2399	319	21	1	-
sample0	2401	239141	23	21	+
sample0	2408	1487292	21	23	+
sample0	2409	453	23	21	-
sample1	2413	934020	20	2	+
sample0	2413	933448	24	21	+
sample0	2414	1069459	23	21	+
sample0	2416	786411	23	21	+
sample0	2420	927667	24	21	+
sample0	2421	488	23	21	-
sample0	2421	476	20	25	-
sample1	2422	167	23	0	-
sample1	2423	540718	22	0	+
sample0	2425	455	23	21	-
sample1	2427	829551	22	0	+
sample0	2428	1069117	23	21	+
sample0	2429	767806	23	21	+
sample1	2431	223952	20	25	+
sample1	2431	223914	21	2	+
sample0	2431	223762	23	21	+
sample0	2447	1522703	21	23	+
sample0	2448	239670	23	21	+
sample0	2448	549	20	25	-
sample1	2449	310028	23	0	+
sample0	2450	794471	23	21	+
sample0	2450	356	23	21	-
sample1	2455	736781	22	0	+
sample1	2455	253	22	0	-
sample0	2457	478	23	21	-
sample0	2458	1065389	23	21	+
sample1	2459	915776	22	0	+
sample1	2459	915749	23	0	+
sample1	2461	10	23	0	-
sample0	2463	432	20	25	-
sample1	2463	45	23	0	-
sample1	2464	31	22	0	-
sample1	2467	906	20	0	-
sample1	2469	433587	20	0	+
sample1	2469	135	21	2	-
sample1	2470	511099	20	25	+
sample1	2472	1476299	22	0	+
sample1	2474	1128253	20	25	+
sample1	2478	816577	20	2	+
sample1	2480	565	22	1	-
sample1	2490	184	23	0	-
sample1	2508	210821	20	3	+
sample1	2514	624	23	0	-
sample1	2516	251	23	0	-
sample0	2582	226	20	25	-
sample1	2587	7286	23	0	-
sample1	2587	7209	23	0	-
sample0	2593	1027227	21	21	+
sample0	2593	269	23	21	-
sample1	2596	210	22	0	-
sample1	2599	165	23	0	-
sample1	2603	94	23	0	-
sample1	2605	1476154	23	0	+
sample1	2611	3	21	24	-
sample0	2637	250	20	25	-
sample0	2812	130878	20	25	+
sample1	2818	129853	23	0	+
sample0	2866	92132	20	25	+
sample0	2958	130878	20	25	+
sample1	2975	129853	23	0	+
sample0	3031	250	20	25	-
sample0	3102	92132	20	25	+
sample1	3211	21	20	0	-
sample0	3213	0	22	10	-
sample1	3224	7062	22	0	-
sample0	3231	229	21	1	-
sample0	3235	231	20	25	-
sample1	3237	6626	23	0	-
sample1	3237	6563	21	24	-
sample1	3243	524617	22	0	+
sample1	3243	147	22	0	-
sample1	3247	776387	22	0	+
sample1	3247	570	22	0	-
sample1	3248	68	23	0	-
sample1	3255	393	23	0	-
sample1	3255	76	23	0	-
sample1	3256	255932	23	0	+
sample1	3316	416	23	0	-
sample1	3351	189732	22	0	+
sample1	3380	178137	22	0	+
sample1	3383	265381	21	24	+
sample1	3449	250243	23	0	+
sample1	3449	249909	22	0	+
sample1	3497	178137	22	0	+
sample1	3500	265381	21	24	+
sample1	3608	189732	22	0	+
sample1	3616	416	23	0	-
sample1	3640	250243	23	0	+
sample1	3640	249909	22	0	+
sample1	3680	348	23	0	-
sample1	3683	810868	22	0	+
sample1	3683	810742	23	0	+
sample1	3683	810518	21	24	+
sample1	3684	325079	22	0	+
sample1	3685	763774	21	24	+
sample1	3687	524	20	0	-
sample1	3687	259	22	0	-
sample1	3687	51	22	0	-
sample1	3688	930377	22	0	+
sample1	3688	27	23	0	-
sample1	3689	302	22	0	-
sample1	3689	79	23	0	-
sample1	3690	283	23	0	-
sample1	3732	601	21	24	-
sample1	3732	488	22	0	-
sample1	3748	41664	21	24	+
sample0	3751	630	28	16	-
sample0	3910	630	28	16	-
sample1	3921	601	21	24	-
sample1	3921	488	22	0	-
sample1	3923	41664	21	24	+
sample1	3957	937497	20	0	+
sample1	3957	299	22	0	-
sample1	3958	83	23	0	-
sample1	3959	201	22	0	-
sample1	3962	683146	23	0	+
sample1	3962	683055	20	0	+
sample1	3964	1062352	23	0	+
sample1	3964	60	22	0	-
sample1	3969	1073563	22	0	+
sample1	3970	187186	22	0	+
sample1	3971	286124	23	0	+
sample1	3973	238	21	2	-
sample1	3974	324161	21	24	+
sample1	3976	535424	20	0	+
sample1	3977	36	23	0	-
sample1	3978	181270	23	0	+
sample1	3979	18	23	0	-
sample1	3990	936000	22	0	+
sample1	3995	82	20	25	-
sample1	3995	41	23	0	-
sample1	3995	18	22	0	-
sample1	3997	59	23	0	-
sample1	3999	352	22	0	-
sample1	4003	187907	22	0	+
sample1	4003	187619	22	0	+
sample1	4006	533590	22	0	+
sample1	4009	83	22	0	-
sample1	4011	1069492	20	0	+
sample1	4016	319190	22	0	+
sample0	4016	318966	29	15	+
sample1	4026	208	23	0	-
sample1	4027	669164	20	0	+
sample0	4027	257	29	15	-
sample1	4030	156	23	0	-
sample1	4037	753704	23	0	+
sample1	4037	6977	22	0	-
sample1	4046	87	23	0	-
sample1	4051	302163	22	0	+
sample1	4057	917196	22	0	+
sample0	4067	305012	25	15	+
sample0	4073	676713	20	25	+
sample1	4076	25	23	0	-
sample1	4093	162	20	0	-
sample1	4094	789542	23	0	+
sample1	4105	889868	20	0	+
sample1	4105	889746	22	0	+
sample1	4107	8	23	0	-
sample0	4121	167	21	1	-
sample1	4122	109	23	0	-
sample1	4123	537022	23	0	+
sample0	4126	761334	21	1	+
sample1	4126	248	23	0	-
sample1	4130	937651	23	0	+
sample1	4137	215687	21	24	+
sample1	4139	535184	20	25	+
sample1	4142	675042	21	24	+
sample0	4143	1077582	28	5	+
sample0	4143	1077581	20	15	+
sample0	4145	278	20	15	-
sample0	4145	267	30	5	-
sample0	4145	258	28	5	-
sample0	4146	1466622	25	8	+
sample1	4147	922510	21	24	+
sample1	4148	1148464	23	0	+
sample1	4150	722963	23	0	+
sample0	4150	344	20	15	-
sample0	4150	335	28	5	-
sample1	4152	428200	22	0	+
sample1	4155	826946	22	0	+
sample1	4156	582667	22	0	+
sample0	4160	346	23	21	-
sample1	4160	47	22	0	-
sample1	4161	690489	23	0	+
sample1	4164	84	20	25	-
sample1	4170	27	20	24	-
sample1	4172	306	22	0	-
sample0	4173	316	23	21	-
sample0	4175	567344	20	25	+
sample0	4175	567329	23	21	+
sample1	4176	82	22	0	-
sample0	4177	759457	20	25	+
sample0	4177	759442	23	21	+
sample1	4177	77	20	0	-
sample1	4178	675490	23	0	+
sample1	4179	354	21	24	-
sample1	4184	222243	23	0	+
sample1	4188	800460	22	0	+
sample1	4190	33	22	0	-
sample0	4192	359	20	24	-
sample1	4193	298	23	0	-
sample0	4194	326	23	21	-
sample1	4195	205	23	0	-
sample0	4197	764347	20	25	+
sample0	4201	308989	23	21	+
sample1	4201	72	23	0	-
sample0	4204	1493573	23	21	+
sample1	4204	118	22	0	-
sample1	4204	57	23	0	-
sample1	4207	156	23	0	-
sample0	4208	415	23	21	-
sample0	4210	537755	23	21	+
sample1	4212	1110484	20	11	+
sample0	4212	1110442	23	21	+
sample0	4213	772201	23	21	+
sample0	4215	383	23	21	-
sample1	4222	1488107	20	0	+
sample1	4228	921824	21	24	+
sample1	4229	1040839	22	0	+
sample1	4229	1040822	23	0	+
sample0	4237	5785	23	21	-
sample1	4240	1504253	23	0	+
sample1	4240	1476212	23	0	+
sample0	4240	359	27	17	-
sample1	4243	1088773	21	24	+
sample1	4246	940783	23	0	+
sample0	4246	395	23	21	-
sample0	4246	383	20	25	-
sample0	4250	87391	26	18	-
sample1	4251	538103	23	0	+
sample1	4251	148	20	25	-
sample0	4254	13289	20	25	-
sample0	4257	260592	23	21	+
sample0	4261	435	20	25	-
sample0	4269	264263	20	25	+
sample0	4269	264248	23	21	+
sample1	4279	342153	23	0	+
sample0	4279	408	23	21	-
sample0	4287	570087	20	25	+
sample0	4294	340	27	17	-
sample0	4297	96	29	15	-
sample0	4297	84	20	25	-
sample0	4298	251952	20	25	+
sample1	4300	268976	23	0	+
sample1	4303	28320	23	0	-
sample0	4307	583739	20	25	+
sample1	4313	315	23	0	-
sample0	4315	323	20	25	-
sample1	4317	938813	22	0	+
sample0	4317	925308	20	25	+
sample1	4322	210	23	0	-
sample0	4324	190	20	25	-
sample1	4325	657462	20	0	+
sample0	4325	650441	20	25	+
sample1	4329	219001	22	0	+
sample0	4332	13289	20	25	-
sample0	4348	570087	20	25	+
sample0	4350	340	27	17	-
sample0	4363	583739	20	25	+
sample1	4369	28320	23	0	-
sample1	4371	315	23	0	-
sample1	4376	210	23	0	-
sample1	4378	938813	22	0	+
sample0	4378	925308	20	25	+
sample0	4379	190	20	25	-
sample1	4383	657462	20	0	+
sample0	4383	650441	20	25	+
sample0	4386	251952	20	25	+
sample0	4387	264263	20	25	+
sample0	4387	264248	23	21	+
sample1	4393	268976	23	0	+
sample1	4394	342153	23	0	+
sample0	4394	408	23	21	-
sample1	4395	219001	22	0	+
sample0	4397	96	29	15	-
sample0	4397	84	20	25	-
sample0	4401	260592	23	21	+
sample0	4405	323	20	25	-
sample0	4410	435	20	25	-
sample1	4420	1030468	22	0	+
sample1	4423	778283	23	0	+
sample1	4426	308796	22	0	+
sample1	4427	148	23	0	-
sample1	4429	210232	22	0	+
sample1	4436	6814	23	0	-
sample0	4446	7378	23	21	-
sample0	4453	351	23	21	-
sample1	4455	809192	22	0	+
sample1	4455	802399	22	0	+
sample1	4455	795636	22	0	+
sample1	4455	788880	22	0	+
sample1	4457	39	21	24	-
sample0	4459	6157	24	21	-
sample1	4459	557	23	0	-
sample1	4459	336	22	0	-
sample1	4461	7614	22	0	-
sample1	4461	7338	22	0	-
sample1	4464	4957	23	0	-
sample0	4467	1075430	45	0	+
sample0	4467	5843	24	21	-
sample0	4468	854	23	21	-
sample1	4468	134	23	0	-
sample1	4469	794813	22	0	+
sample1	4469	788052	22	0	+
sample0	4473	426	23	21	-
sample1	4475	631	22	0	-
sample1	4476	443499	23	0	+
sample0	4476	574	23	21	-
sample1	4478	43	22	0	-
sample0	4481	490	23	1	-
sample0	4481	487	22	16	-
sample0	4484	349	23	21	-
sample0	4485	451	20	25	-
sample0	4487	13669	23	21	-
sample1	4487	146	22	0	-
sample0	4490	1491856	23	21	+
sample1	4495	20	22	0	-
sample1	4498	14	22	0	-
sample0	4499	568825	23	21	+
sample0	4501	287	22	0	-
sample0	4504	281	23	21	-
sample0	4505	322911	23	21	+
sample1	4507	1115503	22	0	+
sample1	4507	81	23	0	-
sample1	4508	45	23	0	-
sample0	4509	922025	23	21	+
sample0	4519	1047348	20	25	+
sample1	4521	55	23	0	-
sample1	4533	522552	22	0	+
sample1	4533	522511	23	0	+
sample1	4536	799079	23	0	+
sample1	4538	665356	23	0	+
sample1	4538	665314	23	0	+
sample1	4539	4765	22	0	-
sample1	4539	4752	23	0	-
sample1	4539	19	23	0	-
sample1	4544	510	23	0	-
sample1	4595	307052	22	0	+
sample1	4595	307041	20	25	+
sample1	4682	220	22	0	-
sample1	4805	307052	22	0	+
sample1	4805	307041	20	25	+
sample1	4827	220	22	0	-
sample1	4970	300971	22	0	+
sample1	4972	682544	23	0	+
sample1	4972	682316	20	0	+
sample0	4973	567999	23	21	+
sample0	4977	37	20	25	-
sample1	4978	256	22	0	-
sample1	4979	1077909	22	0	+
sample0	4983	206790	24	21	+
sample1	4983	12	22	0	-
sample0	4988	297	20	25	-
sample1	4991	73	22	0	-
sample1	4993	335	22	0	-
sample1	4993	117	22	0	-
sample1	4995	1068646	23	0	+
sample1	4997	1139247	23	0	+
sample1	4997	1139212	22	0	+
sample1	4998	779491	22	0	+
sample1	4999	793412	22	0	+
sample0	5000	549826	21	21	+
sample0	5001	189565	24	21	+
sample0	5004	553004	23	21	+
sample1	5015	1462832	22	0	+
sample1	5016	78	22	0	-
sample1	5021	238	22	0	-
sample1	5035	264482	23	0	+
sample1	5035	384	23	0	-
sample1	5036	369	23	0	-
sample1	5037	440688	22	0	+
sample1	5038	187	22	0	-
sample1	5039	243	20	0	-
sample1	5040	850	22	0	-
sample1	5045	939070	23	0	+
sample1	5046	580	22	0	-
sample1	5046	568	22	0	-
sample1	5048	1497131	23	0	+
sample1	5048	240	23	0	-
sample1	5049	306539	22	0	+
sample1	5049	571	22	0	-
sample1	5049	391	23	0	-
sample1	5050	226936	22	0	+
sample0	5052	196177	24	21	+
sample0	5053	441	23	21	-
sample0	5056	805587	23	21	+
sample1	5058	1082841	22	0	+
sample1	5063	791112	23	0	+
sample0	5063	353	23	21	-
sample0	5065	304	23	21	-
sample1	5072	1513612	24	0	+
sample0	5072	174	23	21	-
sample0	5081	28	23	21	-
sample1	5086	225549	22	0	+
sample1	5089	90	22	0	-
sample1	5090	529830	22	0	+
sample0	5090	265	20	25	-
sample1	5090	142	22	0	-
sample0	5091	5453	22	15	-
sample1	5091	5272	22	0	-
sample0	5091	194	20	25	-
sample1	5091	20	22	0	-
sample1	5093	774373	22	0	+
sample1	5093	2934	22	0	-
sample0	5094	729847	20	25	+
sample0	5097	200	20	25	-
sample1	5097	84	22	0	-
sample0	5105	333	23	21	-
sample0	5106	1484189	23	21	+
sample0	5107	290	23	21	-
sample0	5108	363	28	16	-
sample1	5109	36	23	0	-
sample0	5111	7157	23	21	-
sample0	5112	343	20	25	-
sample0	5114	453138	23	21	+
sample0	5115	1066159	23	21	+
sample0	5115	280	20	25	-
sample0	5116	333	23	21	-
sample1	5116	79	23	0	-
sample0	5123	1469519	20	25	+
sample0	5124	428661	24	21	+
sample0	5128	202	20	2	-
sample0	5129	912429	24	21	+
sample0	5130	797618	24	21	+
sample0	5133	1062084	24	21	+
sample1	5135	1057302	23	0	+
sample0	5135	1057021	20	25	+
sample1	5138	99	23	0	-
sample1	5140	290773	20	0	+
sample0	5144	428611	24	21	+
sample0	5145	240	20	2	-
sample0	5146	1061995	24	21	+
sample0	5151	912344	24	21	+
sample1	5154	5922	22	0	-
sample1	5154	5860	22	0	-
sample1	5158	1101526	23	0	+
sample0	5159	775931	20	25	+
sample0	5159	775916	23	21	+
sample1	5160	51	22	0	-
sample0	5161	1076118	20	25	+
sample1	5164	522734	22	0	+
sample0	5169	17352	20	25	-
sample0	5175	309133	23	21	+
sample1	5178	85	21	24	-
sample0	5179	305	23	21	-
sample0	5183	667912	20	25	+
sample0	5189	277	23	21	-
sample0	5190	308916	23	21	+
sample1	5190	178	22	0	-
sample0	5191	274	23	21	-
sample0	5203	393	20	25	-
sample0	5205	675216	20	25	+
sample1	5209	681678	23	0	+
sample1	5215	311	22	0	-
sample0	5217	921635	34	10	+
sample1	5233	1082592	20	0	+
sample1	5234	258814	20	24	+
sample0	5234	333	20	25	-
sample1	5236	1129036	23	0	+
sample1	5236	1128916	23	0	+
sample1	5236	13915	22	0	-
sample1	5238	803300	23	0	+
sample1	5238	803288	22	0	+
sample1	5238	7128	22	0	-
sample1	5241	919279	22	0	+
sample1	5242	729503	22	0	+
sample1	5244	19492	22	0	-
sample1	5246	205	22	0	-
sample0	5255	249650	20	24	+
sample0	5260	7628	20	25	-
sample1	5265	429827	23	0	+
sample0	5278	6870	20	25	-
sample1	5294	81	22	0	-
sample0	5301	801559	20	25	+
sample0	5310	549504	20	25	+
sample1	5335	95	23	0	-
sample1	5338	485948	22	0	+
sample1	5346	2	22	0	-
sample1	5349	468574	23	0	+
sample1	5360	113	22	0	-
sample0	5369	448199	20	25	+
sample0	5369	448184	23	21	+
sample0	5370	693943	20	25	+
sample1	5371	6	22	0	-
sample1	5374	680446	20	0	+
sample1	5374	680410	23	0	+
sample0	5376	785478	33	5	+
sample0	5376	785477	20	15	+
sample1	5387	141332	23	0	+
sample1	5407	429827	23	0	+
sample1	5418	81	22	0	-
sample0	5423	801559	20	25	+
sample0	5426	249650	20	24	+
sample0	5445	7628	20	25	-
sample0	5454	549504	20	25	+
sample1	5455	113	22	0	-
sample1	5461	485948	22	0	+
sample1	5470	680446	20	0	+
sample1	5470	680410	23	0	+
sample1	5486	2	22	0	-
sample1	5487	468574	23	0	+
sample0	5491	448199	20	25	+
sample0	5491	448184	23	21	+
sample0	5499	785478	33	5	+
sample0	5499	785477	20	15	+
sample0	5501	693943	20	25	+
sample1	5506	6	22	0	-
sample1	5508	141332	23	0	+
sample0	5516	6870	20	25	-
sample1	5519	95	23	0	-
sample1	5550	199	22	0	-
sample0	5551	5984	21	3	-
sample0	5551	5975	28	16	-
sample1	5552	439955	22	0	+
sample0	5553	34	20	25	-
sample0	5554	745558	23	21	+
sample0	5556	217	23	21	-
sample0	5559	930260	45	0	+
sample1	5560	1532684	20	0	+
sample0	5562	784301	23	21	+
sample0	5562	6997	21	1	-
sample1	5563	28	23	0	-
sample1	5565	17	22	0	-
sample1	5565	5	22	0	-
sample0	5566	315321	23	21	+
sample0	5566	227	23	21	-
sample0	5570	175	23	21	-
sample0	5571	673989	24	21	+
sample0	5573	206	24	21	-
sample0	5576	1486048	23	21	+
sample0	5578	910027	23	21	+
sample0	5578	910005	20	21	+
sample0	5578	183	23	21	-
sample0	5580	1103387	23	21	+
sample0	5580	191	23	21	-
sample0	5581	732965	23	21	+
sample0	5581	168	23	21	-
sample1	5583	232431	22	0	+
sample0	5584	6347	21	3	-
sample0	5584	6338	28	16	-
sample1	5587	1497973	20	0	+
sample0	5589	740969	23	21	+
sample1	5590	1097564	23	0	+
sample1	5590	1097447	22	0	+
sample1	5592	267	22	0	-
sample0	5594	1087606	23	21	+
sample0	5595	7372	21	1	-
sample1	5596	259	22	0	-
sample1	5596	247	22	0	-
sample0	5598	343759	23	21	+
sample0	5610	6757	23	21	-
sample0	5619	8052	21	3	-
sample0	5619	8043	28	16	-
sample1	5619	2397	22	0	-
sample0	6109	436161	24	21	+
sample0	6110	289173	24	21	+
sample0	6113	129	20	21	-
sample0	6114	235552	23	21	+
sample0	6114	96	20	25	-
sample0	6115	343941	20	21	+
sample0	6116	736935	20	24	+
sample0	6117	1020723	20	21	+
sample1	6118	1477914	22	0	+
sample1	6118	20	22	0	-
sample0	6119	151	20	21	-
sample0	6120	902781	20	21	+
sample0	6120	139	24	21	-
sample0	6122	1119029	23	21	+
sample1	6125	217259	20	0	+
sample1	6131	585477	23	0	+
sample1	6146	429540	22	0	+
sample1	6147	306108	22	0	+
sample1	6150	726436	22	0	+
sample1	6152	245	23	0	-
sample1	6153	71	22	0	-
sample1	6154	8	23	0	-
sample1	6156	194	23	0	-
sample1	6156	105	21	24	-
sample1	6156	64	21	24	-
sample1	6161	232	20	0	-
sample1	6169	1128937	22	0	+
sample1	6172	67	22	0	-
sample1	6172	35	22	0	-
sample1	6175	350	22	1	-
sample1	6175	45	21	24	-
sample1	6176	318682	22	0	+
sample0	6177	564471	29	15	+
sample1	6177	200	22	0	-
sample1	6178	359	23	0	-
sample0	6179	339	22	16	-
sample0	6181	317	28	17	-
sample1	6185	160	22	0	-
sample1	6190	768851	23	0	+
sample0	6190	768710	29	15	+
sample0	6192	430	21	1	-
sample0	6193	448	27	17	-
sample1	6193	116	22	0	-
sample0	6194	456157	22	0	+
sample1	6194	163	20	0	-
sample1	6194	118	23	0	-
sample1	6196	827095	22	0	+
sample1	6196	826963	23	0	+
sample0	6196	4896	22	0	-
sample1	6197	568379	23	0	+
sample1	6198	1095757	22	0	+
sample1	6199	702618	23	0	+
sample1	6200	248	22	0	-
sample1	6201	370	23	0	-
sample1	6202	14	23	0	-
sample1	6207	789365	22	0	+
sample1	6209	223444	23	0	+
sample1	6214	97	23	0	-
sample1	6216	684179	22	0	+
sample1	6216	168	23	0	-
sample1	6222	1151570	22	0	+
sample1	6228	309337	20	0	+
sample1	6228	309196	20	25	+
sample1	6229	596445	21	24	+
sample1	6229	196	21	2	-
sample1	6230	5655	22	0	-
sample1	6230	33	20	24	-
sample1	6231	453961	23	0	+
sample1	6232	1476389	23	0	+
sample1	6233	1110902	20	0	+
sample1	6233	1106126	21	24	+
sample1	6234	813548	20	0	+
sample1	6234	24	23	0	-
sample1	6238	10803	23	0	-
sample1	6239	929689	22	0	+
sample1	6239	929651	23	0	+
sample1	6239	929621	23	0	+
sample1	6241	5284	22	0	-
sample1	6247	75	23	0	-
sample1	6250	572733	23	0	+
sample1	6254	268	22	0	-
sample1	6258	579	22	0	-
sample1	6258	556	20	0	-
sample1	6258	147	22	0	-
sample1	6259	429003	23	0	+
sample1	6260	13	22	0	-
sample1	6261	66	23	0	-
sample1	6262	7172	23	0	-
sample1	6263	7084	22	0	-
sample1	6263	254	23	0	-
sample1	6265	548832	22	0	+
sample1	6266	956558	21	24	+
sample1	6266	949745	22	0	+
sample1	6270	140	22	0	-
sample1	6270	63	22	0	-
sample0	6280	1077661	23	17	+
sample1	6288	95	22	0	-
sample0	6289	6915	31	14	-
sample1	6292	118	22	0	-
sample0	6294	794	20	25	+
sample0	6295	449049	21	3	-
sample0	6295	449040	28	16	-
sample1	6295	442374	22	0	+
sample0	6295	435835	28	16	+
sample0	6295	435833	21	3	+
sample0	6296	13983	21	3	-
sample0	6296	13974	28	16	-
sample1	6296	7719	21	24	-
sample1	6296	7264	22	0	+
sample1	6296	6924	22	0	+
sample1	6296	6867	22	0	+
sample0	6296	703	28	16	+
sample0	6296	701	21	3	+
sample0	6298	219756	20	25	-
sample0	6298	218185	20	25	+
sample0	6298	218163	30	14	+
sample1	6299	765051	20	24	-
sample1	6303	1505090	22	0	+
sample1	6306	907612	22	0	+
sample0	6306	901864	45	0	+
sample1	6308	1088230	20	2	-
sample0	6309	7178	21	1	-
sample0	6311	331	23	21	-
sample0	6322	546	20	25	-
sample0	6323	400	23	21	-
sample0	6325	933697	23	21	+
sample1	6328	0	20	0	-
sample1	6329	124	23	0	-
sample1	6330	443420	23	0	+
sample1	6334	534976	22	0	+
sample1	6337	690703	20	0	+
sample1	6337	126	20	0	-
sample1	6339	1068817	23	0	+
sample1	6340	230	20	0	-
sample1	6341	571605	23	0	+
sample1	6345	134	20	0	-
sample1	6348	125	23	0	-
sample1	6351	247	23	0	-
sample1	6351	212	22	0	-
sample1	6352	795317	21	24	+
sample1	6353	309	22	0	-
sample1	6354	747039	22	0	+
sample1	6354	129	23	0	-
sample1	6355	1081976	22	0	+
sample1	6355	1081838	23	0	+
sample1	6402	524382	22	0	+
sample1	6651	524382	22	0	+
sample1	6931	539470	23	0	+
sample0	6950	740023	23	21	+
sample0	6952	467555	23	21	+
sample1	7006	11	21	1	-
sample1	7081	535023	23	0	+
sample1	7083	735780	20	0	+
sample1	7084	6268	21	1	-
sample0	7085	1072	23	21	-
sample1	7086	1101769	20	0	+
sample1	7088	423324	22	0	+
sample1	7090	1483937	23	0	+
sample0	7091	1078346	23	21	+
sample0	7112	6264	23	21	-
sample1	7112	6118	21	2	-
sample1	7263	185	20	0	-
sample1	7263	108	23	0	-
sample1	7266	534068	23	0	+
sample0	7266	645	20	25	-
sample1	7270	1070199	23	0	+
sample1	7270	1070116	22	0	+
sample0	7272	494	22	21	-
sample1	7273	1119225	21	24	+
sample0	7273	1118974	21	21	+
sample1	7273	365	23	0	-
sample1	7274	215	23	0	-
sample1	7274	141	21	24	-
sample1	7275	1052312	22	0	+
sample1	7282	233592	23	0	+
sample1	7282	162	21	24	-
sample1	7289	51	22	0	-
sample1	7290	1122657	23	0	+
sample1	7293	94	22	0	-
sample1	7294	215	23	0	-
sample1	7294	76	23	0	-
sample1	7295	222	22	0	-
sample1	7299	44	22	0	-
sample1	7304	127012	23	0	+
sample1	7351	432828	22	0	+
sample1	7359	747598	22	0	+
sample1	7359	747522	22	0	+
sample1	7393	184	23	0	-
sample1	7393	168	22	0	-
sample1	7407	44	22	0	-
sample1	7431	432828	22	0	+
sample1	7440	747598	22	0	+
sample1	7440	747522	22	0	+
sample1	7462	127012	23	0	+
sample1	7487	184	23	0	-
sample1	7487	168	22	0	-
sample1	7516	135	20	0	-
sample1	7519	784458	23	0	+
sample1	7520	218	23	0	-
sample1	7526	291	22	0	-
sample1	7526	167	22	0	-
sample0	7584	445679	23	21	+
sample0	7586	315715	23	21	+
sample1	7588	738907	23	0	+
sample0	7590	1531775	23	21	+
sample0	7596	258	23	21	-
sample0	7597	335	23	21	-
sample0	7599	681351	20	25	+
sample0	7599	6829	23	21	-
sample0	7600	200286	28	16	+
sample0	7600	200282	23	1	+
sample0	7602	462188	23	21	+
sample1	7602	6730	23	0	-
sample1	7609	1479258	24	0	+
sample1	7658	350945	23	0	+
sample0	7677	82912	23	21	+
sample1	7723	222579	24	0	+
sample1	7827	19448	24	0	-
sample1	8014	26	23	0	-
sample1	8020	118337	23	0	+
sample1	8028	273380	22	0	+
sample1	8028	273321	23	0	+
sample1	8032	514588	21	24	+
sample1	8036	31	23	0	-
sample1	8043	94217	23	0	+
sample0	8044	155757	23	21	+
sample0	8049	365	23	21	-
sample0	8056	271	22	21	-
sample1	8064	318111	22	0	+
sample1	8064	318001	23	0	+
sample1	8064	317989	21	24	+
sample1	8064	306	23	0	-
sample1	8064	112	23	0	-
sample1	8064	65	22	0	-
sample1	8065	121	23	0	-
sample0	8067	363	23	21	-
sample0	8068	798284	23	21	+
sample0	8068	385	23	21	-
sample1	8070	49	22	0	-
sample1	8072	19	23	0	-
sample1	8078	50	22	0	-
sample1	8079	273647	23	0	+
sample1	8095	179	23	0	-
sample1	8095	49	22	0	-
sample1	8113	100	23	0	-
sample1	8113	69	21	0	-
sample1	8118	103	20	24	-
sample1	8124	92152	23	0	+
sample0	8139	128268	23	21	+
sample1	8179	22	20	0	-
sample0	8183	418	23	21	-
sample0	8188	1105997	23	21	+
sample1	8195	200259	23	0	+
sample0	8203	1133273	23	21	+
sample1	8206	1515409	22	0	+
sample1	8218	54	22	0	-
sample1	8219	479897	21	24	+
sample1	8223	597051	22	0	+
sample1	8227	41	23	0	-
sample0	8228	395	23	21	-
sample1	8244	19	23	0	-
sample1	8246	985464	20	0	+
sample1	8253	959357	22	0	+
sample1	8253	525	23	0	-
sample1	8260	839881	22	0	+
sample1	8276	1417536	20	0	+
sample1	8276	120	22	0	-
sample1	8277	530176	23	0	+
sample1	8278	1141934	23	1	+
sample1	8279	320551	22	0	+
sample1	8280	21477	24	0	-
sample1	8286	443227	23	0	+
sample1	8289	675164	23	0	+
sample1	8289	675016	23	0	+
sample1	8290	296754	23	0	+
sample1	8294	122	21	24	-
sample1	8295	443234	23	0	+
sample1	8299	10	23	0	-
sample1	8300	605693	20	0	+
sample1	8304	8315	24	0	-
sample1	8308	15	23	0	-
sample1	8311	296702	23	0	+
sample1	8315	632837	24	0	+
sample1	8332	172899	23	0	+
sample1	8346	21459	24	0	-
sample1	8363	47985	22	0	+
sample1	8363	47903	23	0	+
sample1	8371	208	23	0	-
sample1	8371	165	22	0	-
sample1	8414	227	23	0	-
sample1	8414	137	23	0	-
sample1	8415	280899	23	0	+
sample1	8419	586131	23	0	+
sample1	8419	586114	23	0	+
sample1	8422	786091	22	0	+
sample1	8437	361	22	0	-
sample1	8438	1705070	22	0	+
sample1	8439	297	22	0	-
sample1	8443	240158	22	0	+
sample1	8443	347	22	0	-
sample1	8446	1502125	22	0	+
sample1	8449	117	22	0	-
sample1	8454	435760	23	0	+
sample1	8455	220	22	0	-
sample1	8458	206194	22	0	+
sample1	8459	1057068	23	0	+
sample1	8459	245	22	0	-
sample1	8459	143	23	0	-
sample1	8460	532	22	0	-
sample1	8461	315	23	0	-
sample1	8464	815147	22	0	+
sample1	8466	433	22	0	-
sample1	8469	165	22	0	-
sample1	8474	744406	22	0	+
sample0	8479	332806	23	21	+
sample1	8482	7007	22	0	-
sample0	8484	1511146	23	21	+
sample1	8485	549187	22	0	+
sample1	8485	548758	22	0	+
sample0	8485	548696	23	21	+
sample1	8485	6396	22	0	-
sample0	8486	728641	23	21	+
sample0	8488	402	23	21	-
sample1	8489	10	23	0	-
sample0	8493	6408	23	21	-
sample1	8493	6347	22	0	-
sample1	8495	215919	23	0	+
sample1	8497	350236	23	0	+
sample1	8497	344475	22	0	+
sample1	8497	344326	23	0	+
sample1	8498	333317	23	0	+
sample1	8499	703072	20	0	+
sample0	8502	550106	23	20	+
sample1	8505	330306	21	24	+
sample1	8505	330276	23	0	+
sample0	8505	329897	23	21	+
sample1	8506	13788	22	0	-
sample1	8509	132121	23	0	+
sample1	8511	1113483	20	2	+
sample1	8511	3656	21	0	-
sample1	8514	87352	23	0	+
sample1	8518	640299	22	0	+
sample1	8519	0	22	0	-
sample1	8524	707326	23	0	+
sample1	8524	707189	22	0	+
sample1	8524	5984	23	0	-
sample1	8528	805731	21	2	+
sample0	8531	6244	23	21	-
sample1	8531	6183	22	0	-
sample1	8531	284	20	0	-
sample1	8531	20	20	2	-
sample0	8549	6571	23	21	-
sample1	8549	6515	20	0	-
sample1	8552	358614	23	0	+
sample1	8555	6149	20	24	-
sample1	8564	355987	22	0	+
sample1	8570	324338	21	0	+
sample1	8600	41	22	0	-
sample1	8605	337919	23	0	+
sample1	8606	100	23	0	-
sample1	8611	215554	22	0	+
sample1	8617	738770	22	0	+
sample0	8619	267	20	25	-
sample1	8625	26	21	2	-
sample1	8631	385	23	0	-
sample1	8632	159	23	0	-
sample1	8642	1111596	22	0	+
sample1	8649	938279	23	0	+
sample1	8652	929663	23	0	+
sample1	8686	427	22	0	-
sample1	8709	397263	22	0	+
sample1	8740	675	23	0	-
sample1	8753	209477	22	0	+
sample1	8828	675	23	0	-
sample1	8835	397263	22	0	+
sample1	8846	209477	22	0	+
sample1	8889	427	22	0	-
sample0	8924	239	23	21	-
sample1	8925	190	22	0	-
sample1	8936	444	23	0	-
sample0	8939	275	20	25	-
sample0	8942	267	20	25	-
sample0	8944	283	20	25	-
sample1	8948	160	23	0	-
sample1	8972	29	23	0	-
sample1	8975	251573	22	0	+
sample0	8975	321	23	21	-
sample0	8976	892576	23	21	+
sample0	8981	310581	23	21	+
sample0	8982	449	23	21	-
sample0	8983	1067147	23	21	+
sample1	8991	446390	22	0	+
sample1	8991	446378	22	0	+
sample1	8991	446277	22	0	+
sample1	8993	803912	23	0	+
sample1	8994	530911	23	0	+
sample1	8994	530867	21	2	+
sample1	8994	111	22	0	-
sample1	8995	670777	23	0	+
sample1	8995	5	23	0	-
sample1	8997	250	22	0	-
sample1	8998	1086585	22	0	+
sample1	8998	1086397	20	0	+
sample1	9000	216999	23	0	+
sample1	9000	216928	22	0	+
sample0	9000	216760	26	15	+
sample1	9000	157	23	0	-
sample1	9004	824498	22	0	+
sample0	9004	817472	23	21	+
sample1	9004	103	23	0	-
sample1	9005	1066378	22	0	+
sample0	9005	1066289	45	0	+
sample1	9012	127052	22	0	+
sample1	9015	294158	23	0	+
sample1	9018	228730	22	0	+
sample1	9018	228653	23	0	+
sample1	9018	228613	22	0	+
sample0	9018	228561	43	1	+
sample1	9028	161	23	0	-
sample1	9033	88	23	0	-
sample0	9034	187	20	25	-
sample1	9034	119	22	0	-
sample1	9044	41	22	0	-
sample0	9045	6205	20	25	-
sample1	9046	486250	23	0	+
sample1	9047	162074	23	0	+
sample1	9054	301276	20	0	+
sample1	9054	39	22	0	-
sample0	9059	6436	23	21	-
sample1	9063	169408	23	0	+
sample1	9068	3513	22	0	-
sample1	9069	64	22	0	-
sample1	9075	86	22	0	-
sample1	9087	95625	20	0	+
sample1	9087	95537	22	0	+
sample0	9107	6695	23	21	-
sample1	9107	147	23	0	-
sample1	9111	3513	22	0	-
sample1	9122	88	23	0	-
sample0	9125	187	20	25	-
sample1	9125	119	22	0	-
sample1	9130	64	22	0	-
sample1	9132	86	22	0	-
sample0	9137	6205	20	25	-
sample1	9138	486250	23	0	+
sample1	9140	294158	23	0	+
sample1	9142	301276	20	0	+
sample1	9142	39	22	0	-
sample1	9144	162074	23	0	+
sample0	9161	6436	23	21	-
sample1	9162	95625	20	0	+
sample1	9162	95537	22	0	+
sample1	9166	41	22	0	-
sample1	9186	161	23	0	-
sample1	9195	228730	22	0	+
sample1	9195	228653	23	0	+
sample1	9195	228613	22	0	+
sample0	9195	228561	43	1	+
sample0	9197	6695	23	21	-
sample1	9197	147	23	0	-
sample1	9201	169408	23	0	+
sample1	9213	127052	22	0	+
sample0	9217	450	22	21	-
sample1	9218	435437	23	0	+
sample1	9218	435118	20	2	+
sample0	9219	801066	20	21	+
sample1	9224	185	22	0	-
sample1	9224	20	20	0	-
sample1	9225	1040907	22	0	+
sample1	9225	230	22	0	-
sample0	9226	1499527	23	21	+
sample1	9226	123	21	24	-
sample0	9227	1060017	20	21	+
sample0	9227	407	23	21	-
sample1	9233	166	23	0	-
sample1	9238	65	22	0	-
sample1	9242	1062360	23	0	+
sample1	9242	1062262	23	0	+
sample1	9245	728573	23	0	+
sample1	9247	185	23	0	-
sample1	9250	327206	22	0	+
sample0	9255	730840	23	21	+
sample1	9264	764942	23	0	+
sample0	9264	68	23	21	-
sample1	9266	323067	22	0	+
sample1	9269	56	22	0	-
sample1	9272	14087	20	0	-
sample1	9272	14044	23	0	-
sample1	9279	2614	23	0	-
sample1	9284	11846	23	0	-
sample1	9284	11735	22	0	-
sample1	9285	557871	22	0	+
sample1	9323	1052744	22	0	+
sample1	9324	919727	22	0	+
sample1	9327	433591	22	0	+
sample1	9334	124	22	0	-
sample1	9344	1007271	23	0	+
sample1	9344	1007252	22	0	+
sample1	9349	281122	22	0	+
sample1	9385	84	23	0	-
sample1	9387	169	22	0	-
sample1	9403	1496718	22	0	+
sample1	9407	922590	23	0	+
sample0	9410	65	20	25	-
sample0	9411	812785	23	21	+
sample0	9413	6553	23	21	-
sample1	9414	21809	22	0	-
sample0	9419	312	20	25	-
sample0	9421	445	20	25	-
sample1	9424	1080443	20	0	+
sample1	9425	699238	22	0	+
sample1	9426	761657	23	0	+
sample1	9427	1059257	20	0	+
sample1	9428	190	22	0	-
sample1	9428	105	22	0	-
sample1	9429	237	22	0	-
sample1	9429	179	22	0	-
sample1	9431	287892	23	0	+
sample1	9431	287681	23	0	+
sample1	9432	914771	22	0	+
sample1	9432	200	22	0	-
sample1	9432	149	22	0	-
sample1	9432	129	23	0	-
sample1	9433	365	22	0	-
sample1	9434	1474340	20	0	+
sample0	9435	288832	24	21	+
sample1	9436	821175	20	2	+
sample0	9437	313325	24	21	+
sample0	9438	292	24	21	-
sample0	9440	454	20	21	-
sample1	9443	909446	22	0	+
sample1	9445	6	22	0	-
sample0	9446	310	24	21	-
sample1	9447	1063781	23	0	+
sample1	9449	232744	22	0	+
sample1	9451	398	22	0	-
sample1	9452	1491129	22	0	+
sample1	9452	236	22	0	-
sample1	9455	1034945	23	0	+
sample1	9456	685801	23	0	+
sample1	9456	148	23	0	-
sample1	9460	1061689	23	0	+
sample1	9462	1077394	23	0	+
sample1	9465	229687	23	0	+
sample0	9465	364	23	21	-
sample0	9465	352	20	25	-
sample1	9466	265	22	0	-
sample1	9466	252	23	0	-
sample1	9469	104	21	2	-
sample0	9471	496	20	25	-
sample1	9471	203	23	0	-
sample1	9472	732303	22	0	+
sample1	9472	345	23	0	-
sample1	9473	939905	23	0	+
sample1	9474	905919	20	0	+
sample1	9474	905892	20	2	+
sample1	9475	315751	20	0	+
sample1	9475	340	23	0	-
sample1	9482	79	23	0	-
sample1	9482	9	23	0	-
sample1	9484	553939	23	0	+
sample0	9485	529145	23	21	+
sample1	9486	28	23	0	-
sample1	9488	172	22	0	-
sample1	9493	904268	23	0	+
sample1	9495	334	22	0	-
sample1	9495	28	23	0	-
sample1	9496	295896	22	0	+
sample1	9499	584406	23	0	+
sample1	9503	233	22	0	-
sample1	9503	204	23	0	-
sample1	9513	58	23	0	-
sample1	9513	5	20	0	-
sample1	9519	570376	22	0	+
sample1	9530	32	22	0	-
sample1	9532	529180	23	0	+
sample1	9532	438	23	0	-
sample1	9532	417	22	0	-
sample1	9535	116	21	24	-
sample1	9537	676537	22	0	+
sample1	9538	455604	22	0	+
sample1	9539	390	20	2	-
sample1	9540	4	22	0	-
sample0	9547	288536	20	25	+
sample1	9547	299	22	0	-
sample0	9549	350	20	25	-
sample1	9552	167	22	0	-
sample0	9553	1024106	21	21	+
sample1	9555	1056662	22	0	+
sample1	9557	136	20	0	-
sample1	9563	207642	23	0	+
sample0	9564	58	20	25	-
sample0	9570	777535	23	21	+
sample0	9570	208	21	1	-
sample0	9571	930368	45	0	+
sample1	9572	357	22	0	-
sample1	9572	345	22	0	-
sample1	9573	1546532	22	0	+
sample1	9573	1532862	20	0	+
sample1	9575	954166	23	0	+
sample0	9577	6252	21	3	-
sample0	9577	6243	28	16	-
sample0	9578	200	23	21	-
sample1	9579	71	22	0	-
sample0	9583	36	23	21	-
sample0	9585	745627	23	21	+
sample0	9587	784002	23	21	+
sample0	9587	6696	21	1	-
sample1	9588	31	22	0	-
sample1	9588	19	22	0	-
sample0	9592	5856	21	3	-
sample0	9592	5847	28	16	-
sample0	9593	358	20	25	-
sample0	9594	924263	45	0	+
sample1	9596	22	22	0	-
sample1	9601	14	23	0	-
sample1	9605	41	23	0	-
sample1	9611	299178	23	0	+
sample1	9617	538718	22	0	+
sample1	9618	1479563	23	0	+
sample1	9619	708986	23	0	+
sample1	9629	73	22	0	-
sample1	9637	80	22	0	-
sample1	9637	0	21	0	-
sample1	9638	805770	23	0	+
sample1	9642	16	22	0	-
sample0	9651	50	20	2	-
sample0	9654	1062175	24	21	+
sample0	9656	909065	24	21	+
sample0	9659	428683	24	21	+
sample0	9663	1009854	20	25	+
sample1	9670	428774	22	0	+
sample0	9670	428698	24	21	+
sample1	9672	25	22	0	-
sample0	9677	912435	24	21	+
sample0	9678	1062465	24	21	+
sample1	9680	797937	21	0	+
sample1	9683	232	22	0	-
sample1	9685	563908	22	0	+
sample1	9685	563822	22	0	+
sample0	9685	563702	24	21	+
sample1	9687	57	23	0	-
sample0	9692	162	24	21	-
sample1	9693	673258	22	0	+
sample1	9695	243	22	0	-
sample0	9696	7159	20	25	-
sample1	9696	103	22	0	-
sample1	9709	7	22	0	-
sample0	9717	6015	21	3	-
sample0	9717	6006	28	16	-
sample1	9718	245444	22	0	+
sample1	9718	245432	22	0	+
sample1	9718	154	22	0	-
sample1	9724	25072	22	0	-
sample1	9724	25060	22	0	-
sample1	9724	7733	23	0	-
sample1	9724	1963	20	2	-
sample1	9724	1923	23	0	-
sample1	9724	1837	20	0	-
sample1	9726	932736	21	0	+
sample0	9728	7050	21	1	-
sample1	9729	1527305	20	0	+
sample1	9730	98	23	0	-
sample0	9731	342013	23	21	+
sample0	9731	325	20	25	-
sample1	9732	45	22	0	-
sample1	9732	33	22	0	-
sample1	9732	21	22	0	-
sample0	9735	796390	20	25	+
sample1	9741	588240	23	0	+
sample1	9741	588203	22	0	+
sample1	9741	588157	22	0	+
sample1	9743	180	23	0	-
sample1	9743	45	22	0	-
sample1	9747	338921	22	0	+
sample1	9747	199	22	0	-
sample1	9754	1524	23	0	-
sample1	9770	1484526	24	0	+
sample0	9776	725528	27	17	+
sample1	9780	99	22	0	-
sample1	9781	285917	21	0	+
sample1	9784	230306	22	0	+
sample1	9794	763444	22	0	+
sample1	9794	763362	22	0	+
sample1	9804	159	23	0	-
sample1	9820	156	22	0	-
sample1	9820	4	22	0	-
sample1	9822	146	23	0	-
sample0	9825	7091	21	1	-
sample0	9828	173	20	25	-
sample1	9829	928499	20	2	+
sample1	9829	200	22	0	-
sample1	9829	187	23	0	-
sample1	9829	70	22	0	-
sample1	9830	1072661	22	0	+
sample1	9830	1072649	22	0	+
sample1	9836	187	22	0	-
sample1	9837	114	23	0	-
sample1	9838	531423	22	0	+
sample1	9838	10	22	0	-
sample1	9843	905503	23	0	+
sample1	9843	905216	22	0	+
sample1	9845	17	22	0	-
sample1	9846	52	22	0	-
sample1	9849	431606	23	0	+
sample1	9849	431579	22	0	+
sample0	9849	216	20	25	-
sample1	9859	81	22	0	-
sample0	9860	7066	21	1	-
sample1	9863	6872	22	0	-
sample0	9864	310	20	25	-
sample1	9866	462	22	0	-
sample1	9866	89	23	0	-
sample1	9866	17	22	0	-
