[2026-09-27 16:27:00.394] [info] Current Configuration:
; PFP++

; Text file to parse.
text="/tmp/sxi-failure-test-p62r6648/collection.txt"

; Output prefix.
out-prefix="/tmp/sxi-failure-test-p62r6648/xsa-build-yi6ze6j0/parse"

; Sliding window size.
window-size=10

; Modulo used during parsing.
modulo=100

; Number of threads.
threads=8

; Temporary files directory.
tmp-dir="/tmp/sxi-failure-test-p62r6648/xsa-build-yi6ze6j0"

; Also output compressed the dictionary.
compress-dictionary=false

; Use reference parse to avoid re-parsing.
use-vcf-acceleration=false

; Print out csv containing stats.
print-statistics=false

; Output count for each dictionary phrase.
output-occurrences=false

; Output sai array.
output-sai=false

; Output last array.
output-last=false

; Convert all non ACGT characters from a VCF or FASTA file to N.
acgt-only=false

; Verbose output.
verbose=false

; Version number.
version=false

[2026-09-27 16:27:00.394] [info] Parsing /tmp/sxi-failure-test-p62r6648/collection.txt
[2026-09-27 16:27:00.394] [info] Main parser: Replacing hash values with ranks.
[2026-09-27 16:27:00.395] [info] Main parser: writing dictionary on disk NOT COMPRESSED
[2026-09-27 16:27:00.395] [info] No properties requested.
[2026-09-27 16:27:00.395] [info] Main parser: closed
[2026-09-27 16:27:00.395] [info] Parser Text -	Parse size: 37	Dic Size: 20 Dic Total Length: 2457
[Disk Write (bytes): 2922]
