[2026-09-27 16:27:00.334] [info] Using 8 bytes for computing SA of the dictionary
[2026-09-27 16:27:00.335] [info] Using 2 bytes for storing SA of the dictionary
[2026-09-27 16:27:00.335] [info] Elapsed time (s): 0.000207731
[2026-09-27 16:27:00.335] [info] Using 1 bytes for DA of the dictionary
[2026-09-27 16:27:00.335] [info] Elapsed time (s): 2.154e-05
[2026-09-27 16:27:00.335] [info] Using 2 bytes for ISA of the dictionary
[2026-09-27 16:27:00.335] [info] Elapsed time (s): 1.805e-05
[2026-09-27 16:27:00.335] [info] Using 2 bytes for LCP of the dictionary
[2026-09-27 16:27:00.335] [info] Elapsed time (s): 4.3e-05
[2026-09-27 16:27:00.335] [info] Using 1 bytes for colex id and inverse colex id array of the dictionary
[2026-09-27 16:27:00.335] [info] Elapsed time (s): 1.246e-05
[2026-09-27 16:27:00.335] [info] Using 8 bytes for computing SA of the dictionary
[2026-09-27 16:27:00.335] [info] Using 1 bytes for storing SA of the dictionary
[2026-09-27 16:27:00.335] [info] Elapsed time (s): 1.108e-05
[2026-09-27 16:27:00.335] [info] Using 1 bytes for DA of the dictionary
[2026-09-27 16:27:00.335] [info] Elapsed time (s): 2.08e-06
[2026-09-27 16:27:00.335] [info] Using 1 bytes for ISA of the dictionary
[2026-09-27 16:27:00.335] [info] Elapsed time (s): 1.83e-06
[2026-09-27 16:27:00.335] [info] Using 1 bytes for LCP of the dictionary
[2026-09-27 16:27:00.335] [info] Elapsed time (s): 2.23e-06
[2026-09-27 16:27:00.335] [info] Computing RMQ over LCP of dictionary
[2026-09-27 16:27:00.335] [info] Elapsed time (s): 4.69e-06
[2026-09-27 16:27:00.335] [info] Using 1 bytes for colex DA of the dictionary
[2026-09-27 16:27:00.335] [info] Using 1 bytes for colex id and inverse colex id array of the dictionary
[2026-09-27 16:27:00.335] [info] Elapsed time (s): 9.44e-06
[2026-09-27 16:27:00.335] [info] Using 8 bytes for computing SA of the parsing
[2026-09-27 16:27:00.335] [info] Using 1 bytes for storing SA of the parsing
[2026-09-27 16:27:00.335] [info] Elapsed time (s): 4.46e-06
[2026-09-27 16:27:00.335] [info] Computing b_p
[2026-09-27 16:27:00.335] [info] Computing b_bwt and M of the parsing
[2026-09-27 16:27:00.335] [info] Computing inverted list of BWT(P)
[2026-09-27 16:27:00.335] [info] Using 1 bytes for storing the inverted list of the BWT of the parse
[2026-09-27 16:27:00.335] [info] Precomputing d lengths
[2026-09-27 16:27:00.335] [info] Precomputing d lengths
[2026-09-27 16:27:00.335] [info] Creating v table
[2026-09-27 16:27:00.335] [info] Creating E arrays
[2026-09-27 16:27:00.335] [info] Computing chunks for parallel execution. Total input size: 2011. Requested chunks: 1
[2026-09-27 16:27:00.335] [info] BWT ranges divided in 1 chunks.
[2026-09-27 16:27:00.336] [info] Chunk 1/1 completed
[2026-09-27 16:27:00.336] [info] Completed rle string merge
[2026-09-27 16:27:00.338] [info] Processed: 0 Skipped: 0
[2026-09-27 16:27:00.338] [info] Chunk 1/1 completed
[2026-09-27 16:27:00.338] [info] Writing out sa values at run heads
[2026-09-27 16:27:00.338] [info] Done
