[2026-09-27 16:27:00.406] [info] Using 8 bytes for computing SA of the dictionary
[2026-09-27 16:27:00.406] [info] Using 2 bytes for storing SA of the dictionary
[2026-09-27 16:27:00.406] [info] Elapsed time (s): 0.00026856
[2026-09-27 16:27:00.406] [info] Using 1 bytes for DA of the dictionary
[2026-09-27 16:27:00.406] [info] Elapsed time (s): 2.336e-05
[2026-09-27 16:27:00.406] [info] Using 2 bytes for ISA of the dictionary
[2026-09-27 16:27:00.406] [info] Elapsed time (s): 2.065e-05
[2026-09-27 16:27:00.406] [info] Using 2 bytes for LCP of the dictionary
[2026-09-27 16:27:00.406] [info] Elapsed time (s): 4.62e-05
[2026-09-27 16:27:00.406] [info] Using 1 bytes for colex id and inverse colex id array of the dictionary
[2026-09-27 16:27:00.406] [info] Elapsed time (s): 1.442e-05
[2026-09-27 16:27:00.406] [info] Using 8 bytes for computing SA of the dictionary
[2026-09-27 16:27:00.406] [info] Using 1 bytes for storing SA of the dictionary
[2026-09-27 16:27:00.406] [info] Elapsed time (s): 1.174e-05
[2026-09-27 16:27:00.406] [info] Using 1 bytes for DA of the dictionary
[2026-09-27 16:27:00.406] [info] Elapsed time (s): 2.33e-06
[2026-09-27 16:27:00.406] [info] Using 1 bytes for ISA of the dictionary
[2026-09-27 16:27:00.406] [info] Elapsed time (s): 2.04e-06
[2026-09-27 16:27:00.406] [info] Using 1 bytes for LCP of the dictionary
[2026-09-27 16:27:00.406] [info] Elapsed time (s): 2.79e-06
[2026-09-27 16:27:00.406] [info] Computing RMQ over LCP of dictionary
[2026-09-27 16:27:00.406] [info] Elapsed time (s): 5.65e-06
[2026-09-27 16:27:00.406] [info] Using 1 bytes for colex DA of the dictionary
[2026-09-27 16:27:00.406] [info] Using 1 bytes for colex id and inverse colex id array of the dictionary
[2026-09-27 16:27:00.406] [info] Elapsed time (s): 1.441e-05
[2026-09-27 16:27:00.406] [info] Using 8 bytes for computing SA of the parsing
[2026-09-27 16:27:00.406] [info] Using 1 bytes for storing SA of the parsing
[2026-09-27 16:27:00.406] [info] Elapsed time (s): 5.41e-06
[2026-09-27 16:27:00.406] [info] Computing b_p
[2026-09-27 16:27:00.406] [info] Computing b_bwt and M of the parsing
[2026-09-27 16:27:00.406] [info] Computing inverted list of BWT(P)
[2026-09-27 16:27:00.406] [info] Using 1 bytes for storing the inverted list of the BWT of the parse
[2026-09-27 16:27:00.406] [info] Precomputing d lengths
[2026-09-27 16:27:00.406] [info] Precomputing d lengths
[2026-09-27 16:27:00.406] [info] Creating v table
[2026-09-27 16:27:00.406] [info] Creating E arrays
[2026-09-27 16:27:00.406] [info] Computing chunks for parallel execution. Total input size: 4012. Requested chunks: 1
[2026-09-27 16:27:00.407] [info] BWT ranges divided in 1 chunks.
[2026-09-27 16:27:00.408] [info] Chunk 1/1 completed
[2026-09-27 16:27:00.408] [info] Completed rle string merge
[2026-09-27 16:27:00.410] [info] Processed: 1765 Skipped: 126
[2026-09-27 16:27:00.410] [info] Chunk 1/1 completed
[2026-09-27 16:27:00.410] [info] Writing out sa values at run heads
[2026-09-27 16:27:00.410] [info] Done
