   Compiling xsa v0.1.0 (/home/erikg/worktrees/sxgc/pi-worktree-3eae0415-baba-46bc-bb2d-cf1e07c0bd55-s0-0/xsa)
warning: variable does not need to be mutable
   --> src/main.rs:648:9
    |
648 |     let mut next_rng = |mut x: u64| -> u64 {
    |         ----^^^^^^^^
    |         |
    |         help: remove this `mut`
    |
    = note: `#[warn(unused_mut)]` (part of `#[warn(unused)]`) on by default

warning: value assigned to `tanchor` is never read
   --> src/main.rs:701:31
    |
701 |             let mut tanchor = 0u64;
    |                               ^^^^ this value is reassigned later and never used
...
709 |                         tanchor = r;
    |                         ----------- `tanchor` is overwritten here before the previous value is read
    |
    = note: `#[warn(unused_assignments)]` (part of `#[warn(unused)]`) on by default

warning: value assigned to `tsample` is never read
   --> src/main.rs:702:31
    |
702 |             let mut tsample = 0u64;
    |                               ^^^^ this value is reassigned later and never used
...
710 |                         tsample = idx.tail_sample(r);
    |                         ---------------------------- `tsample` is overwritten here before the previous value is read

warning: variable does not need to be mutable
   --> src/main.rs:861:9
    |
861 |     let mut read_flat = |flatf: &mut File, pos: u64, want: usize| -> Vec<u8> {
    |         ----^^^^^^^^^
    |         |
    |         help: remove this `mut`

warning: field `bits` is never read
   --> src/main.rs:131:5
    |
130 | struct PackedSa {
    |        -------- field in this struct
131 |     bits: u64,          // total size IN BITS
    |     ^^^^
    |
    = note: `#[warn(dead_code)]` (part of `#[warn(unused)]`) on by default

warning: method `s_at` is never used
   --> src/main.rs:401:8
    |
218 | impl Ri4 {
    | -------- method in this implementation
...
401 |     fn s_at(&self, j: u64) -> u64 {
    |        ^^^^

warning: method `hit` is never used
   --> src/product.rs:178:8
    |
 67 | impl Engine {
    | ----------- method in this implementation
...
178 |     fn hit(
    |        ^^^

warning: `xsa` (bin "xsa") generated 7 warnings (run `cargo fix --bin "xsa" -p xsa` to apply 2 suggestions)
    Finished `release` profile [optimized] target(s) in 3m 54s
