[2026-09-28 15:58:20.936] [info] Current Configuration:
; PFP++

; Text file to parse.
text="/home/erikg/yeast/yeast235.agc"

; Read -t as AGC: archive order, uppercase reversed contigs, 0x1e separators.
agc=true

; Write canonical AGC names/coordinates TSV.
agc-names="/tmp/sxgc-distribution-yeast/xsa-build-wj3k_ccs/collection.txt.names.tsv"

; Output prefix.
out-prefix="/tmp/sxgc-distribution-yeast/xsa-build-wj3k_ccs/parse"

; Sliding window size.
window-size=10

; Modulo used during parsing.
modulo=100

; Number of threads.
threads=16

; Temporary files directory.
tmp-dir="/tmp/sxgc-distribution-yeast/xsa-build-wj3k_ccs"

; Also output compressed the dictionary.
compress-dictionary=false

; Use reference parse to avoid re-parsing.
use-vcf-acceleration=false

; Print out csv containing stats.
print-statistics=false

; Output count for each dictionary phrase.
output-occurrences=false

; Output sai array.
output-sai=false

; Output last array.
output-last=false

; Convert all non ACGT characters from a VCF or FASTA file to N.
acgt-only=false

; Verbose output.
verbose=false

; Version number.
version=false

[2026-09-28 15:58:21.990] [info] Parsing /home/erikg/yeast/yeast235.agc
[2026-09-28 15:59:07.168] [info] Main parser: Replacing hash values with ranks.
[2026-09-28 15:59:18.937] [info] Main parser: writing dictionary on disk NOT COMPRESSED
[2026-09-28 15:59:19.899] [info] No properties requested.
[2026-09-28 15:59:19.899] [info] Main parser: closed
[2026-09-28 15:59:20.243] [info] Parser Text -	Parse size: 34133784	Dic Size: 3159359 Dic Total Length: 510234940
[Disk Write (bytes): 922999708]
