{
  "label": "pile-frag-bench",
  "pattern": "and the",
  "sample": 16,
  "byte_parity": true,
  "old": {
    "requests": 200,
    "hits": 16,
    "bytes": 1104,
    "sha256": "b07746010a52cc1900e37708bae060b09255af97184945c9b750c8fca922a61b",
    "median_ms": 0.3533604322001338,
    "mean_ms": 0.3668366727652028,
    "requests_per_second": 2726.0088051230887
  },
  "new": {
    "requests": 200,
    "hits": 16,
    "bytes": 1104,
    "sha256": "b07746010a52cc1900e37708bae060b09255af97184945c9b750c8fca922a61b",
    "median_ms": 0.35954004852101207,
    "mean_ms": 0.3541763051180169,
    "requests_per_second": 2823.452573053369
  }
}
