Cloning into '/tmp/sxgc-dist-build-01/.build/deps/pfp'...
HEAD is now at 1a5f114 Merge pull request #32 from adamnovak/arm-mac-build
Cloning into '/tmp/sxgc-dist-build-01/.build/deps/rpfbwt'...
HEAD is now at 1fea5c3 Update README.md
Cloning into '/tmp/sxgc-dist-build-01/.build/deps/agc'...
HEAD is now at e67e3fc Fix version reporting
Submodule '3rd_party/isa-l' (https://github.com/refresh-bio-dependencies/isa-l.git) registered for path '3rd_party/isa-l'
Submodule '3rd_party/libdeflate' (https://github.com/refresh-bio-dependencies/libdeflate.git) registered for path '3rd_party/libdeflate'
Submodule '3rd_party/mimalloc' (https://github.com/refresh-bio-dependencies/mimalloc.git) registered for path '3rd_party/mimalloc'
Submodule '3rd_party/pybind11' (https://github.com/refresh-bio-dependencies/pybind11.git) registered for path '3rd_party/pybind11'
Submodule '3rd_party/raduls-inplace' (https://github.com/refresh-bio-sandbox/RADULS-inplace-dev.git) registered for path '3rd_party/raduls-inplace'
Submodule '3rd_party/zlib-ng' (https://github.com/refresh-bio-dependencies/zlib-ng.git) registered for path '3rd_party/zlib-ng'
Submodule '3rd_party/zstd' (https://github.com/refresh-bio-dependencies/zstd.git) registered for path '3rd_party/zstd'
Cloning into '/tmp/sxgc-dist-build-01/.build/deps/agc/3rd_party/isa-l'...
Cloning into '/tmp/sxgc-dist-build-01/.build/deps/agc/3rd_party/libdeflate'...
Cloning into '/tmp/sxgc-dist-build-01/.build/deps/agc/3rd_party/mimalloc'...
Cloning into '/tmp/sxgc-dist-build-01/.build/deps/agc/3rd_party/pybind11'...
Cloning into '/tmp/sxgc-dist-build-01/.build/deps/agc/3rd_party/raduls-inplace'...
Cloning into '/tmp/sxgc-dist-build-01/.build/deps/agc/3rd_party/zlib-ng'...
Cloning into '/tmp/sxgc-dist-build-01/.build/deps/agc/3rd_party/zstd'...
Submodule path '3rd_party/isa-l': checked out '7e39a2bab2a4a6a72865b32ec3b41a8ef0cb5c14'
Submodule path '3rd_party/libdeflate': checked out 'c3330b46d4c1117903482cd66d85e30220f03dc6'
Submodule path '3rd_party/mimalloc': checked out '4e50d6714d471b72b2285e25a3df6c92db944593'
Submodule path '3rd_party/pybind11': checked out '0ed20f26acee626ac989568ecc6347e159ddbb47'
Submodule path '3rd_party/raduls-inplace': checked out 'e92985bfca41eb6a63d98d98f753ca5ccf3981da'
Submodule path '3rd_party/zlib-ng': checked out '6a4471cd1d20bacdb725ea1ba7afda4c47d40f7d'
Submodule path '3rd_party/zstd': checked out '3d1332fed8e86270906e958bf8888ea5c42861d6'
Cloning into '/tmp/sxgc-dist-build-01/.build/deps/teratools'...
HEAD is now at 08e7fcc Minor file opening bugs
Cloning into '/tmp/sxgc-dist-build-01/.build/deps/cli11'...
HEAD is now at dd0d8e4 Bump version to 1.9.0 (#408)
Cloning into '/tmp/sxgc-dist-build-01/.build/deps/divsufsort'...
HEAD is now at 82b01f7 Fixed some bugs in CMakeLists.txt.
Cloning into '/tmp/sxgc-dist-build-01/.build/deps/gsacak'...
HEAD is now at 1e53301 Merge pull request #2 from oma219/master
Cloning into '/tmp/sxgc-dist-build-01/.build/deps/kseq'...
HEAD is now at fe1cc9e Released seqtk-1.3 (r106)
Cloning into '/tmp/sxgc-dist-build-01/.build/deps/malloc_count'...
HEAD is now at fafc43c Adding note in README about alignment.
Cloning into '/tmp/sxgc-dist-build-01/.build/deps/mio'...
HEAD is now at 8b6b7d8 Merge pull request #88 from pps83/master-fix-linker-s_2_ws
Cloning into '/tmp/sxgc-dist-build-01/.build/deps/pfp_ds'...
HEAD is now at 60ba1fa Merge pull request #2 from marco-oliva/moving_to_sdsl_vectors
Cloning into '/tmp/sxgc-dist-build-01/.build/deps/rlestring'...
HEAD is now at 56d4520 Add check for rle structure
Cloning into '/tmp/sxgc-dist-build-01/.build/deps/sdsl'...
HEAD is now at c32874c Merge pull request #414 from chrisbarber/master
Submodule 'external/googletest' (https://github.com/google/googletest.git) registered for path 'external/googletest'
Submodule 'external/libdivsufsort' (https://github.com/simongog/libdivsufsort.git) registered for path 'external/libdivsufsort'
Cloning into '/tmp/sxgc-dist-build-01/.build/deps/sdsl/external/googletest'...
Cloning into '/tmp/sxgc-dist-build-01/.build/deps/sdsl/external/libdivsufsort'...
Submodule path 'external/googletest': checked out 'c2d90bddc6a2a562ee7750c14351e9ca16a6a37a'
Submodule path 'external/libdivsufsort': checked out '0f24acd8de208464769c782119dacf158647f7ed'
Cloning into '/tmp/sxgc-dist-build-01/.build/deps/spdlog'...
HEAD is now at 76fb40d9 clang format
Cloning into '/tmp/sxgc-dist-build-01/.build/deps/hayai'...
HEAD is now at dbc97e9 Update AUTHORS.
Cloning into '/tmp/sxgc-dist-build-01/.build/deps/smhasher'...
HEAD is now at 07bb4de update build.hancho
Cloning into '/tmp/sxgc-dist-build-01/.build/deps/zstr'...
HEAD is now at 7a94c2a Merge pull request #54 from svigerske/master
tools/build_all.sh: line 35: syntax error near unexpected token `)'
