[2026-09-27 16:27:26.590] [info] Using 8 bytes for computing SA of the dictionary
[2026-09-27 16:27:26.590] [info] Using 2 bytes for storing SA of the dictionary
[2026-09-27 16:27:26.590] [info] Elapsed time (s): 0.0002062
[2026-09-27 16:27:26.590] [info] Using 1 bytes for DA of the dictionary
[2026-09-27 16:27:26.590] [info] Elapsed time (s): 2.0821e-05
[2026-09-27 16:27:26.590] [info] Using 2 bytes for ISA of the dictionary
[2026-09-27 16:27:26.590] [info] Elapsed time (s): 1.841e-05
[2026-09-27 16:27:26.590] [info] Using 2 bytes for LCP of the dictionary
[2026-09-27 16:27:26.590] [info] Elapsed time (s): 4.312e-05
[2026-09-27 16:27:26.590] [info] Using 1 bytes for colex id and inverse colex id array of the dictionary
[2026-09-27 16:27:26.590] [info] Elapsed time (s): 1.291e-05
[2026-09-27 16:27:26.590] [info] Using 8 bytes for computing SA of the dictionary
[2026-09-27 16:27:26.590] [info] Using 1 bytes for storing SA of the dictionary
[2026-09-27 16:27:26.590] [info] Elapsed time (s): 9.22e-06
[2026-09-27 16:27:26.590] [info] Using 1 bytes for DA of the dictionary
[2026-09-27 16:27:26.590] [info] Elapsed time (s): 2.04e-06
[2026-09-27 16:27:26.590] [info] Using 1 bytes for ISA of the dictionary
[2026-09-27 16:27:26.590] [info] Elapsed time (s): 1.85e-06
[2026-09-27 16:27:26.590] [info] Using 1 bytes for LCP of the dictionary
[2026-09-27 16:27:26.590] [info] Elapsed time (s): 2.22e-06
[2026-09-27 16:27:26.590] [info] Computing RMQ over LCP of dictionary
[2026-09-27 16:27:26.590] [info] Elapsed time (s): 5.2e-06
[2026-09-27 16:27:26.590] [info] Using 1 bytes for colex DA of the dictionary
[2026-09-27 16:27:26.590] [info] Using 1 bytes for colex id and inverse colex id array of the dictionary
[2026-09-27 16:27:26.590] [info] Elapsed time (s): 1.04e-05
[2026-09-27 16:27:26.590] [info] Using 8 bytes for computing SA of the parsing
[2026-09-27 16:27:26.590] [info] Using 1 bytes for storing SA of the parsing
[2026-09-27 16:27:26.590] [info] Elapsed time (s): 4.84e-06
[2026-09-27 16:27:26.590] [info] Computing b_p
[2026-09-27 16:27:26.590] [info] Computing b_bwt and M of the parsing
[2026-09-27 16:27:26.590] [info] Computing inverted list of BWT(P)
[2026-09-27 16:27:26.590] [info] Using 1 bytes for storing the inverted list of the BWT of the parse
[2026-09-27 16:27:26.590] [info] Precomputing d lengths
[2026-09-27 16:27:26.590] [info] Precomputing d lengths
[2026-09-27 16:27:26.590] [info] Creating v table
[2026-09-27 16:27:26.590] [info] Creating E arrays
[2026-09-27 16:27:26.590] [info] Computing chunks for parallel execution. Total input size: 2011. Requested chunks: 1
[2026-09-27 16:27:26.591] [info] BWT ranges divided in 1 chunks.
[2026-09-27 16:27:26.592] [info] Chunk 1/1 completed
[2026-09-27 16:27:26.593] [info] Completed rle string merge
[2026-09-27 16:27:26.594] [info] Processed: 0 Skipped: 0
[2026-09-27 16:27:26.594] [info] Chunk 1/1 completed
[2026-09-27 16:27:26.594] [info] Writing out sa values at run heads
[2026-09-27 16:27:26.594] [info] Done
