[2026-09-27 16:27:26.662] [info] Using 8 bytes for computing SA of the dictionary
[2026-09-27 16:27:26.662] [info] Using 2 bytes for storing SA of the dictionary
[2026-09-27 16:27:26.662] [info] Elapsed time (s): 0.00024615
[2026-09-27 16:27:26.662] [info] Using 1 bytes for DA of the dictionary
[2026-09-27 16:27:26.662] [info] Elapsed time (s): 1.921e-05
[2026-09-27 16:27:26.662] [info] Using 2 bytes for ISA of the dictionary
[2026-09-27 16:27:26.662] [info] Elapsed time (s): 1.7121e-05
[2026-09-27 16:27:26.662] [info] Using 2 bytes for LCP of the dictionary
[2026-09-27 16:27:26.662] [info] Elapsed time (s): 3.844e-05
[2026-09-27 16:27:26.662] [info] Using 1 bytes for colex id and inverse colex id array of the dictionary
[2026-09-27 16:27:26.662] [info] Elapsed time (s): 1.276e-05
[2026-09-27 16:27:26.662] [info] Using 8 bytes for computing SA of the dictionary
[2026-09-27 16:27:26.662] [info] Using 1 bytes for storing SA of the dictionary
[2026-09-27 16:27:26.662] [info] Elapsed time (s): 1.045e-05
[2026-09-27 16:27:26.662] [info] Using 1 bytes for DA of the dictionary
[2026-09-27 16:27:26.662] [info] Elapsed time (s): 2.03e-06
[2026-09-27 16:27:26.662] [info] Using 1 bytes for ISA of the dictionary
[2026-09-27 16:27:26.662] [info] Elapsed time (s): 1.69e-06
[2026-09-27 16:27:26.662] [info] Using 1 bytes for LCP of the dictionary
[2026-09-27 16:27:26.662] [info] Elapsed time (s): 2.29e-06
[2026-09-27 16:27:26.662] [info] Computing RMQ over LCP of dictionary
[2026-09-27 16:27:26.662] [info] Elapsed time (s): 6.9e-06
[2026-09-27 16:27:26.662] [info] Using 1 bytes for colex DA of the dictionary
[2026-09-27 16:27:26.662] [info] Using 1 bytes for colex id and inverse colex id array of the dictionary
[2026-09-27 16:27:26.662] [info] Elapsed time (s): 1.395e-05
[2026-09-27 16:27:26.662] [info] Using 8 bytes for computing SA of the parsing
[2026-09-27 16:27:26.662] [info] Using 1 bytes for storing SA of the parsing
[2026-09-27 16:27:26.662] [info] Elapsed time (s): 5.51e-06
[2026-09-27 16:27:26.662] [info] Computing b_p
[2026-09-27 16:27:26.662] [info] Computing b_bwt and M of the parsing
[2026-09-27 16:27:26.662] [info] Computing inverted list of BWT(P)
[2026-09-27 16:27:26.662] [info] Using 1 bytes for storing the inverted list of the BWT of the parse
[2026-09-27 16:27:26.662] [info] Precomputing d lengths
[2026-09-27 16:27:26.662] [info] Precomputing d lengths
[2026-09-27 16:27:26.662] [info] Creating v table
[2026-09-27 16:27:26.662] [info] Creating E arrays
[2026-09-27 16:27:26.662] [info] Computing chunks for parallel execution. Total input size: 4012. Requested chunks: 1
[2026-09-27 16:27:26.663] [info] BWT ranges divided in 1 chunks.
[2026-09-27 16:27:26.664] [info] Chunk 1/1 completed
[2026-09-27 16:27:26.664] [info] Completed rle string merge
[2026-09-27 16:27:26.666] [info] Processed: 1765 Skipped: 126
[2026-09-27 16:27:26.666] [info] Chunk 1/1 completed
[2026-09-27 16:27:26.666] [info] Writing out sa values at run heads
[2026-09-27 16:27:26.666] [info] Done
