   Vendoring adler2 v2.0.1 (/home/erikg/.cargo/registry/src/index.crates.io-1949cf8c6b5b557f/adler2-2.0.1) to /tmp/sxgc-laneV-agc-vendor/adler2
   Vendoring ahash v0.8.12 (/home/erikg/.cargo/registry/src/index.crates.io-1949cf8c6b5b557f/ahash-0.8.12) to /tmp/sxgc-laneV-agc-vendor/ahash
   Vendoring aho-corasick v1.1.5 (/home/erikg/.cargo/registry/src/index.crates.io-1949cf8c6b5b557f/aho-corasick-1.1.5) to /tmp/sxgc-laneV-agc-vendor/aho-corasick
   Vendoring allocator-api2 v0.2.21 (/home/erikg/.cargo/registry/src/index.crates.io-1949cf8c6b5b557f/allocator-api2-0.2.21) to /tmp/sxgc-laneV-agc-vendor/allocator-api2
   Vendoring anes v0.1.6 (/home/erikg/.cargo/registry/src/index.crates.io-1949cf8c6b5b557f/anes-0.1.6) to /tmp/sxgc-laneV-agc-vendor/anes
   Vendoring anstyle v1.0.14 (/home/erikg/.cargo/registry/src/index.crates.io-1949cf8c6b5b557f/anstyle-1.0.14) to /tmp/sxgc-laneV-agc-vendor/anstyle
   Vendoring anyhow v1.0.104 (/home/erikg/.cargo/registry/src/index.crates.io-1949cf8c6b5b557f/anyhow-1.0.104) to /tmp/sxgc-laneV-agc-vendor/anyhow
   Vendoring arbitrary-chunks v0.4.1 (/home/erikg/.cargo/registry/src/index.crates.io-1949cf8c6b5b557f/arbitrary-chunks-0.4.1) to /tmp/sxgc-laneV-agc-vendor/arbitrary-chunks
   Vendoring autocfg v1.5.1 (/home/erikg/.cargo/registry/src/index.crates.io-1949cf8c6b5b557f/autocfg-1.5.1) to /tmp/sxgc-laneV-agc-vendor/autocfg
   Vendoring bincode v1.3.3 (/home/erikg/.cargo/registry/src/index.crates.io-1949cf8c6b5b557f/bincode-1.3.3) to /tmp/sxgc-laneV-agc-vendor/bincode
   Vendoring bitflags v2.13.2 (/home/erikg/.cargo/registry/src/index.crates.io-1949cf8c6b5b557f/bitflags-2.13.2) to /tmp/sxgc-laneV-agc-vendor/bitflags
   Vendoring block-buffer v0.10.4 (/home/erikg/.cargo/registry/src/index.crates.io-1949cf8c6b5b557f/block-buffer-0.10.4) to /tmp/sxgc-laneV-agc-vendor/block-buffer
   Vendoring block-pseudorand v0.1.2 (/home/erikg/.cargo/registry/src/index.crates.io-1949cf8c6b5b557f/block-pseudorand-0.1.2) to /tmp/sxgc-laneV-agc-vendor/block-pseudorand
   Vendoring bumpalo v3.20.3 (/home/erikg/.cargo/registry/src/index.crates.io-1949cf8c6b5b557f/bumpalo-3.20.3) to /tmp/sxgc-laneV-agc-vendor/bumpalo
   Vendoring byteorder v1.5.0 (/home/erikg/.cargo/registry/src/index.crates.io-1949cf8c6b5b557f/byteorder-1.5.0) to /tmp/sxgc-laneV-agc-vendor/byteorder
   Vendoring cast v0.3.0 (/home/erikg/.cargo/registry/src/index.crates.io-1949cf8c6b5b557f/cast-0.3.0) to /tmp/sxgc-laneV-agc-vendor/cast
   Vendoring cc v1.4.6 (/home/erikg/.cargo/registry/src/index.crates.io-1949cf8c6b5b557f/cc-1.4.6) to /tmp/sxgc-laneV-agc-vendor/cc
   Vendoring cfg-if v1.0.5 (/home/erikg/.cargo/registry/src/index.crates.io-1949cf8c6b5b557f/cfg-if-1.0.5) to /tmp/sxgc-laneV-agc-vendor/cfg-if
   Vendoring cfg_aliases v0.2.2 (/home/erikg/.cargo/registry/src/index.crates.io-1949cf8c6b5b557f/cfg_aliases-0.2.2) to /tmp/sxgc-laneV-agc-vendor/cfg_aliases
   Vendoring chiapos-chacha8 v0.1.0 (/home/erikg/.cargo/registry/src/index.crates.io-1949cf8c6b5b557f/chiapos-chacha8-0.1.0) to /tmp/sxgc-laneV-agc-vendor/chiapos-chacha8
   Vendoring ciborium v0.2.2 (/home/erikg/.cargo/registry/src/index.crates.io-1949cf8c6b5b557f/ciborium-0.2.2) to /tmp/sxgc-laneV-agc-vendor/ciborium
   Vendoring ciborium-io v0.2.2 (/home/erikg/.cargo/registry/src/index.crates.io-1949cf8c6b5b557f/ciborium-io-0.2.2) to /tmp/sxgc-laneV-agc-vendor/ciborium-io
   Vendoring ciborium-ll v0.2.2 (/home/erikg/.cargo/registry/src/index.crates.io-1949cf8c6b5b557f/ciborium-ll-0.2.2) to /tmp/sxgc-laneV-agc-vendor/ciborium-ll
   Vendoring clap v4.6.7 (/home/erikg/.cargo/registry/src/index.crates.io-1949cf8c6b5b557f/clap-4.6.7) to /tmp/sxgc-laneV-agc-vendor/clap
   Vendoring clap_builder v4.6.7 (/home/erikg/.cargo/registry/src/index.crates.io-1949cf8c6b5b557f/clap_builder-4.6.7) to /tmp/sxgc-laneV-agc-vendor/clap_builder
   Vendoring clap_lex v1.1.1 (/home/erikg/.cargo/registry/src/index.crates.io-1949cf8c6b5b557f/clap_lex-1.1.1) to /tmp/sxgc-laneV-agc-vendor/clap_lex
   Vendoring cpufeatures v0.2.17 (/home/erikg/.cargo/registry/src/index.crates.io-1949cf8c6b5b557f/cpufeatures-0.2.17) to /tmp/sxgc-laneV-agc-vendor/cpufeatures
   Vendoring crc32fast v1.5.2 (/home/erikg/.cargo/registry/src/index.crates.io-1949cf8c6b5b557f/crc32fast-1.5.2) to /tmp/sxgc-laneV-agc-vendor/crc32fast
   Vendoring criterion v0.5.1 (/home/erikg/.cargo/registry/src/index.crates.io-1949cf8c6b5b557f/criterion-0.5.1) to /tmp/sxgc-laneV-agc-vendor/criterion
   Vendoring criterion-plot v0.5.0 (/home/erikg/.cargo/registry/src/index.crates.io-1949cf8c6b5b557f/criterion-plot-0.5.0) to /tmp/sxgc-laneV-agc-vendor/criterion-plot
   Vendoring crossbeam v0.8.5 (/home/erikg/.cargo/registry/src/index.crates.io-1949cf8c6b5b557f/crossbeam-0.8.5) to /tmp/sxgc-laneV-agc-vendor/crossbeam
   Vendoring crossbeam-channel v0.5.17 (/home/erikg/.cargo/registry/src/index.crates.io-1949cf8c6b5b557f/crossbeam-channel-0.5.17) to /tmp/sxgc-laneV-agc-vendor/crossbeam-channel
   Vendoring crossbeam-deque v0.8.8 (/home/erikg/.cargo/registry/src/index.crates.io-1949cf8c6b5b557f/crossbeam-deque-0.8.8) to /tmp/sxgc-laneV-agc-vendor/crossbeam-deque
   Vendoring crossbeam-epoch v0.9.21 (/home/erikg/.cargo/registry/src/index.crates.io-1949cf8c6b5b557f/crossbeam-epoch-0.9.21) to /tmp/sxgc-laneV-agc-vendor/crossbeam-epoch
   Vendoring crossbeam-queue v0.3.14 (/home/erikg/.cargo/registry/src/index.crates.io-1949cf8c6b5b557f/crossbeam-queue-0.3.14) to /tmp/sxgc-laneV-agc-vendor/crossbeam-queue
   Vendoring crossbeam-utils v0.8.23 (/home/erikg/.cargo/registry/src/index.crates.io-1949cf8c6b5b557f/crossbeam-utils-0.8.23) to /tmp/sxgc-laneV-agc-vendor/crossbeam-utils
   Vendoring crunchy v0.2.4 (/home/erikg/.cargo/registry/src/index.crates.io-1949cf8c6b5b557f/crunchy-0.2.4) to /tmp/sxgc-laneV-agc-vendor/crunchy
   Vendoring crypto-common v0.1.7 (/home/erikg/.cargo/registry/src/index.crates.io-1949cf8c6b5b557f/crypto-common-0.1.7) to /tmp/sxgc-laneV-agc-vendor/crypto-common
   Vendoring dashmap v6.2.1 (/home/erikg/.cargo/registry/src/index.crates.io-1949cf8c6b5b557f/dashmap-6.2.1) to /tmp/sxgc-laneV-agc-vendor/dashmap
   Vendoring digest v0.10.7 (/home/erikg/.cargo/registry/src/index.crates.io-1949cf8c6b5b557f/digest-0.10.7) to /tmp/sxgc-laneV-agc-vendor/digest
   Vendoring either v1.18.0 (/home/erikg/.cargo/registry/src/index.crates.io-1949cf8c6b5b557f/either-1.18.0) to /tmp/sxgc-laneV-agc-vendor/either
   Vendoring find-msvc-tools v0.1.12 (/home/erikg/.cargo/registry/src/index.crates.io-1949cf8c6b5b557f/find-msvc-tools-0.1.12) to /tmp/sxgc-laneV-agc-vendor/find-msvc-tools
   Vendoring flate2 v1.1.10 (/home/erikg/.cargo/registry/src/index.crates.io-1949cf8c6b5b557f/flate2-1.1.10) to /tmp/sxgc-laneV-agc-vendor/flate2
   Vendoring fuser v0.16.0 (/home/erikg/.cargo/registry/src/index.crates.io-1949cf8c6b5b557f/fuser-0.16.0) to /tmp/sxgc-laneV-agc-vendor/fuser
   Vendoring futures-core v0.3.34 (/home/erikg/.cargo/registry/src/index.crates.io-1949cf8c6b5b557f/futures-core-0.3.34) to /tmp/sxgc-laneV-agc-vendor/futures-core
   Vendoring futures-task v0.3.34 (/home/erikg/.cargo/registry/src/index.crates.io-1949cf8c6b5b557f/futures-task-0.3.34) to /tmp/sxgc-laneV-agc-vendor/futures-task
   Vendoring futures-util v0.3.34 (/home/erikg/.cargo/registry/src/index.crates.io-1949cf8c6b5b557f/futures-util-0.3.34) to /tmp/sxgc-laneV-agc-vendor/futures-util
   Vendoring generic-array v0.14.7 (/home/erikg/.cargo/registry/src/index.crates.io-1949cf8c6b5b557f/generic-array-0.14.7) to /tmp/sxgc-laneV-agc-vendor/generic-array
   Vendoring getrandom v0.3.4 (/home/erikg/.cargo/registry/src/index.crates.io-1949cf8c6b5b557f/getrandom-0.3.4) to /tmp/sxgc-laneV-agc-vendor/getrandom-0.3.4
   Vendoring getrandom v0.4.3 (/home/erikg/.cargo/registry/src/index.crates.io-1949cf8c6b5b557f/getrandom-0.4.3) to /tmp/sxgc-laneV-agc-vendor/getrandom
   Vendoring half v2.7.1 (/home/erikg/.cargo/registry/src/index.crates.io-1949cf8c6b5b557f/half-2.7.1) to /tmp/sxgc-laneV-agc-vendor/half
   Vendoring hashbrown v0.14.5 (/home/erikg/.cargo/registry/src/index.crates.io-1949cf8c6b5b557f/hashbrown-0.14.5) to /tmp/sxgc-laneV-agc-vendor/hashbrown
   Vendoring hermit-abi v0.5.3 (/home/erikg/.cargo/registry/src/index.crates.io-1949cf8c6b5b557f/hermit-abi-0.5.3) to /tmp/sxgc-laneV-agc-vendor/hermit-abi
   Vendoring is-terminal v0.4.17 (/home/erikg/.cargo/registry/src/index.crates.io-1949cf8c6b5b557f/is-terminal-0.4.17) to /tmp/sxgc-laneV-agc-vendor/is-terminal
   Vendoring itertools v0.10.5 (/home/erikg/.cargo/registry/src/index.crates.io-1949cf8c6b5b557f/itertools-0.10.5) to /tmp/sxgc-laneV-agc-vendor/itertools
   Vendoring itoa v1.0.18 (/home/erikg/.cargo/registry/src/index.crates.io-1949cf8c6b5b557f/itoa-1.0.18) to /tmp/sxgc-laneV-agc-vendor/itoa
   Vendoring jobserver v0.1.35 (/home/erikg/.cargo/registry/src/index.crates.io-1949cf8c6b5b557f/jobserver-0.1.35) to /tmp/sxgc-laneV-agc-vendor/jobserver
   Vendoring js-sys v0.3.105 (/home/erikg/.cargo/registry/src/index.crates.io-1949cf8c6b5b557f/js-sys-0.3.105) to /tmp/sxgc-laneV-agc-vendor/js-sys
   Vendoring libc v0.2.189 (/home/erikg/.cargo/registry/src/index.crates.io-1949cf8c6b5b557f/libc-0.2.189) to /tmp/sxgc-laneV-agc-vendor/libc
   Vendoring lock_api v0.4.14 (/home/erikg/.cargo/registry/src/index.crates.io-1949cf8c6b5b557f/lock_api-0.4.14) to /tmp/sxgc-laneV-agc-vendor/lock_api
   Vendoring log v0.4.34 (/home/erikg/.cargo/registry/src/index.crates.io-1949cf8c6b5b557f/log-0.4.34) to /tmp/sxgc-laneV-agc-vendor/log
   Vendoring memchr v2.8.3 (/home/erikg/.cargo/registry/src/index.crates.io-1949cf8c6b5b557f/memchr-2.8.3) to /tmp/sxgc-laneV-agc-vendor/memchr
   Vendoring miniz_oxide v0.9.1 (/home/erikg/.cargo/registry/src/index.crates.io-1949cf8c6b5b557f/miniz_oxide-0.9.1) to /tmp/sxgc-laneV-agc-vendor/miniz_oxide
   Vendoring nanorand v0.6.1 (/home/erikg/.cargo/registry/src/index.crates.io-1949cf8c6b5b557f/nanorand-0.6.1) to /tmp/sxgc-laneV-agc-vendor/nanorand
   Vendoring nix v0.29.0 (/home/erikg/.cargo/registry/src/index.crates.io-1949cf8c6b5b557f/nix-0.29.0) to /tmp/sxgc-laneV-agc-vendor/nix
   Vendoring num-traits v0.2.19 (/home/erikg/.cargo/registry/src/index.crates.io-1949cf8c6b5b557f/num-traits-0.2.19) to /tmp/sxgc-laneV-agc-vendor/num-traits
   Vendoring num_cpus v1.17.0 (/home/erikg/.cargo/registry/src/index.crates.io-1949cf8c6b5b557f/num_cpus-1.17.0) to /tmp/sxgc-laneV-agc-vendor/num_cpus
   Vendoring once_cell v1.21.4 (/home/erikg/.cargo/registry/src/index.crates.io-1949cf8c6b5b557f/once_cell-1.21.4) to /tmp/sxgc-laneV-agc-vendor/once_cell
   Vendoring oorandom v11.1.5 (/home/erikg/.cargo/registry/src/index.crates.io-1949cf8c6b5b557f/oorandom-11.1.5) to /tmp/sxgc-laneV-agc-vendor/oorandom
   Vendoring page_size v0.6.0 (/home/erikg/.cargo/registry/src/index.crates.io-1949cf8c6b5b557f/page_size-0.6.0) to /tmp/sxgc-laneV-agc-vendor/page_size
   Vendoring parking_lot_core v0.9.12 (/home/erikg/.cargo/registry/src/index.crates.io-1949cf8c6b5b557f/parking_lot_core-0.9.12) to /tmp/sxgc-laneV-agc-vendor/parking_lot_core
   Vendoring partition v0.1.2 (/home/erikg/.cargo/registry/src/index.crates.io-1949cf8c6b5b557f/partition-0.1.2) to /tmp/sxgc-laneV-agc-vendor/partition
   Vendoring pin-project-lite v0.2.17 (/home/erikg/.cargo/registry/src/index.crates.io-1949cf8c6b5b557f/pin-project-lite-0.2.17) to /tmp/sxgc-laneV-agc-vendor/pin-project-lite
   Vendoring pkg-config v0.3.34 (/home/erikg/.cargo/registry/src/index.crates.io-1949cf8c6b5b557f/pkg-config-0.3.34) to /tmp/sxgc-laneV-agc-vendor/pkg-config
   Vendoring plotters v0.3.7 (/home/erikg/.cargo/registry/src/index.crates.io-1949cf8c6b5b557f/plotters-0.3.7) to /tmp/sxgc-laneV-agc-vendor/plotters
   Vendoring plotters-backend v0.3.7 (/home/erikg/.cargo/registry/src/index.crates.io-1949cf8c6b5b557f/plotters-backend-0.3.7) to /tmp/sxgc-laneV-agc-vendor/plotters-backend
   Vendoring plotters-svg v0.3.7 (/home/erikg/.cargo/registry/src/index.crates.io-1949cf8c6b5b557f/plotters-svg-0.3.7) to /tmp/sxgc-laneV-agc-vendor/plotters-svg
   Vendoring proc-macro2 v1.0.107 (/home/erikg/.cargo/registry/src/index.crates.io-1949cf8c6b5b557f/proc-macro2-1.0.107) to /tmp/sxgc-laneV-agc-vendor/proc-macro2
   Vendoring quote v1.0.47 (/home/erikg/.cargo/registry/src/index.crates.io-1949cf8c6b5b557f/quote-1.0.47) to /tmp/sxgc-laneV-agc-vendor/quote
   Vendoring r-efi v5.3.0 (/home/erikg/.cargo/registry/src/index.crates.io-1949cf8c6b5b557f/r-efi-5.3.0) to /tmp/sxgc-laneV-agc-vendor/r-efi-5.3.0
   Vendoring r-efi v6.0.0 (/home/erikg/.cargo/registry/src/index.crates.io-1949cf8c6b5b557f/r-efi-6.0.0) to /tmp/sxgc-laneV-agc-vendor/r-efi
   Vendoring ragc-common v0.1.1 (https://github.com/ekg/ragc?rev=40e5cad11cab7d4df07a72d6b16d68c2d60b0742#40e5cad1) (/home/erikg/.cargo/git/checkouts/ragc-23245ba0c0527037/40e5cad/ragc-common) to /tmp/sxgc-laneV-agc-vendor/ragc-common
   Vendoring ragc-core v0.1.1 (https://github.com/ekg/ragc?rev=40e5cad11cab7d4df07a72d6b16d68c2d60b0742#40e5cad1) (/home/erikg/.cargo/git/checkouts/ragc-23245ba0c0527037/40e5cad/ragc-core) to /tmp/sxgc-laneV-agc-vendor/ragc-core
   Vendoring rayon v1.12.0 (/home/erikg/.cargo/registry/src/index.crates.io-1949cf8c6b5b557f/rayon-1.12.0) to /tmp/sxgc-laneV-agc-vendor/rayon
   Vendoring rayon-core v1.13.0 (/home/erikg/.cargo/registry/src/index.crates.io-1949cf8c6b5b557f/rayon-core-1.13.0) to /tmp/sxgc-laneV-agc-vendor/rayon-core
   Vendoring rdst v0.20.14 (/home/erikg/.cargo/registry/src/index.crates.io-1949cf8c6b5b557f/rdst-0.20.14) to /tmp/sxgc-laneV-agc-vendor/rdst
   Vendoring redox_syscall v0.5.18 (/home/erikg/.cargo/registry/src/index.crates.io-1949cf8c6b5b557f/redox_syscall-0.5.18) to /tmp/sxgc-laneV-agc-vendor/redox_syscall
   Vendoring regex v1.13.1 (/home/erikg/.cargo/registry/src/index.crates.io-1949cf8c6b5b557f/regex-1.13.1) to /tmp/sxgc-laneV-agc-vendor/regex
   Vendoring regex-automata v0.4.18 (/home/erikg/.cargo/registry/src/index.crates.io-1949cf8c6b5b557f/regex-automata-0.4.18) to /tmp/sxgc-laneV-agc-vendor/regex-automata
   Vendoring regex-syntax v0.8.11 (/home/erikg/.cargo/registry/src/index.crates.io-1949cf8c6b5b557f/regex-syntax-0.8.11) to /tmp/sxgc-laneV-agc-vendor/regex-syntax
   Vendoring rustversion v1.0.23 (/home/erikg/.cargo/registry/src/index.crates.io-1949cf8c6b5b557f/rustversion-1.0.23) to /tmp/sxgc-laneV-agc-vendor/rustversion
   Vendoring same-file v1.0.6 (/home/erikg/.cargo/registry/src/index.crates.io-1949cf8c6b5b557f/same-file-1.0.6) to /tmp/sxgc-laneV-agc-vendor/same-file
   Vendoring scopeguard v1.2.0 (/home/erikg/.cargo/registry/src/index.crates.io-1949cf8c6b5b557f/scopeguard-1.2.0) to /tmp/sxgc-laneV-agc-vendor/scopeguard
   Vendoring serde v1.0.229 (/home/erikg/.cargo/registry/src/index.crates.io-1949cf8c6b5b557f/serde-1.0.229) to /tmp/sxgc-laneV-agc-vendor/serde
   Vendoring serde_core v1.0.229 (/home/erikg/.cargo/registry/src/index.crates.io-1949cf8c6b5b557f/serde_core-1.0.229) to /tmp/sxgc-laneV-agc-vendor/serde_core
   Vendoring serde_derive v1.0.229 (/home/erikg/.cargo/registry/src/index.crates.io-1949cf8c6b5b557f/serde_derive-1.0.229) to /tmp/sxgc-laneV-agc-vendor/serde_derive
   Vendoring serde_json v1.0.151 (/home/erikg/.cargo/registry/src/index.crates.io-1949cf8c6b5b557f/serde_json-1.0.151) to /tmp/sxgc-laneV-agc-vendor/serde_json
   Vendoring sha2 v0.10.9 (/home/erikg/.cargo/registry/src/index.crates.io-1949cf8c6b5b557f/sha2-0.10.9) to /tmp/sxgc-laneV-agc-vendor/sha2
   Vendoring shlex v2.0.1 (/home/erikg/.cargo/registry/src/index.crates.io-1949cf8c6b5b557f/shlex-2.0.1) to /tmp/sxgc-laneV-agc-vendor/shlex
   Vendoring simd-adler32 v0.3.10 (/home/erikg/.cargo/registry/src/index.crates.io-1949cf8c6b5b557f/simd-adler32-0.3.10) to /tmp/sxgc-laneV-agc-vendor/simd-adler32
   Vendoring slab v0.4.12 (/home/erikg/.cargo/registry/src/index.crates.io-1949cf8c6b5b557f/slab-0.4.12) to /tmp/sxgc-laneV-agc-vendor/slab
   Vendoring smallvec v1.16.1 (/home/erikg/.cargo/registry/src/index.crates.io-1949cf8c6b5b557f/smallvec-1.16.1) to /tmp/sxgc-laneV-agc-vendor/smallvec
   Vendoring syn v2.0.119 (/home/erikg/.cargo/registry/src/index.crates.io-1949cf8c6b5b557f/syn-2.0.119) to /tmp/sxgc-laneV-agc-vendor/syn-2.0.119
   Vendoring syn v3.0.6 (/home/erikg/.cargo/registry/src/index.crates.io-1949cf8c6b5b557f/syn-3.0.6) to /tmp/sxgc-laneV-agc-vendor/syn
   Vendoring thiserror v1.0.69 (/home/erikg/.cargo/registry/src/index.crates.io-1949cf8c6b5b557f/thiserror-1.0.69) to /tmp/sxgc-laneV-agc-vendor/thiserror
   Vendoring thiserror-impl v1.0.69 (/home/erikg/.cargo/registry/src/index.crates.io-1949cf8c6b5b557f/thiserror-impl-1.0.69) to /tmp/sxgc-laneV-agc-vendor/thiserror-impl
   Vendoring tikv-jemalloc-sys v0.5.4+5.3.0-patched (/home/erikg/.cargo/registry/src/index.crates.io-1949cf8c6b5b557f/tikv-jemalloc-sys-0.5.4+5.3.0-patched) to /tmp/sxgc-laneV-agc-vendor/tikv-jemalloc-sys
   Vendoring tikv-jemallocator v0.5.4 (/home/erikg/.cargo/registry/src/index.crates.io-1949cf8c6b5b557f/tikv-jemallocator-0.5.4) to /tmp/sxgc-laneV-agc-vendor/tikv-jemallocator
   Vendoring tinytemplate v1.2.1 (/home/erikg/.cargo/registry/src/index.crates.io-1949cf8c6b5b557f/tinytemplate-1.2.1) to /tmp/sxgc-laneV-agc-vendor/tinytemplate
   Vendoring typenum v1.20.1 (/home/erikg/.cargo/registry/src/index.crates.io-1949cf8c6b5b557f/typenum-1.20.1) to /tmp/sxgc-laneV-agc-vendor/typenum
   Vendoring unicode-ident v1.0.26 (/home/erikg/.cargo/registry/src/index.crates.io-1949cf8c6b5b557f/unicode-ident-1.0.26) to /tmp/sxgc-laneV-agc-vendor/unicode-ident
   Vendoring version_check v0.9.5 (/home/erikg/.cargo/registry/src/index.crates.io-1949cf8c6b5b557f/version_check-0.9.5) to /tmp/sxgc-laneV-agc-vendor/version_check
   Vendoring voracious_radix_sort v1.2.0 (/home/erikg/.cargo/registry/src/index.crates.io-1949cf8c6b5b557f/voracious_radix_sort-1.2.0) to /tmp/sxgc-laneV-agc-vendor/voracious_radix_sort
   Vendoring walkdir v2.5.0 (/home/erikg/.cargo/registry/src/index.crates.io-1949cf8c6b5b557f/walkdir-2.5.0) to /tmp/sxgc-laneV-agc-vendor/walkdir
   Vendoring wasip2 v1.0.4+wasi-0.2.12 (/home/erikg/.cargo/registry/src/index.crates.io-1949cf8c6b5b557f/wasip2-1.0.4+wasi-0.2.12) to /tmp/sxgc-laneV-agc-vendor/wasip2
   Vendoring wasm-bindgen v0.2.128 (/home/erikg/.cargo/registry/src/index.crates.io-1949cf8c6b5b557f/wasm-bindgen-0.2.128) to /tmp/sxgc-laneV-agc-vendor/wasm-bindgen
   Vendoring wasm-bindgen-macro v0.2.128 (/home/erikg/.cargo/registry/src/index.crates.io-1949cf8c6b5b557f/wasm-bindgen-macro-0.2.128) to /tmp/sxgc-laneV-agc-vendor/wasm-bindgen-macro
   Vendoring wasm-bindgen-macro-support v0.2.128 (/home/erikg/.cargo/registry/src/index.crates.io-1949cf8c6b5b557f/wasm-bindgen-macro-support-0.2.128) to /tmp/sxgc-laneV-agc-vendor/wasm-bindgen-macro-support
   Vendoring wasm-bindgen-shared v0.2.128 (/home/erikg/.cargo/registry/src/index.crates.io-1949cf8c6b5b557f/wasm-bindgen-shared-0.2.128) to /tmp/sxgc-laneV-agc-vendor/wasm-bindgen-shared
   Vendoring web-sys v0.3.105 (/home/erikg/.cargo/registry/src/index.crates.io-1949cf8c6b5b557f/web-sys-0.3.105) to /tmp/sxgc-laneV-agc-vendor/web-sys
   Vendoring winapi v0.3.9 (/home/erikg/.cargo/registry/src/index.crates.io-1949cf8c6b5b557f/winapi-0.3.9) to /tmp/sxgc-laneV-agc-vendor/winapi
   Vendoring winapi-i686-pc-windows-gnu v0.4.0 (/home/erikg/.cargo/registry/src/index.crates.io-1949cf8c6b5b557f/winapi-i686-pc-windows-gnu-0.4.0) to /tmp/sxgc-laneV-agc-vendor/winapi-i686-pc-windows-gnu
   Vendoring winapi-util v0.1.11 (/home/erikg/.cargo/registry/src/index.crates.io-1949cf8c6b5b557f/winapi-util-0.1.11) to /tmp/sxgc-laneV-agc-vendor/winapi-util
   Vendoring winapi-x86_64-pc-windows-gnu v0.4.0 (/home/erikg/.cargo/registry/src/index.crates.io-1949cf8c6b5b557f/winapi-x86_64-pc-windows-gnu-0.4.0) to /tmp/sxgc-laneV-agc-vendor/winapi-x86_64-pc-windows-gnu
   Vendoring windows-link v0.2.1 (/home/erikg/.cargo/registry/src/index.crates.io-1949cf8c6b5b557f/windows-link-0.2.1) to /tmp/sxgc-laneV-agc-vendor/windows-link
   Vendoring windows-sys v0.61.2 (/home/erikg/.cargo/registry/src/index.crates.io-1949cf8c6b5b557f/windows-sys-0.61.2) to /tmp/sxgc-laneV-agc-vendor/windows-sys
   Vendoring wit-bindgen v0.57.1 (/home/erikg/.cargo/registry/src/index.crates.io-1949cf8c6b5b557f/wit-bindgen-0.57.1) to /tmp/sxgc-laneV-agc-vendor/wit-bindgen
   Vendoring zerocopy v0.8.57 (/home/erikg/.cargo/registry/src/index.crates.io-1949cf8c6b5b557f/zerocopy-0.8.57) to /tmp/sxgc-laneV-agc-vendor/zerocopy
   Vendoring zerocopy-derive v0.8.57 (/home/erikg/.cargo/registry/src/index.crates.io-1949cf8c6b5b557f/zerocopy-derive-0.8.57) to /tmp/sxgc-laneV-agc-vendor/zerocopy-derive
   Vendoring zlib-rs v0.6.8 (/home/erikg/.cargo/registry/src/index.crates.io-1949cf8c6b5b557f/zlib-rs-0.6.8) to /tmp/sxgc-laneV-agc-vendor/zlib-rs
   Vendoring zmij v1.0.23 (/home/erikg/.cargo/registry/src/index.crates.io-1949cf8c6b5b557f/zmij-1.0.23) to /tmp/sxgc-laneV-agc-vendor/zmij
   Vendoring zstd v0.13.3 (/home/erikg/.cargo/registry/src/index.crates.io-1949cf8c6b5b557f/zstd-0.13.3) to /tmp/sxgc-laneV-agc-vendor/zstd
   Vendoring zstd-safe v7.3.0 (/home/erikg/.cargo/registry/src/index.crates.io-1949cf8c6b5b557f/zstd-safe-7.3.0) to /tmp/sxgc-laneV-agc-vendor/zstd-safe
   Vendoring zstd-sys v2.1.0+zstd.1.5.7 (/home/erikg/.cargo/registry/src/index.crates.io-1949cf8c6b5b557f/zstd-sys-2.1.0+zstd.1.5.7) to /tmp/sxgc-laneV-agc-vendor/zstd-sys
To use vendored sources, add this to your .cargo/config.toml for this project:

