   Compiling version_check v0.9.5
   Compiling crossbeam-utils v0.8.23
   Compiling typenum v1.20.1
   Compiling cfg-if v1.0.5
   Compiling crossbeam-epoch v0.9.21
   Compiling libc v0.2.189
   Compiling crossbeam-deque v0.8.8
   Compiling zmij v1.0.23
   Compiling crc32fast v1.5.2
   Compiling serde_core v1.0.229
   Compiling rayon-core v1.13.0
   Compiling getrandom v0.4.3
   Compiling rustix v1.1.5
   Compiling linux-raw-sys v0.12.1
   Compiling simd-adler32 v0.3.10
   Compiling serde_json v1.0.151
   Compiling bitflags v2.13.2
   Compiling adler2 v2.0.1
   Compiling httpdate v1.0.3
   Compiling log v0.4.34
   Compiling xsa v0.1.0 (/tmp/sxgc-laneV/xsa)
   Compiling chunked_transfer v1.5.0
   Compiling either v1.18.0
   Compiling ascii v1.1.0
   Compiling itoa v1.0.18
   Compiling memchr v2.8.3
   Compiling once_cell v1.21.4
   Compiling cpufeatures v0.2.17
   Compiling fastrand v2.5.0
   Compiling miniz_oxide v0.9.1
   Compiling generic-array v0.14.7
   Compiling tiny_http v0.12.0
   Compiling flate2 v1.1.10
   Compiling memmap2 v0.9.11
   Compiling crypto-common v0.1.7
   Compiling block-buffer v0.10.4
   Compiling digest v0.10.7
   Compiling sha2 v0.10.9
   Compiling rayon v1.12.0
   Compiling tempfile v3.27.0
error: failed to run custom build command for `xsa v0.1.0 (/tmp/sxgc-laneV/xsa)`

Caused by:
  process didn't exit successfully: `/tmp/sxgc-laneV-cargo-build-01/release/build/xsa-ab406f045aeec7a6/build-script-build` (exit status: 101)
  --- stdout
  cargo:rerun-if-changed=build.rs
  cargo:rerun-if-changed=build_tools.py
  cargo:rerun-if-changed=runtime
  cargo:rerun-if-changed=vendor
  cargo:rerun-if-changed=SOURCES.sha256.json
  cargo:rerun-if-env-changed=BUILD_JOBS
  + patch -p1 --batch -i /tmp/sxgc-laneV-cargo-build-01/release/build/xsa-2dfcfb6cbbc0de33/out/stages-j7dsgea1/repo/bit6/patches/pfp_agc.patch
  patching file CMakeLists.txt
  patching file README.md
  patching file include/pfp_algo.hpp
  patching file pfp++.cpp
  patching file src/pfp_algo.cpp
  patching file include/text_source.hpp
  patching file src/text_source.cpp
  patching file src/agc_source.hpp
  patching file src/agc_source.cpp
  patching file tests/source_probe.cpp
  patching file tests/test_agc.py
  + patch -p1 --batch -i /tmp/sxgc-laneV-cargo-build-01/release/build/xsa-2dfcfb6cbbc0de33/out/stages-j7dsgea1/repo/bit6/patches/rpfbwt_emit_tails.patch
  patching file include/rpfbwt_algorithm.hpp
  + make -C /tmp/sxgc-laneV-cargo-build-01/release/build/xsa-2dfcfb6cbbc0de33/out/stages-j7dsgea1/deps/htslib -j 2 libhts.a
  make: Entering directory '/tmp/sxgc-laneV-cargo-build-01/release/build/xsa-2dfcfb6cbbc0de33/out/stages-j7dsgea1/deps/htslib'
  echo '# Default htscodecs.mk generated by Makefile' > htscodecs.mk
  echo 'include $(HTSPREFIX)htscodecs_bundled.mk' >> htscodecs.mk
  ./hts_probe_cc.sh 'gcc' '-g -Wall -O2 -fvisibility=hidden ' '-fvisibility=hidden' >> htscodecs.mk
  echo '/* Default config.h generated by Makefile */' > config.h
  echo '#ifndef _XOPEN_SOURCE' >> config.h
  printf '/* Auto-generated by Makefile */\n#define HTS_VERSION_TEXT "%s"\n' '1.24' > version.h
  printf '/* Auto-generated by Makefile */\n#define HTS_CC "%s"\n#define HTS_CPPFLAGS "%s"\n#define HTS_CFLAGS "%s"\n#define HTS_LDFLAGS "%s"\n#define HTS_LIBS "%s"\n' \
  'gcc' \
  '' \
  '-g -Wall -O2 -fvisibility=hidden' \
  '-fvisibility=hidden' \
  '-lz -lm -lbz2 -llzma -lcurl' > config_vars.h
  echo '#define _XOPEN_SOURCE 600' >> config.h
  echo '#endif' >> config.h
  echo '#define HAVE_LIBBZ2 1' >> config.h
  gcc -g -Wall -O2 -fvisibility=hidden  -I.  -c -o htscodecs/htscodecs/htscodecs.o htscodecs/htscodecs/htscodecs.c
  echo '#define HAVE_LIBLZMA 1' >> config.h
  echo '#ifndef __APPLE__' >> config.h
  echo '#define HAVE_LZMA_H 1' >> config.h
  echo '#endif' >> config.h
  echo '#define HAVE_DRAND48 1' >> config.h
  echo '#define HAVE_LIBCURL 1' >> config.h
  if [ "x1" != "x" ]; then \
      echo '#define HAVE_DECL___CPUID_COUNT 1' >> config.h ; \
      echo '#define HAVE_DECL___GET_CPUID_MAX 1' >> config.h ; \
  fi
  if [ "x1" != "x" ]; then \
      echo '#define HAVE_POPCNT 1' >> config.h ; \
      echo '#define HAVE_SSE4_1 1' >> config.h ; \
      echo '#define HAVE_SSSE3 1' >> config.h ; \
      echo '#if defined(HTS_ALLOW_UNALIGNED) && HTS_ALLOW_UNALIGNED == 0' >> config.h ; \
      echo '#define UBSAN 1' >> config.h ; \
      echo '#endif' >> config.h ; \
  fi
  if [ "x1" != "x" ] ; then \
      echo '#define HAVE_AVX2 1' >> config.h ; \
  fi
  if [ "x1" != "x" ] ; then \
      echo '#define HAVE_AVX512 1' >> config.h ; \
  fi
  echo '#if defined __x86_64__ && (defined HAVE_SSSE3 || defined HAVE_AVX2 || defined HAVE_AVX512)' >> config.h
  echo '#define HAVE_X86INTRIN_H 1' >> config.h
  echo '#endif' >> config.h
  echo '#if defined __x86_64__ || defined __arm__ || defined __aarch64__' >> config.h
  echo '#define HAVE_ATTRIBUTE_CONSTRUCTOR 1' >> config.h
  echo '#endif' >> config.h
  if [ "x1" != "x" ]; then \
      echo '#if (defined(__x86_64__) || defined(_M_X64))' >> config.h ; \
      echo '#define HAVE_ATTRIBUTE_TARGET_SSSE3 1' >> config.h ; \
      echo '#define HAVE_BUILTIN_CPU_SUPPORT_SSSE3 1' >> config.h ; \
      echo '#endif' >> config.h ; \
  fi
  echo '#if defined __linux__' >> config.h
  echo '#define HAVE_GETAUXVAL' >> config.h
  echo '#elif defined __FreeBSD__' >> config.h
  echo '#define HAVE_ELF_AUX_INFO' >> config.h
  echo '#elif defined __OpenBSD__' >> config.h
  echo '// Enable extra OpenBSD checks (see simd.c)' >> config.h
  echo '#define HAVE_OPENBSD' >> config.h
  echo '#endif' >> config.h
  make: Leaving directory '/tmp/sxgc-laneV-cargo-build-01/release/build/xsa-2dfcfb6cbbc0de33/out/stages-j7dsgea1/deps/htslib'

  --- stderr
  htscodecs/htscodecs/htscodecs.c: In function ‘htscodecs_version’:
  htscodecs/htscodecs/htscodecs.c:43:12: error: ‘HTSCODECS_VERSION_TEXT’ undeclared (first use in this function); did you mean ‘HTSCODECS_VERSION’?
     43 |     return HTSCODECS_VERSION_TEXT;
        |            ^~~~~~~~~~~~~~~~~~~~~~
        |            HTSCODECS_VERSION
  htscodecs/htscodecs/htscodecs.c:43:12: note: each undeclared identifier is reported only once for each function it appears in
  htscodecs/htscodecs/htscodecs.c:44:1: warning: control reaches end of non-void function [-Wreturn-type]
     44 | }
        | ^
  make: *** [Makefile:204: htscodecs/htscodecs/htscodecs.o] Error 1
  make: *** Waiting for unfinished jobs....
  Traceback (most recent call last):
    File "/tmp/sxgc-laneV/xsa/build_tools.py", line 54, in <module>
      run('make', '-C', deps/'htslib', '-j', jobs, 'libhts.a', env=env)
    File "/tmp/sxgc-laneV/xsa/build_tools.py", line 22, in run
      subprocess.run(list(map(str, args)), cwd=cwd, env=env, check=True)
    File "/usr/lib/python3.12/subprocess.py", line 571, in run
      raise CalledProcessError(retcode, process.args,
  subprocess.CalledProcessError: Command '['make', '-C', '/tmp/sxgc-laneV-cargo-build-01/release/build/xsa-2dfcfb6cbbc0de33/out/stages-j7dsgea1/deps/htslib', '-j', '2', 'libhts.a']' returned non-zero exit status 2.

  thread 'main' (3978609) panicked at build.rs:15:5:
  xsa native stage build failed; inspect Cargo build output
  note: run with `RUST_BACKTRACE=1` environment variable to display a backtrace
