  Installing xsa v0.1.0 (/tmp/sxgc-laneV-unpacked-04/xsa-0.1.0)
   Compiling version_check v0.9.5
   Compiling crossbeam-utils v0.8.23
   Compiling typenum v1.20.1
   Compiling cfg-if v1.0.5
   Compiling libc v0.2.189
   Compiling crossbeam-epoch v0.9.21
   Compiling crossbeam-deque v0.8.8
   Compiling crc32fast v1.5.2
   Compiling serde_core v1.0.229
   Compiling zmij v1.0.23
   Compiling getrandom v0.4.3
   Compiling rayon-core v1.13.0
   Compiling rustix v1.1.5
   Compiling bitflags v2.13.2
   Compiling linux-raw-sys v0.12.1
   Compiling simd-adler32 v0.3.10
   Compiling adler2 v2.0.1
   Compiling serde_json v1.0.151
   Compiling either v1.18.0
   Compiling fastrand v2.5.0
   Compiling xsa v0.1.0 (/tmp/sxgc-laneV-unpacked-04/xsa-0.1.0)
   Compiling httpdate v1.0.3
   Compiling once_cell v1.21.4
   Compiling cpufeatures v0.2.17
   Compiling memchr v2.8.3
   Compiling log v0.4.34
   Compiling chunked_transfer v1.5.0
   Compiling ascii v1.1.0
   Compiling itoa v1.0.18
   Compiling miniz_oxide v0.9.1
   Compiling generic-array v0.14.7
   Compiling tiny_http v0.12.0
   Compiling flate2 v1.1.10
   Compiling crypto-common v0.1.7
   Compiling block-buffer v0.10.4
   Compiling memmap2 v0.9.11
   Compiling digest v0.10.7
   Compiling sha2 v0.10.9
   Compiling rayon v1.12.0
   Compiling tempfile v3.27.0
error: failed to run custom build command for `xsa v0.1.0 (/tmp/sxgc-laneV-unpacked-04/xsa-0.1.0)`

Caused by:
  process didn't exit successfully: `/tmp/sxgc-laneV-install-package-build-04/release/build/xsa-ab406f045aeec7a6/build-script-build` (exit status: 101)
  --- stdout
  cargo:rerun-if-changed=build.rs
  cargo:rerun-if-changed=build_tools.py
  cargo:rerun-if-changed=runtime
  cargo:rerun-if-changed=vendor
  cargo:rerun-if-changed=SOURCES.sha256.json
  cargo:rerun-if-env-changed=BUILD_JOBS
  + patch -p1 --batch -i /tmp/sxgc-laneV-install-package-build-04/release/build/xsa-2dfcfb6cbbc0de33/out/stages-cx97xbt3/repo/bit6/patches/pfp_agc.patch
  patching file CMakeLists.txt
  patching file README.md
  patching file include/pfp_algo.hpp
  patching file pfp++.cpp
  patching file src/pfp_algo.cpp
  patching file include/text_source.hpp
  patching file src/text_source.cpp
  patching file src/agc_source.hpp
  patching file src/agc_source.cpp
  patching file tests/source_probe.cpp
  patching file tests/test_agc.py
  + patch -p1 --batch -i /tmp/sxgc-laneV-install-package-build-04/release/build/xsa-2dfcfb6cbbc0de33/out/stages-cx97xbt3/repo/bit6/patches/rpfbwt_emit_tails.patch
  patching file include/rpfbwt_algorithm.hpp
  + make -C /tmp/sxgc-laneV-install-package-build-04/release/build/xsa-2dfcfb6cbbc0de33/out/stages-cx97xbt3/deps/htslib -j 2 libhts.a
  make: Entering directory '/tmp/sxgc-laneV-install-package-build-04/release/build/xsa-2dfcfb6cbbc0de33/out/stages-cx97xbt3/deps/htslib'
  echo '# Default htscodecs.mk generated by Makefile' > htscodecs.mk
  echo 'include $(HTSPREFIX)htscodecs_bundled.mk' >> htscodecs.mk
  ./hts_probe_cc.sh 'gcc' '-g -Wall -O2 -fvisibility=hidden ' '-fvisibility=hidden' >> htscodecs.mk
  echo '/* Default config.h generated by Makefile */' > config.h
  echo '#ifndef _XOPEN_SOURCE' >> config.h
  echo '#define _XOPEN_SOURCE 600' >> config.h
  echo '#endif' >> config.h
  printf '/* Auto-generated by Makefile */\n#define HTS_VERSION_TEXT "%s"\n' '1.24' > version.h
  printf '/* Auto-generated by Makefile */\n#define HTS_CC "%s"\n#define HTS_CPPFLAGS "%s"\n#define HTS_CFLAGS "%s"\n#define HTS_LDFLAGS "%s"\n#define HTS_LIBS "%s"\n' \
  'gcc' \
  '' \
  '-g -Wall -O2 -fvisibility=hidden' \
  '-fvisibility=hidden' \
  '-lz -lm -lbz2 -llzma -lcurl' > config_vars.h
  echo '#define HAVE_LIBBZ2 1' >> config.h
  echo '#define HAVE_LIBLZMA 1' >> config.h
  gcc -g -Wall -O2 -fvisibility=hidden  -I.  -c -o htscodecs/htscodecs/htscodecs.o htscodecs/htscodecs/htscodecs.c
  echo '#ifndef __APPLE__' >> config.h
  echo '#define HAVE_LZMA_H 1' >> config.h
  echo '#endif' >> config.h
  echo '#define HAVE_DRAND48 1' >> config.h
  echo '#define HAVE_LIBCURL 1' >> config.h
  if [ "x1" != "x" ]; then \
      echo '#define HAVE_DECL___CPUID_COUNT 1' >> config.h ; \
      echo '#define HAVE_DECL___GET_CPUID_MAX 1' >> config.h ; \
  fi
  if [ "x1" != "x" ]; then \
      echo '#define HAVE_POPCNT 1' >> config.h ; \
      echo '#define HAVE_SSE4_1 1' >> config.h ; \
      echo '#define HAVE_SSSE3 1' >> config.h ; \
      echo '#if defined(HTS_ALLOW_UNALIGNED) && HTS_ALLOW_UNALIGNED == 0' >> config.h ; \
      echo '#define UBSAN 1' >> config.h ; \
      echo '#endif' >> config.h ; \
  fi
  if [ "x1" != "x" ] ; then \
      echo '#define HAVE_AVX2 1' >> config.h ; \
  fi
  if [ "x1" != "x" ] ; then \
      echo '#define HAVE_AVX512 1' >> config.h ; \
  fi
  echo '#if defined __x86_64__ && (defined HAVE_SSSE3 || defined HAVE_AVX2 || defined HAVE_AVX512)' >> config.h
  echo '#define HAVE_X86INTRIN_H 1' >> config.h
  echo '#endif' >> config.h
  echo '#if defined __x86_64__ || defined __arm__ || defined __aarch64__' >> config.h
  echo '#define HAVE_ATTRIBUTE_CONSTRUCTOR 1' >> config.h
  echo '#endif' >> config.h
  if [ "x1" != "x" ]; then \
      echo '#if (defined(__x86_64__) || defined(_M_X64))' >> config.h ; \
      echo '#define HAVE_ATTRIBUTE_TARGET_SSSE3 1' >> config.h ; \
      echo '#define HAVE_BUILTIN_CPU_SUPPORT_SSSE3 1' >> config.h ; \
      echo '#endif' >> config.h ; \
  fi
  echo '#if defined __linux__' >> config.h
  echo '#define HAVE_GETAUXVAL' >> config.h
  echo '#elif defined __FreeBSD__' >> config.h
  echo '#define HAVE_ELF_AUX_INFO' >> config.h
  echo '#elif defined __OpenBSD__' >> config.h
  echo '// Enable extra OpenBSD checks (see simd.c)' >> config.h
  echo '#define HAVE_OPENBSD' >> config.h
  echo '#endif' >> config.h
  gcc -g -Wall -O2 -fvisibility=hidden  -I.  -c -o kfunc.o kfunc.c
  gcc -g -Wall -O2 -fvisibility=hidden  -I.  -c -o kstring.o kstring.c
  gcc -g -Wall -O2 -fvisibility=hidden  -I.  -c -o bcf_sr_sort.o bcf_sr_sort.c
  gcc -g -Wall -O2 -fvisibility=hidden  -I.  -c -o bgzf.o bgzf.c
  gcc -g -Wall -O2 -fvisibility=hidden  -I.  -c -o errmod.o errmod.c
  gcc -g -Wall -O2 -fvisibility=hidden  -I.  -c -o faidx.o faidx.c
  gcc -g -Wall -O2 -fvisibility=hidden  -I.  -c -o header.o header.c
  gcc -g -Wall -O2 -fvisibility=hidden  -I.  -c -o hfile.o hfile.c
  gcc -g -Wall -O2 -fvisibility=hidden  -I.  -c -o hts.o hts.c
  gcc -g -Wall -O2 -fvisibility=hidden  -I.  -c -o hts_expr.o hts_expr.c
  gcc -g -Wall -O2 -fvisibility=hidden  -I.  -c -o hts_os.o hts_os.c
  gcc -g -Wall -O2 -fvisibility=hidden  -I.  -c -o md5.o md5.c
  gcc -g -Wall -O2 -fvisibility=hidden  -I.  -c -o multipart.o multipart.c
  gcc -g -Wall -O2 -fvisibility=hidden  -I.  -c -o probaln.o probaln.c
  gcc -g -Wall -O2 -fvisibility=hidden  -I.  -c -o realn.o realn.c
  gcc -g -Wall -O2 -fvisibility=hidden  -I.  -c -o regidx.o regidx.c
  gcc -g -Wall -O2 -fvisibility=hidden  -I.  -c -o region.o region.c
  gcc -g -Wall -O2 -fvisibility=hidden  -I.  -c -o sam.o sam.c
  gcc -g -Wall -O2 -fvisibility=hidden  -I.  -c -o sam_mods.o sam_mods.c
  gcc -g -Wall -O2 -fvisibility=hidden  -I.  -c -o simd.o simd.c
  gcc -g -Wall -O2 -fvisibility=hidden  -I.  -c -o synced_bcf_reader.o synced_bcf_reader.c
  gcc -g -Wall -O2 -fvisibility=hidden  -I.  -c -o vcf_sweep.o vcf_sweep.c
  gcc -g -Wall -O2 -fvisibility=hidden  -I.  -c -o tbx.o tbx.c
  gcc -g -Wall -O2 -fvisibility=hidden  -I.  -c -o textutils.o textutils.c
  gcc -g -Wall -O2 -fvisibility=hidden  -I.  -c -o thread_pool.o thread_pool.c
  gcc -g -Wall -O2 -fvisibility=hidden  -I.  -c -o vcf.o vcf.c
  gcc -g -Wall -O2 -fvisibility=hidden  -I.  -c -o vcfutils.o vcfutils.c
  gcc -g -Wall -O2 -fvisibility=hidden  -I.  -c -o cram/cram_codecs.o cram/cram_codecs.c
  gcc -g -Wall -O2 -fvisibility=hidden  -I.  -c -o cram/cram_decode.o cram/cram_decode.c
  gcc -g -Wall -O2 -fvisibility=hidden  -I.  -c -o cram/cram_encode.o cram/cram_encode.c
  gcc -g -Wall -O2 -fvisibility=hidden  -I.  -c -o cram/cram_external.o cram/cram_external.c
  gcc -g -Wall -O2 -fvisibility=hidden  -I.  -c -o cram/cram_index.o cram/cram_index.c
  gcc -g -Wall -O2 -fvisibility=hidden  -I.  -c -o cram/cram_io.o cram/cram_io.c
  gcc -g -Wall -O2 -fvisibility=hidden  -I.  -c -o cram/cram_stats.o cram/cram_stats.c
  gcc -g -Wall -O2 -fvisibility=hidden  -I.  -c -o cram/mFILE.o cram/mFILE.c
  gcc -g -Wall -O2 -fvisibility=hidden  -I.  -c -o cram/open_trace_file.o cram/open_trace_file.c
  gcc -g -Wall -O2 -fvisibility=hidden  -I.  -c -o cram/pooled_alloc.o cram/pooled_alloc.c
  gcc -g -Wall -O2 -fvisibility=hidden  -I.  -c -o cram/string_alloc.o cram/string_alloc.c
  gcc -g -Wall -O2 -fvisibility=hidden  -I.  -c -o htscodecs/htscodecs/arith_dynamic.o htscodecs/htscodecs/arith_dynamic.c
  gcc -g -Wall -O2 -fvisibility=hidden  -I.  -c -o htscodecs/htscodecs/fqzcomp_qual.o htscodecs/htscodecs/fqzcomp_qual.c
  gcc -g -Wall -O2 -fvisibility=hidden  -I.  -c -o htscodecs/htscodecs/pack.o htscodecs/htscodecs/pack.c
  gcc -g -Wall -O2 -fvisibility=hidden  -I.  -c -o htscodecs/htscodecs/rANS_static4x16pr.o htscodecs/htscodecs/rANS_static4x16pr.c
  gcc -g -Wall -O2 -fvisibility=hidden -mavx2 -mpopcnt -I.  -c -o htscodecs/htscodecs/rANS_static32x16pr_avx2.o htscodecs/htscodecs/rANS_static32x16pr_avx2.c
  gcc -g -Wall -O2 -fvisibility=hidden -mavx512f -mpopcnt -I.  -c -o htscodecs/htscodecs/rANS_static32x16pr_avx512.o htscodecs/htscodecs/rANS_static32x16pr_avx512.c
  gcc -g -Wall -O2 -fvisibility=hidden -msse4.1 -mpopcnt -mssse3 -I.  -c -o htscodecs/htscodecs/rANS_static32x16pr_sse4.o htscodecs/htscodecs/rANS_static32x16pr_sse4.c
  gcc -g -Wall -O2 -fvisibility=hidden  -I.  -c -o htscodecs/htscodecs/rANS_static32x16pr_neon.o htscodecs/htscodecs/rANS_static32x16pr_neon.c
  gcc -g -Wall -O2 -fvisibility=hidden  -I.  -c -o htscodecs/htscodecs/rANS_static32x16pr.o htscodecs/htscodecs/rANS_static32x16pr.c
  gcc -g -Wall -O2 -fvisibility=hidden  -I.  -c -o htscodecs/htscodecs/rANS_static.o htscodecs/htscodecs/rANS_static.c
  gcc -g -Wall -O2 -fvisibility=hidden  -I.  -c -o htscodecs/htscodecs/rle.o htscodecs/htscodecs/rle.c
  gcc -g -Wall -O2 -fvisibility=hidden  -I.  -c -o htscodecs/htscodecs/tokenise_name3.o htscodecs/htscodecs/tokenise_name3.c
  gcc -g -Wall -O2 -fvisibility=hidden  -I.  -c -o htscodecs/htscodecs/utils.o htscodecs/htscodecs/utils.c
  gcc -g -Wall -O2 -fvisibility=hidden  -I.  -c -o hfile_libcurl.o hfile_libcurl.c
  ar -rc libhts.a kfunc.o kstring.o bcf_sr_sort.o bgzf.o errmod.o faidx.o header.o hfile.o hts.o hts_expr.o hts_os.o md5.o multipart.o probaln.o realn.o regidx.o region.o sam.o sam_mods.o simd.o synced_bcf_reader.o vcf_sweep.o tbx.o textutils.o thread_pool.o vcf.o vcfutils.o cram/cram_codecs.o cram/cram_decode.o cram/cram_encode.o cram/cram_external.o cram/cram_index.o cram/cram_io.o cram/cram_stats.o cram/mFILE.o cram/open_trace_file.o cram/pooled_alloc.o cram/string_alloc.o htscodecs/htscodecs/arith_dynamic.o htscodecs/htscodecs/fqzcomp_qual.o htscodecs/htscodecs/htscodecs.o htscodecs/htscodecs/pack.o htscodecs/htscodecs/rANS_static4x16pr.o htscodecs/htscodecs/rANS_static32x16pr_avx2.o htscodecs/htscodecs/rANS_static32x16pr_avx512.o htscodecs/htscodecs/rANS_static32x16pr_sse4.o htscodecs/htscodecs/rANS_static32x16pr_neon.o htscodecs/htscodecs/rANS_static32x16pr.o htscodecs/htscodecs/rANS_static.o htscodecs/htscodecs/rle.o htscodecs/htscodecs/tokenise_name3.o htscodecs/htscodecs/utils.o hfile_libcurl.o
  ranlib libhts.a
  make: Leaving directory '/tmp/sxgc-laneV-install-package-build-04/release/build/xsa-2dfcfb6cbbc0de33/out/stages-cx97xbt3/deps/htslib'
  + make -C /tmp/sxgc-laneV-install-package-build-04/release/build/xsa-2dfcfb6cbbc0de33/out/stages-cx97xbt3/deps/agc -j 2 libagc
  make: Entering directory '/tmp/sxgc-laneV-install-package-build-04/release/build/xsa-2dfcfb6cbbc0de33/out/stages-cx97xbt3/deps/agc'
  *** Initialization of global values ***
  *** Unspecified platform - using native compilation for x86_64 ***
  *** Adding mimalloc ***
  *** Proposing isal ***
  *** Proposing zlib-ng ***
  zlib-ng will be used for gzip decompression
  *** Adding libdeflate ***
  *** Adding libzstd ***
  *** Adding raduls-inplace ***
  *** Adding REFRESH libs ***
  Prebuild jobs: mimalloc_obj zlib-ng libdeflate libzstd raduls-inplace
  *** Checking compiler version ***
  Compiler: GCC
  Version: 13
  g++ -DMI_MALLOC_OVERRIDE -O3 -DNDEBUG -fPIC -Wall -Wextra -Wno-unknown-pragmas -fvisibility=hidden -ftls-model=initial-exec -fno-builtin-malloc -c -I ./3rd_party/mimalloc/include ./3rd_party/mimalloc/src/static.c -o ./3rd_party/mimalloc/mimalloc.o
  cd ./3rd_party/zlib-ng && cmake  -DCMAKE_CXX_COMPILER=g++ -DCMAKE_C_COMPILER=cc -B build-g++/zlib-ng -S . -DZLIB_COMPAT=ON; cmake --build build-g++/zlib-ng --config Release
  -- Using CMake version 3.28.3
  -- ZLIB_HEADER_VERSION: 1.3.1
  -- ZLIBNG_HEADER_VERSION: 2.1.6
  -- The C compiler identification is GNU 13.3.0
  -- Detecting C compiler ABI info
  -- Detecting C compiler ABI info - done
  -- Check for working C compiler: /usr/bin/cc - skipped
  -- Detecting C compile features
  -- Detecting C compile features - done
  -- Arch detected: 'x86_64'
  -- Basearch of 'x86_64' has been detected as: 'x86'
  -- Performing Test FNO_LTO_AVAILABLE
  -- Performing Test FNO_LTO_AVAILABLE - Success
  -- Looking for arm_acle.h
  -- Looking for arm_acle.h - not found
  -- Looking for sys/auxv.h
  -- Looking for sys/auxv.h - found
  -- Looking for sys/sdt.h
  -- Looking for sys/sdt.h - not found
  -- Looking for unistd.h
  -- Looking for unistd.h - found
  -- Looking for linux/auxvec.h
  -- Looking for linux/auxvec.h - found
  -- Looking for sys/types.h
  -- Looking for sys/types.h - found
  -- Looking for stdint.h
  -- Looking for stdint.h - found
  -- Looking for stddef.h
  -- Looking for stddef.h - found
  -- Check size of off64_t
  -- Check size of off64_t - done
  -- Looking for fseeko
  -- Looking for fseeko - found
  -- Looking for strerror
  -- Looking for strerror - found
  -- Looking for posix_memalign
  -- Looking for posix_memalign - found
  -- Looking for aligned_alloc
  -- Looking for aligned_alloc - found
  -- Performing Test HAVE_NO_INTERPOSITION
  -- Performing Test HAVE_NO_INTERPOSITION - Success
  -- Performing Test HAVE_ATTRIBUTE_VISIBILITY_HIDDEN
  -- Performing Test HAVE_ATTRIBUTE_VISIBILITY_HIDDEN - Success
  -- Performing Test HAVE_ATTRIBUTE_VISIBILITY_INTERNAL
  -- Performing Test HAVE_ATTRIBUTE_VISIBILITY_INTERNAL - Success
  -- Performing Test HAVE_ATTRIBUTE_ALIGNED
  -- Performing Test HAVE_ATTRIBUTE_ALIGNED - Success
  -- Performing Test HAVE_BUILTIN_CTZ
  -- Performing Test HAVE_BUILTIN_CTZ - Success
  -- Performing Test HAVE_BUILTIN_CTZLL
  -- Performing Test HAVE_BUILTIN_CTZLL - Success
  -- Performing Test HAVE_PTRDIFF_T
  -- Performing Test HAVE_PTRDIFF_T - Success
  -- Performing Test HAVE_XSAVE_INTRIN
  cd ./3rd_party/libdeflate && cmake  -DCMAKE_CXX_COMPILER=g++ -DCMAKE_C_COMPILER=cc -DLIBDEFLATE_BUILD_SHARED_LIB=OFF -DLIBDEFLATE_BUILD_GZIP=OFF -B build && cmake --build build
  -- No build type selected; defaulting to Release
  -- Performing Test HAVE_XSAVE_INTRIN - Success
  -- Performing Test HAVE_SSE2_INTRIN
  -- The C compiler identification is GNU 13.3.0
  -- Detecting C compiler ABI info
  -- Detecting C compiler ABI info - done
  -- Check for working C compiler: /usr/bin/cc - skipped
  -- Detecting C compile features
  -- Detecting C compile features - done
  -- Performing Test HAVE_WDECLARATION_AFTER_STATEMENT
  -- Performing Test HAVE_WDECLARATION_AFTER_STATEMENT - Success
  -- Performing Test HAVE_WIMPLICIT_FALLTHROUGH
  -- Performing Test HAVE_SSE2_INTRIN - Success
  -- Performing Test HAVE_SSSE3_INTRIN
  -- Performing Test HAVE_WIMPLICIT_FALLTHROUGH - Success
  -- Performing Test HAVE_WMISSING_FIELD_INITIALIZERS
  -- Performing Test HAVE_WMISSING_FIELD_INITIALIZERS - Success
  -- Performing Test HAVE_WMISSING_PROTOTYPES
  -- Performing Test HAVE_WMISSING_PROTOTYPES - Success
  -- Performing Test HAVE_WPEDANTIC
  -- Performing Test HAVE_WPEDANTIC - Success
  -- Performing Test HAVE_WSHADOW
  -- Performing Test HAVE_SSSE3_INTRIN - Success
  -- Performing Test HAVE_SSE42_INTRIN
  -- Performing Test HAVE_WSHADOW - Success
  -- Performing Test HAVE_WSTRICT_PROTOTYPES
  -- Performing Test HAVE_SSE42_INTRIN - Success
  -- Performing Test HAVE_PCLMULQDQ_INTRIN
  -- Performing Test HAVE_WSTRICT_PROTOTYPES - Success
  -- Performing Test HAVE_WUNDEF
  -- Performing Test HAVE_WUNDEF - Success
  -- Performing Test HAVE_WVLA
  -- Performing Test HAVE_WVLA - Success
  -- Configuring done (1.2s)
  -- Generating done (0.0s)
  -- Build files have been written to: /tmp/sxgc-laneV-install-package-build-04/release/build/xsa-2dfcfb6cbbc0de33/out/stages-cx97xbt3/deps/agc/3rd_party/libdeflate/build
  gmake[1]: Entering directory '/tmp/sxgc-laneV-install-package-build-04/release/build/xsa-2dfcfb6cbbc0de33/out/stages-cx97xbt3/deps/agc/3rd_party/libdeflate/build'
  -- Performing Test HAVE_PCLMULQDQ_INTRIN - Success
  -- Performing Test HAVE_AVX2_INTRIN
  gmake[2]: Entering directory '/tmp/sxgc-laneV-install-package-build-04/release/build/xsa-2dfcfb6cbbc0de33/out/stages-cx97xbt3/deps/agc/3rd_party/libdeflate/build'
  gmake[3]: Entering directory '/tmp/sxgc-laneV-install-package-build-04/release/build/xsa-2dfcfb6cbbc0de33/out/stages-cx97xbt3/deps/agc/3rd_party/libdeflate/build'
  gmake[3]: Leaving directory '/tmp/sxgc-laneV-install-package-build-04/release/build/xsa-2dfcfb6cbbc0de33/out/stages-cx97xbt3/deps/agc/3rd_party/libdeflate/build'
  gmake[3]: Entering directory '/tmp/sxgc-laneV-install-package-build-04/release/build/xsa-2dfcfb6cbbc0de33/out/stages-cx97xbt3/deps/agc/3rd_party/libdeflate/build'
  [  8%] Building C object CMakeFiles/libdeflate_static.dir/lib/arm/cpu_features.c.o
  [ 16%] Building C object CMakeFiles/libdeflate_static.dir/lib/utils.c.o
  [ 25%] Building C object CMakeFiles/libdeflate_static.dir/lib/x86/cpu_features.c.o
  [ 33%] Building C object CMakeFiles/libdeflate_static.dir/lib/deflate_compress.c.o
  -- Performing Test HAVE_AVX2_INTRIN - Success
  -- Performing Test HAVE_CASCADE_LAKE
  -- Performing Test HAVE_CASCADE_LAKE - Success
  -- Performing Test HAVE_AVX512_INTRIN
  -- Performing Test HAVE_AVX512_INTRIN - Success
  -- Performing Test HAVE_AVX512VNNI_INTRIN
  -- Performing Test HAVE_AVX512VNNI_INTRIN - Success
  -- Performing Test HAVE_VPCLMULQDQ_INTRIN
  -- Performing Test HAVE_VPCLMULQDQ_INTRIN - Success
  -- Architecture-specific source files: arch/x86/x86_features.c;arch/x86/chunkset_sse2.c;arch/x86/compare256_sse2.c;arch/x86/slide_hash_sse2.c;arch/x86/adler32_ssse3.c;arch/x86/chunkset_ssse3.c;arch/x86/adler32_sse42.c;arch/x86/crc32_pclmulqdq.c;arch/x86/slide_hash_avx2.c;arch/x86/chunkset_avx2.c;arch/x86/compare256_avx2.c;arch/x86/adler32_avx2.c;arch/x86/adler32_avx512.c;arch/x86/adler32_avx512_vnni.c;arch/x86/crc32_vpclmulqdq.c
  -- The following features have been enabled:

   * CMAKE_BUILD_TYPE, Build type: Release (default)
   * XSAVE, Support XSAVE intrinsics using "-mxsave"
   * SSSE3_ADLER32, Support SSSE3-accelerated adler32, using "-mssse3"
   * SSE42_CRC, Support SSE4.2 optimized adler32 hash generation, using "-msse4.2"
   * PCLMUL_CRC, Support CRC hash generation using PCLMULQDQ, using "-msse4.2 -mpclmul"
   * AVX2_SLIDEHASH, Support AVX2 optimized slide_hash, using "-mavx2"
   * AVX2_CHUNKSET, Support AVX2 optimized chunkset, using "-mavx2"
   * AVX2_COMPARE256, Support AVX2 optimized compare256, using "-mavx2"
   * AVX2_ADLER32, Support AVX2-accelerated adler32, using "-mavx2"
   * AVX512_ADLER32, Support AVX512-accelerated adler32, using "-mavx512f -mavx512dq -mavx512bw -mavx512vl -mtune=cascadelake"
   * AVX512VNNI_ADLER32, Support AVX512VNNI adler32, using "-mavx512f -mavx512dq -mavx512bw -mavx512vl -mavx512vnni -mtune=cascadelake"
   * VPCLMUL_CRC, Support CRC hash generation using VPCLMULQDQ, using "-mpclmul -mvpclmulqdq -mavx512f -mavx512f -mavx512dq -mavx512bw -mavx512vl -mtune=cascadelake"
   * WITH_GZFILEOP, Compile with support for gzFile related functions
   * ZLIB_COMPAT, Compile with zlib compatible API
   * ZLIB_ENABLE_TESTS, Build test binaries
   * ZLIBNG_ENABLE_TESTS, Test zlib-ng specific API
   * WITH_SANITIZER, Enable sanitizer support
   * WITH_GTEST, Build gtest_zlib
   * WITH_OPTIM, Build with optimisation
   * WITH_NEW_STRATEGIES, Use new strategies
   * WITH_AVX2, Build with AVX2
   * WITH_AVX512, Build with AVX512
   * WITH_AVX512VNNI, Build with AVX512 VNNI
   * WITH_SSE2, Build with SSE2
   * WITH_SSSE3, Build with SSSE3
   * WITH_SSE42, Build with SSE42
   * WITH_PCLMULQDQ, Build with PCLMULQDQ
   * WITH_VPCLMULQDQ, Build with VPCLMULQDQ

  -- The following features have been disabled:

   * ZLIB_SYMBOL_PREFIX, Publicly exported symbols DO NOT have a custom prefix
   * WITH_FUZZERS, Build test/fuzz
   * WITH_BENCHMARKS, Build test/benchmarks
   * WITH_BENCHMARK_APPS, Build application benchmarks
   * WITH_NATIVE_INSTRUCTIONS, Instruct the compiler to use the full instruction set on this host (gcc/clang -march=native)
   * WITH_MAINTAINER_WARNINGS, Build with project maintainer warnings
   * WITH_CODE_COVERAGE, Enable code coverage reporting
   * WITH_INFLATE_STRICT, Build with strict inflate distance checking
   * WITH_INFLATE_ALLOW_INVALID_DIST, Build with zero fill for inflate invalid distances
   * INSTALL_UTILS, Copy minigzip and minideflate during install

  -- Configuring incomplete, errors occurred!
  [ 41%] Building C object CMakeFiles/libdeflate_static.dir/lib/deflate_decompress.c.o
  gmake[1]: Entering directory '/tmp/sxgc-laneV-install-package-build-04/release/build/xsa-2dfcfb6cbbc0de33/out/stages-cx97xbt3/deps/agc/3rd_party/zlib-ng/build-g++/zlib-ng'
  gmake[1]: Leaving directory '/tmp/sxgc-laneV-install-package-build-04/release/build/xsa-2dfcfb6cbbc0de33/out/stages-cx97xbt3/deps/agc/3rd_party/zlib-ng/build-g++/zlib-ng'
  [ 50%] Building C object CMakeFiles/libdeflate_static.dir/lib/adler32.c.o
  [ 58%] Building C object CMakeFiles/libdeflate_static.dir/lib/zlib_compress.c.o
  [ 66%] Building C object CMakeFiles/libdeflate_static.dir/lib/zlib_decompress.c.o
  [ 75%] Building C object CMakeFiles/libdeflate_static.dir/lib/crc32.c.o
  [ 83%] Building C object CMakeFiles/libdeflate_static.dir/lib/gzip_compress.c.o
  [ 91%] Building C object CMakeFiles/libdeflate_static.dir/lib/gzip_decompress.c.o
  [100%] Linking C static library libdeflate.a
  gmake[3]: Leaving directory '/tmp/sxgc-laneV-install-package-build-04/release/build/xsa-2dfcfb6cbbc0de33/out/stages-cx97xbt3/deps/agc/3rd_party/libdeflate/build'
  [100%] Built target libdeflate_static
  gmake[2]: Leaving directory '/tmp/sxgc-laneV-install-package-build-04/release/build/xsa-2dfcfb6cbbc0de33/out/stages-cx97xbt3/deps/agc/3rd_party/libdeflate/build'
  gmake[1]: Leaving directory '/tmp/sxgc-laneV-install-package-build-04/release/build/xsa-2dfcfb6cbbc0de33/out/stages-cx97xbt3/deps/agc/3rd_party/libdeflate/build'
  make: Leaving directory '/tmp/sxgc-laneV-install-package-build-04/release/build/xsa-2dfcfb6cbbc0de33/out/stages-cx97xbt3/deps/agc'

  --- stderr
  fatal: not a git repository (or any of the parent directories): .git
  In file included from ./3rd_party/mimalloc/src/static.c:24:
  ./3rd_party/mimalloc/src/alloc-aligned.c:162:14: warning: ‘_mi_heap_malloc_aligned’ defined but not used [-Wunused-variable]
    162 | static void* _mi_heap_malloc_aligned = (void*)&mi_heap_malloc_aligned;
        |              ^~~~~~~~~~~~~~~~~~~~~~~
  CMake Warning:
    Manually-specified variables were not used by the project:

      CMAKE_CXX_COMPILER


  gmake[1]: warning: jobserver unavailable: using -j1.  Add '+' to parent make rule.
  CMake Error at CMakeLists.txt:1293 (add_subdirectory):
    The source directory

      /tmp/sxgc-laneV-install-package-build-04/release/build/xsa-2dfcfb6cbbc0de33/out/stages-cx97xbt3/deps/agc/3rd_party/zlib-ng/test

    does not contain a CMakeLists.txt file.


  gmake[1]: warning: jobserver unavailable: using -j1.  Add '+' to parent make rule.
  gmake[1]: Makefile: No such file or directory
  gmake[1]: *** No rule to make target 'Makefile'.  Stop.
  make: *** [makefile:19: 3rd_party/zlib-ng/build-g++/zlib-ng/libz.a] Error 2
  make: *** Waiting for unfinished jobs....
  Traceback (most recent call last):
    File "/tmp/sxgc-laneV-unpacked-04/xsa-0.1.0/build_tools.py", line 57, in <module>
      run('make', '-C', deps/'agc', '-j', jobs, 'libagc', env=env)
    File "/tmp/sxgc-laneV-unpacked-04/xsa-0.1.0/build_tools.py", line 22, in run
      subprocess.run(list(map(str, args)), cwd=cwd, env=env, check=True)
    File "/usr/lib/python3.12/subprocess.py", line 571, in run
      raise CalledProcessError(retcode, process.args,
  subprocess.CalledProcessError: Command '['make', '-C', '/tmp/sxgc-laneV-install-package-build-04/release/build/xsa-2dfcfb6cbbc0de33/out/stages-cx97xbt3/deps/agc', '-j', '2', 'libagc']' returned non-zero exit status 2.

  thread 'main' (4022948) panicked at build.rs:17:5:
  xsa native stage build failed; inspect Cargo build output
  note: run with `RUST_BACKTRACE=1` environment variable to display a backtrace
error: failed to compile `xsa v0.1.0 (/tmp/sxgc-laneV-unpacked-04/xsa-0.1.0)`, intermediate artifacts can be found at `/tmp/sxgc-laneV-install-package-build-04`.
To reuse those artifacts with a future compilation, set the environment variable `CARGO_BUILD_BUILD_DIR` to that path.
