[2026-10-05 03:30:59.176] [info] Using 8 bytes for computing SA of the dictionary
[2026-10-05 03:30:59.177] [info] Using 2 bytes for storing SA of the dictionary
[2026-10-05 03:30:59.177] [info] Elapsed time (s): 0.000598521
[2026-10-05 03:30:59.177] [info] Using 1 bytes for DA of the dictionary
[2026-10-05 03:30:59.177] [info] Elapsed time (s): 5.963e-05
[2026-10-05 03:30:59.177] [info] Using 2 bytes for ISA of the dictionary
[2026-10-05 03:30:59.177] [info] Elapsed time (s): 5.18e-05
[2026-10-05 03:30:59.177] [info] Using 2 bytes for LCP of the dictionary
[2026-10-05 03:30:59.177] [info] Elapsed time (s): 0.00011059
[2026-10-05 03:30:59.177] [info] Using 1 bytes for colex id and inverse colex id array of the dictionary
[2026-10-05 03:30:59.177] [info] Elapsed time (s): 3.3521e-05
[2026-10-05 03:30:59.177] [info] Using 8 bytes for computing SA of the dictionary
[2026-10-05 03:30:59.177] [info] Using 1 bytes for storing SA of the dictionary
[2026-10-05 03:30:59.177] [info] Elapsed time (s): 2.096e-05
[2026-10-05 03:30:59.177] [info] Using 1 bytes for DA of the dictionary
[2026-10-05 03:30:59.177] [info] Elapsed time (s): 4.2e-06
[2026-10-05 03:30:59.177] [info] Using 1 bytes for ISA of the dictionary
[2026-10-05 03:30:59.177] [info] Elapsed time (s): 3.33e-06
[2026-10-05 03:30:59.177] [info] Using 1 bytes for LCP of the dictionary
[2026-10-05 03:30:59.177] [info] Elapsed time (s): 4.36e-06
[2026-10-05 03:30:59.177] [info] Computing RMQ over LCP of dictionary
[2026-10-05 03:30:59.177] [info] Elapsed time (s): 9.23e-06
[2026-10-05 03:30:59.177] [info] Using 1 bytes for colex DA of the dictionary
[2026-10-05 03:30:59.177] [info] Using 1 bytes for colex id and inverse colex id array of the dictionary
[2026-10-05 03:30:59.177] [info] Elapsed time (s): 2.277e-05
[2026-10-05 03:30:59.177] [info] Using 8 bytes for computing SA of the parsing
[2026-10-05 03:30:59.177] [info] Using 1 bytes for storing SA of the parsing
[2026-10-05 03:30:59.177] [info] Elapsed time (s): 9.29e-06
[2026-10-05 03:30:59.177] [info] Computing b_p
[2026-10-05 03:30:59.177] [info] Computing b_bwt and M of the parsing
[2026-10-05 03:30:59.177] [info] Computing inverted list of BWT(P)
[2026-10-05 03:30:59.177] [info] Using 1 bytes for storing the inverted list of the BWT of the parse
[2026-10-05 03:30:59.177] [info] Precomputing d lengths
[2026-10-05 03:30:59.177] [info] Precomputing d lengths
[2026-10-05 03:30:59.177] [info] Creating v table
[2026-10-05 03:30:59.177] [info] Creating E arrays
[2026-10-05 03:30:59.177] [info] Computing chunks for parallel execution. Total input size: 9019. Requested chunks: 1
[2026-10-05 03:30:59.179] [info] BWT ranges divided in 1 chunks.
[2026-10-05 03:30:59.182] [info] Chunk 1/1 completed
[2026-10-05 03:30:59.182] [info] Completed rle string merge
[2026-10-05 03:30:59.188] [info] Processed: 2911 Skipped: 0
[2026-10-05 03:30:59.188] [info] Chunk 1/1 completed
[2026-10-05 03:30:59.188] [info] Writing out sa values at run heads
[2026-10-05 03:30:59.188] [info] Done
