PFP_TERMINAL byte=0x0a source=padding-row raw_n=3540 raw_r=425
CYCLIC_SEAM_REPAIR terminal=0x0a predecessors_before_zero=18
SLIM_PHASE ext-totals wall=0.014 cumulative=NA peak_rss_kib=26624
SLIM_PHASE ext-record+seed-chunks wall=0.000 cumulative=NA peak_rss_kib=26624
SLIM_PHASE ext-seeds-tail-merge wall=0.001 cumulative=NA peak_rss_kib=28672
SLIM_EXT_BUILT R=425 textLen=3530 rows=3540 records=10200 seeds=6800 seeds_t=6800 coarse=7 coarse_stride=64 work_prefix=/tmp/extcols/g0b3/nl-multi/fresh.ri4
SLIM_PHASE ext-build-total wall=0.016 cumulative=NA peak_rss_kib=NA
SLIM_PHASE parse-free-ext-ready wall=0.000 cumulative=0.018 peak_rss_kib=28672
SLIM_STRING_ENDS count=1 bytes=8 from_parse_dict=0 cyclic=1
SLIM_PHASE parse-free-walk wall=0.005 cumulative=0.023 peak_rss_kib=28672
SLIM_PHASE parse-free-fingerprints wall=0.000 cumulative=0.023 peak_rss_kib=28672
SLIM_PF_SELF_CHECK checks=256 passed=1
SLIM_PHASE parse-free-self-check wall=0.000 cumulative=0.023 peak_rss_kib=28672
SLIM_PARSE_FREE_STRUCT mode=walk n=3540 text_len=3530 rows=3540 tau=67 checkpoints=53 checkpoint_bytes=424 sidecar_bytes=3530 seeds=425 emissions=3530 cyclic=1 work_limit=100000000 no_SA_ISA_LCP_RMQ=1 no_M_b_bwt_w_wt=1 no_parse_dict=1 no_phrase_ids=1 corpus_reads=0
CYCLIC_SEAM_LCE_POLICY parse_free=1 probe_limit=67 max_verification=67108864 total_limit=100000000 cost=byte_comparisons_plus_hash_probes_plus_verified_bytes fraction=16n floor=100000000 exact=1 no_parse_dict=1
CYCLIC_SEAM_REPAIRED classes=2 rows=63 discovery_steps=3 limit=1000 phi_samples=425
CYCLIC_SEAM_WORK max_seam_lce=801 total_work=28371 total_limit=100000000 exact=1
SLIM_FP parse-free-text tau=67 bytes=424 queries=290 verified_symbols=17617 hash_probes=1754 mean_verified=60.748275862 max_verified=801 max_requested_lce=800 verification_work=20854 hash_probe_charges=7517 suffix_symbol_reads=247840 total_work=28371 total_limit=100000000 verification_limit=3530 probe_limit=67
SLIM_PARSE_FREE mode=walk text_len=3530 rows=3540 sidecar_bytes=3530 tau=67 checkpoint_bytes=424 seeds=425 emissions=3530 cyclic=1 string_ends=1 work_used=28371 work_limit=100000000 sidecar_owned=1 corpus_reads=0
ENDPOINT_PASS raw_n=3540 raw_r=425 n=3530 k=60 r=421 padding_rows=10 cyclic_seam_certified=0
