SLIM_EXT_RI n=9009 k_raw=4 R=5870 a=5870B l=23480B samples=82180bits saW=14 head_col=/tmp/extcols/g0b3/nl-long/fresh.head_sa@0 container=0
ri4: n=9009 k=4 R=5870 (external columns, cyclic=0)
SLIM_PHASE ri4-ext-load wall=0.003 cumulative=0.003 peak_rss_kib=14336
SLIM_EXT_WORK prefix=/tmp/extcols/g0b3/nl-long/free.default.agg records=140880B seeds=93920B coarse=736B
SLIM_PHASE ext-totals wall=0.014 cumulative=NA peak_rss_kib=27384
SLIM_PHASE ext-record+seed-chunks wall=0.001 cumulative=NA peak_rss_kib=27384
SLIM_EXT_BUILT R=5870 textLen=9009 rows=9009 records=140880 seeds=93920 seeds_t=0 coarse=92 coarse_stride=64 work_prefix=/tmp/extcols/g0b3/nl-long/free.default.agg
SLIM_PHASE ext-build-total wall=0.016 cumulative=NA peak_rss_kib=NA
SLIM_PHASE parse-free-ext-ready wall=0.000 cumulative=0.021 peak_rss_kib=29432
SLIM_STRING_ENDS count=4 bytes=48 from_parse_dict=0 cyclic=0
SLIM_PHASE parse-free-walk wall=0.020 cumulative=0.041 peak_rss_kib=29432
SLIM_PHASE parse-free-fingerprints wall=0.000 cumulative=0.041 peak_rss_kib=29432
SLIM_PF_SELF_CHECK checks=256 passed=1
SLIM_PHASE parse-free-self-check wall=0.000 cumulative=0.042 peak_rss_kib=29432
SLIM_PARSE_FREE_STRUCT mode=walk n=9019 text_len=9009 rows=9009 tau=13 checkpoints=694 checkpoint_bytes=5552 sidecar_bytes=9009 seeds=5870 emissions=9009 cyclic=0 work_limit=1000000000 no_SA_ISA_LCP_RMQ=1 no_M_b_bwt_w_wt=1 no_parse_dict=1 no_phrase_ids=1 corpus_reads=0
SLIM_PHASE lce-build-total wall=0.039 cumulative=0.042 peak_rss_kib=29432
SLIM_PROGRESS runs=5870/5870 resolve_wall=0.002 lce_wall=0.024 write_wall=0.000 lf_steps=0 cache_hits=0
SLIM_PHASE query-chunks wall=0.027 cumulative=0.068 peak_rss_kib=29432
SLIM_PHASE queries+stream-write-final wall=0.000 cumulative=0.068 peak_rss_kib=29432
SLIM_FP parse-free-text tau=13 bytes=5552 queries=8865 verified_symbols=4306142 hash_probes=19717 mean_verified=485.746418500 max_verified=3000 max_requested_lce=3000 verification_work=4343278 hash_probe_charges=79379 suffix_symbol_reads=463677 total_work=4422657 total_limit=1000000000 verification_limit=9009 probe_limit=13
SLIM_PARSE_FREE mode=walk text_len=9009 rows=9009 sidecar_bytes=9009 tau=13 checkpoint_bytes=5552 seeds=5870 emissions=9009 cyclic=0 string_ends=4 work_used=4422657 work_limit=1000000000 sidecar_owned=1 corpus_reads=0
SLIM_QUERY_PHASE resolve_wall=0.001919 resolve_peak_kib=29432 lce_wall=0.023602 lce_peak_kib=29432 write_wall=0.000160 write_peak_kib=29432
SLIM_SEEDS queries=5 mean_verified_symbols=861228.400000000 max_verified_symbols=3000 (includes_zero_parse_work_seeds; boundary_included)
SLIM_RESOLVE walks=0 steps=0 max=0 anchor=0 failed=0 cache_hits=0
SLIM_BOUNDARY_RESOLVE head_direct=5870 tail_direct=8870 head_lf_steps=0
SLIM_PF_KEEP_TEXT sidecar=/tmp/extcols/g0b3/nl-long/free.default.agg.pftext retained
SLIM_PF_KEEP_TEXT ckpt=/tmp/extcols/g0b3/nl-long/free.default.agg.pfck retained
