[2026-10-05 03:30:59.161] [info] Current Configuration:
; PFP++

; Text file to parse.
text="/tmp/extcols/g0b3/nl-long.txt"

; Read -t as AGC: archive order, uppercase reversed contigs, 0x1e separators.
agc=false

; Output prefix.
out-prefix="/tmp/extcols/g0b3/nl-long/frag"

; Sliding window size.
window-size=10

; Modulo used during parsing.
modulo=100

; Number of threads.
threads=8

; Temporary files directory.
tmp-dir="/tmp/extcols/g0b3/nl-long/pfptmp"

; Also output compressed the dictionary.
compress-dictionary=false

; Use reference parse to avoid re-parsing.
use-vcf-acceleration=false

; Print out csv containing stats.
print-statistics=false

; Output count for each dictionary phrase.
output-occurrences=false

; Output sai array.
output-sai=false

; Output last array.
output-last=false

; Convert all non ACGT characters from a VCF or FASTA file to N.
acgt-only=false

; Verbose output.
verbose=false

; Version number.
version=false

[2026-10-05 03:30:59.161] [info] Parsing /tmp/extcols/g0b3/nl-long.txt
[2026-10-05 03:30:59.161] [info] Main parser: Replacing hash values with ranks.
[2026-10-05 03:30:59.161] [info] Main parser: writing dictionary on disk NOT COMPRESSED
[2026-10-05 03:30:59.161] [info] No properties requested.
[2026-10-05 03:30:59.161] [info] Main parser: closed
[2026-10-05 03:30:59.161] [info] Parser Text -	Parse size: 80	Dic Size: 57 Dic Total Length: 6673
[Disk Write (bytes): 7691]
