SLIM_EXT_RI n=9604 k_raw=1 R=7285 a=7285B l=29140B samples=101990bits saW=14 head_col=/tmp/extcols/g0b3/rand4/fresh.head_sa@0 container=0
ri4: n=9604 k=1 R=7285 (external columns, cyclic=1)
SLIM_PHASE ri4-ext-load wall=0.003 cumulative=0.003 peak_rss_kib=14336
SLIM_EXT_WORK prefix=/tmp/extcols/g0b3/rand4/free.default.agg records=174840B seeds=116560B coarse=912B
SLIM_PHASE ext-totals wall=0.014 cumulative=NA peak_rss_kib=27384
SLIM_PHASE ext-record+seed-chunks wall=0.001 cumulative=NA peak_rss_kib=27384
SLIM_EXT_BUILT R=7285 textLen=9604 rows=9604 records=174840 seeds=116560 seeds_t=0 coarse=114 coarse_stride=64 work_prefix=/tmp/extcols/g0b3/rand4/free.default.agg
SLIM_PHASE ext-build-total wall=0.016 cumulative=NA peak_rss_kib=NA
SLIM_PHASE parse-free-ext-ready wall=0.000 cumulative=0.020 peak_rss_kib=29432
SLIM_STRING_ENDS count=1 bytes=8 from_parse_dict=0 cyclic=1
SLIM_PHASE parse-free-walk wall=0.022 cumulative=0.042 peak_rss_kib=29432
SLIM_PHASE parse-free-fingerprints wall=0.000 cumulative=0.042 peak_rss_kib=29432
SLIM_PF_SELF_CHECK checks=256 passed=1
SLIM_PHASE parse-free-self-check wall=0.000 cumulative=0.043 peak_rss_kib=29432
SLIM_PARSE_FREE_STRUCT mode=walk n=9614 text_len=9604 rows=9604 tau=11 checkpoints=874 checkpoint_bytes=6992 sidecar_bytes=9604 seeds=7285 emissions=9604 cyclic=1 work_limit=1000000000 no_SA_ISA_LCP_RMQ=1 no_M_b_bwt_w_wt=1 no_parse_dict=1 no_phrase_ids=1 corpus_reads=0
SLIM_PHASE lce-build-total wall=0.040 cumulative=0.043 peak_rss_kib=29432
SLIM_PROGRESS runs=7285/7285 resolve_wall=0.002 lce_wall=0.003 write_wall=0.000 lf_steps=0 cache_hits=0
SLIM_PHASE query-chunks wall=0.005 cumulative=0.048 peak_rss_kib=29432
SLIM_PHASE queries+stream-write-final wall=0.000 cumulative=0.048 peak_rss_kib=29432
SLIM_FP parse-free-text tau=11 bytes=6992 queries=9024 verified_symbols=60775 hash_probes=28 mean_verified=6.734818262 max_verified=12 max_requested_lce=11 verification_work=60855 hash_probe_charges=623 suffix_symbol_reads=3047 total_work=61478 total_limit=1000000000 verification_limit=9604 probe_limit=11
SLIM_PARSE_FREE mode=walk text_len=9604 rows=9604 sidecar_bytes=9604 tau=11 checkpoint_bytes=6992 seeds=7285 emissions=9604 cyclic=1 string_ends=1 work_used=61478 work_limit=1000000000 sidecar_owned=1 corpus_reads=0
SLIM_QUERY_PHASE resolve_wall=0.001705 resolve_peak_kib=29432 lce_wall=0.002693 lce_peak_kib=29432 write_wall=0.000183 write_peak_kib=29432
SLIM_SEEDS queries=0 mean_verified_symbols=0.000000000 max_verified_symbols=12 (includes_zero_parse_work_seeds; boundary_included)
SLIM_RESOLVE walks=0 steps=0 max=0 anchor=0 failed=0 cache_hits=0
SLIM_BOUNDARY_RESOLVE head_direct=7285 tail_direct=9022 head_lf_steps=0
SLIM_PF_KEEP_TEXT sidecar=/tmp/extcols/g0b3/rand4/free.default.agg.pftext retained
SLIM_PF_KEEP_TEXT ckpt=/tmp/extcols/g0b3/rand4/free.default.agg.pfck retained
