SLIM_EXT_RI n=8884 k_raw=1 R=140 a=140B l=560B samples=1960bits saW=14 head_col=/tmp/extcols/g0b3/satellite/fresh.head_sa@0 container=0
ri4: n=8884 k=1 R=140 (external columns, cyclic=1)
SLIM_PHASE ri4-ext-load wall=0.003 cumulative=0.003 peak_rss_kib=14336
SLIM_EXT_WORK prefix=/tmp/extcols/g0b3/satellite/free.tau2.agg records=3360B seeds=2240B coarse=24B
SLIM_PHASE ext-totals wall=0.014 cumulative=NA peak_rss_kib=27372
SLIM_PHASE ext-record+seed-chunks wall=0.000 cumulative=NA peak_rss_kib=27372
SLIM_EXT_BUILT R=140 textLen=8884 rows=8884 records=3360 seeds=2240 seeds_t=0 coarse=3 coarse_stride=64 work_prefix=/tmp/extcols/g0b3/satellite/free.tau2.agg
SLIM_PHASE ext-build-total wall=0.015 cumulative=NA peak_rss_kib=NA
SLIM_PHASE parse-free-ext-ready wall=0.000 cumulative=0.020 peak_rss_kib=29420
SLIM_STRING_ENDS count=1 bytes=8 from_parse_dict=0 cyclic=1
SLIM_PHASE parse-free-walk wall=0.008 cumulative=0.027 peak_rss_kib=29420
SLIM_PHASE parse-free-fingerprints wall=0.000 cumulative=0.027 peak_rss_kib=29420
SLIM_PF_SELF_CHECK checks=256 passed=1
SLIM_PHASE parse-free-self-check wall=0.000 cumulative=0.028 peak_rss_kib=29420
SLIM_PARSE_FREE_STRUCT mode=walk n=8894 text_len=8884 rows=8884 tau=2 checkpoints=4443 checkpoint_bytes=35544 sidecar_bytes=8884 seeds=140 emissions=8884 cyclic=1 work_limit=1000000000 no_SA_ISA_LCP_RMQ=1 no_M_b_bwt_w_wt=1 no_parse_dict=1 no_phrase_ids=1 corpus_reads=0
SLIM_PHASE lce-build-total wall=0.025 cumulative=0.028 peak_rss_kib=29420
SLIM_PROGRESS runs=140/140 resolve_wall=0.002 lce_wall=0.002 write_wall=0.000 lf_steps=0 cache_hits=0
SLIM_PHASE query-chunks wall=0.005 cumulative=0.033 peak_rss_kib=29420
SLIM_PHASE queries+stream-write-final wall=0.000 cumulative=0.033 peak_rss_kib=29420
SLIM_FP parse-free-text tau=2 bytes=35544 queries=270 verified_symbols=13784 hash_probes=1063 mean_verified=51.051851852 max_verified=1801 max_requested_lce=1800 verification_work=14086 hash_probe_charges=4757 suffix_symbol_reads=2338 total_work=18843 total_limit=1000000000 verification_limit=8884 probe_limit=2
SLIM_PARSE_FREE mode=walk text_len=8884 rows=8884 sidecar_bytes=8884 tau=2 checkpoint_bytes=35544 seeds=140 emissions=8884 cyclic=1 string_ends=1 work_used=18843 work_limit=1000000000 sidecar_owned=1 corpus_reads=0
SLIM_QUERY_PHASE resolve_wall=0.001938 resolve_peak_kib=29420 lce_wall=0.001975 lce_peak_kib=29420 write_wall=0.000026 write_peak_kib=29420
SLIM_SEEDS queries=0 mean_verified_symbols=0.000000000 max_verified_symbols=1801 (includes_zero_parse_work_seeds; boundary_included)
SLIM_RESOLVE walks=0 steps=0 max=0 anchor=0 failed=0 cache_hits=0
SLIM_BOUNDARY_RESOLVE head_direct=140 tail_direct=268 head_lf_steps=0
SLIM_PF_KEEP_TEXT sidecar=/tmp/extcols/g0b3/satellite/free.tau2.agg.pftext retained
SLIM_PF_KEEP_TEXT ckpt=/tmp/extcols/g0b3/satellite/free.tau2.agg.pfck retained
