[2026-09-28 17:56:36.404] [info] Using 8 bytes for computing SA of the dictionary
[2026-09-28 17:56:36.417] [info] Using 3 bytes for storing SA of the dictionary
[2026-09-28 17:56:36.418] [info] Elapsed time (s): 0.014502891
[2026-09-28 17:56:36.418] [info] Using 2 bytes for DA of the dictionary
[2026-09-28 17:56:36.421] [info] Elapsed time (s): 0.002956334
[2026-09-28 17:56:36.421] [info] Using 3 bytes for ISA of the dictionary
[2026-09-28 17:56:36.425] [info] Elapsed time (s): 0.003350625
[2026-09-28 17:56:36.425] [info] Using 2 bytes for LCP of the dictionary
[2026-09-28 17:56:36.430] [info] Elapsed time (s): 0.004828677
[2026-09-28 17:56:36.430] [info] Using 2 bytes for colex id and inverse colex id array of the dictionary
[2026-09-28 17:56:36.431] [info] Elapsed time (s): 0.001634952
[2026-09-28 17:56:36.431] [info] Using 8 bytes for computing SA of the dictionary
[2026-09-28 17:56:36.432] [info] Using 2 bytes for storing SA of the dictionary
[2026-09-28 17:56:36.432] [info] Elapsed time (s): 0.00053324
[2026-09-28 17:56:36.432] [info] Using 2 bytes for DA of the dictionary
[2026-09-28 17:56:36.432] [info] Elapsed time (s): 6.917e-05
[2026-09-28 17:56:36.432] [info] Using 2 bytes for ISA of the dictionary
[2026-09-28 17:56:36.432] [info] Elapsed time (s): 5.9791e-05
[2026-09-28 17:56:36.432] [info] Using 1 bytes for LCP of the dictionary
[2026-09-28 17:56:36.432] [info] Elapsed time (s): 0.00010888
[2026-09-28 17:56:36.432] [info] Computing RMQ over LCP of dictionary
[2026-09-28 17:56:36.432] [info] Elapsed time (s): 0.00022229
[2026-09-28 17:56:36.432] [info] Using 2 bytes for colex DA of the dictionary
[2026-09-28 17:56:36.432] [info] Using 2 bytes for colex id and inverse colex id array of the dictionary
[2026-09-28 17:56:36.433] [info] Elapsed time (s): 0.000830331
[2026-09-28 17:56:36.433] [info] Using 8 bytes for computing SA of the parsing
[2026-09-28 17:56:36.433] [info] Using 2 bytes for storing SA of the parsing
[2026-09-28 17:56:36.433] [info] Elapsed time (s): 2.774e-05
[2026-09-28 17:56:36.433] [info] Computing b_p
[2026-09-28 17:56:36.433] [info] Computing b_bwt and M of the parsing
[2026-09-28 17:56:36.434] [info] Computing inverted list of BWT(P)
[2026-09-28 17:56:36.434] [info] Using 2 bytes for storing the inverted list of the BWT of the parse
[2026-09-28 17:56:36.434] [info] Precomputing d lengths
[2026-09-28 17:56:36.435] [info] Precomputing d lengths
[2026-09-28 17:56:36.435] [info] Creating v table
[2026-09-28 17:56:36.435] [info] Creating E arrays
[2026-09-28 17:56:36.435] [info] Computing chunks for parallel execution. Total input size: 600011. Requested chunks: 1
[2026-09-28 17:56:36.443] [info] BWT ranges divided in 1 chunks.
[2026-09-28 17:56:36.465] [info] Chunk 1/1 completed
[2026-09-28 17:56:36.466] [info] Completed rle string merge
[2026-09-28 17:56:36.616] [info] Processed: 314374 Skipped: 121500
[2026-09-28 17:56:36.616] [info] Chunk 1/1 completed
[2026-09-28 17:56:36.616] [info] Writing out sa values at run heads
[2026-09-28 17:56:36.616] [info] Done
