[2026-09-28 17:56:37.216] [info] Using 8 bytes for computing SA of the dictionary
[2026-09-28 17:56:37.217] [info] Using 2 bytes for storing SA of the dictionary
[2026-09-28 17:56:37.217] [info] Elapsed time (s): 0.001665043
[2026-09-28 17:56:37.217] [info] Using 1 bytes for DA of the dictionary
[2026-09-28 17:56:37.217] [info] Elapsed time (s): 0.00019878
[2026-09-28 17:56:37.217] [info] Using 2 bytes for ISA of the dictionary
[2026-09-28 17:56:37.218] [info] Elapsed time (s): 0.00018731
[2026-09-28 17:56:37.218] [info] Using 2 bytes for LCP of the dictionary
[2026-09-28 17:56:37.218] [info] Elapsed time (s): 0.000473391
[2026-09-28 17:56:37.218] [info] Using 1 bytes for colex id and inverse colex id array of the dictionary
[2026-09-28 17:56:37.218] [info] Elapsed time (s): 0.00014015
[2026-09-28 17:56:37.218] [info] Using 8 bytes for computing SA of the dictionary
[2026-09-28 17:56:37.218] [info] Using 2 bytes for storing SA of the dictionary
[2026-09-28 17:56:37.218] [info] Elapsed time (s): 3.362e-05
[2026-09-28 17:56:37.218] [info] Using 1 bytes for DA of the dictionary
[2026-09-28 17:56:37.218] [info] Elapsed time (s): 4.91e-06
[2026-09-28 17:56:37.218] [info] Using 2 bytes for ISA of the dictionary
[2026-09-28 17:56:37.218] [info] Elapsed time (s): 4.4e-06
[2026-09-28 17:56:37.218] [info] Using 1 bytes for LCP of the dictionary
[2026-09-28 17:56:37.218] [info] Elapsed time (s): 5.44e-06
[2026-09-28 17:56:37.218] [info] Computing RMQ over LCP of dictionary
[2026-09-28 17:56:37.218] [info] Elapsed time (s): 1.475e-05
[2026-09-28 17:56:37.218] [info] Using 1 bytes for colex DA of the dictionary
[2026-09-28 17:56:37.218] [info] Using 1 bytes for colex id and inverse colex id array of the dictionary
[2026-09-28 17:56:37.218] [info] Elapsed time (s): 4.581e-05
[2026-09-28 17:56:37.218] [info] Using 8 bytes for computing SA of the parsing
[2026-09-28 17:56:37.218] [info] Using 1 bytes for storing SA of the parsing
[2026-09-28 17:56:37.218] [info] Elapsed time (s): 7.1e-06
[2026-09-28 17:56:37.218] [info] Computing b_p
[2026-09-28 17:56:37.218] [info] Computing b_bwt and M of the parsing
[2026-09-28 17:56:37.218] [info] Computing inverted list of BWT(P)
[2026-09-28 17:56:37.218] [info] Using 1 bytes for storing the inverted list of the BWT of the parse
[2026-09-28 17:56:37.219] [info] Precomputing d lengths
[2026-09-28 17:56:37.219] [info] Precomputing d lengths
[2026-09-28 17:56:37.219] [info] Creating v table
[2026-09-28 17:56:37.219] [info] Creating E arrays
[2026-09-28 17:56:37.219] [info] Computing chunks for parallel execution. Total input size: 20011. Requested chunks: 1
[2026-09-28 17:56:37.224] [info] BWT ranges divided in 1 chunks.
[2026-09-28 17:56:37.230] [info] Chunk 1/1 completed
[2026-09-28 17:56:37.231] [info] Completed rle string merge
[2026-09-28 17:56:37.247] [info] Processed: 2 Skipped: 0
[2026-09-28 17:56:37.247] [info] Chunk 1/1 completed
[2026-09-28 17:56:37.247] [info] Writing out sa values at run heads
[2026-09-28 17:56:37.248] [info] Done
