[2026-09-28 17:56:38.422] [info] Using 8 bytes for computing SA of the dictionary
[2026-09-28 17:56:38.422] [info] Using 2 bytes for storing SA of the dictionary
[2026-09-28 17:56:38.422] [info] Elapsed time (s): 0.000679751
[2026-09-28 17:56:38.422] [info] Using 1 bytes for DA of the dictionary
[2026-09-28 17:56:38.422] [info] Elapsed time (s): 0.000165321
[2026-09-28 17:56:38.422] [info] Using 2 bytes for ISA of the dictionary
[2026-09-28 17:56:38.422] [info] Elapsed time (s): 0.00010281
[2026-09-28 17:56:38.422] [info] Using 2 bytes for LCP of the dictionary
[2026-09-28 17:56:38.423] [info] Elapsed time (s): 0.00015925
[2026-09-28 17:56:38.423] [info] Using 1 bytes for colex id and inverse colex id array of the dictionary
[2026-09-28 17:56:38.423] [info] Elapsed time (s): 7.524e-05
[2026-09-28 17:56:38.423] [info] Using 8 bytes for computing SA of the dictionary
[2026-09-28 17:56:38.423] [info] Using 1 bytes for storing SA of the dictionary
[2026-09-28 17:56:38.423] [info] Elapsed time (s): 6.15e-06
[2026-09-28 17:56:38.423] [info] Using 1 bytes for DA of the dictionary
[2026-09-28 17:56:38.423] [info] Elapsed time (s): 1.79e-06
[2026-09-28 17:56:38.423] [info] Using 1 bytes for ISA of the dictionary
[2026-09-28 17:56:38.423] [info] Elapsed time (s): 1.63e-06
[2026-09-28 17:56:38.423] [info] Using 1 bytes for LCP of the dictionary
[2026-09-28 17:56:38.423] [info] Elapsed time (s): 1.78e-06
[2026-09-28 17:56:38.423] [info] Computing RMQ over LCP of dictionary
[2026-09-28 17:56:38.423] [info] Elapsed time (s): 5.49e-06
[2026-09-28 17:56:38.423] [info] Using 1 bytes for colex DA of the dictionary
[2026-09-28 17:56:38.423] [info] Using 1 bytes for colex id and inverse colex id array of the dictionary
[2026-09-28 17:56:38.423] [info] Elapsed time (s): 8.46e-06
[2026-09-28 17:56:38.423] [info] Using 8 bytes for computing SA of the parsing
[2026-09-28 17:56:38.423] [info] Using 1 bytes for storing SA of the parsing
[2026-09-28 17:56:38.423] [info] Elapsed time (s): 4.91e-06
[2026-09-28 17:56:38.423] [info] Computing b_p
[2026-09-28 17:56:38.423] [info] Computing b_bwt and M of the parsing
[2026-09-28 17:56:38.423] [info] Computing inverted list of BWT(P)
[2026-09-28 17:56:38.423] [info] Using 1 bytes for storing the inverted list of the BWT of the parse
[2026-09-28 17:56:38.423] [info] Precomputing d lengths
[2026-09-28 17:56:38.423] [info] Precomputing d lengths
[2026-09-28 17:56:38.423] [info] Creating v table
[2026-09-28 17:56:38.423] [info] Creating E arrays
[2026-09-28 17:56:38.423] [info] Computing chunks for parallel execution. Total input size: 18511. Requested chunks: 1
[2026-09-28 17:56:38.441] [info] BWT ranges divided in 1 chunks.
[2026-09-28 17:56:38.460] [info] Chunk 1/1 completed
[2026-09-28 17:56:38.460] [info] Completed rle string merge
[2026-09-28 17:56:38.479] [info] Processed: 0 Skipped: 0
[2026-09-28 17:56:38.479] [info] Chunk 1/1 completed
[2026-09-28 17:56:38.479] [info] Writing out sa values at run heads
[2026-09-28 17:56:38.479] [info] Done
