[2026-09-28 17:52:41.429] [info] Using 8 bytes for computing SA of the dictionary
[2026-09-28 17:52:41.443] [info] Using 3 bytes for storing SA of the dictionary
[2026-09-28 17:52:41.444] [info] Elapsed time (s): 0.015201702
[2026-09-28 17:52:41.445] [info] Using 2 bytes for DA of the dictionary
[2026-09-28 17:52:41.448] [info] Elapsed time (s): 0.002936854
[2026-09-28 17:52:41.448] [info] Using 3 bytes for ISA of the dictionary
[2026-09-28 17:52:41.451] [info] Elapsed time (s): 0.003333435
[2026-09-28 17:52:41.451] [info] Using 2 bytes for LCP of the dictionary
[2026-09-28 17:52:41.456] [info] Elapsed time (s): 0.004822697
[2026-09-28 17:52:41.456] [info] Using 2 bytes for colex id and inverse colex id array of the dictionary
[2026-09-28 17:52:41.458] [info] Elapsed time (s): 0.001754342
[2026-09-28 17:52:41.458] [info] Using 8 bytes for computing SA of the dictionary
[2026-09-28 17:52:41.458] [info] Using 2 bytes for storing SA of the dictionary
[2026-09-28 17:52:41.458] [info] Elapsed time (s): 0.00052486
[2026-09-28 17:52:41.458] [info] Using 2 bytes for DA of the dictionary
[2026-09-28 17:52:41.458] [info] Elapsed time (s): 7.432e-05
[2026-09-28 17:52:41.458] [info] Using 2 bytes for ISA of the dictionary
[2026-09-28 17:52:41.458] [info] Elapsed time (s): 5.9531e-05
[2026-09-28 17:52:41.458] [info] Using 1 bytes for LCP of the dictionary
[2026-09-28 17:52:41.459] [info] Elapsed time (s): 0.00010806
[2026-09-28 17:52:41.459] [info] Computing RMQ over LCP of dictionary
[2026-09-28 17:52:41.459] [info] Elapsed time (s): 0.00023232
[2026-09-28 17:52:41.459] [info] Using 2 bytes for colex DA of the dictionary
[2026-09-28 17:52:41.459] [info] Using 2 bytes for colex id and inverse colex id array of the dictionary
[2026-09-28 17:52:41.460] [info] Elapsed time (s): 0.000828861
[2026-09-28 17:52:41.460] [info] Using 8 bytes for computing SA of the parsing
[2026-09-28 17:52:41.460] [info] Using 2 bytes for storing SA of the parsing
[2026-09-28 17:52:41.460] [info] Elapsed time (s): 3.904e-05
[2026-09-28 17:52:41.460] [info] Computing b_p
[2026-09-28 17:52:41.460] [info] Computing b_bwt and M of the parsing
[2026-09-28 17:52:41.461] [info] Computing inverted list of BWT(P)
[2026-09-28 17:52:41.461] [info] Using 2 bytes for storing the inverted list of the BWT of the parse
[2026-09-28 17:52:41.461] [info] Precomputing d lengths
[2026-09-28 17:52:41.461] [info] Precomputing d lengths
[2026-09-28 17:52:41.461] [info] Creating v table
[2026-09-28 17:52:41.462] [info] Creating E arrays
[2026-09-28 17:52:41.462] [info] Computing chunks for parallel execution. Total input size: 600011. Requested chunks: 1
[2026-09-28 17:52:41.469] [info] BWT ranges divided in 1 chunks.
[2026-09-28 17:52:41.492] [info] Chunk 1/1 completed
[2026-09-28 17:52:41.493] [info] Completed rle string merge
[2026-09-28 17:52:41.642] [info] Processed: 314374 Skipped: 121500
[2026-09-28 17:52:41.642] [info] Chunk 1/1 completed
[2026-09-28 17:52:41.642] [info] Writing out sa values at run heads
[2026-09-28 17:52:41.643] [info] Done
