[2026-09-28 17:52:42.397] [info] Using 8 bytes for computing SA of the dictionary
[2026-09-28 17:52:42.398] [info] Using 2 bytes for storing SA of the dictionary
[2026-09-28 17:52:42.398] [info] Elapsed time (s): 0.001589692
[2026-09-28 17:52:42.398] [info] Using 1 bytes for DA of the dictionary
[2026-09-28 17:52:42.399] [info] Elapsed time (s): 0.00019861
[2026-09-28 17:52:42.399] [info] Using 2 bytes for ISA of the dictionary
[2026-09-28 17:52:42.399] [info] Elapsed time (s): 0.000196091
[2026-09-28 17:52:42.399] [info] Using 2 bytes for LCP of the dictionary
[2026-09-28 17:52:42.399] [info] Elapsed time (s): 0.00040062
[2026-09-28 17:52:42.399] [info] Using 1 bytes for colex id and inverse colex id array of the dictionary
[2026-09-28 17:52:42.399] [info] Elapsed time (s): 0.000147121
[2026-09-28 17:52:42.399] [info] Using 8 bytes for computing SA of the dictionary
[2026-09-28 17:52:42.399] [info] Using 2 bytes for storing SA of the dictionary
[2026-09-28 17:52:42.399] [info] Elapsed time (s): 3.244e-05
[2026-09-28 17:52:42.399] [info] Using 1 bytes for DA of the dictionary
[2026-09-28 17:52:42.399] [info] Elapsed time (s): 4.69e-06
[2026-09-28 17:52:42.399] [info] Using 2 bytes for ISA of the dictionary
[2026-09-28 17:52:42.399] [info] Elapsed time (s): 4.09e-06
[2026-09-28 17:52:42.399] [info] Using 1 bytes for LCP of the dictionary
[2026-09-28 17:52:42.399] [info] Elapsed time (s): 5.36e-06
[2026-09-28 17:52:42.399] [info] Computing RMQ over LCP of dictionary
[2026-09-28 17:52:42.399] [info] Elapsed time (s): 1.054e-05
[2026-09-28 17:52:42.399] [info] Using 1 bytes for colex DA of the dictionary
[2026-09-28 17:52:42.399] [info] Using 1 bytes for colex id and inverse colex id array of the dictionary
[2026-09-28 17:52:42.399] [info] Elapsed time (s): 3.896e-05
[2026-09-28 17:52:42.399] [info] Using 8 bytes for computing SA of the parsing
[2026-09-28 17:52:42.399] [info] Using 1 bytes for storing SA of the parsing
[2026-09-28 17:52:42.399] [info] Elapsed time (s): 5.74e-06
[2026-09-28 17:52:42.399] [info] Computing b_p
[2026-09-28 17:52:42.399] [info] Computing b_bwt and M of the parsing
[2026-09-28 17:52:42.400] [info] Computing inverted list of BWT(P)
[2026-09-28 17:52:42.400] [info] Using 1 bytes for storing the inverted list of the BWT of the parse
[2026-09-28 17:52:42.400] [info] Precomputing d lengths
[2026-09-28 17:52:42.400] [info] Precomputing d lengths
[2026-09-28 17:52:42.400] [info] Creating v table
[2026-09-28 17:52:42.400] [info] Creating E arrays
[2026-09-28 17:52:42.400] [info] Computing chunks for parallel execution. Total input size: 20011. Requested chunks: 1
[2026-09-28 17:52:42.405] [info] BWT ranges divided in 1 chunks.
[2026-09-28 17:52:42.412] [info] Chunk 1/1 completed
[2026-09-28 17:52:42.412] [info] Completed rle string merge
[2026-09-28 17:52:42.427] [info] Processed: 937 Skipped: 39
[2026-09-28 17:52:42.427] [info] Chunk 1/1 completed
[2026-09-28 17:52:42.427] [info] Writing out sa values at run heads
[2026-09-28 17:52:42.427] [info] Done
