[2026-09-28 17:52:41.969] [info] Current Configuration:
; PFP++

; Text file to parse.
text="/tmp/laneY/bat/random-4-2k.txt"

; Read -t as AGC: archive order, uppercase reversed contigs, 0x1e separators.
agc=false

; Output prefix.
out-prefix="/tmp/xsa-cargo-battery-5ucb3_up/xsa-build-8zi5zf6g/parse"

; Sliding window size.
window-size=10

; Modulo used during parsing.
modulo=100

; Number of threads.
threads=2

; Temporary files directory.
tmp-dir="/tmp/xsa-cargo-battery-5ucb3_up/xsa-build-8zi5zf6g"

; Also output compressed the dictionary.
compress-dictionary=false

; Use reference parse to avoid re-parsing.
use-vcf-acceleration=false

; Print out csv containing stats.
print-statistics=false

; Output count for each dictionary phrase.
output-occurrences=false

; Output sai array.
output-sai=false

; Output last array.
output-last=false

; Convert all non ACGT characters from a VCF or FASTA file to N.
acgt-only=false

; Verbose output.
verbose=false

; Version number.
version=false

[2026-09-28 17:52:41.970] [info] Parsing /tmp/laneY/bat/random-4-2k.txt
[2026-09-28 17:52:41.970] [info] Main parser: Replacing hash values with ranks.
[2026-09-28 17:52:41.970] [info] Main parser: writing dictionary on disk NOT COMPRESSED
[2026-09-28 17:52:41.970] [info] No properties requested.
[2026-09-28 17:52:41.970] [info] Main parser: closed
[2026-09-28 17:52:41.970] [info] Parser Text -	Parse size: 19	Dic Size: 19 Dic Total Length: 2192
[Disk Write (bytes): 2440]
