[2026-09-28 17:52:43.229] [info] Using 8 bytes for computing SA of the dictionary
[2026-09-28 17:52:43.230] [info] Using 2 bytes for storing SA of the dictionary
[2026-09-28 17:52:43.230] [info] Elapsed time (s): 0.000673971
[2026-09-28 17:52:43.230] [info] Using 1 bytes for DA of the dictionary
[2026-09-28 17:52:43.230] [info] Elapsed time (s): 0.000164791
[2026-09-28 17:52:43.230] [info] Using 2 bytes for ISA of the dictionary
[2026-09-28 17:52:43.230] [info] Elapsed time (s): 0.00010299
[2026-09-28 17:52:43.230] [info] Using 2 bytes for LCP of the dictionary
[2026-09-28 17:52:43.230] [info] Elapsed time (s): 0.00016155
[2026-09-28 17:52:43.230] [info] Using 1 bytes for colex id and inverse colex id array of the dictionary
[2026-09-28 17:52:43.230] [info] Elapsed time (s): 7.33e-05
[2026-09-28 17:52:43.230] [info] Using 8 bytes for computing SA of the dictionary
[2026-09-28 17:52:43.230] [info] Using 1 bytes for storing SA of the dictionary
[2026-09-28 17:52:43.230] [info] Elapsed time (s): 5.4e-06
[2026-09-28 17:52:43.230] [info] Using 1 bytes for DA of the dictionary
[2026-09-28 17:52:43.230] [info] Elapsed time (s): 1.79e-06
[2026-09-28 17:52:43.230] [info] Using 1 bytes for ISA of the dictionary
[2026-09-28 17:52:43.230] [info] Elapsed time (s): 1.64e-06
[2026-09-28 17:52:43.230] [info] Using 1 bytes for LCP of the dictionary
[2026-09-28 17:52:43.230] [info] Elapsed time (s): 1.75e-06
[2026-09-28 17:52:43.230] [info] Computing RMQ over LCP of dictionary
[2026-09-28 17:52:43.230] [info] Elapsed time (s): 6.39e-06
[2026-09-28 17:52:43.230] [info] Using 1 bytes for colex DA of the dictionary
[2026-09-28 17:52:43.230] [info] Using 1 bytes for colex id and inverse colex id array of the dictionary
[2026-09-28 17:52:43.230] [info] Elapsed time (s): 7.11e-06
[2026-09-28 17:52:43.230] [info] Using 8 bytes for computing SA of the parsing
[2026-09-28 17:52:43.230] [info] Using 1 bytes for storing SA of the parsing
[2026-09-28 17:52:43.230] [info] Elapsed time (s): 4.04e-06
[2026-09-28 17:52:43.230] [info] Computing b_p
[2026-09-28 17:52:43.230] [info] Computing b_bwt and M of the parsing
[2026-09-28 17:52:43.230] [info] Computing inverted list of BWT(P)
[2026-09-28 17:52:43.230] [info] Using 1 bytes for storing the inverted list of the BWT of the parse
[2026-09-28 17:52:43.230] [info] Precomputing d lengths
[2026-09-28 17:52:43.230] [info] Precomputing d lengths
[2026-09-28 17:52:43.230] [info] Creating v table
[2026-09-28 17:52:43.230] [info] Creating E arrays
[2026-09-28 17:52:43.230] [info] Computing chunks for parallel execution. Total input size: 18511. Requested chunks: 1
[2026-09-28 17:52:43.248] [info] BWT ranges divided in 1 chunks.
[2026-09-28 17:52:43.267] [info] Chunk 1/1 completed
[2026-09-28 17:52:43.267] [info] Completed rle string merge
[2026-09-28 17:52:43.285] [info] Processed: 0 Skipped: 0
[2026-09-28 17:52:43.285] [info] Chunk 1/1 completed
[2026-09-28 17:52:43.285] [info] Writing out sa values at run heads
[2026-09-28 17:52:43.285] [info] Done
