[2026-09-29 14:14:21.186] [info] Current Configuration:
; PFP++

; Text file to parse.
text="bit6/sxi_logs/parsed-space/fixtures/web-100m.txt"

; Read -t as AGC: archive order, uppercase reversed contigs, 0x1e separators.
agc=false

; Output prefix.
out-prefix="bit6/sxi_logs/parsed-space/web-parse-only/parse"

; Sliding window size.
window-size=10

; Modulo used during parsing.
modulo=100

; Number of threads.
threads=1

; Temporary files directory.
tmp-dir="bit6/sxi_logs/parsed-space/web-parse-scratch"

; Also output compressed the dictionary.
compress-dictionary=false

; Use reference parse to avoid re-parsing.
use-vcf-acceleration=false

; Print out csv containing stats.
print-statistics=false

; Output count for each dictionary phrase.
output-occurrences=false

; Output sai array.
output-sai=false

; Output last array.
output-last=false

; Convert all non ACGT characters from a VCF or FASTA file to N.
acgt-only=false

; Verbose output.
verbose=false

; Version number.
version=false

[2026-09-29 14:14:21.187] [info] Parsing bit6/sxi_logs/parsed-space/fixtures/web-100m.txt
[2026-09-29 14:14:32.509] [info] Main parser: Replacing hash values with ranks.
[2026-09-29 14:14:38.640] [info] EXTERNAL_PHRASES phrases=926333 phrase_disk_bytes=107488860 metadata_disk_bytes=51874648 bucket_bytes=2097152 order_bytes=22231992 shards=16
[2026-09-29 14:14:43.135] [info] Main parser: writing dictionary on disk NOT COMPRESSED
[2026-09-29 14:14:46.501] [info] No properties requested.
[2026-09-29 14:14:46.501] [info] Main parser: closed
[2026-09-29 14:14:46.501] [info] Parser Text -	Parse size: 993476	Dic Size: 926333 Dic Total Length: 107488860
[Disk Write (bytes): 120336906]
