   Compiling xsa v0.1.0 (/home/erikg/worktrees/sxgc/pi-worktree-d71c804e-9751-4699-a734-7e445af3b5de-s0-0/xsa)
warning: variable does not need to be mutable
  --> src/forks.rs:75:14
   |
75 |         let (mut phi_u, mut phi_v);
   |              ----^^^^^
   |              |
   |              help: remove this `mut`
   |
   = note: `#[warn(unused_mut)]` (part of `#[warn(unused)]`) on by default

warning: variable does not need to be mutable
  --> src/forks.rs:75:25
   |
75 |         let (mut phi_u, mut phi_v);
   |                         ----^^^^^
   |                         |
   |                         help: remove this `mut`

warning: value assigned to `phi_ok` is never read
   --> src/forks.rs:76:26
    |
 76 |         let mut phi_ok = false;
    |                          ^^^^^ this value is reassigned later and never used
...
146 |         phi_ok = g == 1 || r == 1;
    |         ------------------------- `phi_ok` is overwritten here before the previous value is read
    |
    = note: `#[warn(unused_assignments)]` (part of `#[warn(unused)]`) on by default

warning: variable does not need to be mutable
   --> src/main.rs:654:9
    |
654 |     let mut next_rng = |mut x: u64| -> u64 {
    |         ----^^^^^^^^
    |         |
    |         help: remove this `mut`

warning: value assigned to `tanchor` is never read
   --> src/main.rs:707:31
    |
707 |             let mut tanchor = 0u64;
    |                               ^^^^ this value is reassigned later and never used
...
715 |                         tanchor = r;
    |                         ----------- `tanchor` is overwritten here before the previous value is read

warning: value assigned to `tsample` is never read
   --> src/main.rs:708:31
    |
708 |             let mut tsample = 0u64;
    |                               ^^^^ this value is reassigned later and never used
...
716 |                         tsample = idx.tail_sample(r);
    |                         ---------------------------- `tsample` is overwritten here before the previous value is read

warning: variable does not need to be mutable
   --> src/main.rs:867:9
    |
867 |     let mut read_flat = |flatf: &mut File, pos: u64, want: usize| -> Vec<u8> {
    |         ----^^^^^^^^^
    |         |
    |         help: remove this `mut`

warning: field `bits` is never read
   --> src/main.rs:133:5
    |
132 | struct PackedSa {
    |        -------- field in this struct
133 |     bits: u64,          // total size IN BITS
    |     ^^^^
    |
    = note: `#[warn(dead_code)]` (part of `#[warn(unused)]`) on by default

warning: method `s_at` is never used
   --> src/main.rs:407:8
    |
224 | impl Ri4 {
    | -------- method in this implementation
...
407 |     fn s_at(&self, j: u64) -> u64 {
    |        ^^^^

warning: fields `wall`, `peak_rss_kb`, and `disc_used_bytes_after` are never read
   --> src/chain.rs:342:5
    |
341 | struct PhaseReport {
    |        ----------- fields in this struct
342 |     wall: Option<String>,
    |     ^^^^
343 |     peak_rss_kb: Option<u64>,
    |     ^^^^^^^^^^^
344 |     disc_used_bytes_after: u64,
    |     ^^^^^^^^^^^^^^^^^^^^^
    |
    = note: `PhaseReport` has a derived impl for the trait `Debug`, but this is intentionally ignored during dead code analysis

warning: method `hit` is never used
   --> src/product.rs:178:8
    |
 67 | impl Engine {
    | ----------- method in this implementation
...
178 |     fn hit(
    |        ^^^

warning: `xsa` (bin "xsa") generated 11 warnings (run `cargo fix --bin "xsa" -p xsa` to apply 4 suggestions)
    Finished `release` profile [optimized] target(s) in 3m 33s
