[2026-09-28 17:31:05.224] [info] Using 8 bytes for computing SA of the dictionary
[2026-09-28 17:31:05.226] [info] Using 2 bytes for storing SA of the dictionary
[2026-09-28 17:31:05.226] [info] Elapsed time (s): 0.001780122
[2026-09-28 17:31:05.226] [info] Using 1 bytes for DA of the dictionary
[2026-09-28 17:31:05.226] [info] Elapsed time (s): 0.00019845
[2026-09-28 17:31:05.226] [info] Using 2 bytes for ISA of the dictionary
[2026-09-28 17:31:05.227] [info] Elapsed time (s): 0.000181911
[2026-09-28 17:31:05.227] [info] Using 2 bytes for LCP of the dictionary
[2026-09-28 17:31:05.227] [info] Elapsed time (s): 0.00046933
[2026-09-28 17:31:05.227] [info] Using 1 bytes for colex id and inverse colex id array of the dictionary
[2026-09-28 17:31:05.227] [info] Elapsed time (s): 0.000128251
[2026-09-28 17:31:05.227] [info] Using 8 bytes for computing SA of the dictionary
[2026-09-28 17:31:05.227] [info] Using 2 bytes for storing SA of the dictionary
[2026-09-28 17:31:05.227] [info] Elapsed time (s): 2.915e-05
[2026-09-28 17:31:05.227] [info] Using 1 bytes for DA of the dictionary
[2026-09-28 17:31:05.227] [info] Elapsed time (s): 4.28e-06
[2026-09-28 17:31:05.227] [info] Using 2 bytes for ISA of the dictionary
[2026-09-28 17:31:05.227] [info] Elapsed time (s): 3.81e-06
[2026-09-28 17:31:05.227] [info] Using 1 bytes for LCP of the dictionary
[2026-09-28 17:31:05.227] [info] Elapsed time (s): 4.89e-06
[2026-09-28 17:31:05.227] [info] Computing RMQ over LCP of dictionary
[2026-09-28 17:31:05.227] [info] Elapsed time (s): 1.246e-05
[2026-09-28 17:31:05.227] [info] Using 1 bytes for colex DA of the dictionary
[2026-09-28 17:31:05.227] [info] Using 1 bytes for colex id and inverse colex id array of the dictionary
[2026-09-28 17:31:05.227] [info] Elapsed time (s): 3.86e-05
[2026-09-28 17:31:05.227] [info] Using 8 bytes for computing SA of the parsing
[2026-09-28 17:31:05.227] [info] Using 1 bytes for storing SA of the parsing
[2026-09-28 17:31:05.227] [info] Elapsed time (s): 6.45e-06
[2026-09-28 17:31:05.227] [info] Computing b_p
[2026-09-28 17:31:05.227] [info] Computing b_bwt and M of the parsing
[2026-09-28 17:31:05.227] [info] Computing inverted list of BWT(P)
[2026-09-28 17:31:05.227] [info] Using 1 bytes for storing the inverted list of the BWT of the parse
[2026-09-28 17:31:05.227] [info] Precomputing d lengths
[2026-09-28 17:31:05.227] [info] Precomputing d lengths
[2026-09-28 17:31:05.227] [info] Creating v table
[2026-09-28 17:31:05.228] [info] Creating E arrays
[2026-09-28 17:31:05.228] [info] Computing chunks for parallel execution. Total input size: 20011. Requested chunks: 1
[2026-09-28 17:31:05.233] [info] BWT ranges divided in 1 chunks.
[2026-09-28 17:31:05.240] [info] Chunk 1/1 completed
[2026-09-28 17:31:05.241] [info] Completed rle string merge
[2026-09-28 17:31:05.258] [info] Processed: 1 Skipped: 0
[2026-09-28 17:31:05.258] [info] Chunk 1/1 completed
[2026-09-28 17:31:05.258] [info] Writing out sa values at run heads
[2026-09-28 17:31:05.259] [info] Done
