[2026-09-28 14:39:19.058] [info] Using 8 bytes for computing SA of the dictionary
[2026-09-28 14:39:19.058] [info] Using 2 bytes for storing SA of the dictionary
[2026-09-28 14:39:19.058] [info] Elapsed time (s): 9.25e-05
[2026-09-28 14:39:19.058] [info] Using 1 bytes for DA of the dictionary
[2026-09-28 14:39:19.058] [info] Elapsed time (s): 6.34e-06
[2026-09-28 14:39:19.058] [info] Using 2 bytes for ISA of the dictionary
[2026-09-28 14:39:19.058] [info] Elapsed time (s): 5.34e-06
[2026-09-28 14:39:19.058] [info] Using 1 bytes for LCP of the dictionary
[2026-09-28 14:39:19.058] [info] Elapsed time (s): 7.62e-06
[2026-09-28 14:39:19.058] [info] Using 1 bytes for colex id and inverse colex id array of the dictionary
[2026-09-28 14:39:19.058] [info] Elapsed time (s): 4.79e-06
[2026-09-28 14:39:19.058] [info] Using 8 bytes for computing SA of the dictionary
[2026-09-28 14:39:19.058] [info] Using 1 bytes for storing SA of the dictionary
[2026-09-28 14:39:19.058] [info] Elapsed time (s): 1.221e-05
[2026-09-28 14:39:19.058] [info] Using 1 bytes for DA of the dictionary
[2026-09-28 14:39:19.058] [info] Elapsed time (s): 3.48e-06
[2026-09-28 14:39:19.058] [info] Using 1 bytes for ISA of the dictionary
[2026-09-28 14:39:19.058] [info] Elapsed time (s): 2.53e-06
[2026-09-28 14:39:19.058] [info] Using 1 bytes for LCP of the dictionary
[2026-09-28 14:39:19.058] [info] Elapsed time (s): 3.38e-06
[2026-09-28 14:39:19.058] [info] Computing RMQ over LCP of dictionary
[2026-09-28 14:39:19.058] [info] Elapsed time (s): 6.48e-06
[2026-09-28 14:39:19.058] [info] Using 1 bytes for colex DA of the dictionary
[2026-09-28 14:39:19.058] [info] Using 1 bytes for colex id and inverse colex id array of the dictionary
[2026-09-28 14:39:19.058] [info] Elapsed time (s): 1.715e-05
[2026-09-28 14:39:19.058] [info] Using 8 bytes for computing SA of the parsing
[2026-09-28 14:39:19.058] [info] Using 1 bytes for storing SA of the parsing
[2026-09-28 14:39:19.058] [info] Elapsed time (s): 4.13e-06
[2026-09-28 14:39:19.058] [info] Computing b_p
[2026-09-28 14:39:19.058] [info] Computing b_bwt and M of the parsing
[2026-09-28 14:39:19.059] [info] Computing inverted list of BWT(P)
[2026-09-28 14:39:19.059] [info] Using 1 bytes for storing the inverted list of the BWT of the parse
[2026-09-28 14:39:19.059] [info] Precomputing d lengths
[2026-09-28 14:39:19.059] [info] Precomputing d lengths
[2026-09-28 14:39:19.059] [info] Creating v table
[2026-09-28 14:39:19.059] [info] Creating E arrays
[2026-09-28 14:39:19.059] [info] Computing chunks for parallel execution. Total input size: 18013. Requested chunks: 1
[2026-09-28 14:39:19.059] [info] BWT ranges divided in 1 chunks.
[2026-09-28 14:39:19.059] [info] Chunk 1/1 completed
[2026-09-28 14:39:19.059] [info] Completed rle string merge
[2026-09-28 14:39:19.062] [info] Processed: 14012 Skipped: 3678
[2026-09-28 14:39:19.062] [info] Chunk 1/1 completed
[2026-09-28 14:39:19.062] [info] Writing out sa values at run heads
[2026-09-28 14:39:19.062] [info] Done
