ri4: n=20006 k=1 R=15046
SLIM_PHASE ri4-load wall=0.000 cumulative=0.000 peak_rss_kib=2048
SLIM_HEAD_SA bytes=120368 rows=15046 mmap=1
SLIM_PHASE dict-read wall=0.000 cumulative=0.000 peak_rss_kib=2048
SLIM_PHASE dict-boundaries wall=0.000 cumulative=0.001 peak_rss_kib=2048
SLIM_STRING_ENDS count=1 bytes=8 from_parse_dict=1 cyclic=1
SLIM_PHASE parse+boundaries wall=0.000 cumulative=0.001 peak_rss_kib=2048
SLIM_PHASE parse-fingerprints wall=0.000 cumulative=0.001 peak_rss_kib=2048
SLIM_PHASE dict-fingerprints wall=0.000 cumulative=0.001 peak_rss_kib=2048
SLIM_STRUCT n=20016 P=205 D=22272 phrases=205 parse_bytes=824 bd_bytes=502 bp_bytes=502 dict_resident=0 dict_cache_per_thread=262144 no_SA_ISA_LCP_RMQ=1 no_M_b_bwt_w_wt=1
SLIM_PHASE lce-build-total wall=0.001 cumulative=0.001 peak_rss_kib=2048
SLIM_PHASE lf-build wall=0.000 cumulative=0.001 peak_rss_kib=2048
SLIM_RI runs=75230 starts=120368 samples=28216 lf_capacity=185960
SLIM_PROGRESS runs=15046/15046 resolve_wall=0.001 lce_wall=0.014 write_wall=0.001 lf_steps=0 cache_hits=0
SLIM_PHASE query-chunks wall=0.017 cumulative=0.018 peak_rss_kib=4096
SLIM_PHASE queries+stream-write-final wall=0.000 cumulative=0.018 peak_rss_kib=4096
SLIM_FP parse tau=1 bytes=1656 queries=0 verified_symbols=0 hash_probes=0 mean_verified=0.000000000 max_verified=0
SLIM_FP dict tau=12 bytes=14856 queries=18830 verified_symbols=137333 hash_probes=43 mean_verified=7.293308550 max_verified=15
SLIM_QUERY_PHASE resolve_wall=0.001217 resolve_peak_kib=4096 lce_wall=0.013929 lce_peak_kib=4096 write_wall=0.000562 write_peak_kib=4096
SLIM_SEEDS queries=18830 mean_verified_phrases=0.000000000 max_verified_phrases=0 (includes_zero_parse_work_seeds; boundary_included)
SLIM_RESOLVE walks=0 steps=0 max=0 anchor=0 failed=0 cache_hits=0
SLIM_BOUNDARY_RESOLVE head_direct=15046 tail_direct=18827 head_lf_steps=0
