[2026-09-28 14:39:19.381] [info] Using 8 bytes for computing SA of the dictionary
[2026-09-28 14:39:19.383] [info] Using 2 bytes for storing SA of the dictionary
[2026-09-28 14:39:19.383] [info] Elapsed time (s): 0.001672072
[2026-09-28 14:39:19.383] [info] Using 1 bytes for DA of the dictionary
[2026-09-28 14:39:19.383] [info] Elapsed time (s): 0.000198571
[2026-09-28 14:39:19.383] [info] Using 2 bytes for ISA of the dictionary
[2026-09-28 14:39:19.383] [info] Elapsed time (s): 0.00018454
[2026-09-28 14:39:19.383] [info] Using 2 bytes for LCP of the dictionary
[2026-09-28 14:39:19.384] [info] Elapsed time (s): 0.000467111
[2026-09-28 14:39:19.384] [info] Using 1 bytes for colex id and inverse colex id array of the dictionary
[2026-09-28 14:39:19.384] [info] Elapsed time (s): 0.00012986
[2026-09-28 14:39:19.384] [info] Using 8 bytes for computing SA of the dictionary
[2026-09-28 14:39:19.384] [info] Using 2 bytes for storing SA of the dictionary
[2026-09-28 14:39:19.384] [info] Elapsed time (s): 3.144e-05
[2026-09-28 14:39:19.384] [info] Using 1 bytes for DA of the dictionary
[2026-09-28 14:39:19.384] [info] Elapsed time (s): 4.46e-06
[2026-09-28 14:39:19.384] [info] Using 2 bytes for ISA of the dictionary
[2026-09-28 14:39:19.384] [info] Elapsed time (s): 4.01e-06
[2026-09-28 14:39:19.384] [info] Using 1 bytes for LCP of the dictionary
[2026-09-28 14:39:19.384] [info] Elapsed time (s): 5.11e-06
[2026-09-28 14:39:19.384] [info] Computing RMQ over LCP of dictionary
[2026-09-28 14:39:19.384] [info] Elapsed time (s): 1.211e-05
[2026-09-28 14:39:19.384] [info] Using 1 bytes for colex DA of the dictionary
[2026-09-28 14:39:19.384] [info] Using 1 bytes for colex id and inverse colex id array of the dictionary
[2026-09-28 14:39:19.384] [info] Elapsed time (s): 4.129e-05
[2026-09-28 14:39:19.384] [info] Using 8 bytes for computing SA of the parsing
[2026-09-28 14:39:19.384] [info] Using 1 bytes for storing SA of the parsing
[2026-09-28 14:39:19.384] [info] Elapsed time (s): 6.34e-06
[2026-09-28 14:39:19.384] [info] Computing b_p
[2026-09-28 14:39:19.384] [info] Computing b_bwt and M of the parsing
[2026-09-28 14:39:19.384] [info] Computing inverted list of BWT(P)
[2026-09-28 14:39:19.384] [info] Using 1 bytes for storing the inverted list of the BWT of the parse
[2026-09-28 14:39:19.384] [info] Precomputing d lengths
[2026-09-28 14:39:19.384] [info] Precomputing d lengths
[2026-09-28 14:39:19.384] [info] Creating v table
[2026-09-28 14:39:19.384] [info] Creating E arrays
[2026-09-28 14:39:19.384] [info] Computing chunks for parallel execution. Total input size: 20016. Requested chunks: 1
[2026-09-28 14:39:19.389] [info] BWT ranges divided in 1 chunks.
[2026-09-28 14:39:19.396] [info] Chunk 1/1 completed
[2026-09-28 14:39:19.397] [info] Completed rle string merge
[2026-09-28 14:39:19.413] [info] Processed: 3 Skipped: 0
[2026-09-28 14:39:19.414] [info] Chunk 1/1 completed
[2026-09-28 14:39:19.414] [info] Writing out sa values at run heads
[2026-09-28 14:39:19.414] [info] Done
