-- The C compiler identification is GNU 13.3.0
-- The CXX compiler identification is GNU 13.3.0
-- Detecting C compiler ABI info
-- Detecting C compiler ABI info - done
-- Check for working C compiler: /usr/bin/cc - skipped
-- Detecting C compile features
-- Detecting C compile features - done
-- Detecting CXX compiler ABI info
-- Detecting CXX compiler ABI info - done
-- Check for working CXX compiler: /usr/bin/c++ - skipped
-- Detecting CXX compile features
-- Detecting CXX compile features - done
-- Build type: Release
-- Git current branch: master
-- Git commit hash: 1a5f114
-- Generating version.cpp
-- Found OpenMP_C: -fopenmp (found version "4.5") 
-- Found OpenMP_CXX: -fopenmp (found version "4.5") 
-- Found OpenMP: TRUE (found version "4.5")  
-- HAVE_OPENMP: OpenMP
-- Found ZLIB: /usr/lib/x86_64-linux-gnu/libz.so (found version "1.3")  
-- Looking for lzma_auto_decoder in /usr/lib/x86_64-linux-gnu/liblzma.so
-- Looking for lzma_auto_decoder in /usr/lib/x86_64-linux-gnu/liblzma.so - found
-- Looking for lzma_easy_encoder in /usr/lib/x86_64-linux-gnu/liblzma.so
-- Looking for lzma_easy_encoder in /usr/lib/x86_64-linux-gnu/liblzma.so - found
-- Looking for lzma_lzma_preset in /usr/lib/x86_64-linux-gnu/liblzma.so
-- Looking for lzma_lzma_preset in /usr/lib/x86_64-linux-gnu/liblzma.so - found
-- Found LibLZMA: /usr/lib/x86_64-linux-gnu/liblzma.so (found version "5.4.5") 
-- Found BZip2: /usr/lib/x86_64-linux-gnu/libbz2.so (found version "1.0.8") 
-- Looking for BZ2_bzCompressInit
-- Looking for BZ2_bzCompressInit - found
-- Found CURL: /usr/lib/x86_64-linux-gnu/libcurl.so (found version "8.5.0")  
-- Found HTSlib 
-- HTSlib: /home/erikg/htsinst/lib/libhts.a;/usr/lib/x86_64-linux-gnu/liblzma.so;/usr/lib/x86_64-linux-gnu/libbz2.so;/usr/lib/x86_64-linux-gnu/libz.so;/usr/lib/x86_64-linux-gnu/libcurl.so
-- Configuring done (4.6s)
-- Generating done (0.0s)
-- Build files have been written to: /tmp/pfp-agc-fork/build-file
