[2026-09-28 14:39:14.916] [info] Using 8 bytes for computing SA of the dictionary
[2026-09-28 14:39:14.916] [info] Using 2 bytes for storing SA of the dictionary
[2026-09-28 14:39:14.916] [info] Elapsed time (s): 0.00021873
[2026-09-28 14:39:14.916] [info] Using 1 bytes for DA of the dictionary
[2026-09-28 14:39:14.916] [info] Elapsed time (s): 2.162e-05
[2026-09-28 14:39:14.916] [info] Using 2 bytes for ISA of the dictionary
[2026-09-28 14:39:14.916] [info] Elapsed time (s): 1.837e-05
[2026-09-28 14:39:14.916] [info] Using 2 bytes for LCP of the dictionary
[2026-09-28 14:39:14.916] [info] Elapsed time (s): 4.414e-05
[2026-09-28 14:39:14.916] [info] Using 1 bytes for colex id and inverse colex id array of the dictionary
[2026-09-28 14:39:14.916] [info] Elapsed time (s): 1.456e-05
[2026-09-28 14:39:14.916] [info] Using 8 bytes for computing SA of the dictionary
[2026-09-28 14:39:14.916] [info] Using 1 bytes for storing SA of the dictionary
[2026-09-28 14:39:14.916] [info] Elapsed time (s): 7.94e-06
[2026-09-28 14:39:14.916] [info] Using 1 bytes for DA of the dictionary
[2026-09-28 14:39:14.916] [info] Elapsed time (s): 2.09e-06
[2026-09-28 14:39:14.916] [info] Using 1 bytes for ISA of the dictionary
[2026-09-28 14:39:14.916] [info] Elapsed time (s): 1.84e-06
[2026-09-28 14:39:14.916] [info] Using 1 bytes for LCP of the dictionary
[2026-09-28 14:39:14.916] [info] Elapsed time (s): 2.22e-06
[2026-09-28 14:39:14.916] [info] Computing RMQ over LCP of dictionary
[2026-09-28 14:39:14.916] [info] Elapsed time (s): 5.53e-06
[2026-09-28 14:39:14.916] [info] Using 1 bytes for colex DA of the dictionary
[2026-09-28 14:39:14.916] [info] Using 1 bytes for colex id and inverse colex id array of the dictionary
[2026-09-28 14:39:14.916] [info] Elapsed time (s): 1.044e-05
[2026-09-28 14:39:14.916] [info] Using 8 bytes for computing SA of the parsing
[2026-09-28 14:39:14.916] [info] Using 1 bytes for storing SA of the parsing
[2026-09-28 14:39:14.916] [info] Elapsed time (s): 4.79e-06
[2026-09-28 14:39:14.916] [info] Computing b_p
[2026-09-28 14:39:14.916] [info] Computing b_bwt and M of the parsing
[2026-09-28 14:39:14.916] [info] Computing inverted list of BWT(P)
[2026-09-28 14:39:14.916] [info] Using 1 bytes for storing the inverted list of the BWT of the parse
[2026-09-28 14:39:14.916] [info] Precomputing d lengths
[2026-09-28 14:39:14.916] [info] Precomputing d lengths
[2026-09-28 14:39:14.916] [info] Creating v table
[2026-09-28 14:39:14.916] [info] Creating E arrays
[2026-09-28 14:39:14.916] [info] Computing chunks for parallel execution. Total input size: 2013. Requested chunks: 1
[2026-09-28 14:39:14.917] [info] BWT ranges divided in 1 chunks.
[2026-09-28 14:39:14.917] [info] Chunk 1/1 completed
[2026-09-28 14:39:14.917] [info] Completed rle string merge
[2026-09-28 14:39:14.919] [info] Processed: 0 Skipped: 0
[2026-09-28 14:39:14.919] [info] Chunk 1/1 completed
[2026-09-28 14:39:14.919] [info] Writing out sa values at run heads
[2026-09-28 14:39:14.919] [info] Done
