[2026-09-28 14:39:15.307] [info] Current Configuration:
; PFP++

; Text file to parse.
text="/tmp/pfp-agc-gates/battery/random-20k.agc"

; Read -t as AGC: archive order, uppercase reversed contigs, 0x1e separators.
agc=true

; Write canonical AGC names/coordinates TSV.
agc-names="/tmp/pfp-agc-gates/battery/xsa-build-o8h9k3o7/collection.txt.names.tsv"

; Output prefix.
out-prefix="/tmp/pfp-agc-gates/battery/xsa-build-o8h9k3o7/parse"

; Sliding window size.
window-size=10

; Modulo used during parsing.
modulo=100

; Number of threads.
threads=2

; Temporary files directory.
tmp-dir="/tmp/pfp-agc-gates/battery/xsa-build-o8h9k3o7"

; Also output compressed the dictionary.
compress-dictionary=false

; Use reference parse to avoid re-parsing.
use-vcf-acceleration=false

; Print out csv containing stats.
print-statistics=false

; Output count for each dictionary phrase.
output-occurrences=false

; Output sai array.
output-sai=false

; Output last array.
output-last=false

; Convert all non ACGT characters from a VCF or FASTA file to N.
acgt-only=false

; Verbose output.
verbose=false

; Version number.
version=false

[2026-09-28 14:39:15.308] [info] Parsing /tmp/pfp-agc-gates/battery/random-20k.agc
[2026-09-28 14:39:15.309] [info] Main parser: Replacing hash values with ranks.
[2026-09-28 14:39:15.309] [info] Main parser: writing dictionary on disk NOT COMPRESSED
[2026-09-28 14:39:15.309] [info] No properties requested.
[2026-09-28 14:39:15.309] [info] Main parser: closed
[2026-09-28 14:39:15.309] [info] Parser Text -	Parse size: 213	Dic Size: 213 Dic Total Length: 22134
[Disk Write (bytes): 24904]
