[2026-09-28 14:39:15.590] [info] Current Configuration:
; PFP++

; Text file to parse.
text="/tmp/pfp-agc-gates/battery/xsa-build-4bapss6k/collection.txt"

; Read -t as AGC: archive order, uppercase reversed contigs, 0x1e separators.
agc=false

; Output prefix.
out-prefix="/tmp/pfp-agc-gates/battery/xsa-build-4bapss6k/parse"

; Sliding window size.
window-size=10

; Modulo used during parsing.
modulo=100

; Number of threads.
threads=2

; Temporary files directory.
tmp-dir="/tmp/pfp-agc-gates/battery/xsa-build-4bapss6k"

; Also output compressed the dictionary.
compress-dictionary=false

; Use reference parse to avoid re-parsing.
use-vcf-acceleration=false

; Print out csv containing stats.
print-statistics=false

; Output count for each dictionary phrase.
output-occurrences=false

; Output sai array.
output-sai=false

; Output last array.
output-last=false

; Convert all non ACGT characters from a VCF or FASTA file to N.
acgt-only=false

; Verbose output.
verbose=false

; Version number.
version=false

[2026-09-28 14:39:15.590] [info] Parsing /tmp/pfp-agc-gates/battery/xsa-build-4bapss6k/collection.txt
[2026-09-28 14:39:15.594] [info] Main parser: Replacing hash values with ranks.
[2026-09-28 14:39:15.595] [info] Main parser: writing dictionary on disk NOT COMPRESSED
[2026-09-28 14:39:15.595] [info] No properties requested.
[2026-09-28 14:39:15.595] [info] Main parser: closed
[2026-09-28 14:39:15.595] [info] Parser Text -	Parse size: 1961	Dic Size: 1961 Dic Total Length: 219614
[Disk Write (bytes): 245108]
