[2026-09-28 14:39:15.317] [info] Using 8 bytes for computing SA of the dictionary
[2026-09-28 14:39:15.319] [info] Using 2 bytes for storing SA of the dictionary
[2026-09-28 14:39:15.319] [info] Elapsed time (s): 0.001735732
[2026-09-28 14:39:15.319] [info] Using 1 bytes for DA of the dictionary
[2026-09-28 14:39:15.319] [info] Elapsed time (s): 0.000199371
[2026-09-28 14:39:15.319] [info] Using 2 bytes for ISA of the dictionary
[2026-09-28 14:39:15.319] [info] Elapsed time (s): 0.00018468
[2026-09-28 14:39:15.319] [info] Using 2 bytes for LCP of the dictionary
[2026-09-28 14:39:15.320] [info] Elapsed time (s): 0.000470491
[2026-09-28 14:39:15.320] [info] Using 1 bytes for colex id and inverse colex id array of the dictionary
[2026-09-28 14:39:15.320] [info] Elapsed time (s): 0.00013096
[2026-09-28 14:39:15.320] [info] Using 8 bytes for computing SA of the dictionary
[2026-09-28 14:39:15.320] [info] Using 2 bytes for storing SA of the dictionary
[2026-09-28 14:39:15.320] [info] Elapsed time (s): 3.437e-05
[2026-09-28 14:39:15.320] [info] Using 1 bytes for DA of the dictionary
[2026-09-28 14:39:15.320] [info] Elapsed time (s): 5.15e-06
[2026-09-28 14:39:15.320] [info] Using 2 bytes for ISA of the dictionary
[2026-09-28 14:39:15.320] [info] Elapsed time (s): 4.53e-06
[2026-09-28 14:39:15.320] [info] Using 1 bytes for LCP of the dictionary
[2026-09-28 14:39:15.320] [info] Elapsed time (s): 5.74e-06
[2026-09-28 14:39:15.320] [info] Computing RMQ over LCP of dictionary
[2026-09-28 14:39:15.320] [info] Elapsed time (s): 1.242e-05
[2026-09-28 14:39:15.320] [info] Using 1 bytes for colex DA of the dictionary
[2026-09-28 14:39:15.320] [info] Using 1 bytes for colex id and inverse colex id array of the dictionary
[2026-09-28 14:39:15.320] [info] Elapsed time (s): 4.726e-05
[2026-09-28 14:39:15.320] [info] Using 8 bytes for computing SA of the parsing
[2026-09-28 14:39:15.320] [info] Using 1 bytes for storing SA of the parsing
[2026-09-28 14:39:15.320] [info] Elapsed time (s): 6.52e-06
[2026-09-28 14:39:15.320] [info] Computing b_p
[2026-09-28 14:39:15.320] [info] Computing b_bwt and M of the parsing
[2026-09-28 14:39:15.320] [info] Computing inverted list of BWT(P)
[2026-09-28 14:39:15.320] [info] Using 1 bytes for storing the inverted list of the BWT of the parse
[2026-09-28 14:39:15.320] [info] Precomputing d lengths
[2026-09-28 14:39:15.320] [info] Precomputing d lengths
[2026-09-28 14:39:15.320] [info] Creating v table
[2026-09-28 14:39:15.320] [info] Creating E arrays
[2026-09-28 14:39:15.320] [info] Computing chunks for parallel execution. Total input size: 20013. Requested chunks: 1
[2026-09-28 14:39:15.325] [info] BWT ranges divided in 1 chunks.
[2026-09-28 14:39:15.332] [info] Chunk 1/1 completed
[2026-09-28 14:39:15.332] [info] Completed rle string merge
[2026-09-28 14:39:15.347] [info] Processed: 4 Skipped: 0
[2026-09-28 14:39:15.347] [info] Chunk 1/1 completed
[2026-09-28 14:39:15.347] [info] Writing out sa values at run heads
[2026-09-28 14:39:15.348] [info] Done
