[2026-09-28 14:39:15.605] [info] Using 8 bytes for computing SA of the dictionary
[2026-09-28 14:39:15.617] [info] Using 3 bytes for storing SA of the dictionary
[2026-09-28 14:39:15.618] [info] Elapsed time (s): 0.01354583
[2026-09-28 14:39:15.618] [info] Using 2 bytes for DA of the dictionary
[2026-09-28 14:39:15.620] [info] Elapsed time (s): 0.001907602
[2026-09-28 14:39:15.620] [info] Using 3 bytes for ISA of the dictionary
[2026-09-28 14:39:15.623] [info] Elapsed time (s): 0.002523994
[2026-09-28 14:39:15.623] [info] Using 2 bytes for LCP of the dictionary
[2026-09-28 14:39:15.629] [info] Elapsed time (s): 0.005948249
[2026-09-28 14:39:15.629] [info] Using 2 bytes for colex id and inverse colex id array of the dictionary
[2026-09-28 14:39:15.630] [info] Elapsed time (s): 0.001177991
[2026-09-28 14:39:15.630] [info] Using 8 bytes for computing SA of the dictionary
[2026-09-28 14:39:15.630] [info] Using 2 bytes for storing SA of the dictionary
[2026-09-28 14:39:15.630] [info] Elapsed time (s): 0.000178101
[2026-09-28 14:39:15.630] [info] Using 1 bytes for DA of the dictionary
[2026-09-28 14:39:15.630] [info] Elapsed time (s): 2.216e-05
[2026-09-28 14:39:15.630] [info] Using 2 bytes for ISA of the dictionary
[2026-09-28 14:39:15.630] [info] Elapsed time (s): 1.927e-05
[2026-09-28 14:39:15.630] [info] Using 1 bytes for LCP of the dictionary
[2026-09-28 14:39:15.630] [info] Elapsed time (s): 2.498e-05
[2026-09-28 14:39:15.630] [info] Computing RMQ over LCP of dictionary
[2026-09-28 14:39:15.630] [info] Elapsed time (s): 5.062e-05
[2026-09-28 14:39:15.630] [info] Using 1 bytes for colex DA of the dictionary
[2026-09-28 14:39:15.630] [info] Using 1 bytes for colex id and inverse colex id array of the dictionary
[2026-09-28 14:39:15.630] [info] Elapsed time (s): 0.0002507
[2026-09-28 14:39:15.630] [info] Using 8 bytes for computing SA of the parsing
[2026-09-28 14:39:15.630] [info] Using 1 bytes for storing SA of the parsing
[2026-09-28 14:39:15.630] [info] Elapsed time (s): 1.109e-05
[2026-09-28 14:39:15.630] [info] Computing b_p
[2026-09-28 14:39:15.630] [info] Computing b_bwt and M of the parsing
[2026-09-28 14:39:15.631] [info] Computing inverted list of BWT(P)
[2026-09-28 14:39:15.631] [info] Using 1 bytes for storing the inverted list of the BWT of the parse
[2026-09-28 14:39:15.631] [info] Precomputing d lengths
[2026-09-28 14:39:15.631] [info] Precomputing d lengths
[2026-09-28 14:39:15.631] [info] Creating v table
[2026-09-28 14:39:15.631] [info] Creating E arrays
[2026-09-28 14:39:15.631] [info] Computing chunks for parallel execution. Total input size: 200013. Requested chunks: 1
[2026-09-28 14:39:15.638] [info] BWT ranges divided in 1 chunks.
[2026-09-28 14:39:15.656] [info] Chunk 1/1 completed
[2026-09-28 14:39:15.661] [info] Completed rle string merge
[2026-09-28 14:39:15.764] [info] Processed: 234 Skipped: 2
[2026-09-28 14:39:15.764] [info] Chunk 1/1 completed
[2026-09-28 14:39:15.764] [info] Writing out sa values at run heads
[2026-09-28 14:39:15.767] [info] Done
