[2026-09-28 14:39:15.165] [info] Using 8 bytes for computing SA of the dictionary
[2026-09-28 14:39:15.167] [info] Using 2 bytes for storing SA of the dictionary
[2026-09-28 14:39:15.167] [info] Elapsed time (s): 0.001526442
[2026-09-28 14:39:15.167] [info] Using 1 bytes for DA of the dictionary
[2026-09-28 14:39:15.167] [info] Elapsed time (s): 0.00016658
[2026-09-28 14:39:15.167] [info] Using 2 bytes for ISA of the dictionary
[2026-09-28 14:39:15.167] [info] Elapsed time (s): 0.000155211
[2026-09-28 14:39:15.167] [info] Using 2 bytes for LCP of the dictionary
[2026-09-28 14:39:15.168] [info] Elapsed time (s): 0.00039445
[2026-09-28 14:39:15.168] [info] Using 1 bytes for colex id and inverse colex id array of the dictionary
[2026-09-28 14:39:15.168] [info] Elapsed time (s): 0.0001085
[2026-09-28 14:39:15.168] [info] Using 8 bytes for computing SA of the dictionary
[2026-09-28 14:39:15.168] [info] Using 2 bytes for storing SA of the dictionary
[2026-09-28 14:39:15.168] [info] Elapsed time (s): 2.875e-05
[2026-09-28 14:39:15.168] [info] Using 1 bytes for DA of the dictionary
[2026-09-28 14:39:15.168] [info] Elapsed time (s): 4.12e-06
[2026-09-28 14:39:15.168] [info] Using 2 bytes for ISA of the dictionary
[2026-09-28 14:39:15.168] [info] Elapsed time (s): 3.86e-06
[2026-09-28 14:39:15.168] [info] Using 1 bytes for LCP of the dictionary
[2026-09-28 14:39:15.168] [info] Elapsed time (s): 4.881e-06
[2026-09-28 14:39:15.168] [info] Computing RMQ over LCP of dictionary
[2026-09-28 14:39:15.168] [info] Elapsed time (s): 1.016e-05
[2026-09-28 14:39:15.168] [info] Using 1 bytes for colex DA of the dictionary
[2026-09-28 14:39:15.168] [info] Using 1 bytes for colex id and inverse colex id array of the dictionary
[2026-09-28 14:39:15.168] [info] Elapsed time (s): 3.876e-05
[2026-09-28 14:39:15.168] [info] Using 8 bytes for computing SA of the parsing
[2026-09-28 14:39:15.168] [info] Using 1 bytes for storing SA of the parsing
[2026-09-28 14:39:15.168] [info] Elapsed time (s): 5.38e-06
[2026-09-28 14:39:15.168] [info] Computing b_p
[2026-09-28 14:39:15.168] [info] Computing b_bwt and M of the parsing
[2026-09-28 14:39:15.168] [info] Computing inverted list of BWT(P)
[2026-09-28 14:39:15.168] [info] Using 1 bytes for storing the inverted list of the BWT of the parse
[2026-09-28 14:39:15.168] [info] Precomputing d lengths
[2026-09-28 14:39:15.168] [info] Precomputing d lengths
[2026-09-28 14:39:15.168] [info] Creating v table
[2026-09-28 14:39:15.168] [info] Creating E arrays
[2026-09-28 14:39:15.168] [info] Computing chunks for parallel execution. Total input size: 20013. Requested chunks: 1
[2026-09-28 14:39:15.172] [info] BWT ranges divided in 1 chunks.
[2026-09-28 14:39:15.178] [info] Chunk 1/1 completed
[2026-09-28 14:39:15.179] [info] Completed rle string merge
[2026-09-28 14:39:15.194] [info] Processed: 4 Skipped: 0
[2026-09-28 14:39:15.194] [info] Chunk 1/1 completed
[2026-09-28 14:39:15.194] [info] Writing out sa values at run heads
[2026-09-28 14:39:15.194] [info] Done
