[2026-09-28 14:36:10.350] [info] Using 8 bytes for computing SA of the dictionary
[2026-09-28 14:36:10.350] [info] Using 2 bytes for storing SA of the dictionary
[2026-09-28 14:36:10.350] [info] Elapsed time (s): 0.000224251
[2026-09-28 14:36:10.350] [info] Using 1 bytes for DA of the dictionary
[2026-09-28 14:36:10.350] [info] Elapsed time (s): 2.086e-05
[2026-09-28 14:36:10.350] [info] Using 2 bytes for ISA of the dictionary
[2026-09-28 14:36:10.350] [info] Elapsed time (s): 1.809e-05
[2026-09-28 14:36:10.350] [info] Using 2 bytes for LCP of the dictionary
[2026-09-28 14:36:10.350] [info] Elapsed time (s): 4.285e-05
[2026-09-28 14:36:10.350] [info] Using 1 bytes for colex id and inverse colex id array of the dictionary
[2026-09-28 14:36:10.350] [info] Elapsed time (s): 1.451e-05
[2026-09-28 14:36:10.350] [info] Using 8 bytes for computing SA of the dictionary
[2026-09-28 14:36:10.350] [info] Using 1 bytes for storing SA of the dictionary
[2026-09-28 14:36:10.350] [info] Elapsed time (s): 1.007e-05
[2026-09-28 14:36:10.350] [info] Using 1 bytes for DA of the dictionary
[2026-09-28 14:36:10.350] [info] Elapsed time (s): 2.08e-06
[2026-09-28 14:36:10.350] [info] Using 1 bytes for ISA of the dictionary
[2026-09-28 14:36:10.350] [info] Elapsed time (s): 1.86e-06
[2026-09-28 14:36:10.350] [info] Using 1 bytes for LCP of the dictionary
[2026-09-28 14:36:10.350] [info] Elapsed time (s): 2.29e-06
[2026-09-28 14:36:10.350] [info] Computing RMQ over LCP of dictionary
[2026-09-28 14:36:10.350] [info] Elapsed time (s): 7.12e-06
[2026-09-28 14:36:10.350] [info] Using 1 bytes for colex DA of the dictionary
[2026-09-28 14:36:10.350] [info] Using 1 bytes for colex id and inverse colex id array of the dictionary
[2026-09-28 14:36:10.350] [info] Elapsed time (s): 1.234e-05
[2026-09-28 14:36:10.350] [info] Using 8 bytes for computing SA of the parsing
[2026-09-28 14:36:10.350] [info] Using 1 bytes for storing SA of the parsing
[2026-09-28 14:36:10.350] [info] Elapsed time (s): 5.65e-06
[2026-09-28 14:36:10.350] [info] Computing b_p
[2026-09-28 14:36:10.350] [info] Computing b_bwt and M of the parsing
[2026-09-28 14:36:10.350] [info] Computing inverted list of BWT(P)
[2026-09-28 14:36:10.350] [info] Using 1 bytes for storing the inverted list of the BWT of the parse
[2026-09-28 14:36:10.350] [info] Precomputing d lengths
[2026-09-28 14:36:10.350] [info] Precomputing d lengths
[2026-09-28 14:36:10.350] [info] Creating v table
[2026-09-28 14:36:10.350] [info] Creating E arrays
[2026-09-28 14:36:10.350] [info] Computing chunks for parallel execution. Total input size: 2011. Requested chunks: 1
[2026-09-28 14:36:10.351] [info] BWT ranges divided in 1 chunks.
[2026-09-28 14:36:10.351] [info] Chunk 1/1 completed
[2026-09-28 14:36:10.352] [info] Completed rle string merge
[2026-09-28 14:36:10.353] [info] Processed: 0 Skipped: 0
[2026-09-28 14:36:10.353] [info] Chunk 1/1 completed
[2026-09-28 14:36:10.353] [info] Writing out sa values at run heads
[2026-09-28 14:36:10.353] [info] Done
