[2026-09-28 15:02:02.625] [info] Using 8 bytes for computing SA of the dictionary
[2026-09-28 15:02:02.625] [info] Using 2 bytes for storing SA of the dictionary
[2026-09-28 15:02:02.625] [info] Elapsed time (s): 0.0002319
[2026-09-28 15:02:02.625] [info] Using 1 bytes for DA of the dictionary
[2026-09-28 15:02:02.625] [info] Elapsed time (s): 2.125e-05
[2026-09-28 15:02:02.625] [info] Using 2 bytes for ISA of the dictionary
[2026-09-28 15:02:02.625] [info] Elapsed time (s): 1.805e-05
[2026-09-28 15:02:02.625] [info] Using 2 bytes for LCP of the dictionary
[2026-09-28 15:02:02.625] [info] Elapsed time (s): 4.319e-05
[2026-09-28 15:02:02.625] [info] Using 1 bytes for colex id and inverse colex id array of the dictionary
[2026-09-28 15:02:02.625] [info] Elapsed time (s): 1.357e-05
[2026-09-28 15:02:02.625] [info] Using 8 bytes for computing SA of the dictionary
[2026-09-28 15:02:02.625] [info] Using 1 bytes for storing SA of the dictionary
[2026-09-28 15:02:02.625] [info] Elapsed time (s): 9.84e-06
[2026-09-28 15:02:02.625] [info] Using 1 bytes for DA of the dictionary
[2026-09-28 15:02:02.625] [info] Elapsed time (s): 2.05e-06
[2026-09-28 15:02:02.625] [info] Using 1 bytes for ISA of the dictionary
[2026-09-28 15:02:02.625] [info] Elapsed time (s): 1.87e-06
[2026-09-28 15:02:02.625] [info] Using 1 bytes for LCP of the dictionary
[2026-09-28 15:02:02.625] [info] Elapsed time (s): 2.34e-06
[2026-09-28 15:02:02.625] [info] Computing RMQ over LCP of dictionary
[2026-09-28 15:02:02.625] [info] Elapsed time (s): 7.23e-06
[2026-09-28 15:02:02.625] [info] Using 1 bytes for colex DA of the dictionary
[2026-09-28 15:02:02.625] [info] Using 1 bytes for colex id and inverse colex id array of the dictionary
[2026-09-28 15:02:02.625] [info] Elapsed time (s): 1.177e-05
[2026-09-28 15:02:02.625] [info] Using 8 bytes for computing SA of the parsing
[2026-09-28 15:02:02.625] [info] Using 1 bytes for storing SA of the parsing
[2026-09-28 15:02:02.625] [info] Elapsed time (s): 5.85e-06
[2026-09-28 15:02:02.625] [info] Computing b_p
[2026-09-28 15:02:02.625] [info] Computing b_bwt and M of the parsing
[2026-09-28 15:02:02.625] [info] Computing inverted list of BWT(P)
[2026-09-28 15:02:02.625] [info] Using 1 bytes for storing the inverted list of the BWT of the parse
[2026-09-28 15:02:02.625] [info] Precomputing d lengths
[2026-09-28 15:02:02.625] [info] Precomputing d lengths
[2026-09-28 15:02:02.625] [info] Creating v table
[2026-09-28 15:02:02.625] [info] Creating E arrays
[2026-09-28 15:02:02.625] [info] Computing chunks for parallel execution. Total input size: 2011. Requested chunks: 1
[2026-09-28 15:02:02.626] [info] BWT ranges divided in 1 chunks.
[2026-09-28 15:02:02.627] [info] Chunk 1/1 completed
[2026-09-28 15:02:02.627] [info] Completed rle string merge
[2026-09-28 15:02:02.628] [info] Processed: 0 Skipped: 0
[2026-09-28 15:02:02.628] [info] Chunk 1/1 completed
[2026-09-28 15:02:02.628] [info] Writing out sa values at run heads
[2026-09-28 15:02:02.629] [info] Done
