[2026-09-28 15:02:02.701] [info] Using 8 bytes for computing SA of the dictionary
[2026-09-28 15:02:02.701] [info] Using 2 bytes for storing SA of the dictionary
[2026-09-28 15:02:02.701] [info] Elapsed time (s): 0.000271991
[2026-09-28 15:02:02.701] [info] Using 1 bytes for DA of the dictionary
[2026-09-28 15:02:02.701] [info] Elapsed time (s): 2.311e-05
[2026-09-28 15:02:02.701] [info] Using 2 bytes for ISA of the dictionary
[2026-09-28 15:02:02.701] [info] Elapsed time (s): 2.028e-05
[2026-09-28 15:02:02.701] [info] Using 2 bytes for LCP of the dictionary
[2026-09-28 15:02:02.701] [info] Elapsed time (s): 4.559e-05
[2026-09-28 15:02:02.701] [info] Using 1 bytes for colex id and inverse colex id array of the dictionary
[2026-09-28 15:02:02.701] [info] Elapsed time (s): 1.552e-05
[2026-09-28 15:02:02.701] [info] Using 8 bytes for computing SA of the dictionary
[2026-09-28 15:02:02.701] [info] Using 1 bytes for storing SA of the dictionary
[2026-09-28 15:02:02.701] [info] Elapsed time (s): 1.242e-05
[2026-09-28 15:02:02.701] [info] Using 1 bytes for DA of the dictionary
[2026-09-28 15:02:02.701] [info] Elapsed time (s): 2.38e-06
[2026-09-28 15:02:02.701] [info] Using 1 bytes for ISA of the dictionary
[2026-09-28 15:02:02.701] [info] Elapsed time (s): 2.12e-06
[2026-09-28 15:02:02.701] [info] Using 1 bytes for LCP of the dictionary
[2026-09-28 15:02:02.701] [info] Elapsed time (s): 2.78e-06
[2026-09-28 15:02:02.701] [info] Computing RMQ over LCP of dictionary
[2026-09-28 15:02:02.701] [info] Elapsed time (s): 7.87e-06
[2026-09-28 15:02:02.701] [info] Using 1 bytes for colex DA of the dictionary
[2026-09-28 15:02:02.701] [info] Using 1 bytes for colex id and inverse colex id array of the dictionary
[2026-09-28 15:02:02.701] [info] Elapsed time (s): 1.64e-05
[2026-09-28 15:02:02.701] [info] Using 8 bytes for computing SA of the parsing
[2026-09-28 15:02:02.701] [info] Using 1 bytes for storing SA of the parsing
[2026-09-28 15:02:02.701] [info] Elapsed time (s): 6.11e-06
[2026-09-28 15:02:02.701] [info] Computing b_p
[2026-09-28 15:02:02.701] [info] Computing b_bwt and M of the parsing
[2026-09-28 15:02:02.701] [info] Computing inverted list of BWT(P)
[2026-09-28 15:02:02.701] [info] Using 1 bytes for storing the inverted list of the BWT of the parse
[2026-09-28 15:02:02.701] [info] Precomputing d lengths
[2026-09-28 15:02:02.701] [info] Precomputing d lengths
[2026-09-28 15:02:02.701] [info] Creating v table
[2026-09-28 15:02:02.701] [info] Creating E arrays
[2026-09-28 15:02:02.701] [info] Computing chunks for parallel execution. Total input size: 4012. Requested chunks: 1
[2026-09-28 15:02:02.702] [info] BWT ranges divided in 1 chunks.
[2026-09-28 15:02:02.703] [info] Chunk 1/1 completed
[2026-09-28 15:02:02.703] [info] Completed rle string merge
[2026-09-28 15:02:02.705] [info] Processed: 1765 Skipped: 126
[2026-09-28 15:02:02.705] [info] Chunk 1/1 completed
[2026-09-28 15:02:02.705] [info] Writing out sa values at run heads
[2026-09-28 15:02:02.705] [info] Done
