[2026-09-28 14:39:19.242] [info] Using 8 bytes for computing SA of the dictionary
[2026-09-28 14:39:19.242] [info] Using 2 bytes for storing SA of the dictionary
[2026-09-28 14:39:19.242] [info] Elapsed time (s): 9.978e-05
[2026-09-28 14:39:19.242] [info] Using 1 bytes for DA of the dictionary
[2026-09-28 14:39:19.242] [info] Elapsed time (s): 6.4e-06
[2026-09-28 14:39:19.242] [info] Using 2 bytes for ISA of the dictionary
[2026-09-28 14:39:19.242] [info] Elapsed time (s): 5.37e-06
[2026-09-28 14:39:19.242] [info] Using 1 bytes for LCP of the dictionary
[2026-09-28 14:39:19.242] [info] Elapsed time (s): 8.08e-06
[2026-09-28 14:39:19.242] [info] Using 1 bytes for colex id and inverse colex id array of the dictionary
[2026-09-28 14:39:19.242] [info] Elapsed time (s): 7.221e-06
[2026-09-28 14:39:19.242] [info] Using 8 bytes for computing SA of the dictionary
[2026-09-28 14:39:19.242] [info] Using 1 bytes for storing SA of the dictionary
[2026-09-28 14:39:19.242] [info] Elapsed time (s): 1.285e-05
[2026-09-28 14:39:19.242] [info] Using 1 bytes for DA of the dictionary
[2026-09-28 14:39:19.242] [info] Elapsed time (s): 3.44e-06
[2026-09-28 14:39:19.242] [info] Using 1 bytes for ISA of the dictionary
[2026-09-28 14:39:19.242] [info] Elapsed time (s): 2.55e-06
[2026-09-28 14:39:19.242] [info] Using 1 bytes for LCP of the dictionary
[2026-09-28 14:39:19.242] [info] Elapsed time (s): 3.39e-06
[2026-09-28 14:39:19.242] [info] Computing RMQ over LCP of dictionary
[2026-09-28 14:39:19.242] [info] Elapsed time (s): 9.19e-06
[2026-09-28 14:39:19.242] [info] Using 1 bytes for colex DA of the dictionary
[2026-09-28 14:39:19.242] [info] Using 1 bytes for colex id and inverse colex id array of the dictionary
[2026-09-28 14:39:19.242] [info] Elapsed time (s): 2.084e-05
[2026-09-28 14:39:19.242] [info] Using 8 bytes for computing SA of the parsing
[2026-09-28 14:39:19.242] [info] Using 1 bytes for storing SA of the parsing
[2026-09-28 14:39:19.242] [info] Elapsed time (s): 5.39e-06
[2026-09-28 14:39:19.242] [info] Computing b_p
[2026-09-28 14:39:19.242] [info] Computing b_bwt and M of the parsing
[2026-09-28 14:39:19.242] [info] Computing inverted list of BWT(P)
[2026-09-28 14:39:19.242] [info] Using 1 bytes for storing the inverted list of the BWT of the parse
[2026-09-28 14:39:19.242] [info] Precomputing d lengths
[2026-09-28 14:39:19.242] [info] Precomputing d lengths
[2026-09-28 14:39:19.242] [info] Creating v table
[2026-09-28 14:39:19.242] [info] Creating E arrays
[2026-09-28 14:39:19.242] [info] Computing chunks for parallel execution. Total input size: 18013. Requested chunks: 1
[2026-09-28 14:39:19.242] [info] BWT ranges divided in 1 chunks.
[2026-09-28 14:39:19.242] [info] Chunk 1/1 completed
[2026-09-28 14:39:19.243] [info] Completed rle string merge
[2026-09-28 14:39:19.246] [info] Processed: 14012 Skipped: 3678
[2026-09-28 14:39:19.246] [info] Chunk 1/1 completed
[2026-09-28 14:39:19.246] [info] Writing out sa values at run heads
[2026-09-28 14:39:19.246] [info] Done
