{
  "native": "/tmp/pfp-agc-gates/yeast235-native.sxi",
  "control": "/tmp/sxi-stream/yeast/yeast235-control.sxi",
  "native_bytes": 1804487132,
  "control_bytes": 1804487132,
  "all_five_equal": true,
  "members": [
    {
      "member": 1,
      "bytes": 504527273,
      "count": 100905045,
      "byte_equal": true,
      "sha256": "663a45ab36f5b90e95e77bc1d652f9066777183c559e6620fe2a74ad1bec9b07",
      "control_sha256": "663a45ab36f5b90e95e77bc1d652f9066777183c559e6620fe2a74ad1bec9b07"
    },
    {
      "member": 2,
      "bytes": 403620193,
      "count": 100905045,
      "byte_equal": true,
      "sha256": "851d352d51fb073900f1f56c6d54da0783606643e377db774c6e05d91fa8f51e",
      "control_sha256": "851d352d51fb073900f1f56c6d54da0783606643e377db774c6e05d91fa8f51e"
    },
    {
      "member": 3,
      "bytes": 807240360,
      "count": 100905045,
      "byte_equal": true,
      "sha256": "d73ff6b02f2c73051264f13c8ec02f4839b52e632cb54f0df840f38b2aeb203e",
      "control_sha256": "d73ff6b02f2c73051264f13c8ec02f4839b52e632cb54f0df840f38b2aeb203e"
    },
    {
      "member": 4,
      "bytes": 12,
      "count": 0,
      "byte_equal": true,
      "sha256": "0da64314dec135e73e86cba36a52479f4664f4b2b93ae87c9ff1834e9456298e",
      "control_sha256": "0da64314dec135e73e86cba36a52479f4664f4b2b93ae87c9ff1834e9456298e"
    },
    {
      "member": 5,
      "bytes": 88747090,
      "count": 85404336,
      "byte_equal": true,
      "sha256": "dd454f133287ff25bd5399c93d70d8310699e23c1c897485a151db8f28a75945",
      "control_sha256": "dd454f133287ff25bd5399c93d70d8310699e23c1c897485a151db8f28a75945"
    }
  ]
}
