CORRECTION BBM_1a#0 BBM_1a#0#chrII 1825:15 8429 -> 8431
total=3336986759 segments=284239 corrections=1 packs=10536
	Command being timed: "/tmp/pfp-agc-length-probe /home/erikg/yeast/yeast235.agc"
	User time (seconds): 0.72
	System time (seconds): 0.15
	Percent of CPU this job got: 99%
	Elapsed (wall clock) time (h:mm:ss or m:ss): 0:00.87
	Average shared text size (kbytes): 0
	Average unshared data size (kbytes): 0
	Average stack size (kbytes): 0
	Average total size (kbytes): 0
	Maximum resident set size (kbytes): 30476
	Average resident set size (kbytes): 0
	Major (requiring I/O) page faults: 0
	Minor (reclaiming a frame) page faults: 11166
	Voluntary context switches: 1
	Involuntary context switches: 2
	Swaps: 0
	File system inputs: 0
	File system outputs: 824
	Socket messages sent: 0
	Socket messages received: 0
	Signals delivered: 0
	Page size (bytes): 4096
	Exit status: 0
