[2026-09-28 14:30:19.939] [info] Current Configuration:
; PFP++

; Integers file to parse.
int32t="/tmp/pfp-agc-gates/xsa-build-xa6x1abc/parse.parse"

; Read -t as AGC: archive order, uppercase reversed contigs, 0x1e separators.
agc=false

; Sliding window size.
window-size=5

; Modulo used during parsing.
modulo=11

; Number of threads.
threads=16

; Temporary files directory.
tmp-dir="/tmp/pfp-agc-gates/xsa-build-xa6x1abc"

; Also output compressed the dictionary.
compress-dictionary=false

; Use reference parse to avoid re-parsing.
use-vcf-acceleration=false

; Print out csv containing stats.
print-statistics=false

; Output count for each dictionary phrase.
output-occurrences=false

; Output sai array.
output-sai=false

; Output last array.
output-last=false

; Convert all non ACGT characters from a VCF or FASTA file to N.
acgt-only=false

; Verbose output.
verbose=false

; Version number.
version=false

[2026-09-28 14:30:19.940] [info] Parsing /tmp/pfp-agc-gates/xsa-build-xa6x1abc/parse.parse
[2026-09-28 14:30:21.505] [info] Main parser: Replacing hash values with ranks.
[2026-09-28 14:30:23.109] [info] Main parser: writing dictionary on disk NOT COMPRESSED
[2026-09-28 14:30:23.448] [info] No properties requested.
[2026-09-28 14:30:23.448] [info] Main parser: closed
[2026-09-28 14:30:23.570] [info] Parser Integers -	Parse size: 3083086	Dic Size: 1317105 Dic Total Length: 97533768
[Disk Write (bytes): 139799224]
