[2026-09-28 17:35:45.611] [info] Using 8 bytes for computing SA of the dictionary
[2026-09-28 17:35:45.612] [info] Using 2 bytes for storing SA of the dictionary
[2026-09-28 17:35:45.612] [info] Elapsed time (s): 0.001422122
[2026-09-28 17:35:45.612] [info] Using 1 bytes for DA of the dictionary
[2026-09-28 17:35:45.612] [info] Elapsed time (s): 0.00017689
[2026-09-28 17:35:45.612] [info] Using 2 bytes for ISA of the dictionary
[2026-09-28 17:35:45.612] [info] Elapsed time (s): 0.00015243
[2026-09-28 17:35:45.612] [info] Using 2 bytes for LCP of the dictionary
[2026-09-28 17:35:45.613] [info] Elapsed time (s): 0.000392081
[2026-09-28 17:35:45.613] [info] Using 1 bytes for colex id and inverse colex id array of the dictionary
[2026-09-28 17:35:45.613] [info] Elapsed time (s): 0.00010524
[2026-09-28 17:35:45.613] [info] Using 8 bytes for computing SA of the dictionary
[2026-09-28 17:35:45.613] [info] Using 2 bytes for storing SA of the dictionary
[2026-09-28 17:35:45.613] [info] Elapsed time (s): 2.37e-05
[2026-09-28 17:35:45.613] [info] Using 1 bytes for DA of the dictionary
[2026-09-28 17:35:45.613] [info] Elapsed time (s): 3.66e-06
[2026-09-28 17:35:45.613] [info] Using 2 bytes for ISA of the dictionary
[2026-09-28 17:35:45.613] [info] Elapsed time (s): 3.2e-06
[2026-09-28 17:35:45.613] [info] Using 1 bytes for LCP of the dictionary
[2026-09-28 17:35:45.613] [info] Elapsed time (s): 4.01e-06
[2026-09-28 17:35:45.613] [info] Computing RMQ over LCP of dictionary
[2026-09-28 17:35:45.613] [info] Elapsed time (s): 8.37e-06
[2026-09-28 17:35:45.613] [info] Using 1 bytes for colex DA of the dictionary
[2026-09-28 17:35:45.613] [info] Using 1 bytes for colex id and inverse colex id array of the dictionary
[2026-09-28 17:35:45.613] [info] Elapsed time (s): 3.044e-05
[2026-09-28 17:35:45.613] [info] Using 8 bytes for computing SA of the parsing
[2026-09-28 17:35:45.613] [info] Using 1 bytes for storing SA of the parsing
[2026-09-28 17:35:45.613] [info] Elapsed time (s): 5.05e-06
[2026-09-28 17:35:45.613] [info] Computing b_p
[2026-09-28 17:35:45.613] [info] Computing b_bwt and M of the parsing
[2026-09-28 17:35:45.613] [info] Computing inverted list of BWT(P)
[2026-09-28 17:35:45.613] [info] Using 1 bytes for storing the inverted list of the BWT of the parse
[2026-09-28 17:35:45.613] [info] Precomputing d lengths
[2026-09-28 17:35:45.613] [info] Precomputing d lengths
[2026-09-28 17:35:45.613] [info] Creating v table
[2026-09-28 17:35:45.613] [info] Creating E arrays
[2026-09-28 17:35:45.613] [info] Computing chunks for parallel execution. Total input size: 20011. Requested chunks: 1
[2026-09-28 17:35:45.618] [info] BWT ranges divided in 1 chunks.
[2026-09-28 17:35:45.624] [info] Chunk 1/1 completed
[2026-09-28 17:35:45.625] [info] Completed rle string merge
[2026-09-28 17:35:45.639] [info] Processed: 1 Skipped: 0
[2026-09-28 17:35:45.639] [info] Chunk 1/1 completed
[2026-09-28 17:35:45.639] [info] Writing out sa values at run heads
[2026-09-28 17:35:45.639] [info] Done
