	Command being timed: "cmp /tmp/laneS/yeast.phi.agg /tmp/laneY/yeast_pfp2.agg"
	User time (seconds): 0.46
	System time (seconds): 4.02
	Percent of CPU this job got: 96%
	Elapsed (wall clock) time (h:mm:ss or m:ss): 0:04.63
	Average shared text size (kbytes): 0
	Average unshared data size (kbytes): 0
	Average stack size (kbytes): 0
	Average total size (kbytes): 0
	Maximum resident set size (kbytes): 0
	Average resident set size (kbytes): 0
	Major (requiring I/O) page faults: 0
	Minor (reclaiming a frame) page faults: 100
	Voluntary context switches: 2052
	Involuntary context switches: 26
	Swaps: 0
	File system inputs: 3969288
	File system outputs: 0
	Socket messages sent: 0
	Socket messages received: 0
	Signals delivered: 0
	Page size (bytes): 4096
	Exit status: 0
