PASS saFirst byte identity runs=100904881 bytes=807239048
	Command being timed: "python3 bit6/phi_inverse_check.py column /tmp/laneY/yeast_pfp2.agg /tmp/laneS/yp2.phi.head_sa"
	User time (seconds): 1.53
	System time (seconds): 10.00
	Percent of CPU this job got: 374%
	Elapsed (wall clock) time (h:mm:ss or m:ss): 0:03.07
	Average shared text size (kbytes): 0
	Average unshared data size (kbytes): 0
	Average stack size (kbytes): 0
	Average total size (kbytes): 0
	Maximum resident set size (kbytes): 67052
	Average resident set size (kbytes): 0
	Major (requiring I/O) page faults: 27
	Minor (reclaiming a frame) page faults: 218588
	Voluntary context switches: 955
	Involuntary context switches: 60
	Swaps: 0
	File system inputs: 1331904
	File system outputs: 8
	Socket messages sent: 0
	Socket messages received: 0
	Signals delivered: 0
	Page size (bytes): 4096
	Exit status: 0
