PHI_META n=3336986760 intervals=100904881 offset=1185632418 bits_per_interval=81 image_bytes=2421717144 threads=64
PHI_PHASE decode-images elapsed=3.440836 peak_kib=3307648
PHI_PHASE sort-images elapsed=8.413005 peak_kib=3307648
PHI_PHASE validate-permutation elapsed=8.860510 peak_kib=3307648
RI4_META n=3336986760 runs=100904881 sample_width=32
PHI_PROGRESS heads=1048576/100904881
PHI_PHASE query elapsed=9.145129 peak_kib=3307648
PHI_PROGRESS heads=68157440/100904881
PHI_PHASE query elapsed=23.426572 peak_kib=3307648
PHI_PHASE complete elapsed=26.723620 peak_kib=3307648
PHI_PASS all_values_in_range=1 permutation_validated=1 lf_steps=0 heads=100904881
	Command being timed: "/tmp/laneS/phi_inverse_heads /mnt/nvme3n1/erikg/sxgc-yeast/grl/yp2t.lcp_index.lcp_index /tmp/laneQ/pass3/yp2real.ri4 /tmp/laneS/yp2.parallel.phi.head_sa 64"
	User time (seconds): 806.72
	System time (seconds): 48.68
	Percent of CPU this job got: 3151%
	Elapsed (wall clock) time (h:mm:ss or m:ss): 0:27.14
	Average shared text size (kbytes): 0
	Average unshared data size (kbytes): 0
	Average stack size (kbytes): 0
	Average total size (kbytes): 0
	Maximum resident set size (kbytes): 3307648
	Average resident set size (kbytes): 0
	Major (requiring I/O) page faults: 0
	Minor (reclaiming a frame) page faults: 2517799
	Voluntary context switches: 16054
	Involuntary context switches: 2490
	Swaps: 0
	File system inputs: 0
	File system outputs: 1576664
	Socket messages sent: 0
	Socket messages received: 0
	Signals delivered: 0
	Page size (bytes): 4096
	Exit status: 0
