SORTED actual count=85404240
SORTED expected count=85404240
PASS numpy sorted-set equality=True count=85404240 (multiset equality also checked)
	Command being timed: "python3 /tmp/sxgc-laneS/bit6/phi_inverse_check.py sets /tmp/laneS/yeast.phi.sA /mnt/nvme3n1/erikg/sxgc-yeast/grl/chi_yeast_pfp2.sA 85404240 /tmp/laneS/yeast-sets"
	User time (seconds): 17.42
	System time (seconds): 12.39
	Percent of CPU this job got: 136%
	Elapsed (wall clock) time (h:mm:ss or m:ss): 0:21.86
	Average shared text size (kbytes): 0
	Average unshared data size (kbytes): 0
	Average stack size (kbytes): 0
	Average total size (kbytes): 0
	Maximum resident set size (kbytes): 2036268
	Average resident set size (kbytes): 0
	Major (requiring I/O) page faults: 15151
	Minor (reclaiming a frame) page faults: 617622
	Voluntary context switches: 5304
	Involuntary context switches: 139
	Swaps: 0
	File system inputs: 1334744
	File system outputs: 3385248
	Socket messages sent: 0
	Socket messages received: 0
	Signals delivered: 0
	Page size (bytes): 4096
	Exit status: 0
