	Command being timed: "cmp /tmp/laneS/h10.phi.head_sa /mnt/nvme3n1/erikg/sxgc-pilot/k10/h10.head_sa"
	User time (seconds): 1.18
	System time (seconds): 10.48
	Percent of CPU this job got: 99%
	Elapsed (wall clock) time (h:mm:ss or m:ss): 0:11.67
	Average shared text size (kbytes): 0
	Average unshared data size (kbytes): 0
	Average stack size (kbytes): 0
	Average total size (kbytes): 0
	Maximum resident set size (kbytes): 0
	Average resident set size (kbytes): 0
	Major (requiring I/O) page faults: 0
	Minor (reclaiming a frame) page faults: 164
	Voluntary context switches: 2
	Involuntary context switches: 16
	Swaps: 0
	File system inputs: 8
	File system outputs: 0
	Socket messages sent: 0
	Socket messages received: 0
	Signals delivered: 0
	Page size (bytes): 4096
	Exit status: 0
