   Compiling generic-array v0.14.7
   Compiling xsa v0.1.0 (/tmp/sxgc-laneV/xsa)
   Compiling crypto-common v0.1.7
   Compiling block-buffer v0.10.4
   Compiling digest v0.10.7
   Compiling sha2 v0.10.9
warning: variable does not need to be mutable
   --> src/main.rs:585:9
    |
585 |     let mut next_rng = |mut x: u64| -> u64 {
    |         ----^^^^^^^^
    |         |
    |         help: remove this `mut`
    |
    = note: `#[warn(unused_mut)]` (part of `#[warn(unused)]`) on by default

warning: value assigned to `tanchor` is never read
   --> src/main.rs:637:31
    |
637 |             let mut tanchor = 0u64;
    |                               ^^^^ this value is reassigned later and never used
...
645 |                         tanchor = r;
    |                         ----------- `tanchor` is overwritten here before the previous value is read
    |
    = note: `#[warn(unused_assignments)]` (part of `#[warn(unused)]`) on by default

warning: value assigned to `tsample` is never read
   --> src/main.rs:638:31
    |
638 |             let mut tsample = 0u64;
    |                               ^^^^ this value is reassigned later and never used
...
646 |                         tsample = idx.sa.get(r);
    |                         ----------------------- `tsample` is overwritten here before the previous value is read

warning: variable does not need to be mutable
   --> src/main.rs:791:9
    |
791 |     let mut read_flat = |flatf: &mut File, pos: u64, want: usize| -> Vec<u8> {
    |         ----^^^^^^^^^
    |         |
    |         help: remove this `mut`

warning: field `bits` is never read
   --> src/main.rs:129:5
    |
128 | struct PackedSa {
    |        -------- field in this struct
129 |     bits: u64,          // total size IN BITS
    |     ^^^^
    |
    = note: `#[warn(dead_code)]` (part of `#[warn(unused)]`) on by default

warning: method `s_at` is never used
   --> src/main.rs:339:8
    |
203 | impl Ri4 {
    | -------- method in this implementation
...
339 |     fn s_at(&self, j: u64) -> u64 {
    |        ^^^^

warning: `xsa` (bin "xsa") generated 6 warnings (run `cargo fix --bin "xsa" -p xsa` to apply 2 suggestions)
    Finished `release` profile [optimized] target(s) in 4m 02s
