[2026-09-29 13:54:02.709] [info] Using 8 bytes for computing SA of the dictionary
[2026-09-29 14:14:39.269] [info] Using 5 bytes for storing SA of the dictionary
[2026-09-29 14:15:14.606] [info] Elapsed time (s): 1271.89692598
[2026-09-29 14:15:18.950] [info] Using 4 bytes for DA of the dictionary
[2026-09-29 14:25:15.182] [info] Elapsed time (s): 596.231705965
[2026-09-29 14:25:15.182] [info] Using 5 bytes for ISA of the dictionary
[2026-09-29 14:31:37.573] [info] Elapsed time (s): 382.391337674
[2026-09-29 14:31:37.573] [info] Using 3 bytes for LCP of the dictionary
[2026-09-29 14:42:07.346] [info] Elapsed time (s): 629.773212486
[2026-09-29 14:42:07.346] [info] Using 4 bytes for colex id and inverse colex id array of the dictionary
[2026-09-29 14:43:28.828] [info] Elapsed time (s): 81.481723001
[2026-09-29 14:43:31.738] [info] Using 8 bytes for computing SA of the dictionary
[2026-09-29 14:45:00.494] [info] Using 4 bytes for storing SA of the dictionary
[2026-09-29 14:45:02.039] [info] Elapsed time (s): 90.301659788
[2026-09-29 14:45:02.264] [info] Using 3 bytes for DA of the dictionary
[2026-09-29 14:45:14.442] [info] Elapsed time (s): 12.178326781
[2026-09-29 14:45:14.442] [info] Using 4 bytes for ISA of the dictionary
[2026-09-29 14:45:24.566] [info] Elapsed time (s): 10.124339693
[2026-09-29 14:45:24.566] [info] Using 2 bytes for LCP of the dictionary
[2026-09-29 14:45:41.227] [info] Elapsed time (s): 16.660690413
[2026-09-29 14:45:41.227] [info] Computing RMQ over LCP of dictionary
[2026-09-29 14:45:46.473] [info] Elapsed time (s): 5.246213985
[2026-09-29 14:45:46.473] [info] Using 3 bytes for colex DA of the dictionary
[2026-09-29 14:45:46.979] [info] Using 3 bytes for colex id and inverse colex id array of the dictionary
[2026-09-29 14:46:36.637] [info] Elapsed time (s): 50.16374286
[2026-09-29 14:46:36.680] [info] Using 8 bytes for computing SA of the parsing
[2026-09-29 14:46:50.563] [info] Using 4 bytes for storing SA of the parsing
[2026-09-29 14:46:50.669] [info] Elapsed time (s): 13.988574281
[2026-09-29 14:46:57.715] [info] Computing b_p
[2026-09-29 14:47:05.698] [info] Computing b_bwt and M of the parsing
[2026-09-29 14:48:22.130] [info] Computing inverted list of BWT(P)
[2026-09-29 14:48:22.381] [info] Using 4 bytes for storing the inverted list of the BWT of the parse
[2026-09-29 14:48:25.519] [info] Precomputing d lengths
[2026-09-29 14:48:29.545] [info] Precomputing d lengths
[2026-09-29 14:48:43.543] [info] Creating v table
[2026-09-29 14:49:58.854] [info] Creating E arrays
[2026-09-29 14:50:18.269] [info] Computing chunks for parallel execution. Total input size: 30151407555. Requested chunks: 50
[2026-09-29 15:39:28.595] [info] BWT ranges divided in 50 chunks.
[2026-09-29 15:41:55.879] [info] Chunk 38/50 completed
[2026-09-29 15:41:56.036] [info] Chunk 11/50 completed
[2026-09-29 15:41:57.090] [info] Chunk 9/50 completed
[2026-09-29 15:41:58.424] [info] Chunk 8/50 completed
[2026-09-29 15:41:58.459] [info] Chunk 19/50 completed
[2026-09-29 15:41:58.555] [info] Chunk 24/50 completed
[2026-09-29 15:41:58.648] [info] Chunk 48/50 completed
[2026-09-29 15:41:58.845] [info] Chunk 33/50 completed
[2026-09-29 15:41:58.992] [info] Chunk 44/50 completed
[2026-09-29 15:41:59.168] [info] Chunk 5/50 completed
[2026-09-29 15:41:59.210] [info] Chunk 35/50 completed
[2026-09-29 15:41:59.225] [info] Chunk 34/50 completed
[2026-09-29 15:41:59.492] [info] Chunk 41/50 completed
[2026-09-29 15:42:00.000] [info] Chunk 31/50 completed
[2026-09-29 15:42:00.120] [info] Chunk 32/50 completed
[2026-09-29 15:42:00.221] [info] Chunk 43/50 completed
[2026-09-29 15:42:00.392] [info] Chunk 15/50 completed
[2026-09-29 15:42:00.408] [info] Chunk 17/50 completed
[2026-09-29 15:42:00.454] [info] Chunk 22/50 completed
[2026-09-29 15:42:00.459] [info] Chunk 37/50 completed
[2026-09-29 15:42:00.687] [info] Chunk 14/50 completed
[2026-09-29 15:42:00.765] [info] Chunk 2/50 completed
[2026-09-29 15:42:00.914] [info] Chunk 21/50 completed
[2026-09-29 15:42:00.934] [info] Chunk 13/50 completed
[2026-09-29 15:42:01.056] [info] Chunk 26/50 completed
[2026-09-29 15:42:01.125] [info] Chunk 27/50 completed
[2026-09-29 15:42:01.190] [info] Chunk 29/50 completed
[2026-09-29 15:42:01.374] [info] Chunk 42/50 completed
[2026-09-29 15:42:01.821] [info] Chunk 4/50 completed
[2026-09-29 15:42:01.841] [info] Chunk 7/50 completed
[2026-09-29 15:42:01.968] [info] Chunk 47/50 completed
[2026-09-29 15:42:02.009] [info] Chunk 30/50 completed
[2026-09-29 15:42:02.018] [info] Chunk 12/50 completed
[2026-09-29 15:42:02.690] [info] Chunk 3/50 completed
[2026-09-29 15:42:02.766] [info] Chunk 28/50 completed
[2026-09-29 15:42:02.952] [info] Chunk 10/50 completed
[2026-09-29 15:42:03.273] [info] Chunk 45/50 completed
[2026-09-29 15:42:03.354] [info] Chunk 16/50 completed
[2026-09-29 15:42:03.600] [info] Chunk 18/50 completed
[2026-09-29 15:42:04.161] [info] Chunk 40/50 completed
[2026-09-29 15:42:04.166] [info] Chunk 25/50 completed
[2026-09-29 15:42:04.180] [info] Chunk 46/50 completed
[2026-09-29 15:42:05.254] [info] Chunk 6/50 completed
[2026-09-29 15:42:05.980] [info] Chunk 39/50 completed
[2026-09-29 15:42:06.242] [info] Chunk 23/50 completed
[2026-09-29 15:42:06.535] [info] Chunk 20/50 completed
[2026-09-29 15:42:22.476] [info] Chunk 1/50 completed
[2026-09-29 15:42:32.174] [info] Chunk 36/50 completed
[2026-09-29 15:44:04.105] [info] Chunk 50/50 completed
[2026-09-29 15:44:16.821] [info] Chunk 49/50 completed
[2026-09-29 15:45:32.703] [info] Completed rle string merge
[2026-09-29 15:54:55.648] [info] Processed: 381696701 Skipped: 144764518
[2026-09-29 15:54:55.648] [info] Chunk 19/50 completed
[2026-09-29 15:55:03.686] [info] Processed: 405533022 Skipped: 123022978
[2026-09-29 15:55:03.686] [info] Chunk 35/50 completed
[2026-09-29 15:55:04.254] [info] Processed: 386676496 Skipped: 139288709
[2026-09-29 15:55:04.254] [info] Chunk 20/50 completed
[2026-09-29 15:55:07.874] [info] Processed: 383962627 Skipped: 142541964
[2026-09-29 15:55:07.874] [info] Chunk 16/50 completed
[2026-09-29 15:55:09.111] [info] Processed: 400972737 Skipped: 129182756
[2026-09-29 15:55:09.111] [info] Chunk 11/50 completed
[2026-09-29 15:55:09.410] [info] Processed: 403917309 Skipped: 124385024
[2026-09-29 15:55:09.410] [info] Chunk 37/50 completed
[2026-09-29 15:55:09.537] [info] Processed: 386841220 Skipped: 141069925
[2026-09-29 15:55:09.537] [info] Chunk 24/50 completed
[2026-09-29 15:55:10.313] [info] Processed: 397915068 Skipped: 130176907
[2026-09-29 15:55:10.313] [info] Chunk 3/50 completed
[2026-09-29 15:55:10.342] [info] Processed: 389487128 Skipped: 136715138
[2026-09-29 15:55:10.342] [info] Chunk 25/50 completed
[2026-09-29 15:55:10.756] [info] Processed: 399762302 Skipped: 127426160
[2026-09-29 15:55:10.756] [info] Chunk 46/50 completed
[2026-09-29 15:55:11.341] [info] Processed: 395571296 Skipped: 131934656
[2026-09-29 15:55:11.341] [info] Chunk 44/50 completed
[2026-09-29 15:55:13.579] [info] Processed: 399166478 Skipped: 129026674
[2026-09-29 15:55:13.579] [info] Chunk 8/50 completed
[2026-09-29 15:55:15.270] [info] Processed: 401278606 Skipped: 125815438
[2026-09-29 15:55:15.270] [info] Chunk 30/50 completed
[2026-09-29 15:55:17.121] [info] Processed: 403360392 Skipped: 124634166
[2026-09-29 15:55:17.122] [info] Chunk 42/50 completed
[2026-09-29 15:55:18.028] [info] Processed: 408786185 Skipped: 119136442
[2026-09-29 15:55:18.028] [info] Chunk 48/50 completed
[2026-09-29 15:55:18.073] [info] Processed: 402528859 Skipped: 125180823
[2026-09-29 15:55:18.073] [info] Chunk 38/50 completed
[2026-09-29 15:55:19.383] [info] Processed: 398835572 Skipped: 127994903
[2026-09-29 15:55:19.383] [info] Chunk 41/50 completed
[2026-09-29 15:55:20.182] [info] Processed: 411015745 Skipped: 116218990
[2026-09-29 15:55:20.182] [info] Chunk 47/50 completed
[2026-09-29 15:55:23.181] [info] Processed: 405257677 Skipped: 121789860
[2026-09-29 15:55:23.181] [info] Chunk 45/50 completed
[2026-09-29 15:55:23.563] [info] Processed: 402193780 Skipped: 125253435
[2026-09-29 15:55:23.563] [info] Chunk 33/50 completed
[2026-09-29 15:55:24.747] [info] Processed: 408693185 Skipped: 119478408
[2026-09-29 15:55:24.747] [info] Chunk 40/50 completed
[2026-09-29 15:55:25.649] [info] Processed: 410864478 Skipped: 116447604
[2026-09-29 15:55:25.649] [info] Chunk 9/50 completed
[2026-09-29 15:55:27.512] [info] Processed: 397258591 Skipped: 130889403
[2026-09-29 15:55:27.512] [info] Chunk 27/50 completed
[2026-09-29 15:55:30.482] [info] Processed: 414143317 Skipped: 113562981
[2026-09-29 15:55:30.482] [info] Chunk 14/50 completed
[2026-09-29 15:55:32.290] [info] Processed: 388837730 Skipped: 138986628
[2026-09-29 15:55:32.290] [info] Chunk 17/50 completed
[2026-09-29 15:55:34.596] [info] Processed: 414283908 Skipped: 112677932
[2026-09-29 15:55:34.596] [info] Chunk 5/50 completed
[2026-09-29 15:55:41.982] [info] Processed: 409265748 Skipped: 114789527
[2026-09-29 15:55:41.982] [info] Chunk 39/50 completed
[2026-09-29 15:55:47.563] [info] Processed: 391086246 Skipped: 135852839
[2026-09-29 15:55:47.563] [info] Chunk 7/50 completed
[2026-09-29 15:55:51.624] [info] Processed: 400726119 Skipped: 127871209
[2026-09-29 15:55:51.624] [info] Chunk 10/50 completed
[2026-09-29 15:55:55.074] [info] Processed: 387482809 Skipped: 139811018
[2026-09-29 15:55:55.075] [info] Chunk 18/50 completed
[2026-09-29 15:55:56.676] [info] Processed: 382286188 Skipped: 145561649
[2026-09-29 15:55:56.676] [info] Chunk 22/50 completed
[2026-09-29 15:55:58.129] [info] Processed: 388800436 Skipped: 138618843
[2026-09-29 15:55:58.129] [info] Chunk 29/50 completed
[2026-09-29 15:56:09.282] [info] Processed: 406413784 Skipped: 120217097
[2026-09-29 15:56:09.282] [info] Chunk 6/50 completed
[2026-09-29 15:56:14.580] [info] Processed: 402356043 Skipped: 126271168
[2026-09-29 15:56:14.580] [info] Chunk 31/50 completed
[2026-09-29 15:56:22.263] [info] Processed: 387799012 Skipped: 141353939
[2026-09-29 15:56:22.263] [info] Chunk 23/50 completed
[2026-09-29 15:56:22.384] [info] Processed: 407434955 Skipped: 109900301
[2026-09-29 15:56:22.384] [info] Chunk 36/50 completed
[2026-09-29 15:56:23.431] [info] Processed: 399047484 Skipped: 129352004
[2026-09-29 15:56:23.431] [info] Chunk 28/50 completed
[2026-09-29 15:56:26.588] [info] Processed: 412957967 Skipped: 114870135
[2026-09-29 15:56:26.588] [info] Chunk 2/50 completed
[2026-09-29 15:56:33.816] [info] Processed: 379334480 Skipped: 148236037
[2026-09-29 15:56:33.817] [info] Chunk 21/50 completed
[2026-09-29 15:56:35.187] [info] Processed: 415914588 Skipped: 111312209
[2026-09-29 15:56:35.187] [info] Chunk 15/50 completed
[2026-09-29 15:56:37.313] [info] Processed: 414571851 Skipped: 116589904
[2026-09-29 15:56:37.313] [info] Chunk 4/50 completed
[2026-09-29 15:56:38.642] [info] Processed: 409286364 Skipped: 119527139
[2026-09-29 15:56:38.642] [info] Chunk 12/50 completed
[2026-09-29 15:56:39.472] [info] Processed: 408026198 Skipped: 115889867
[2026-09-29 15:56:39.472] [info] Chunk 13/50 completed
[2026-09-29 15:56:39.822] [info] Processed: 392912598 Skipped: 135467188
[2026-09-29 15:56:39.822] [info] Chunk 34/50 completed
[2026-09-29 15:56:54.560] [info] Processed: 414830070 Skipped: 113838314
[2026-09-29 15:56:54.560] [info] Chunk 43/50 completed
[2026-09-29 15:56:54.861] [info] Processed: 418247179 Skipped: 108646500
[2026-09-29 15:56:54.862] [info] Chunk 26/50 completed
[2026-09-29 15:56:57.711] [info] Processed: 405739347 Skipped: 124308906
[2026-09-29 15:56:57.711] [info] Chunk 32/50 completed
[2026-09-29 15:57:04.964] [info] Processed: 403301695 Skipped: 124719840
[2026-09-29 15:57:04.964] [info] Chunk 1/50 completed
[2026-09-29 16:02:34.463] [info] Processed: 418174828 Skipped: 110067762
[2026-09-29 16:02:34.463] [info] Chunk 49/50 completed
[2026-09-29 16:02:39.042] [info] Processed: 427747694 Skipped: 104414838
[2026-09-29 16:02:39.042] [info] Chunk 50/50 completed
[2026-09-29 16:02:39.042] [info] Writing out sa values at run heads
[2026-09-29 16:03:22.401] [info] Done
