[2026-09-29 13:25:05.238] [info] Using 8 bytes for computing SA of the dictionary
[2026-09-29 13:25:05.238] [info] Using 2 bytes for storing SA of the dictionary
[2026-09-29 13:25:05.238] [info] Elapsed time (s): 0.00022896
[2026-09-29 13:25:05.238] [info] Using 1 bytes for DA of the dictionary
[2026-09-29 13:25:05.238] [info] Elapsed time (s): 1.83e-05
[2026-09-29 13:25:05.239] [info] Using 2 bytes for ISA of the dictionary
[2026-09-29 13:25:05.239] [info] Elapsed time (s): 1.594e-05
[2026-09-29 13:25:05.239] [info] Using 2 bytes for LCP of the dictionary
[2026-09-29 13:25:05.239] [info] Elapsed time (s): 3.617e-05
[2026-09-29 13:25:05.239] [info] Using 1 bytes for colex id and inverse colex id array of the dictionary
[2026-09-29 13:25:05.239] [info] Elapsed time (s): 1.007e-05
[2026-09-29 13:25:05.239] [info] Using 8 bytes for computing SA of the dictionary
[2026-09-29 13:25:05.239] [info] Using 1 bytes for storing SA of the dictionary
[2026-09-29 13:25:05.239] [info] Elapsed time (s): 6.65e-06
[2026-09-29 13:25:05.239] [info] Using 1 bytes for DA of the dictionary
[2026-09-29 13:25:05.239] [info] Elapsed time (s): 1.98e-06
[2026-09-29 13:25:05.239] [info] Using 1 bytes for ISA of the dictionary
[2026-09-29 13:25:05.239] [info] Elapsed time (s): 1.8e-06
[2026-09-29 13:25:05.239] [info] Using 1 bytes for LCP of the dictionary
[2026-09-29 13:25:05.239] [info] Elapsed time (s): 2e-06
[2026-09-29 13:25:05.239] [info] Computing RMQ over LCP of dictionary
[2026-09-29 13:25:05.239] [info] Elapsed time (s): 5.2e-06
[2026-09-29 13:25:05.239] [info] Using 1 bytes for colex DA of the dictionary
[2026-09-29 13:25:05.239] [info] Using 1 bytes for colex id and inverse colex id array of the dictionary
[2026-09-29 13:25:05.239] [info] Elapsed time (s): 8.86e-06
[2026-09-29 13:25:05.239] [info] Using 8 bytes for computing SA of the parsing
[2026-09-29 13:25:05.239] [info] Using 1 bytes for storing SA of the parsing
[2026-09-29 13:25:05.239] [info] Elapsed time (s): 4.24e-06
[2026-09-29 13:25:05.239] [info] Computing b_p
[2026-09-29 13:25:05.239] [info] Computing b_bwt and M of the parsing
[2026-09-29 13:25:05.239] [info] Computing inverted list of BWT(P)
[2026-09-29 13:25:05.239] [info] Using 1 bytes for storing the inverted list of the BWT of the parse
[2026-09-29 13:25:05.239] [info] Precomputing d lengths
[2026-09-29 13:25:05.239] [info] Precomputing d lengths
[2026-09-29 13:25:05.239] [info] Creating v table
[2026-09-29 13:25:05.239] [info] Creating E arrays
[2026-09-29 13:25:05.239] [info] Computing chunks for parallel execution. Total input size: 1823. Requested chunks: 1
[2026-09-29 13:25:05.239] [info] BWT ranges divided in 1 chunks.
[2026-09-29 13:25:05.240] [info] Chunk 1/1 completed
[2026-09-29 13:25:05.240] [info] Completed rle string merge
[2026-09-29 13:25:05.241] [info] Processed: 0 Skipped: 0
[2026-09-29 13:25:05.241] [info] Chunk 1/1 completed
[2026-09-29 13:25:05.241] [info] Writing out sa values at run heads
[2026-09-29 13:25:05.241] [info] Done
