[2026-09-29 13:23:50.961] [info] Using 8 bytes for computing SA of the dictionary
[2026-09-29 13:23:50.962] [info] Using 2 bytes for storing SA of the dictionary
[2026-09-29 13:23:50.962] [info] Elapsed time (s): 0.00028802
[2026-09-29 13:23:50.962] [info] Using 1 bytes for DA of the dictionary
[2026-09-29 13:23:50.962] [info] Elapsed time (s): 2.074e-05
[2026-09-29 13:23:50.962] [info] Using 2 bytes for ISA of the dictionary
[2026-09-29 13:23:50.962] [info] Elapsed time (s): 1.92e-05
[2026-09-29 13:23:50.962] [info] Using 2 bytes for LCP of the dictionary
[2026-09-29 13:23:50.962] [info] Elapsed time (s): 3.6261e-05
[2026-09-29 13:23:50.962] [info] Using 1 bytes for colex id and inverse colex id array of the dictionary
[2026-09-29 13:23:50.962] [info] Elapsed time (s): 2.048e-05
[2026-09-29 13:23:50.962] [info] Using 8 bytes for computing SA of the dictionary
[2026-09-29 13:23:50.962] [info] Using 1 bytes for storing SA of the dictionary
[2026-09-29 13:23:50.962] [info] Elapsed time (s): 9.73e-06
[2026-09-29 13:23:50.962] [info] Using 1 bytes for DA of the dictionary
[2026-09-29 13:23:50.962] [info] Elapsed time (s): 2.16e-06
[2026-09-29 13:23:50.962] [info] Using 1 bytes for ISA of the dictionary
[2026-09-29 13:23:50.962] [info] Elapsed time (s): 1.76e-06
[2026-09-29 13:23:50.962] [info] Using 1 bytes for LCP of the dictionary
[2026-09-29 13:23:50.962] [info] Elapsed time (s): 2.02e-06
[2026-09-29 13:23:50.962] [info] Computing RMQ over LCP of dictionary
[2026-09-29 13:23:50.962] [info] Elapsed time (s): 1.412e-05
[2026-09-29 13:23:50.962] [info] Using 1 bytes for colex DA of the dictionary
[2026-09-29 13:23:50.962] [info] Using 1 bytes for colex id and inverse colex id array of the dictionary
[2026-09-29 13:23:50.962] [info] Elapsed time (s): 1.343e-05
[2026-09-29 13:23:50.962] [info] Using 8 bytes for computing SA of the parsing
[2026-09-29 13:23:50.962] [info] Using 1 bytes for storing SA of the parsing
[2026-09-29 13:23:50.962] [info] Elapsed time (s): 8.28e-06
[2026-09-29 13:23:50.962] [info] Computing b_p
[2026-09-29 13:23:50.962] [info] Computing b_bwt and M of the parsing
[2026-09-29 13:23:50.962] [info] Computing inverted list of BWT(P)
[2026-09-29 13:23:50.962] [info] Using 1 bytes for storing the inverted list of the BWT of the parse
[2026-09-29 13:23:50.962] [info] Precomputing d lengths
[2026-09-29 13:23:50.962] [info] Precomputing d lengths
[2026-09-29 13:23:50.962] [info] Creating v table
[2026-09-29 13:23:50.962] [info] Creating E arrays
[2026-09-29 13:23:50.962] [info] Computing chunks for parallel execution. Total input size: 1823. Requested chunks: 1
[2026-09-29 13:23:50.962] [info] BWT ranges divided in 1 chunks.
[2026-09-29 13:23:50.963] [info] Chunk 1/1 completed
[2026-09-29 13:23:50.963] [info] Completed rle string merge
[2026-09-29 13:23:50.965] [info] Processed: 0 Skipped: 0
[2026-09-29 13:23:50.965] [info] Chunk 1/1 completed
[2026-09-29 13:23:50.965] [info] Writing out sa values at run heads
[2026-09-29 13:23:50.965] [info] Done
