ri4: n=1813 k=1 R=1620
SLIM_PHASE ri4-load wall=0.001 cumulative=0.001 peak_rss_kib=2048
SLIM_HEAD_SA bytes=12960 rows=1620 mmap=1
SLIM_PHASE dict-read wall=0.000 cumulative=0.001 peak_rss_kib=2048
SLIM_PHASE dict-boundaries wall=0.000 cumulative=0.001 peak_rss_kib=2048
SLIM_STRING_ENDS count=1 bytes=8 from_parse_dict=1 cyclic=1
SLIM_PHASE parse+boundaries wall=0.000 cumulative=0.001 peak_rss_kib=2048
SLIM_PHASE parse-fingerprints wall=0.000 cumulative=0.001 peak_rss_kib=2048
SLIM_PHASE dict-fingerprints wall=0.000 cumulative=0.001 peak_rss_kib=2048
SLIM_STRUCT n=1823 P=10 D=1934 phrases=10 parse_bytes=44 bd_bytes=214 bp_bytes=214 dict_resident=0 dict_cache_per_thread=262144 no_SA_ISA_LCP_RMQ=1 no_M_b_bwt_w_wt=1
SLIM_PHASE lce-build-total wall=0.000 cumulative=0.001 peak_rss_kib=2048
SLIM_PHASE lf-build wall=0.000 cumulative=0.001 peak_rss_kib=2048
SLIM_RI runs=8100 starts=12960 samples=2232 lf_capacity=23364
SLIM_PROGRESS runs=1620/1620 resolve_wall=0.001 lce_wall=0.002 write_wall=0.000 lf_steps=0 cache_hits=0
SLIM_PHASE query-chunks wall=0.006 cumulative=0.007 peak_rss_kib=4096
SLIM_PHASE queries+stream-write-final wall=0.000 cumulative=0.007 peak_rss_kib=4096
SLIM_FP parse tau=1 bytes=96 queries=0 verified_symbols=0 hash_probes=0 mean_verified=0.000000000 max_verified=0
SLIM_FP dict tau=10 bytes=1552 queries=1792 verified_symbols=6361 hash_probes=0 mean_verified=3.549665179 max_verified=7
SLIM_QUERY_PHASE resolve_wall=0.001416 resolve_peak_kib=4096 lce_wall=0.002050 lce_peak_kib=4096 write_wall=0.000093 write_peak_kib=4096
SLIM_SEEDS queries=1792 mean_verified_phrases=0.000000000 max_verified_phrases=0 (includes_zero_parse_work_seeds; boundary_included)
SLIM_RESOLVE walks=0 steps=0 max=0 anchor=0 failed=0 cache_hits=0
SLIM_BOUNDARY_RESOLVE head_direct=1620 tail_direct=1792 head_lf_steps=0
