[2026-09-29 13:33:13.823] [info] Using 8 bytes for computing SA of the dictionary
[2026-09-29 13:33:13.824] [info] Using 2 bytes for storing SA of the dictionary
[2026-09-29 13:33:13.824] [info] Elapsed time (s): 0.000843351
[2026-09-29 13:33:13.824] [info] Using 1 bytes for DA of the dictionary
[2026-09-29 13:33:13.824] [info] Elapsed time (s): 9.717e-05
[2026-09-29 13:33:13.824] [info] Using 2 bytes for ISA of the dictionary
[2026-09-29 13:33:13.824] [info] Elapsed time (s): 8.489e-05
[2026-09-29 13:33:13.824] [info] Using 2 bytes for LCP of the dictionary
[2026-09-29 13:33:13.824] [info] Elapsed time (s): 0.000132821
[2026-09-29 13:33:13.824] [info] Using 1 bytes for colex id and inverse colex id array of the dictionary
[2026-09-29 13:33:13.824] [info] Elapsed time (s): 5.434e-05
[2026-09-29 13:33:13.824] [info] Using 8 bytes for computing SA of the dictionary
[2026-09-29 13:33:13.824] [info] Using 1 bytes for storing SA of the dictionary
[2026-09-29 13:33:13.824] [info] Elapsed time (s): 2.251e-05
[2026-09-29 13:33:13.824] [info] Using 1 bytes for DA of the dictionary
[2026-09-29 13:33:13.824] [info] Elapsed time (s): 3.46e-06
[2026-09-29 13:33:13.824] [info] Using 1 bytes for ISA of the dictionary
[2026-09-29 13:33:13.824] [info] Elapsed time (s): 2.8e-06
[2026-09-29 13:33:13.824] [info] Using 1 bytes for LCP of the dictionary
[2026-09-29 13:33:13.824] [info] Elapsed time (s): 3.99e-06
[2026-09-29 13:33:13.824] [info] Computing RMQ over LCP of dictionary
[2026-09-29 13:33:13.824] [info] Elapsed time (s): 1.271e-05
[2026-09-29 13:33:13.824] [info] Using 1 bytes for colex DA of the dictionary
[2026-09-29 13:33:13.824] [info] Using 1 bytes for colex id and inverse colex id array of the dictionary
[2026-09-29 13:33:13.824] [info] Elapsed time (s): 3.297e-05
[2026-09-29 13:33:13.824] [info] Using 8 bytes for computing SA of the parsing
[2026-09-29 13:33:13.824] [info] Using 1 bytes for storing SA of the parsing
[2026-09-29 13:33:13.824] [info] Elapsed time (s): 7.53e-06
[2026-09-29 13:33:13.824] [info] Computing b_p
[2026-09-29 13:33:13.824] [info] Computing b_bwt and M of the parsing
[2026-09-29 13:33:13.824] [info] Computing inverted list of BWT(P)
[2026-09-29 13:33:13.824] [info] Using 1 bytes for storing the inverted list of the BWT of the parse
[2026-09-29 13:33:13.824] [info] Precomputing d lengths
[2026-09-29 13:33:13.824] [info] Precomputing d lengths
[2026-09-29 13:33:13.824] [info] Creating v table
[2026-09-29 13:33:13.824] [info] Creating E arrays
[2026-09-29 13:33:13.824] [info] Computing chunks for parallel execution. Total input size: 10261. Requested chunks: 1
[2026-09-29 13:33:13.827] [info] BWT ranges divided in 1 chunks.
[2026-09-29 13:33:13.831] [info] Chunk 1/1 completed
[2026-09-29 13:33:13.831] [info] Completed rle string merge
[2026-09-29 13:33:13.840] [info] Processed: 0 Skipped: 0
[2026-09-29 13:33:13.840] [info] Chunk 1/1 completed
[2026-09-29 13:33:13.840] [info] Writing out sa values at run heads
[2026-09-29 13:33:13.840] [info] Done
