make: Entering directory '/home/erikg/worktrees/sxgc/pi-worktree-e7286239-b261-424c-8585-f2604e5d83e0-s0-0/vendor/pfp-agc-library'
*** Initialization of submodules ***
*** Initialization of global values ***
*** Unspecified platform - using native compilation for x86_64 ***
*** Adding mimalloc ***
*** Proposing isal ***
*** Proposing zlib-ng ***
zlib-ng will be used for gzip decompression
*** Adding libdeflate ***
*** Adding libzstd ***
*** Adding raduls-inplace ***
*** Adding REFRESH libs ***
Prebuild jobs: mimalloc_obj zlib-ng libdeflate libzstd raduls-inplace
*** Checking compiler version ***
Compiler: GCC
Version: 13
mkdir -p bin
ar rcs -o bin/libagc.a  \
obj/lib-cxx/lib-cxx.cpp.o obj/common/agc_basic.cpp.o  obj/common/agc_decompressor_lib.cpp.o  obj/common/archive.cpp.o  obj/common/collection.cpp.o  obj/common/collection_v1.cpp.o  obj/common/collection_v2.cpp.o  obj/common/collection_v3.cpp.o  obj/common/lz_diff.cpp.o  obj/common/segment.cpp.o  obj/common/utils.cpp.o
make: Leaving directory '/home/erikg/worktrees/sxgc/pi-worktree-e7286239-b261-424c-8585-f2604e5d83e0-s0-0/vendor/pfp-agc-library'
-- The C compiler identification is GNU 13.3.0
-- The CXX compiler identification is GNU 13.3.0
-- Detecting C compiler ABI info
-- Detecting C compiler ABI info - done
-- Check for working C compiler: /usr/bin/cc - skipped
-- Detecting C compile features
-- Detecting C compile features - done
-- Detecting CXX compiler ABI info
-- Detecting CXX compiler ABI info - done
-- Check for working CXX compiler: /usr/bin/c++ - skipped
-- Detecting CXX compile features
-- Detecting CXX compile features - done
-- Build type: Release
-- Git current branch: master
-- Git commit hash: 1a5f114
-- Generating version.cpp
-- Found OpenMP_C: -fopenmp (found version "4.5") 
-- Found OpenMP_CXX: -fopenmp (found version "4.5") 
-- Found OpenMP: TRUE (found version "4.5")  
-- HAVE_OPENMP: OpenMP
-- Found ZLIB: /usr/lib/x86_64-linux-gnu/libz.so (found version "1.3")  
-- Looking for lzma_auto_decoder in /usr/lib/x86_64-linux-gnu/liblzma.so
-- Looking for lzma_auto_decoder in /usr/lib/x86_64-linux-gnu/liblzma.so - found
-- Looking for lzma_easy_encoder in /usr/lib/x86_64-linux-gnu/liblzma.so
-- Looking for lzma_easy_encoder in /usr/lib/x86_64-linux-gnu/liblzma.so - found
-- Looking for lzma_lzma_preset in /usr/lib/x86_64-linux-gnu/liblzma.so
-- Looking for lzma_lzma_preset in /usr/lib/x86_64-linux-gnu/liblzma.so - found
-- Found LibLZMA: /usr/lib/x86_64-linux-gnu/liblzma.so (found version "5.4.5") 
-- Found BZip2: /usr/lib/x86_64-linux-gnu/libbz2.so (found version "1.0.8") 
-- Looking for BZ2_bzCompressInit
-- Looking for BZ2_bzCompressInit - found
-- Found CURL: /usr/lib/x86_64-linux-gnu/libcurl.so (found version "8.5.0")  
-- Found HTSlib 
-- HTSlib: /home/erikg/worktrees/sxgc/pi-worktree-e7286239-b261-424c-8585-f2604e5d83e0-s0-0/xsa/target/release/build/xsa-2dfcfb6cbbc0de33/out/stages-5l8veref/deps/htslib/libhts.a;/usr/lib/x86_64-linux-gnu/liblzma.so;/usr/lib/x86_64-linux-gnu/libbz2.so;/usr/lib/x86_64-linux-gnu/libz.so;/usr/lib/x86_64-linux-gnu/libcurl.so
-- Configuring done (1.8s)
-- Generating done (0.0s)
CMake Warning:
  Manually-specified variables were not used by the project:

    FETCHCONTENT_SOURCE_DIR_AGC
    FETCHCONTENT_SOURCE_DIR_DIVSUFSORT
    FETCHCONTENT_SOURCE_DIR_GSACAK
    FETCHCONTENT_SOURCE_DIR_HTSLIB
    FETCHCONTENT_SOURCE_DIR_PFP
    FETCHCONTENT_SOURCE_DIR_PFP_DS
    FETCHCONTENT_SOURCE_DIR_RLESTRING
    FETCHCONTENT_SOURCE_DIR_RPFBWT
    FETCHCONTENT_SOURCE_DIR_SDSL
    FETCHCONTENT_SOURCE_DIR_TERATOOLS


-- Build files have been written to: /home/erikg/worktrees/sxgc/pi-worktree-e7286239-b261-424c-8585-f2604e5d83e0-s0-0/vendor/pfp-agc-fork/build
[  9%] Building CXX object CMakeFiles/pfp.dir/src/agc_source.cpp.o
[ 18%] Building CXX object CMakeFiles/pfp.dir/src/internals.cpp.o
[ 27%] Building CXX object CMakeFiles/pfp.dir/src/text_source.cpp.o
[ 36%] Building CXX object CMakeFiles/pfp.dir/src/pfp_algo.cpp.o
[ 45%] Building CXX object CMakeFiles/pfp.dir/src/utils.cpp.o
[ 54%] Building CXX object CMakeFiles/pfp.dir/src/vcf.cpp.o
In file included from /usr/include/c++/13/vector:62,
                 from /home/erikg/worktrees/sxgc/pi-worktree-e7286239-b261-424c-8585-f2604e5d83e0-s0-0/vendor/pfp-agc-fork/include/pfp_algo.hpp:10,
                 from /home/erikg/worktrees/sxgc/pi-worktree-e7286239-b261-424c-8585-f2604e5d83e0-s0-0/vendor/pfp-agc-fork/src/pfp_algo.cpp:7:
In function ‘constexpr decltype (__comp((* __first1), (* __first2))) std::lexicographical_compare_three_way(_InputIter1, _InputIter1, _InputIter2, _InputIter2, _Comp) [with _InputIter1 = __gnu_cxx::__normal_iterator<const unsigned char*, vector<unsigned char, allocator<unsigned char> > >; _InputIter2 = __gnu_cxx::__normal_iterator<const unsigned char*, vector<unsigned char, allocator<unsigned char> > >; _Comp = __detail::_Synth3way]’,
    inlined from ‘constexpr std::__detail::__synth3way_t<_T1> std::operator<=>(const vector<_Tp, _Alloc>&, const vector<_Tp, _Alloc>&) [with _Tp = unsigned char; _Alloc = allocator<unsigned char>]’ at /usr/include/c++/13/bits/stl_vector.h:2061:52,
    inlined from ‘bool vcfbwt::ref_smaller(std::pair<std::reference_wrapper<std::vector<T> >, long unsigned int>, std::pair<std::reference_wrapper<std::vector<T> >, long unsigned int>) [with data_type = unsigned char]’ at /home/erikg/worktrees/sxgc/pi-worktree-e7286239-b261-424c-8585-f2604e5d83e0-s0-0/vendor/pfp-agc-fork/include/utils.hpp:331:27,
    inlined from ‘constexpr bool __gnu_cxx::__ops::_Iter_comp_iter<_Compare>::operator()(_Iterator1, _Iterator2) [with _Iterator1 = __gnu_cxx::__normal_iterator<std::pair<std::reference_wrapper<std::vector<unsigned char, std::allocator<unsigned char> > >, long unsigned int>*, std::vector<std::pair<std::reference_wrapper<std::vector<unsigned char, std::allocator<unsigned char> > >, long unsigned int>, std::allocator<std::pair<std::reference_wrapper<std::vector<unsigned char, std::allocator<unsigned char> > >, long unsigned int> > > >; _Iterator2 = __gnu_cxx::__normal_iterator<std::pair<std::reference_wrapper<std::vector<unsigned char, std::allocator<unsigned char> > >, long unsigned int>*, std::vector<std::pair<std::reference_wrapper<std::vector<unsigned char, std::allocator<unsigned char> > >, long unsigned int>, std::allocator<std::pair<std::reference_wrapper<std::vector<unsigned char, std::allocator<unsigned char> > >, long unsigned int> > > >; _Compare = bool (*)(std::pair<std::reference_wrapper<std::vector<unsigned char, std::allocator<unsigned char> > >, long unsigned int>, std::pair<std::reference_wrapper<std::vector<unsigned char, std::allocator<unsigned char> > >, long unsigned int>)]’ at /usr/include/c++/13/bits/predefined_ops.h:158:23,
    inlined from ‘constexpr _RandomAccessIterator std::__unguarded_partition(_RandomAccessIterator, _RandomAccessIterator, _RandomAccessIterator, _Compare) [with _RandomAccessIterator = __gnu_cxx::__normal_iterator<pair<reference_wrapper<vector<unsigned char, allocator<unsigned char> > >, long unsigned int>*, vector<pair<reference_wrapper<vector<unsigned char, allocator<unsigned char> > >, long unsigned int>, allocator<pair<reference_wrapper<vector<unsigned char, allocator<unsigned char> > >, long unsigned int> > > >; _Compare = __gnu_cxx::__ops::_Iter_comp_iter<bool (*)(pair<reference_wrapper<vector<unsigned char, allocator<unsigned char> > >, long unsigned int>, pair<reference_wrapper<vector<unsigned char, allocator<unsigned char> > >, long unsigned int>)>]’ at /usr/include/c++/13/bits/stl_algo.h:1880:17,
    inlined from ‘constexpr _RandomAccessIterator std::__unguarded_partition_pivot(_RandomAccessIterator, _RandomAccessIterator, _Compare) [with _RandomAccessIterator = __gnu_cxx::__normal_iterator<pair<reference_wrapper<vector<unsigned char, allocator<unsigned char> > >, long unsigned int>*, vector<pair<reference_wrapper<vector<unsigned char, allocator<unsigned char> > >, long unsigned int>, allocator<pair<reference_wrapper<vector<unsigned char, allocator<unsigned char> > >, long unsigned int> > > >; _Compare = __gnu_cxx::__ops::_Iter_comp_iter<bool (*)(pair<reference_wrapper<vector<unsigned char, allocator<unsigned char> > >, long unsigned int>, pair<reference_wrapper<vector<unsigned char, allocator<unsigned char> > >, long unsigned int>)>]’ at /usr/include/c++/13/bits/stl_algo.h:1899:40,
    inlined from ‘constexpr void std::__introsort_loop(_RandomAccessIterator, _RandomAccessIterator, _Size, _Compare) [with _RandomAccessIterator = __gnu_cxx::__normal_iterator<pair<reference_wrapper<vector<unsigned char, allocator<unsigned char> > >, long unsigned int>*, vector<pair<reference_wrapper<vector<unsigned char, allocator<unsigned char> > >, long unsigned int>, allocator<pair<reference_wrapper<vector<unsigned char, allocator<unsigned char> > >, long unsigned int> > > >; _Size = long int; _Compare = __gnu_cxx::__ops::_Iter_comp_iter<bool (*)(pair<reference_wrapper<vector<unsigned char, allocator<unsigned char> > >, long unsigned int>, pair<reference_wrapper<vector<unsigned char, allocator<unsigned char> > >, long unsigned int>)>]’ at /usr/include/c++/13/bits/stl_algo.h:1931:38:
/usr/include/c++/13/bits/stl_algobase.h:1848:39: warning: ‘int __builtin_memcmp(const void*, const void*, long unsigned int)’ specified bound [9223372036854775808, 18446744073709551615] exceeds maximum object size 9223372036854775807 [-Wstringop-overread]
 1848 |                     = __builtin_memcmp(&*__first1, &*__first2, __blen) <=> 0;
      |                       ~~~~~~~~~~~~~~~~^~~~~~~~~~~~~~~~~~~~~~~~~~~~~~~~
[ 63%] Building CXX object CMakeFiles/pfp.dir/generated/version.cpp.o
In function ‘constexpr decltype (__comp((* __first1), (* __first2))) std::lexicographical_compare_three_way(_InputIter1, _InputIter1, _InputIter2, _InputIter2, _Comp) [with _InputIter1 = __gnu_cxx::__normal_iterator<const unsigned char*, vector<unsigned char, allocator<unsigned char> > >; _InputIter2 = __gnu_cxx::__normal_iterator<const unsigned char*, vector<unsigned char, allocator<unsigned char> > >; _Comp = __detail::_Synth3way]’,
    inlined from ‘constexpr std::__detail::__synth3way_t<_T1> std::operator<=>(const vector<_Tp, _Alloc>&, const vector<_Tp, _Alloc>&) [with _Tp = unsigned char; _Alloc = allocator<unsigned char>]’ at /usr/include/c++/13/bits/stl_vector.h:2061:52,
    inlined from ‘bool vcfbwt::ref_smaller(std::pair<std::reference_wrapper<std::vector<T> >, long unsigned int>, std::pair<std::reference_wrapper<std::vector<T> >, long unsigned int>) [with data_type = unsigned char]’ at /home/erikg/worktrees/sxgc/pi-worktree-e7286239-b261-424c-8585-f2604e5d83e0-s0-0/vendor/pfp-agc-fork/include/utils.hpp:331:27,
    inlined from ‘constexpr bool __gnu_cxx::__ops::_Iter_comp_iter<_Compare>::operator()(_Iterator1, _Iterator2) [with _Iterator1 = __gnu_cxx::__normal_iterator<std::pair<std::reference_wrapper<std::vector<unsigned char, std::allocator<unsigned char> > >, long unsigned int>*, std::vector<std::pair<std::reference_wrapper<std::vector<unsigned char, std::allocator<unsigned char> > >, long unsigned int>, std::allocator<std::pair<std::reference_wrapper<std::vector<unsigned char, std::allocator<unsigned char> > >, long unsigned int> > > >; _Iterator2 = __gnu_cxx::__normal_iterator<std::pair<std::reference_wrapper<std::vector<unsigned char, std::allocator<unsigned char> > >, long unsigned int>*, std::vector<std::pair<std::reference_wrapper<std::vector<unsigned char, std::allocator<unsigned char> > >, long unsigned int>, std::allocator<std::pair<std::reference_wrapper<std::vector<unsigned char, std::allocator<unsigned char> > >, long unsigned int> > > >; _Compare = bool (*)(std::pair<std::reference_wrapper<std::vector<unsigned char, std::allocator<unsigned char> > >, long unsigned int>, std::pair<std::reference_wrapper<std::vector<unsigned char, std::allocator<unsigned char> > >, long unsigned int>)]’ at /usr/include/c++/13/bits/predefined_ops.h:158:23,
    inlined from ‘constexpr _RandomAccessIterator std::__unguarded_partition(_RandomAccessIterator, _RandomAccessIterator, _RandomAccessIterator, _Compare) [with _RandomAccessIterator = __gnu_cxx::__normal_iterator<pair<reference_wrapper<vector<unsigned char, allocator<unsigned char> > >, long unsigned int>*, vector<pair<reference_wrapper<vector<unsigned char, allocator<unsigned char> > >, long unsigned int>, allocator<pair<reference_wrapper<vector<unsigned char, allocator<unsigned char> > >, long unsigned int> > > >; _Compare = __gnu_cxx::__ops::_Iter_comp_iter<bool (*)(pair<reference_wrapper<vector<unsigned char, allocator<unsigned char> > >, long unsigned int>, pair<reference_wrapper<vector<unsigned char, allocator<unsigned char> > >, long unsigned int>)>]’ at /usr/include/c++/13/bits/stl_algo.h:1880:17,
    inlined from ‘constexpr _RandomAccessIterator std::__unguarded_partition_pivot(_RandomAccessIterator, _RandomAccessIterator, _Compare) [with _RandomAccessIterator = __gnu_cxx::__normal_iterator<pair<reference_wrapper<vector<unsigned char, allocator<unsigned char> > >, long unsigned int>*, vector<pair<reference_wrapper<vector<unsigned char, allocator<unsigned char> > >, long unsigned int>, allocator<pair<reference_wrapper<vector<unsigned char, allocator<unsigned char> > >, long unsigned int> > > >; _Compare = __gnu_cxx::__ops::_Iter_comp_iter<bool (*)(pair<reference_wrapper<vector<unsigned char, allocator<unsigned char> > >, long unsigned int>, pair<reference_wrapper<vector<unsigned char, allocator<unsigned char> > >, long unsigned int>)>]’ at /usr/include/c++/13/bits/stl_algo.h:1899:40,
    inlined from ‘constexpr void std::__introsort_loop(_RandomAccessIterator, _RandomAccessIterator, _Size, _Compare) [with _RandomAccessIterator = __gnu_cxx::__normal_iterator<pair<reference_wrapper<vector<unsigned char, allocator<unsigned char> > >, long unsigned int>*, vector<pair<reference_wrapper<vector<unsigned char, allocator<unsigned char> > >, long unsigned int>, allocator<pair<reference_wrapper<vector<unsigned char, allocator<unsigned char> > >, long unsigned int> > > >; _Size = long int; _Compare = __gnu_cxx::__ops::_Iter_comp_iter<bool (*)(pair<reference_wrapper<vector<unsigned char, allocator<unsigned char> > >, long unsigned int>, pair<reference_wrapper<vector<unsigned char, allocator<unsigned char> > >, long unsigned int>)>]’ at /usr/include/c++/13/bits/stl_algo.h:1931:38,
    inlined from ‘constexpr void std::__sort(_RandomAccessIterator, _RandomAccessIterator, _Compare) [with _RandomAccessIterator = __gnu_cxx::__normal_iterator<pair<reference_wrapper<vector<unsigned char, allocator<unsigned char> > >, long unsigned int>*, vector<pair<reference_wrapper<vector<unsigned char, allocator<unsigned char> > >, long unsigned int>, allocator<pair<reference_wrapper<vector<unsigned char, allocator<unsigned char> > >, long unsigned int> > > >; _Compare = __gnu_cxx::__ops::_Iter_comp_iter<bool (*)(pair<reference_wrapper<vector<unsigned char, allocator<unsigned char> > >, long unsigned int>, pair<reference_wrapper<vector<unsigned char, allocator<unsigned char> > >, long unsigned int>)>]’ at /usr/include/c++/13/bits/stl_algo.h:1947:25,
    inlined from ‘constexpr void std::sort(_RAIter, _RAIter, _Compare) [with _RAIter = __gnu_cxx::__normal_iterator<pair<reference_wrapper<vector<unsigned char, allocator<unsigned char> > >, long unsigned int>*, vector<pair<reference_wrapper<vector<unsigned char, allocator<unsigned char> > >, long unsigned int>, allocator<pair<reference_wrapper<vector<unsigned char, allocator<unsigned char> > >, long unsigned int> > > >; _Compare = bool (*)(pair<reference_wrapper<vector<unsigned char, allocator<unsigned char> > >, long unsigned int>, pair<reference_wrapper<vector<unsigned char, allocator<unsigned char> > >, long unsigned int>)]’ at /usr/include/c++/13/bits/stl_algo.h:4894:18,
    inlined from ‘void vcfbwt::pfp::Dictionary<data_type>::sort() [with data_type = unsigned char]’ at /home/erikg/worktrees/sxgc/pi-worktree-e7286239-b261-424c-8585-f2604e5d83e0-s0-0/vendor/pfp-agc-fork/include/pfp_algo.hpp:74:18:
/usr/include/c++/13/bits/stl_algobase.h:1848:39: warning: ‘int __builtin_memcmp(const void*, const void*, long unsigned int)’ specified bound [9223372036854775808, 18446744073709551615] exceeds maximum object size 9223372036854775807 [-Wstringop-overread]
 1848 |                     = __builtin_memcmp(&*__first1, &*__first2, __blen) <=> 0;
      |                       ~~~~~~~~~~~~~~~~^~~~~~~~~~~~~~~~~~~~~~~~~~~~~~~~
In function ‘constexpr decltype (__comp((* __first1), (* __first2))) std::lexicographical_compare_three_way(_InputIter1, _InputIter1, _InputIter2, _InputIter2, _Comp) [with _InputIter1 = __gnu_cxx::__normal_iterator<const unsigned char*, vector<unsigned char, allocator<unsigned char> > >; _InputIter2 = __gnu_cxx::__normal_iterator<const unsigned char*, vector<unsigned char, allocator<unsigned char> > >; _Comp = __detail::_Synth3way]’,
    inlined from ‘constexpr std::__detail::__synth3way_t<_T1> std::operator<=>(const vector<_Tp, _Alloc>&, const vector<_Tp, _Alloc>&) [with _Tp = unsigned char; _Alloc = allocator<unsigned char>]’ at /usr/include/c++/13/bits/stl_vector.h:2061:52,
    inlined from ‘bool vcfbwt::ref_smaller(std::pair<std::reference_wrapper<std::vector<T> >, long unsigned int>, std::pair<std::reference_wrapper<std::vector<T> >, long unsigned int>) [with data_type = unsigned char]’ at /home/erikg/worktrees/sxgc/pi-worktree-e7286239-b261-424c-8585-f2604e5d83e0-s0-0/vendor/pfp-agc-fork/include/utils.hpp:331:27,
    inlined from ‘constexpr bool __gnu_cxx::__ops::_Val_comp_iter<_Compare>::operator()(_Value&, _Iterator) [with _Value = std::pair<std::reference_wrapper<std::vector<unsigned char, std::allocator<unsigned char> > >, long unsigned int>; _Iterator = __gnu_cxx::__normal_iterator<std::pair<std::reference_wrapper<std::vector<unsigned char, std::allocator<unsigned char> > >, long unsigned int>*, std::vector<std::pair<std::reference_wrapper<std::vector<unsigned char, std::allocator<unsigned char> > >, long unsigned int>, std::allocator<std::pair<std::reference_wrapper<std::vector<unsigned char, std::allocator<unsigned char> > >, long unsigned int> > > >; _Compare = bool (*)(std::pair<std::reference_wrapper<std::vector<unsigned char, std::allocator<unsigned char> > >, long unsigned int>, std::pair<std::reference_wrapper<std::vector<unsigned char, std::allocator<unsigned char> > >, long unsigned int>)]’ at /usr/include/c++/13/bits/predefined_ops.h:240:16,
    inlined from ‘constexpr void std::__unguarded_linear_insert(_RandomAccessIterator, _Compare) [with _RandomAccessIterator = __gnu_cxx::__normal_iterator<pair<reference_wrapper<vector<unsigned char, allocator<unsigned char> > >, long unsigned int>*, vector<pair<reference_wrapper<vector<unsigned char, allocator<unsigned char> > >, long unsigned int>, allocator<pair<reference_wrapper<vector<unsigned char, allocator<unsigned char> > >, long unsigned int> > > >; _Compare = __gnu_cxx::__ops::_Val_comp_iter<bool (*)(pair<reference_wrapper<vector<unsigned char, allocator<unsigned char> > >, long unsigned int>, pair<reference_wrapper<vector<unsigned char, allocator<unsigned char> > >, long unsigned int>)>]’ at /usr/include/c++/13/bits/stl_algo.h:1799:20,
    inlined from ‘constexpr void std::__insertion_sort(_RandomAccessIterator, _RandomAccessIterator, _Compare) [with _RandomAccessIterator = __gnu_cxx::__normal_iterator<pair<reference_wrapper<vector<unsigned char, allocator<unsigned char> > >, long unsigned int>*, vector<pair<reference_wrapper<vector<unsigned char, allocator<unsigned char> > >, long unsigned int>, allocator<pair<reference_wrapper<vector<unsigned char, allocator<unsigned char> > >, long unsigned int> > > >; _Compare = __gnu_cxx::__ops::_Iter_comp_iter<bool (*)(pair<reference_wrapper<vector<unsigned char, allocator<unsigned char> > >, long unsigned int>, pair<reference_wrapper<vector<unsigned char, allocator<unsigned char> > >, long unsigned int>)>]’ at /usr/include/c++/13/bits/stl_algo.h:1827:36,
    inlined from ‘constexpr void std::__final_insertion_sort(_RandomAccessIterator, _RandomAccessIterator, _Compare) [with _RandomAccessIterator = __gnu_cxx::__normal_iterator<pair<reference_wrapper<vector<unsigned char, allocator<unsigned char> > >, long unsigned int>*, vector<pair<reference_wrapper<vector<unsigned char, allocator<unsigned char> > >, long unsigned int>, allocator<pair<reference_wrapper<vector<unsigned char, allocator<unsigned char> > >, long unsigned int> > > >; _Compare = __gnu_cxx::__ops::_Iter_comp_iter<bool (*)(pair<reference_wrapper<vector<unsigned char, allocator<unsigned char> > >, long unsigned int>, pair<reference_wrapper<vector<unsigned char, allocator<unsigned char> > >, long unsigned int>)>]’ at /usr/include/c++/13/bits/stl_algo.h:1859:25,
    inlined from ‘constexpr void std::__sort(_RandomAccessIterator, _RandomAccessIterator, _Compare) [with _RandomAccessIterator = __gnu_cxx::__normal_iterator<pair<reference_wrapper<vector<unsigned char, allocator<unsigned char> > >, long unsigned int>*, vector<pair<reference_wrapper<vector<unsigned char, allocator<unsigned char> > >, long unsigned int>, allocator<pair<reference_wrapper<vector<unsigned char, allocator<unsigned char> > >, long unsigned int> > > >; _Compare = __gnu_cxx::__ops::_Iter_comp_iter<bool (*)(pair<reference_wrapper<vector<unsigned char, allocator<unsigned char> > >, long unsigned int>, pair<reference_wrapper<vector<unsigned char, allocator<unsigned char> > >, long unsigned int>)>]’ at /usr/include/c++/13/bits/stl_algo.h:1950:31,
    inlined from ‘constexpr void std::sort(_RAIter, _RAIter, _Compare) [with _RAIter = __gnu_cxx::__normal_iterator<pair<reference_wrapper<vector<unsigned char, allocator<unsigned char> > >, long unsigned int>*, vector<pair<reference_wrapper<vector<unsigned char, allocator<unsigned char> > >, long unsigned int>, allocator<pair<reference_wrapper<vector<unsigned char, allocator<unsigned char> > >, long unsigned int> > > >; _Compare = bool (*)(pair<reference_wrapper<vector<unsigned char, allocator<unsigned char> > >, long unsigned int>, pair<reference_wrapper<vector<unsigned char, allocator<unsigned char> > >, long unsigned int>)]’ at /usr/include/c++/13/bits/stl_algo.h:4894:18,
    inlined from ‘void vcfbwt::pfp::Dictionary<data_type>::sort() [with data_type = unsigned char]’ at /home/erikg/worktrees/sxgc/pi-worktree-e7286239-b261-424c-8585-f2604e5d83e0-s0-0/vendor/pfp-agc-fork/include/pfp_algo.hpp:74:18:
/usr/include/c++/13/bits/stl_algobase.h:1848:39: warning: ‘int __builtin_memcmp(const void*, const void*, long unsigned int)’ specified bound [9223372036854775808, 18446744073709551615] exceeds maximum object size 9223372036854775807 [-Wstringop-overread]
 1848 |                     = __builtin_memcmp(&*__first1, &*__first2, __blen) <=> 0;
      |                       ~~~~~~~~~~~~~~~~^~~~~~~~~~~~~~~~~~~~~~~~~~~~~~~~
In function ‘constexpr decltype (__comp((* __first1), (* __first2))) std::lexicographical_compare_three_way(_InputIter1, _InputIter1, _InputIter2, _InputIter2, _Comp) [with _InputIter1 = __gnu_cxx::__normal_iterator<const unsigned char*, vector<unsigned char, allocator<unsigned char> > >; _InputIter2 = __gnu_cxx::__normal_iterator<const unsigned char*, vector<unsigned char, allocator<unsigned char> > >; _Comp = __detail::_Synth3way]’,
    inlined from ‘constexpr std::__detail::__synth3way_t<_T1> std::operator<=>(const vector<_Tp, _Alloc>&, const vector<_Tp, _Alloc>&) [with _Tp = unsigned char; _Alloc = allocator<unsigned char>]’ at /usr/include/c++/13/bits/stl_vector.h:2061:52,
    inlined from ‘bool vcfbwt::ref_smaller(std::pair<std::reference_wrapper<std::vector<T> >, long unsigned int>, std::pair<std::reference_wrapper<std::vector<T> >, long unsigned int>) [with data_type = unsigned char]’ at /home/erikg/worktrees/sxgc/pi-worktree-e7286239-b261-424c-8585-f2604e5d83e0-s0-0/vendor/pfp-agc-fork/include/utils.hpp:331:27,
    inlined from ‘constexpr bool __gnu_cxx::__ops::_Val_comp_iter<_Compare>::operator()(_Value&, _Iterator) [with _Value = std::pair<std::reference_wrapper<std::vector<unsigned char, std::allocator<unsigned char> > >, long unsigned int>; _Iterator = __gnu_cxx::__normal_iterator<std::pair<std::reference_wrapper<std::vector<unsigned char, std::allocator<unsigned char> > >, long unsigned int>*, std::vector<std::pair<std::reference_wrapper<std::vector<unsigned char, std::allocator<unsigned char> > >, long unsigned int>, std::allocator<std::pair<std::reference_wrapper<std::vector<unsigned char, std::allocator<unsigned char> > >, long unsigned int> > > >; _Compare = bool (*)(std::pair<std::reference_wrapper<std::vector<unsigned char, std::allocator<unsigned char> > >, long unsigned int>, std::pair<std::reference_wrapper<std::vector<unsigned char, std::allocator<unsigned char> > >, long unsigned int>)]’ at /usr/include/c++/13/bits/predefined_ops.h:240:16,
    inlined from ‘constexpr void std::__unguarded_linear_insert(_RandomAccessIterator, _Compare) [with _RandomAccessIterator = __gnu_cxx::__normal_iterator<pair<reference_wrapper<vector<unsigned char, allocator<unsigned char> > >, long unsigned int>*, vector<pair<reference_wrapper<vector<unsigned char, allocator<unsigned char> > >, long unsigned int>, allocator<pair<reference_wrapper<vector<unsigned char, allocator<unsigned char> > >, long unsigned int> > > >; _Compare = __gnu_cxx::__ops::_Val_comp_iter<bool (*)(pair<reference_wrapper<vector<unsigned char, allocator<unsigned char> > >, long unsigned int>, pair<reference_wrapper<vector<unsigned char, allocator<unsigned char> > >, long unsigned int>)>]’ at /usr/include/c++/13/bits/stl_algo.h:1799:20,
    inlined from ‘constexpr void std::__unguarded_insertion_sort(_RandomAccessIterator, _RandomAccessIterator, _Compare) [with _RandomAccessIterator = __gnu_cxx::__normal_iterator<pair<reference_wrapper<vector<unsigned char, allocator<unsigned char> > >, long unsigned int>*, vector<pair<reference_wrapper<vector<unsigned char, allocator<unsigned char> > >, long unsigned int>, allocator<pair<reference_wrapper<vector<unsigned char, allocator<unsigned char> > >, long unsigned int> > > >; _Compare = __gnu_cxx::__ops::_Iter_comp_iter<bool (*)(pair<reference_wrapper<vector<unsigned char, allocator<unsigned char> > >, long unsigned int>, pair<reference_wrapper<vector<unsigned char, allocator<unsigned char> > >, long unsigned int>)>]’ at /usr/include/c++/13/bits/stl_algo.h:1840:32,
    inlined from ‘constexpr void std::__final_insertion_sort(_RandomAccessIterator, _RandomAccessIterator, _Compare) [with _RandomAccessIterator = __gnu_cxx::__normal_iterator<pair<reference_wrapper<vector<unsigned char, allocator<unsigned char> > >, long unsigned int>*, vector<pair<reference_wrapper<vector<unsigned char, allocator<unsigned char> > >, long unsigned int>, allocator<pair<reference_wrapper<vector<unsigned char, allocator<unsigned char> > >, long unsigned int> > > >; _Compare = __gnu_cxx::__ops::_Iter_comp_iter<bool (*)(pair<reference_wrapper<vector<unsigned char, allocator<unsigned char> > >, long unsigned int>, pair<reference_wrapper<vector<unsigned char, allocator<unsigned char> > >, long unsigned int>)>]’ at /usr/include/c++/13/bits/stl_algo.h:1860:35,
    inlined from ‘constexpr void std::__sort(_RandomAccessIterator, _RandomAccessIterator, _Compare) [with _RandomAccessIterator = __gnu_cxx::__normal_iterator<pair<reference_wrapper<vector<unsigned char, allocator<unsigned char> > >, long unsigned int>*, vector<pair<reference_wrapper<vector<unsigned char, allocator<unsigned char> > >, long unsigned int>, allocator<pair<reference_wrapper<vector<unsigned char, allocator<unsigned char> > >, long unsigned int> > > >; _Compare = __gnu_cxx::__ops::_Iter_comp_iter<bool (*)(pair<reference_wrapper<vector<unsigned char, allocator<unsigned char> > >, long unsigned int>, pair<reference_wrapper<vector<unsigned char, allocator<unsigned char> > >, long unsigned int>)>]’ at /usr/include/c++/13/bits/stl_algo.h:1950:31,
    inlined from ‘constexpr void std::sort(_RAIter, _RAIter, _Compare) [with _RAIter = __gnu_cxx::__normal_iterator<pair<reference_wrapper<vector<unsigned char, allocator<unsigned char> > >, long unsigned int>*, vector<pair<reference_wrapper<vector<unsigned char, allocator<unsigned char> > >, long unsigned int>, allocator<pair<reference_wrapper<vector<unsigned char, allocator<unsigned char> > >, long unsigned int> > > >; _Compare = bool (*)(pair<reference_wrapper<vector<unsigned char, allocator<unsigned char> > >, long unsigned int>, pair<reference_wrapper<vector<unsigned char, allocator<unsigned char> > >, long unsigned int>)]’ at /usr/include/c++/13/bits/stl_algo.h:4894:18,
    inlined from ‘void vcfbwt::pfp::Dictionary<data_type>::sort() [with data_type = unsigned char]’ at /home/erikg/worktrees/sxgc/pi-worktree-e7286239-b261-424c-8585-f2604e5d83e0-s0-0/vendor/pfp-agc-fork/include/pfp_algo.hpp:74:18:
/usr/include/c++/13/bits/stl_algobase.h:1848:39: warning: ‘int __builtin_memcmp(const void*, const void*, long unsigned int)’ specified bound [9223372036854775808, 18446744073709551615] exceeds maximum object size 9223372036854775807 [-Wstringop-overread]
 1848 |                     = __builtin_memcmp(&*__first1, &*__first2, __blen) <=> 0;
      |                       ~~~~~~~~~~~~~~~~^~~~~~~~~~~~~~~~~~~~~~~~~~~~~~~~
In function ‘constexpr decltype (__comp((* __first1), (* __first2))) std::lexicographical_compare_three_way(_InputIter1, _InputIter1, _InputIter2, _InputIter2, _Comp) [with _InputIter1 = __gnu_cxx::__normal_iterator<const unsigned char*, vector<unsigned char, allocator<unsigned char> > >; _InputIter2 = __gnu_cxx::__normal_iterator<const unsigned char*, vector<unsigned char, allocator<unsigned char> > >; _Comp = __detail::_Synth3way]’,
    inlined from ‘constexpr std::__detail::__synth3way_t<_T1> std::operator<=>(const vector<_Tp, _Alloc>&, const vector<_Tp, _Alloc>&) [with _Tp = unsigned char; _Alloc = allocator<unsigned char>]’ at /usr/include/c++/13/bits/stl_vector.h:2061:52,
    inlined from ‘bool vcfbwt::ref_smaller(std::pair<std::reference_wrapper<std::vector<T> >, long unsigned int>, std::pair<std::reference_wrapper<std::vector<T> >, long unsigned int>) [with data_type = unsigned char]’ at /home/erikg/worktrees/sxgc/pi-worktree-e7286239-b261-424c-8585-f2604e5d83e0-s0-0/vendor/pfp-agc-fork/include/utils.hpp:331:27,
    inlined from ‘constexpr bool __gnu_cxx::__ops::_Val_comp_iter<_Compare>::operator()(_Value&, _Iterator) [with _Value = std::pair<std::reference_wrapper<std::vector<unsigned char, std::allocator<unsigned char> > >, long unsigned int>; _Iterator = __gnu_cxx::__normal_iterator<std::pair<std::reference_wrapper<std::vector<unsigned char, std::allocator<unsigned char> > >, long unsigned int>*, std::vector<std::pair<std::reference_wrapper<std::vector<unsigned char, std::allocator<unsigned char> > >, long unsigned int>, std::allocator<std::pair<std::reference_wrapper<std::vector<unsigned char, std::allocator<unsigned char> > >, long unsigned int> > > >; _Compare = bool (*)(std::pair<std::reference_wrapper<std::vector<unsigned char, std::allocator<unsigned char> > >, long unsigned int>, std::pair<std::reference_wrapper<std::vector<unsigned char, std::allocator<unsigned char> > >, long unsigned int>)]’ at /usr/include/c++/13/bits/predefined_ops.h:240:16,
    inlined from ‘constexpr void std::__unguarded_linear_insert(_RandomAccessIterator, _Compare) [with _RandomAccessIterator = __gnu_cxx::__normal_iterator<pair<reference_wrapper<vector<unsigned char, allocator<unsigned char> > >, long unsigned int>*, vector<pair<reference_wrapper<vector<unsigned char, allocator<unsigned char> > >, long unsigned int>, allocator<pair<reference_wrapper<vector<unsigned char, allocator<unsigned char> > >, long unsigned int> > > >; _Compare = __gnu_cxx::__ops::_Val_comp_iter<bool (*)(pair<reference_wrapper<vector<unsigned char, allocator<unsigned char> > >, long unsigned int>, pair<reference_wrapper<vector<unsigned char, allocator<unsigned char> > >, long unsigned int>)>]’ at /usr/include/c++/13/bits/stl_algo.h:1799:20,
    inlined from ‘constexpr void std::__insertion_sort(_RandomAccessIterator, _RandomAccessIterator, _Compare) [with _RandomAccessIterator = __gnu_cxx::__normal_iterator<pair<reference_wrapper<vector<unsigned char, allocator<unsigned char> > >, long unsigned int>*, vector<pair<reference_wrapper<vector<unsigned char, allocator<unsigned char> > >, long unsigned int>, allocator<pair<reference_wrapper<vector<unsigned char, allocator<unsigned char> > >, long unsigned int> > > >; _Compare = __gnu_cxx::__ops::_Iter_comp_iter<bool (*)(pair<reference_wrapper<vector<unsigned char, allocator<unsigned char> > >, long unsigned int>, pair<reference_wrapper<vector<unsigned char, allocator<unsigned char> > >, long unsigned int>)>]’ at /usr/include/c++/13/bits/stl_algo.h:1827:36,
    inlined from ‘constexpr void std::__final_insertion_sort(_RandomAccessIterator, _RandomAccessIterator, _Compare) [with _RandomAccessIterator = __gnu_cxx::__normal_iterator<pair<reference_wrapper<vector<unsigned char, allocator<unsigned char> > >, long unsigned int>*, vector<pair<reference_wrapper<vector<unsigned char, allocator<unsigned char> > >, long unsigned int>, allocator<pair<reference_wrapper<vector<unsigned char, allocator<unsigned char> > >, long unsigned int> > > >; _Compare = __gnu_cxx::__ops::_Iter_comp_iter<bool (*)(pair<reference_wrapper<vector<unsigned char, allocator<unsigned char> > >, long unsigned int>, pair<reference_wrapper<vector<unsigned char, allocator<unsigned char> > >, long unsigned int>)>]’ at /usr/include/c++/13/bits/stl_algo.h:1864:23,
    inlined from ‘constexpr void std::__sort(_RandomAccessIterator, _RandomAccessIterator, _Compare) [with _RandomAccessIterator = __gnu_cxx::__normal_iterator<pair<reference_wrapper<vector<unsigned char, allocator<unsigned char> > >, long unsigned int>*, vector<pair<reference_wrapper<vector<unsigned char, allocator<unsigned char> > >, long unsigned int>, allocator<pair<reference_wrapper<vector<unsigned char, allocator<unsigned char> > >, long unsigned int> > > >; _Compare = __gnu_cxx::__ops::_Iter_comp_iter<bool (*)(pair<reference_wrapper<vector<unsigned char, allocator<unsigned char> > >, long unsigned int>, pair<reference_wrapper<vector<unsigned char, allocator<unsigned char> > >, long unsigned int>)>]’ at /usr/include/c++/13/bits/stl_algo.h:1950:31,
    inlined from ‘constexpr void std::sort(_RAIter, _RAIter, _Compare) [with _RAIter = __gnu_cxx::__normal_iterator<pair<reference_wrapper<vector<unsigned char, allocator<unsigned char> > >, long unsigned int>*, vector<pair<reference_wrapper<vector<unsigned char, allocator<unsigned char> > >, long unsigned int>, allocator<pair<reference_wrapper<vector<unsigned char, allocator<unsigned char> > >, long unsigned int> > > >; _Compare = bool (*)(pair<reference_wrapper<vector<unsigned char, allocator<unsigned char> > >, long unsigned int>, pair<reference_wrapper<vector<unsigned char, allocator<unsigned char> > >, long unsigned int>)]’ at /usr/include/c++/13/bits/stl_algo.h:4894:18,
    inlined from ‘void vcfbwt::pfp::Dictionary<data_type>::sort() [with data_type = unsigned char]’ at /home/erikg/worktrees/sxgc/pi-worktree-e7286239-b261-424c-8585-f2604e5d83e0-s0-0/vendor/pfp-agc-fork/include/pfp_algo.hpp:74:18:
/usr/include/c++/13/bits/stl_algobase.h:1848:39: warning: ‘int __builtin_memcmp(const void*, const void*, long unsigned int)’ specified bound [9223372036854775808, 18446744073709551615] exceeds maximum object size 9223372036854775807 [-Wstringop-overread]
 1848 |                     = __builtin_memcmp(&*__first1, &*__first2, __blen) <=> 0;
      |                       ~~~~~~~~~~~~~~~~^~~~~~~~~~~~~~~~~~~~~~~~~~~~~~~~
[ 72%] Building CXX object CMakeFiles/pfp.dir/home/erikg/worktrees/sxgc/pi-worktree-e7286239-b261-424c-8585-f2604e5d83e0-s0-0/xsa/target/release/build/xsa-2dfcfb6cbbc0de33/out/stages-5l8veref/deps/smhasher/src/MurmurHash3.cpp.o
[ 81%] Linking CXX static library libpfp.a
[ 81%] Built target pfp
[ 90%] Building CXX object CMakeFiles/pfp++.dir/pfp++.cpp.o
[100%] Linking CXX executable pfp++
[100%] Built target pfp++
[  9%] Building CXX object CMakeFiles/pfp64.dir/src/agc_source.cpp.o
[ 18%] Building CXX object CMakeFiles/pfp64.dir/src/text_source.cpp.o
[ 27%] Building CXX object CMakeFiles/pfp64.dir/src/internals.cpp.o
[ 36%] Building CXX object CMakeFiles/pfp64.dir/src/pfp_algo.cpp.o
[ 45%] Building CXX object CMakeFiles/pfp64.dir/src/utils.cpp.o
[ 54%] Building CXX object CMakeFiles/pfp64.dir/src/vcf.cpp.o
In file included from /usr/include/c++/13/vector:62,
                 from /home/erikg/worktrees/sxgc/pi-worktree-e7286239-b261-424c-8585-f2604e5d83e0-s0-0/vendor/pfp-agc-fork/include/pfp_algo.hpp:10,
                 from /home/erikg/worktrees/sxgc/pi-worktree-e7286239-b261-424c-8585-f2604e5d83e0-s0-0/vendor/pfp-agc-fork/src/pfp_algo.cpp:7:
In function ‘constexpr decltype (__comp((* __first1), (* __first2))) std::lexicographical_compare_three_way(_InputIter1, _InputIter1, _InputIter2, _InputIter2, _Comp) [with _InputIter1 = __gnu_cxx::__normal_iterator<const unsigned char*, vector<unsigned char, allocator<unsigned char> > >; _InputIter2 = __gnu_cxx::__normal_iterator<const unsigned char*, vector<unsigned char, allocator<unsigned char> > >; _Comp = __detail::_Synth3way]’,
    inlined from ‘constexpr std::__detail::__synth3way_t<_T1> std::operator<=>(const vector<_Tp, _Alloc>&, const vector<_Tp, _Alloc>&) [with _Tp = unsigned char; _Alloc = allocator<unsigned char>]’ at /usr/include/c++/13/bits/stl_vector.h:2061:52,
    inlined from ‘bool vcfbwt::ref_smaller(std::pair<std::reference_wrapper<std::vector<T> >, long unsigned int>, std::pair<std::reference_wrapper<std::vector<T> >, long unsigned int>) [with data_type = unsigned char]’ at /home/erikg/worktrees/sxgc/pi-worktree-e7286239-b261-424c-8585-f2604e5d83e0-s0-0/vendor/pfp-agc-fork/include/utils.hpp:331:27,
    inlined from ‘constexpr bool __gnu_cxx::__ops::_Iter_comp_iter<_Compare>::operator()(_Iterator1, _Iterator2) [with _Iterator1 = __gnu_cxx::__normal_iterator<std::pair<std::reference_wrapper<std::vector<unsigned char, std::allocator<unsigned char> > >, long unsigned int>*, std::vector<std::pair<std::reference_wrapper<std::vector<unsigned char, std::allocator<unsigned char> > >, long unsigned int>, std::allocator<std::pair<std::reference_wrapper<std::vector<unsigned char, std::allocator<unsigned char> > >, long unsigned int> > > >; _Iterator2 = __gnu_cxx::__normal_iterator<std::pair<std::reference_wrapper<std::vector<unsigned char, std::allocator<unsigned char> > >, long unsigned int>*, std::vector<std::pair<std::reference_wrapper<std::vector<unsigned char, std::allocator<unsigned char> > >, long unsigned int>, std::allocator<std::pair<std::reference_wrapper<std::vector<unsigned char, std::allocator<unsigned char> > >, long unsigned int> > > >; _Compare = bool (*)(std::pair<std::reference_wrapper<std::vector<unsigned char, std::allocator<unsigned char> > >, long unsigned int>, std::pair<std::reference_wrapper<std::vector<unsigned char, std::allocator<unsigned char> > >, long unsigned int>)]’ at /usr/include/c++/13/bits/predefined_ops.h:158:23,
    inlined from ‘constexpr _RandomAccessIterator std::__unguarded_partition(_RandomAccessIterator, _RandomAccessIterator, _RandomAccessIterator, _Compare) [with _RandomAccessIterator = __gnu_cxx::__normal_iterator<pair<reference_wrapper<vector<unsigned char, allocator<unsigned char> > >, long unsigned int>*, vector<pair<reference_wrapper<vector<unsigned char, allocator<unsigned char> > >, long unsigned int>, allocator<pair<reference_wrapper<vector<unsigned char, allocator<unsigned char> > >, long unsigned int> > > >; _Compare = __gnu_cxx::__ops::_Iter_comp_iter<bool (*)(pair<reference_wrapper<vector<unsigned char, allocator<unsigned char> > >, long unsigned int>, pair<reference_wrapper<vector<unsigned char, allocator<unsigned char> > >, long unsigned int>)>]’ at /usr/include/c++/13/bits/stl_algo.h:1880:17,
    inlined from ‘constexpr _RandomAccessIterator std::__unguarded_partition_pivot(_RandomAccessIterator, _RandomAccessIterator, _Compare) [with _RandomAccessIterator = __gnu_cxx::__normal_iterator<pair<reference_wrapper<vector<unsigned char, allocator<unsigned char> > >, long unsigned int>*, vector<pair<reference_wrapper<vector<unsigned char, allocator<unsigned char> > >, long unsigned int>, allocator<pair<reference_wrapper<vector<unsigned char, allocator<unsigned char> > >, long unsigned int> > > >; _Compare = __gnu_cxx::__ops::_Iter_comp_iter<bool (*)(pair<reference_wrapper<vector<unsigned char, allocator<unsigned char> > >, long unsigned int>, pair<reference_wrapper<vector<unsigned char, allocator<unsigned char> > >, long unsigned int>)>]’ at /usr/include/c++/13/bits/stl_algo.h:1899:40,
    inlined from ‘constexpr void std::__introsort_loop(_RandomAccessIterator, _RandomAccessIterator, _Size, _Compare) [with _RandomAccessIterator = __gnu_cxx::__normal_iterator<pair<reference_wrapper<vector<unsigned char, allocator<unsigned char> > >, long unsigned int>*, vector<pair<reference_wrapper<vector<unsigned char, allocator<unsigned char> > >, long unsigned int>, allocator<pair<reference_wrapper<vector<unsigned char, allocator<unsigned char> > >, long unsigned int> > > >; _Size = long int; _Compare = __gnu_cxx::__ops::_Iter_comp_iter<bool (*)(pair<reference_wrapper<vector<unsigned char, allocator<unsigned char> > >, long unsigned int>, pair<reference_wrapper<vector<unsigned char, allocator<unsigned char> > >, long unsigned int>)>]’ at /usr/include/c++/13/bits/stl_algo.h:1931:38:
/usr/include/c++/13/bits/stl_algobase.h:1848:39: warning: ‘int __builtin_memcmp(const void*, const void*, long unsigned int)’ specified bound [9223372036854775808, 18446744073709551615] exceeds maximum object size 9223372036854775807 [-Wstringop-overread]
 1848 |                     = __builtin_memcmp(&*__first1, &*__first2, __blen) <=> 0;
      |                       ~~~~~~~~~~~~~~~~^~~~~~~~~~~~~~~~~~~~~~~~~~~~~~~~
[ 63%] Building CXX object CMakeFiles/pfp64.dir/generated/version.cpp.o
[ 72%] Building CXX object CMakeFiles/pfp64.dir/home/erikg/worktrees/sxgc/pi-worktree-e7286239-b261-424c-8585-f2604e5d83e0-s0-0/xsa/target/release/build/xsa-2dfcfb6cbbc0de33/out/stages-5l8veref/deps/smhasher/src/MurmurHash3.cpp.o
In function ‘constexpr decltype (__comp((* __first1), (* __first2))) std::lexicographical_compare_three_way(_InputIter1, _InputIter1, _InputIter2, _InputIter2, _Comp) [with _InputIter1 = __gnu_cxx::__normal_iterator<const unsigned char*, vector<unsigned char, allocator<unsigned char> > >; _InputIter2 = __gnu_cxx::__normal_iterator<const unsigned char*, vector<unsigned char, allocator<unsigned char> > >; _Comp = __detail::_Synth3way]’,
    inlined from ‘constexpr std::__detail::__synth3way_t<_T1> std::operator<=>(const vector<_Tp, _Alloc>&, const vector<_Tp, _Alloc>&) [with _Tp = unsigned char; _Alloc = allocator<unsigned char>]’ at /usr/include/c++/13/bits/stl_vector.h:2061:52,
    inlined from ‘bool vcfbwt::ref_smaller(std::pair<std::reference_wrapper<std::vector<T> >, long unsigned int>, std::pair<std::reference_wrapper<std::vector<T> >, long unsigned int>) [with data_type = unsigned char]’ at /home/erikg/worktrees/sxgc/pi-worktree-e7286239-b261-424c-8585-f2604e5d83e0-s0-0/vendor/pfp-agc-fork/include/utils.hpp:331:27,
    inlined from ‘constexpr bool __gnu_cxx::__ops::_Iter_comp_iter<_Compare>::operator()(_Iterator1, _Iterator2) [with _Iterator1 = __gnu_cxx::__normal_iterator<std::pair<std::reference_wrapper<std::vector<unsigned char, std::allocator<unsigned char> > >, long unsigned int>*, std::vector<std::pair<std::reference_wrapper<std::vector<unsigned char, std::allocator<unsigned char> > >, long unsigned int>, std::allocator<std::pair<std::reference_wrapper<std::vector<unsigned char, std::allocator<unsigned char> > >, long unsigned int> > > >; _Iterator2 = __gnu_cxx::__normal_iterator<std::pair<std::reference_wrapper<std::vector<unsigned char, std::allocator<unsigned char> > >, long unsigned int>*, std::vector<std::pair<std::reference_wrapper<std::vector<unsigned char, std::allocator<unsigned char> > >, long unsigned int>, std::allocator<std::pair<std::reference_wrapper<std::vector<unsigned char, std::allocator<unsigned char> > >, long unsigned int> > > >; _Compare = bool (*)(std::pair<std::reference_wrapper<std::vector<unsigned char, std::allocator<unsigned char> > >, long unsigned int>, std::pair<std::reference_wrapper<std::vector<unsigned char, std::allocator<unsigned char> > >, long unsigned int>)]’ at /usr/include/c++/13/bits/predefined_ops.h:158:23,
    inlined from ‘constexpr _RandomAccessIterator std::__unguarded_partition(_RandomAccessIterator, _RandomAccessIterator, _RandomAccessIterator, _Compare) [with _RandomAccessIterator = __gnu_cxx::__normal_iterator<pair<reference_wrapper<vector<unsigned char, allocator<unsigned char> > >, long unsigned int>*, vector<pair<reference_wrapper<vector<unsigned char, allocator<unsigned char> > >, long unsigned int>, allocator<pair<reference_wrapper<vector<unsigned char, allocator<unsigned char> > >, long unsigned int> > > >; _Compare = __gnu_cxx::__ops::_Iter_comp_iter<bool (*)(pair<reference_wrapper<vector<unsigned char, allocator<unsigned char> > >, long unsigned int>, pair<reference_wrapper<vector<unsigned char, allocator<unsigned char> > >, long unsigned int>)>]’ at /usr/include/c++/13/bits/stl_algo.h:1880:17,
    inlined from ‘constexpr _RandomAccessIterator std::__unguarded_partition_pivot(_RandomAccessIterator, _RandomAccessIterator, _Compare) [with _RandomAccessIterator = __gnu_cxx::__normal_iterator<pair<reference_wrapper<vector<unsigned char, allocator<unsigned char> > >, long unsigned int>*, vector<pair<reference_wrapper<vector<unsigned char, allocator<unsigned char> > >, long unsigned int>, allocator<pair<reference_wrapper<vector<unsigned char, allocator<unsigned char> > >, long unsigned int> > > >; _Compare = __gnu_cxx::__ops::_Iter_comp_iter<bool (*)(pair<reference_wrapper<vector<unsigned char, allocator<unsigned char> > >, long unsigned int>, pair<reference_wrapper<vector<unsigned char, allocator<unsigned char> > >, long unsigned int>)>]’ at /usr/include/c++/13/bits/stl_algo.h:1899:40,
    inlined from ‘constexpr void std::__introsort_loop(_RandomAccessIterator, _RandomAccessIterator, _Size, _Compare) [with _RandomAccessIterator = __gnu_cxx::__normal_iterator<pair<reference_wrapper<vector<unsigned char, allocator<unsigned char> > >, long unsigned int>*, vector<pair<reference_wrapper<vector<unsigned char, allocator<unsigned char> > >, long unsigned int>, allocator<pair<reference_wrapper<vector<unsigned char, allocator<unsigned char> > >, long unsigned int> > > >; _Size = long int; _Compare = __gnu_cxx::__ops::_Iter_comp_iter<bool (*)(pair<reference_wrapper<vector<unsigned char, allocator<unsigned char> > >, long unsigned int>, pair<reference_wrapper<vector<unsigned char, allocator<unsigned char> > >, long unsigned int>)>]’ at /usr/include/c++/13/bits/stl_algo.h:1931:38,
    inlined from ‘constexpr void std::__sort(_RandomAccessIterator, _RandomAccessIterator, _Compare) [with _RandomAccessIterator = __gnu_cxx::__normal_iterator<pair<reference_wrapper<vector<unsigned char, allocator<unsigned char> > >, long unsigned int>*, vector<pair<reference_wrapper<vector<unsigned char, allocator<unsigned char> > >, long unsigned int>, allocator<pair<reference_wrapper<vector<unsigned char, allocator<unsigned char> > >, long unsigned int> > > >; _Compare = __gnu_cxx::__ops::_Iter_comp_iter<bool (*)(pair<reference_wrapper<vector<unsigned char, allocator<unsigned char> > >, long unsigned int>, pair<reference_wrapper<vector<unsigned char, allocator<unsigned char> > >, long unsigned int>)>]’ at /usr/include/c++/13/bits/stl_algo.h:1947:25,
    inlined from ‘constexpr void std::sort(_RAIter, _RAIter, _Compare) [with _RAIter = __gnu_cxx::__normal_iterator<pair<reference_wrapper<vector<unsigned char, allocator<unsigned char> > >, long unsigned int>*, vector<pair<reference_wrapper<vector<unsigned char, allocator<unsigned char> > >, long unsigned int>, allocator<pair<reference_wrapper<vector<unsigned char, allocator<unsigned char> > >, long unsigned int> > > >; _Compare = bool (*)(pair<reference_wrapper<vector<unsigned char, allocator<unsigned char> > >, long unsigned int>, pair<reference_wrapper<vector<unsigned char, allocator<unsigned char> > >, long unsigned int>)]’ at /usr/include/c++/13/bits/stl_algo.h:4894:18,
    inlined from ‘void vcfbwt::pfp::Dictionary<data_type>::sort() [with data_type = unsigned char]’ at /home/erikg/worktrees/sxgc/pi-worktree-e7286239-b261-424c-8585-f2604e5d83e0-s0-0/vendor/pfp-agc-fork/include/pfp_algo.hpp:74:18:
/usr/include/c++/13/bits/stl_algobase.h:1848:39: warning: ‘int __builtin_memcmp(const void*, const void*, long unsigned int)’ specified bound [9223372036854775808, 18446744073709551615] exceeds maximum object size 9223372036854775807 [-Wstringop-overread]
 1848 |                     = __builtin_memcmp(&*__first1, &*__first2, __blen) <=> 0;
      |                       ~~~~~~~~~~~~~~~~^~~~~~~~~~~~~~~~~~~~~~~~~~~~~~~~
In function ‘constexpr decltype (__comp((* __first1), (* __first2))) std::lexicographical_compare_three_way(_InputIter1, _InputIter1, _InputIter2, _InputIter2, _Comp) [with _InputIter1 = __gnu_cxx::__normal_iterator<const unsigned char*, vector<unsigned char, allocator<unsigned char> > >; _InputIter2 = __gnu_cxx::__normal_iterator<const unsigned char*, vector<unsigned char, allocator<unsigned char> > >; _Comp = __detail::_Synth3way]’,
    inlined from ‘constexpr std::__detail::__synth3way_t<_T1> std::operator<=>(const vector<_Tp, _Alloc>&, const vector<_Tp, _Alloc>&) [with _Tp = unsigned char; _Alloc = allocator<unsigned char>]’ at /usr/include/c++/13/bits/stl_vector.h:2061:52,
    inlined from ‘bool vcfbwt::ref_smaller(std::pair<std::reference_wrapper<std::vector<T> >, long unsigned int>, std::pair<std::reference_wrapper<std::vector<T> >, long unsigned int>) [with data_type = unsigned char]’ at /home/erikg/worktrees/sxgc/pi-worktree-e7286239-b261-424c-8585-f2604e5d83e0-s0-0/vendor/pfp-agc-fork/include/utils.hpp:331:27,
    inlined from ‘constexpr bool __gnu_cxx::__ops::_Val_comp_iter<_Compare>::operator()(_Value&, _Iterator) [with _Value = std::pair<std::reference_wrapper<std::vector<unsigned char, std::allocator<unsigned char> > >, long unsigned int>; _Iterator = __gnu_cxx::__normal_iterator<std::pair<std::reference_wrapper<std::vector<unsigned char, std::allocator<unsigned char> > >, long unsigned int>*, std::vector<std::pair<std::reference_wrapper<std::vector<unsigned char, std::allocator<unsigned char> > >, long unsigned int>, std::allocator<std::pair<std::reference_wrapper<std::vector<unsigned char, std::allocator<unsigned char> > >, long unsigned int> > > >; _Compare = bool (*)(std::pair<std::reference_wrapper<std::vector<unsigned char, std::allocator<unsigned char> > >, long unsigned int>, std::pair<std::reference_wrapper<std::vector<unsigned char, std::allocator<unsigned char> > >, long unsigned int>)]’ at /usr/include/c++/13/bits/predefined_ops.h:240:16,
    inlined from ‘constexpr void std::__unguarded_linear_insert(_RandomAccessIterator, _Compare) [with _RandomAccessIterator = __gnu_cxx::__normal_iterator<pair<reference_wrapper<vector<unsigned char, allocator<unsigned char> > >, long unsigned int>*, vector<pair<reference_wrapper<vector<unsigned char, allocator<unsigned char> > >, long unsigned int>, allocator<pair<reference_wrapper<vector<unsigned char, allocator<unsigned char> > >, long unsigned int> > > >; _Compare = __gnu_cxx::__ops::_Val_comp_iter<bool (*)(pair<reference_wrapper<vector<unsigned char, allocator<unsigned char> > >, long unsigned int>, pair<reference_wrapper<vector<unsigned char, allocator<unsigned char> > >, long unsigned int>)>]’ at /usr/include/c++/13/bits/stl_algo.h:1799:20,
    inlined from ‘constexpr void std::__insertion_sort(_RandomAccessIterator, _RandomAccessIterator, _Compare) [with _RandomAccessIterator = __gnu_cxx::__normal_iterator<pair<reference_wrapper<vector<unsigned char, allocator<unsigned char> > >, long unsigned int>*, vector<pair<reference_wrapper<vector<unsigned char, allocator<unsigned char> > >, long unsigned int>, allocator<pair<reference_wrapper<vector<unsigned char, allocator<unsigned char> > >, long unsigned int> > > >; _Compare = __gnu_cxx::__ops::_Iter_comp_iter<bool (*)(pair<reference_wrapper<vector<unsigned char, allocator<unsigned char> > >, long unsigned int>, pair<reference_wrapper<vector<unsigned char, allocator<unsigned char> > >, long unsigned int>)>]’ at /usr/include/c++/13/bits/stl_algo.h:1827:36,
    inlined from ‘constexpr void std::__final_insertion_sort(_RandomAccessIterator, _RandomAccessIterator, _Compare) [with _RandomAccessIterator = __gnu_cxx::__normal_iterator<pair<reference_wrapper<vector<unsigned char, allocator<unsigned char> > >, long unsigned int>*, vector<pair<reference_wrapper<vector<unsigned char, allocator<unsigned char> > >, long unsigned int>, allocator<pair<reference_wrapper<vector<unsigned char, allocator<unsigned char> > >, long unsigned int> > > >; _Compare = __gnu_cxx::__ops::_Iter_comp_iter<bool (*)(pair<reference_wrapper<vector<unsigned char, allocator<unsigned char> > >, long unsigned int>, pair<reference_wrapper<vector<unsigned char, allocator<unsigned char> > >, long unsigned int>)>]’ at /usr/include/c++/13/bits/stl_algo.h:1859:25,
    inlined from ‘constexpr void std::__sort(_RandomAccessIterator, _RandomAccessIterator, _Compare) [with _RandomAccessIterator = __gnu_cxx::__normal_iterator<pair<reference_wrapper<vector<unsigned char, allocator<unsigned char> > >, long unsigned int>*, vector<pair<reference_wrapper<vector<unsigned char, allocator<unsigned char> > >, long unsigned int>, allocator<pair<reference_wrapper<vector<unsigned char, allocator<unsigned char> > >, long unsigned int> > > >; _Compare = __gnu_cxx::__ops::_Iter_comp_iter<bool (*)(pair<reference_wrapper<vector<unsigned char, allocator<unsigned char> > >, long unsigned int>, pair<reference_wrapper<vector<unsigned char, allocator<unsigned char> > >, long unsigned int>)>]’ at /usr/include/c++/13/bits/stl_algo.h:1950:31,
    inlined from ‘constexpr void std::sort(_RAIter, _RAIter, _Compare) [with _RAIter = __gnu_cxx::__normal_iterator<pair<reference_wrapper<vector<unsigned char, allocator<unsigned char> > >, long unsigned int>*, vector<pair<reference_wrapper<vector<unsigned char, allocator<unsigned char> > >, long unsigned int>, allocator<pair<reference_wrapper<vector<unsigned char, allocator<unsigned char> > >, long unsigned int> > > >; _Compare = bool (*)(pair<reference_wrapper<vector<unsigned char, allocator<unsigned char> > >, long unsigned int>, pair<reference_wrapper<vector<unsigned char, allocator<unsigned char> > >, long unsigned int>)]’ at /usr/include/c++/13/bits/stl_algo.h:4894:18,
    inlined from ‘void vcfbwt::pfp::Dictionary<data_type>::sort() [with data_type = unsigned char]’ at /home/erikg/worktrees/sxgc/pi-worktree-e7286239-b261-424c-8585-f2604e5d83e0-s0-0/vendor/pfp-agc-fork/include/pfp_algo.hpp:74:18:
/usr/include/c++/13/bits/stl_algobase.h:1848:39: warning: ‘int __builtin_memcmp(const void*, const void*, long unsigned int)’ specified bound [9223372036854775808, 18446744073709551615] exceeds maximum object size 9223372036854775807 [-Wstringop-overread]
 1848 |                     = __builtin_memcmp(&*__first1, &*__first2, __blen) <=> 0;
      |                       ~~~~~~~~~~~~~~~~^~~~~~~~~~~~~~~~~~~~~~~~~~~~~~~~
In function ‘constexpr decltype (__comp((* __first1), (* __first2))) std::lexicographical_compare_three_way(_InputIter1, _InputIter1, _InputIter2, _InputIter2, _Comp) [with _InputIter1 = __gnu_cxx::__normal_iterator<const unsigned char*, vector<unsigned char, allocator<unsigned char> > >; _InputIter2 = __gnu_cxx::__normal_iterator<const unsigned char*, vector<unsigned char, allocator<unsigned char> > >; _Comp = __detail::_Synth3way]’,
    inlined from ‘constexpr std::__detail::__synth3way_t<_T1> std::operator<=>(const vector<_Tp, _Alloc>&, const vector<_Tp, _Alloc>&) [with _Tp = unsigned char; _Alloc = allocator<unsigned char>]’ at /usr/include/c++/13/bits/stl_vector.h:2061:52,
    inlined from ‘bool vcfbwt::ref_smaller(std::pair<std::reference_wrapper<std::vector<T> >, long unsigned int>, std::pair<std::reference_wrapper<std::vector<T> >, long unsigned int>) [with data_type = unsigned char]’ at /home/erikg/worktrees/sxgc/pi-worktree-e7286239-b261-424c-8585-f2604e5d83e0-s0-0/vendor/pfp-agc-fork/include/utils.hpp:331:27,
    inlined from ‘constexpr bool __gnu_cxx::__ops::_Val_comp_iter<_Compare>::operator()(_Value&, _Iterator) [with _Value = std::pair<std::reference_wrapper<std::vector<unsigned char, std::allocator<unsigned char> > >, long unsigned int>; _Iterator = __gnu_cxx::__normal_iterator<std::pair<std::reference_wrapper<std::vector<unsigned char, std::allocator<unsigned char> > >, long unsigned int>*, std::vector<std::pair<std::reference_wrapper<std::vector<unsigned char, std::allocator<unsigned char> > >, long unsigned int>, std::allocator<std::pair<std::reference_wrapper<std::vector<unsigned char, std::allocator<unsigned char> > >, long unsigned int> > > >; _Compare = bool (*)(std::pair<std::reference_wrapper<std::vector<unsigned char, std::allocator<unsigned char> > >, long unsigned int>, std::pair<std::reference_wrapper<std::vector<unsigned char, std::allocator<unsigned char> > >, long unsigned int>)]’ at /usr/include/c++/13/bits/predefined_ops.h:240:16,
    inlined from ‘constexpr void std::__unguarded_linear_insert(_RandomAccessIterator, _Compare) [with _RandomAccessIterator = __gnu_cxx::__normal_iterator<pair<reference_wrapper<vector<unsigned char, allocator<unsigned char> > >, long unsigned int>*, vector<pair<reference_wrapper<vector<unsigned char, allocator<unsigned char> > >, long unsigned int>, allocator<pair<reference_wrapper<vector<unsigned char, allocator<unsigned char> > >, long unsigned int> > > >; _Compare = __gnu_cxx::__ops::_Val_comp_iter<bool (*)(pair<reference_wrapper<vector<unsigned char, allocator<unsigned char> > >, long unsigned int>, pair<reference_wrapper<vector<unsigned char, allocator<unsigned char> > >, long unsigned int>)>]’ at /usr/include/c++/13/bits/stl_algo.h:1799:20,
    inlined from ‘constexpr void std::__unguarded_insertion_sort(_RandomAccessIterator, _RandomAccessIterator, _Compare) [with _RandomAccessIterator = __gnu_cxx::__normal_iterator<pair<reference_wrapper<vector<unsigned char, allocator<unsigned char> > >, long unsigned int>*, vector<pair<reference_wrapper<vector<unsigned char, allocator<unsigned char> > >, long unsigned int>, allocator<pair<reference_wrapper<vector<unsigned char, allocator<unsigned char> > >, long unsigned int> > > >; _Compare = __gnu_cxx::__ops::_Iter_comp_iter<bool (*)(pair<reference_wrapper<vector<unsigned char, allocator<unsigned char> > >, long unsigned int>, pair<reference_wrapper<vector<unsigned char, allocator<unsigned char> > >, long unsigned int>)>]’ at /usr/include/c++/13/bits/stl_algo.h:1840:32,
    inlined from ‘constexpr void std::__final_insertion_sort(_RandomAccessIterator, _RandomAccessIterator, _Compare) [with _RandomAccessIterator = __gnu_cxx::__normal_iterator<pair<reference_wrapper<vector<unsigned char, allocator<unsigned char> > >, long unsigned int>*, vector<pair<reference_wrapper<vector<unsigned char, allocator<unsigned char> > >, long unsigned int>, allocator<pair<reference_wrapper<vector<unsigned char, allocator<unsigned char> > >, long unsigned int> > > >; _Compare = __gnu_cxx::__ops::_Iter_comp_iter<bool (*)(pair<reference_wrapper<vector<unsigned char, allocator<unsigned char> > >, long unsigned int>, pair<reference_wrapper<vector<unsigned char, allocator<unsigned char> > >, long unsigned int>)>]’ at /usr/include/c++/13/bits/stl_algo.h:1860:35,
    inlined from ‘constexpr void std::__sort(_RandomAccessIterator, _RandomAccessIterator, _Compare) [with _RandomAccessIterator = __gnu_cxx::__normal_iterator<pair<reference_wrapper<vector<unsigned char, allocator<unsigned char> > >, long unsigned int>*, vector<pair<reference_wrapper<vector<unsigned char, allocator<unsigned char> > >, long unsigned int>, allocator<pair<reference_wrapper<vector<unsigned char, allocator<unsigned char> > >, long unsigned int> > > >; _Compare = __gnu_cxx::__ops::_Iter_comp_iter<bool (*)(pair<reference_wrapper<vector<unsigned char, allocator<unsigned char> > >, long unsigned int>, pair<reference_wrapper<vector<unsigned char, allocator<unsigned char> > >, long unsigned int>)>]’ at /usr/include/c++/13/bits/stl_algo.h:1950:31,
    inlined from ‘constexpr void std::sort(_RAIter, _RAIter, _Compare) [with _RAIter = __gnu_cxx::__normal_iterator<pair<reference_wrapper<vector<unsigned char, allocator<unsigned char> > >, long unsigned int>*, vector<pair<reference_wrapper<vector<unsigned char, allocator<unsigned char> > >, long unsigned int>, allocator<pair<reference_wrapper<vector<unsigned char, allocator<unsigned char> > >, long unsigned int> > > >; _Compare = bool (*)(pair<reference_wrapper<vector<unsigned char, allocator<unsigned char> > >, long unsigned int>, pair<reference_wrapper<vector<unsigned char, allocator<unsigned char> > >, long unsigned int>)]’ at /usr/include/c++/13/bits/stl_algo.h:4894:18,
    inlined from ‘void vcfbwt::pfp::Dictionary<data_type>::sort() [with data_type = unsigned char]’ at /home/erikg/worktrees/sxgc/pi-worktree-e7286239-b261-424c-8585-f2604e5d83e0-s0-0/vendor/pfp-agc-fork/include/pfp_algo.hpp:74:18:
/usr/include/c++/13/bits/stl_algobase.h:1848:39: warning: ‘int __builtin_memcmp(const void*, const void*, long unsigned int)’ specified bound [9223372036854775808, 18446744073709551615] exceeds maximum object size 9223372036854775807 [-Wstringop-overread]
 1848 |                     = __builtin_memcmp(&*__first1, &*__first2, __blen) <=> 0;
      |                       ~~~~~~~~~~~~~~~~^~~~~~~~~~~~~~~~~~~~~~~~~~~~~~~~
In function ‘constexpr decltype (__comp((* __first1), (* __first2))) std::lexicographical_compare_three_way(_InputIter1, _InputIter1, _InputIter2, _InputIter2, _Comp) [with _InputIter1 = __gnu_cxx::__normal_iterator<const unsigned char*, vector<unsigned char, allocator<unsigned char> > >; _InputIter2 = __gnu_cxx::__normal_iterator<const unsigned char*, vector<unsigned char, allocator<unsigned char> > >; _Comp = __detail::_Synth3way]’,
    inlined from ‘constexpr std::__detail::__synth3way_t<_T1> std::operator<=>(const vector<_Tp, _Alloc>&, const vector<_Tp, _Alloc>&) [with _Tp = unsigned char; _Alloc = allocator<unsigned char>]’ at /usr/include/c++/13/bits/stl_vector.h:2061:52,
    inlined from ‘bool vcfbwt::ref_smaller(std::pair<std::reference_wrapper<std::vector<T> >, long unsigned int>, std::pair<std::reference_wrapper<std::vector<T> >, long unsigned int>) [with data_type = unsigned char]’ at /home/erikg/worktrees/sxgc/pi-worktree-e7286239-b261-424c-8585-f2604e5d83e0-s0-0/vendor/pfp-agc-fork/include/utils.hpp:331:27,
    inlined from ‘constexpr bool __gnu_cxx::__ops::_Val_comp_iter<_Compare>::operator()(_Value&, _Iterator) [with _Value = std::pair<std::reference_wrapper<std::vector<unsigned char, std::allocator<unsigned char> > >, long unsigned int>; _Iterator = __gnu_cxx::__normal_iterator<std::pair<std::reference_wrapper<std::vector<unsigned char, std::allocator<unsigned char> > >, long unsigned int>*, std::vector<std::pair<std::reference_wrapper<std::vector<unsigned char, std::allocator<unsigned char> > >, long unsigned int>, std::allocator<std::pair<std::reference_wrapper<std::vector<unsigned char, std::allocator<unsigned char> > >, long unsigned int> > > >; _Compare = bool (*)(std::pair<std::reference_wrapper<std::vector<unsigned char, std::allocator<unsigned char> > >, long unsigned int>, std::pair<std::reference_wrapper<std::vector<unsigned char, std::allocator<unsigned char> > >, long unsigned int>)]’ at /usr/include/c++/13/bits/predefined_ops.h:240:16,
    inlined from ‘constexpr void std::__unguarded_linear_insert(_RandomAccessIterator, _Compare) [with _RandomAccessIterator = __gnu_cxx::__normal_iterator<pair<reference_wrapper<vector<unsigned char, allocator<unsigned char> > >, long unsigned int>*, vector<pair<reference_wrapper<vector<unsigned char, allocator<unsigned char> > >, long unsigned int>, allocator<pair<reference_wrapper<vector<unsigned char, allocator<unsigned char> > >, long unsigned int> > > >; _Compare = __gnu_cxx::__ops::_Val_comp_iter<bool (*)(pair<reference_wrapper<vector<unsigned char, allocator<unsigned char> > >, long unsigned int>, pair<reference_wrapper<vector<unsigned char, allocator<unsigned char> > >, long unsigned int>)>]’ at /usr/include/c++/13/bits/stl_algo.h:1799:20,
    inlined from ‘constexpr void std::__insertion_sort(_RandomAccessIterator, _RandomAccessIterator, _Compare) [with _RandomAccessIterator = __gnu_cxx::__normal_iterator<pair<reference_wrapper<vector<unsigned char, allocator<unsigned char> > >, long unsigned int>*, vector<pair<reference_wrapper<vector<unsigned char, allocator<unsigned char> > >, long unsigned int>, allocator<pair<reference_wrapper<vector<unsigned char, allocator<unsigned char> > >, long unsigned int> > > >; _Compare = __gnu_cxx::__ops::_Iter_comp_iter<bool (*)(pair<reference_wrapper<vector<unsigned char, allocator<unsigned char> > >, long unsigned int>, pair<reference_wrapper<vector<unsigned char, allocator<unsigned char> > >, long unsigned int>)>]’ at /usr/include/c++/13/bits/stl_algo.h:1827:36,
    inlined from ‘constexpr void std::__final_insertion_sort(_RandomAccessIterator, _RandomAccessIterator, _Compare) [with _RandomAccessIterator = __gnu_cxx::__normal_iterator<pair<reference_wrapper<vector<unsigned char, allocator<unsigned char> > >, long unsigned int>*, vector<pair<reference_wrapper<vector<unsigned char, allocator<unsigned char> > >, long unsigned int>, allocator<pair<reference_wrapper<vector<unsigned char, allocator<unsigned char> > >, long unsigned int> > > >; _Compare = __gnu_cxx::__ops::_Iter_comp_iter<bool (*)(pair<reference_wrapper<vector<unsigned char, allocator<unsigned char> > >, long unsigned int>, pair<reference_wrapper<vector<unsigned char, allocator<unsigned char> > >, long unsigned int>)>]’ at /usr/include/c++/13/bits/stl_algo.h:1864:23,
    inlined from ‘constexpr void std::__sort(_RandomAccessIterator, _RandomAccessIterator, _Compare) [with _RandomAccessIterator = __gnu_cxx::__normal_iterator<pair<reference_wrapper<vector<unsigned char, allocator<unsigned char> > >, long unsigned int>*, vector<pair<reference_wrapper<vector<unsigned char, allocator<unsigned char> > >, long unsigned int>, allocator<pair<reference_wrapper<vector<unsigned char, allocator<unsigned char> > >, long unsigned int> > > >; _Compare = __gnu_cxx::__ops::_Iter_comp_iter<bool (*)(pair<reference_wrapper<vector<unsigned char, allocator<unsigned char> > >, long unsigned int>, pair<reference_wrapper<vector<unsigned char, allocator<unsigned char> > >, long unsigned int>)>]’ at /usr/include/c++/13/bits/stl_algo.h:1950:31,
    inlined from ‘constexpr void std::sort(_RAIter, _RAIter, _Compare) [with _RAIter = __gnu_cxx::__normal_iterator<pair<reference_wrapper<vector<unsigned char, allocator<unsigned char> > >, long unsigned int>*, vector<pair<reference_wrapper<vector<unsigned char, allocator<unsigned char> > >, long unsigned int>, allocator<pair<reference_wrapper<vector<unsigned char, allocator<unsigned char> > >, long unsigned int> > > >; _Compare = bool (*)(pair<reference_wrapper<vector<unsigned char, allocator<unsigned char> > >, long unsigned int>, pair<reference_wrapper<vector<unsigned char, allocator<unsigned char> > >, long unsigned int>)]’ at /usr/include/c++/13/bits/stl_algo.h:4894:18,
    inlined from ‘void vcfbwt::pfp::Dictionary<data_type>::sort() [with data_type = unsigned char]’ at /home/erikg/worktrees/sxgc/pi-worktree-e7286239-b261-424c-8585-f2604e5d83e0-s0-0/vendor/pfp-agc-fork/include/pfp_algo.hpp:74:18:
/usr/include/c++/13/bits/stl_algobase.h:1848:39: warning: ‘int __builtin_memcmp(const void*, const void*, long unsigned int)’ specified bound [9223372036854775808, 18446744073709551615] exceeds maximum object size 9223372036854775807 [-Wstringop-overread]
 1848 |                     = __builtin_memcmp(&*__first1, &*__first2, __blen) <=> 0;
      |                       ~~~~~~~~~~~~~~~~^~~~~~~~~~~~~~~~~~~~~~~~~~~~~~~~
[ 81%] Linking CXX static library libpfp64.a
[ 81%] Built target pfp64
[ 90%] Building CXX object CMakeFiles/pfp++64.dir/pfp++.cpp.o
[100%] Linking CXX executable pfp++64
[100%] Built target pfp++64
[ 81%] Built target pfp
[ 90%] Building CXX object CMakeFiles/pfp_source_probe.dir/tests/source_probe.cpp.o
[100%] Linking CXX executable pfp_source_probe
[100%] Built target pfp_source_probe
