ri4: n=5001 k=1 R=3814
SLIM_PHASE ri4-load wall=0.000 cumulative=0.000 peak_rss_kib=2048
SLIM_HEAD_SA bytes=30512 rows=3814 mmap=1
SLIM_PHASE dict-read wall=0.000 cumulative=0.000 peak_rss_kib=2048
SLIM_PHASE dict-boundaries wall=0.000 cumulative=0.000 peak_rss_kib=2048
SLIM_STRING_ENDS count=1 bytes=8 from_parse_dict=1 cyclic=1
SLIM_PHASE parse+boundaries wall=0.000 cumulative=0.000 peak_rss_kib=2048
SLIM_PHASE parse-fingerprints wall=0.000 cumulative=0.000 peak_rss_kib=2048
SLIM_PHASE dict-fingerprints wall=0.000 cumulative=0.000 peak_rss_kib=2048
SLIM_STRUCT n=5011 P=44 D=5496 phrases=44 parse_bytes=180 bd_bytes=278 bp_bytes=278 dict_resident=0 dict_cache_per_thread=262144 no_SA_ISA_LCP_RMQ=1 no_M_b_bwt_w_wt=1
SLIM_PHASE lce-build-total wall=0.000 cumulative=0.001 peak_rss_kib=2048
SLIM_PHASE lf-build wall=0.000 cumulative=0.001 peak_rss_kib=2048
SLIM_RI runs=19070 starts=30512 samples=6200 lf_capacity=46940
SLIM_PROGRESS runs=3814/3814 resolve_wall=0.001 lce_wall=0.002 write_wall=0.000 lf_steps=0 cache_hits=0
SLIM_PHASE query-chunks wall=0.004 cumulative=0.005 peak_rss_kib=4096
SLIM_PHASE queries+stream-write-final wall=0.000 cumulative=0.005 peak_rss_kib=4096
SLIM_FP parse tau=1 bytes=368 queries=0 verified_symbols=0 hash_probes=0 mean_verified=0.000000000 max_verified=0
SLIM_FP dict tau=12 bytes=3672 queries=4704 verified_symbols=29516 hash_probes=4 mean_verified=6.274659864 max_verified=13
SLIM_QUERY_PHASE resolve_wall=0.000593 resolve_peak_kib=4096 lce_wall=0.001946 lce_peak_kib=4096 write_wall=0.000139 write_peak_kib=4096
SLIM_SEEDS queries=4704 mean_verified_phrases=0.000000000 max_verified_phrases=0 (includes_zero_parse_work_seeds; boundary_included)
SLIM_RESOLVE walks=0 steps=0 max=0 anchor=0 failed=0 cache_hits=0
SLIM_BOUNDARY_RESOLVE head_direct=3814 tail_direct=4704 head_lf_steps=0
