[2026-09-29 13:24:17.020] [info] Current Configuration:
; PFP++

; Text file to parse.
text="/tmp/byte-remap-ajcwrvfh/identity.txt"

; Read -t as AGC: archive order, uppercase reversed contigs, 0x1e separators.
agc=false

; Output prefix.
out-prefix="/tmp/byte-remap-ajcwrvfh/xsa-build-7_s82h6g/parse"

; Sliding window size.
window-size=10

; Modulo used during parsing.
modulo=100

; Number of threads.
threads=2

; Temporary files directory.
tmp-dir="/tmp/byte-remap-ajcwrvfh/xsa-build-7_s82h6g"

; Also output compressed the dictionary.
compress-dictionary=false

; Use reference parse to avoid re-parsing.
use-vcf-acceleration=false

; Print out csv containing stats.
print-statistics=false

; Output count for each dictionary phrase.
output-occurrences=false

; Output sai array.
output-sai=false

; Output last array.
output-last=false

; Convert all non ACGT characters from a VCF or FASTA file to N.
acgt-only=false

; Verbose output.
verbose=false

; Version number.
version=false

[2026-09-29 13:24:17.021] [info] Parsing /tmp/byte-remap-ajcwrvfh/identity.txt
[2026-09-29 13:24:17.023] [info] Main parser: Replacing hash values with ranks.
[2026-09-29 13:24:17.023] [info] Main parser: writing dictionary on disk NOT COMPRESSED
[2026-09-29 13:24:17.023] [info] No properties requested.
[2026-09-29 13:24:17.023] [info] Main parser: closed
[2026-09-29 13:24:17.023] [info] Parser Text -	Parse size: 44	Dic Size: 44 Dic Total Length: 5442
[Disk Write (bytes): 6015]
