[2026-09-29 13:33:13.586] [info] Current Configuration:
; PFP++

; Integers file to parse.
int32t="/tmp/byte-remap-j477lgt5/xsa-build-lpnfd9qe/parse.parse"

; Read -t as AGC: archive order, uppercase reversed contigs, 0x1e separators.
agc=false

; Sliding window size.
window-size=5

; Modulo used during parsing.
modulo=11

; Number of threads.
threads=2

; Temporary files directory.
tmp-dir="/tmp/byte-remap-j477lgt5/xsa-build-lpnfd9qe"

; Also output compressed the dictionary.
compress-dictionary=false

; Use reference parse to avoid re-parsing.
use-vcf-acceleration=false

; Print out csv containing stats.
print-statistics=false

; Output count for each dictionary phrase.
output-occurrences=false

; Output sai array.
output-sai=false

; Output last array.
output-last=false

; Convert all non ACGT characters from a VCF or FASTA file to N.
acgt-only=false

; Verbose output.
verbose=false

; Version number.
version=false

[2026-09-29 13:33:13.586] [info] Parsing /tmp/byte-remap-j477lgt5/xsa-build-lpnfd9qe/parse.parse
[2026-09-29 13:33:13.586] [info] Main parser: Replacing hash values with ranks.
[2026-09-29 13:33:13.586] [info] Main parser: writing dictionary on disk NOT COMPRESSED
[2026-09-29 13:33:13.586] [info] No properties requested.
[2026-09-29 13:33:13.586] [info] Main parser: closed
[2026-09-29 13:33:13.586] [info] Parser Integers -	Parse size: 5	Dic Size: 5 Dic Total Length: 280
[Disk Write (bytes): 364]
