[2026-09-29 13:24:17.052] [info] Using 8 bytes for computing SA of the dictionary
[2026-09-29 13:24:17.053] [info] Using 2 bytes for storing SA of the dictionary
[2026-09-29 13:24:17.053] [info] Elapsed time (s): 0.000484711
[2026-09-29 13:24:17.053] [info] Using 1 bytes for DA of the dictionary
[2026-09-29 13:24:17.053] [info] Elapsed time (s): 4.824e-05
[2026-09-29 13:24:17.053] [info] Using 2 bytes for ISA of the dictionary
[2026-09-29 13:24:17.053] [info] Elapsed time (s): 4.201e-05
[2026-09-29 13:24:17.053] [info] Using 2 bytes for LCP of the dictionary
[2026-09-29 13:24:17.053] [info] Elapsed time (s): 0.00010384
[2026-09-29 13:24:17.053] [info] Using 1 bytes for colex id and inverse colex id array of the dictionary
[2026-09-29 13:24:17.053] [info] Elapsed time (s): 2.753e-05
[2026-09-29 13:24:17.053] [info] Using 8 bytes for computing SA of the dictionary
[2026-09-29 13:24:17.053] [info] Using 1 bytes for storing SA of the dictionary
[2026-09-29 13:24:17.053] [info] Elapsed time (s): 1.065e-05
[2026-09-29 13:24:17.053] [info] Using 1 bytes for DA of the dictionary
[2026-09-29 13:24:17.053] [info] Elapsed time (s): 2.41e-06
[2026-09-29 13:24:17.053] [info] Using 1 bytes for ISA of the dictionary
[2026-09-29 13:24:17.053] [info] Elapsed time (s): 2.06e-06
[2026-09-29 13:24:17.053] [info] Using 1 bytes for LCP of the dictionary
[2026-09-29 13:24:17.053] [info] Elapsed time (s): 2.53e-06
[2026-09-29 13:24:17.053] [info] Computing RMQ over LCP of dictionary
[2026-09-29 13:24:17.053] [info] Elapsed time (s): 6.75e-06
[2026-09-29 13:24:17.053] [info] Using 1 bytes for colex DA of the dictionary
[2026-09-29 13:24:17.053] [info] Using 1 bytes for colex id and inverse colex id array of the dictionary
[2026-09-29 13:24:17.053] [info] Elapsed time (s): 1.486e-05
[2026-09-29 13:24:17.053] [info] Using 8 bytes for computing SA of the parsing
[2026-09-29 13:24:17.053] [info] Using 1 bytes for storing SA of the parsing
[2026-09-29 13:24:17.053] [info] Elapsed time (s): 5.09e-06
[2026-09-29 13:24:17.053] [info] Computing b_p
[2026-09-29 13:24:17.053] [info] Computing b_bwt and M of the parsing
[2026-09-29 13:24:17.053] [info] Computing inverted list of BWT(P)
[2026-09-29 13:24:17.053] [info] Using 1 bytes for storing the inverted list of the BWT of the parse
[2026-09-29 13:24:17.053] [info] Precomputing d lengths
[2026-09-29 13:24:17.053] [info] Precomputing d lengths
[2026-09-29 13:24:17.053] [info] Creating v table
[2026-09-29 13:24:17.053] [info] Creating E arrays
[2026-09-29 13:24:17.053] [info] Computing chunks for parallel execution. Total input size: 5011. Requested chunks: 1
[2026-09-29 13:24:17.054] [info] BWT ranges divided in 1 chunks.
[2026-09-29 13:24:17.056] [info] Chunk 1/1 completed
[2026-09-29 13:24:17.056] [info] Completed rle string merge
[2026-09-29 13:24:17.060] [info] Processed: 0 Skipped: 0
[2026-09-29 13:24:17.060] [info] Chunk 1/1 completed
[2026-09-29 13:24:17.060] [info] Writing out sa values at run heads
[2026-09-29 13:24:17.061] [info] Done
