[2026-09-29 13:33:13.595] [info] Using 8 bytes for computing SA of the dictionary
[2026-09-29 13:33:13.596] [info] Using 2 bytes for storing SA of the dictionary
[2026-09-29 13:33:13.596] [info] Elapsed time (s): 0.000852981
[2026-09-29 13:33:13.596] [info] Using 1 bytes for DA of the dictionary
[2026-09-29 13:33:13.596] [info] Elapsed time (s): 5.321e-05
[2026-09-29 13:33:13.596] [info] Using 2 bytes for ISA of the dictionary
[2026-09-29 13:33:13.596] [info] Elapsed time (s): 4.213e-05
[2026-09-29 13:33:13.596] [info] Using 2 bytes for LCP of the dictionary
[2026-09-29 13:33:13.596] [info] Elapsed time (s): 0.00010375
[2026-09-29 13:33:13.596] [info] Using 1 bytes for colex id and inverse colex id array of the dictionary
[2026-09-29 13:33:13.596] [info] Elapsed time (s): 2.954e-05
[2026-09-29 13:33:13.596] [info] Using 8 bytes for computing SA of the dictionary
[2026-09-29 13:33:13.596] [info] Using 1 bytes for storing SA of the dictionary
[2026-09-29 13:33:13.597] [info] Elapsed time (s): 1.192e-05
[2026-09-29 13:33:13.597] [info] Using 1 bytes for DA of the dictionary
[2026-09-29 13:33:13.597] [info] Elapsed time (s): 2.45e-06
[2026-09-29 13:33:13.597] [info] Using 1 bytes for ISA of the dictionary
[2026-09-29 13:33:13.597] [info] Elapsed time (s): 2.15e-06
[2026-09-29 13:33:13.597] [info] Using 1 bytes for LCP of the dictionary
[2026-09-29 13:33:13.597] [info] Elapsed time (s): 2.62e-06
[2026-09-29 13:33:13.597] [info] Computing RMQ over LCP of dictionary
[2026-09-29 13:33:13.597] [info] Elapsed time (s): 1.261e-05
[2026-09-29 13:33:13.597] [info] Using 1 bytes for colex DA of the dictionary
[2026-09-29 13:33:13.597] [info] Using 1 bytes for colex id and inverse colex id array of the dictionary
[2026-09-29 13:33:13.597] [info] Elapsed time (s): 1.555e-05
[2026-09-29 13:33:13.597] [info] Using 8 bytes for computing SA of the parsing
[2026-09-29 13:33:13.597] [info] Using 1 bytes for storing SA of the parsing
[2026-09-29 13:33:13.597] [info] Elapsed time (s): 4.96e-06
[2026-09-29 13:33:13.597] [info] Computing b_p
[2026-09-29 13:33:13.597] [info] Computing b_bwt and M of the parsing
[2026-09-29 13:33:13.597] [info] Computing inverted list of BWT(P)
[2026-09-29 13:33:13.597] [info] Using 1 bytes for storing the inverted list of the BWT of the parse
[2026-09-29 13:33:13.597] [info] Precomputing d lengths
[2026-09-29 13:33:13.597] [info] Precomputing d lengths
[2026-09-29 13:33:13.597] [info] Creating v table
[2026-09-29 13:33:13.597] [info] Creating E arrays
[2026-09-29 13:33:13.597] [info] Computing chunks for parallel execution. Total input size: 5011. Requested chunks: 1
[2026-09-29 13:33:13.598] [info] BWT ranges divided in 1 chunks.
[2026-09-29 13:33:13.600] [info] Chunk 1/1 completed
[2026-09-29 13:33:13.600] [info] Completed rle string merge
[2026-09-29 13:33:13.604] [info] Processed: 0 Skipped: 0
[2026-09-29 13:33:13.604] [info] Chunk 1/1 completed
[2026-09-29 13:33:13.604] [info] Writing out sa values at run heads
[2026-09-29 13:33:13.605] [info] Done
