[2026-09-29 13:25:06.042] [info] Current Configuration:
; PFP++

; Text file to parse.
text="/tmp/byte-remap-hvoy8oqe/overflow256.txt"

; Read -t as AGC: archive order, uppercase reversed contigs, 0x1e separators.
agc=false

; Output prefix.
out-prefix="/tmp/byte-remap-hvoy8oqe/xsa-build-811bp4fk/parse"

; Sliding window size.
window-size=10

; Modulo used during parsing.
modulo=100

; Number of threads.
threads=2

; Temporary files directory.
tmp-dir="/tmp/byte-remap-hvoy8oqe/xsa-build-811bp4fk"

; Also output compressed the dictionary.
compress-dictionary=false

; Use reference parse to avoid re-parsing.
use-vcf-acceleration=false

; Print out csv containing stats.
print-statistics=false

; Output count for each dictionary phrase.
output-occurrences=false

; Output sai array.
output-sai=false

; Output last array.
output-last=false

; Convert all non ACGT characters from a VCF or FASTA file to N.
acgt-only=false

; Verbose output.
verbose=false

; Version number.
version=false

[2026-09-29 13:25:06.043] [info] Parsing /tmp/byte-remap-hvoy8oqe/overflow256.txt
[2026-09-29 13:25:06.043] [info] Main parser: Replacing hash values with ranks.
[2026-09-29 13:25:06.043] [info] Main parser: writing dictionary on disk NOT COMPRESSED
[2026-09-29 13:25:06.043] [info] No properties requested.
[2026-09-29 13:25:06.043] [info] Main parser: closed
[2026-09-29 13:25:06.043] [info] Parser Text -	Parse size: 0	Dic Size: 0 Dic Total Length: 0
[2026-09-29 13:25:06.043] [error] Text input failed: Byte alphabet exceeds 250 codes (249 plus reserved 0x1e); escape encoding is not supported
[Disk Write (bytes): 1]
