[2026-09-29 13:22:50.310] [info] Current Configuration:
; PFP++

; Text file to parse.
text="/home/erikg/worktrees/sxgc/pi-worktree-e7286239-b261-424c-8585-f2604e5d83e0-s0-0/bit6/sxi_logs/byte-remap/mapper-parse-nds77yb0/overflow.txt"

; Read -t as AGC: archive order, uppercase reversed contigs, 0x1e separators.
agc=false

; Output prefix.
out-prefix="/home/erikg/worktrees/sxgc/pi-worktree-e7286239-b261-424c-8585-f2604e5d83e0-s0-0/bit6/sxi_logs/byte-remap/mapper-parse-nds77yb0/overflow"

; Sliding window size.
window-size=10

; Modulo used during parsing.
modulo=100

; Temporary files directory.
tmp-dir="/home/erikg/worktrees/sxgc/pi-worktree-e7286239-b261-424c-8585-f2604e5d83e0-s0-0/bit6/sxi_logs/byte-remap/mapper-parse-nds77yb0"

; Also output compressed the dictionary.
compress-dictionary=false

; Use reference parse to avoid re-parsing.
use-vcf-acceleration=false

; Print out csv containing stats.
print-statistics=false

; Output count for each dictionary phrase.
output-occurrences=false

; Output sai array.
output-sai=false

; Output last array.
output-last=false

; Convert all non ACGT characters from a VCF or FASTA file to N.
acgt-only=false

; Verbose output.
verbose=false

; Version number.
version=false

[2026-09-29 13:22:50.310] [info] Parsing /home/erikg/worktrees/sxgc/pi-worktree-e7286239-b261-424c-8585-f2604e5d83e0-s0-0/bit6/sxi_logs/byte-remap/mapper-parse-nds77yb0/overflow.txt
[2026-09-29 13:22:50.311] [info] Main parser: Replacing hash values with ranks.
[2026-09-29 13:22:50.311] [info] Main parser: writing dictionary on disk NOT COMPRESSED
[2026-09-29 13:22:50.311] [info] No properties requested.
[2026-09-29 13:22:50.311] [info] Main parser: closed
[2026-09-29 13:22:50.311] [info] Parser Text -	Parse size: 0	Dic Size: 0 Dic Total Length: 0
[2026-09-29 13:22:50.311] [error] Text input failed: Byte alphabet exceeds 250 codes (249 plus reserved 0x1e); escape encoding is not supported
[Disk Write (bytes): 1]
