[2026-09-29 13:26:29.594] [info] Current Configuration:
; PFP++

; Integers file to parse.
int32t="/home/erikg/worktrees/sxgc/pi-worktree-e7286239-b261-424c-8585-f2604e5d83e0-s0-0/vendor/byte-remap-gates/xsa-build-18f03s3v/parse.parse"

; Read -t as AGC: archive order, uppercase reversed contigs, 0x1e separators.
agc=false

; Sliding window size.
window-size=5

; Modulo used during parsing.
modulo=11

; Number of threads.
threads=16

; Temporary files directory.
tmp-dir="/home/erikg/worktrees/sxgc/pi-worktree-e7286239-b261-424c-8585-f2604e5d83e0-s0-0/vendor/byte-remap-gates/xsa-build-18f03s3v"

; Also output compressed the dictionary.
compress-dictionary=false

; Use reference parse to avoid re-parsing.
use-vcf-acceleration=false

; Print out csv containing stats.
print-statistics=false

; Output count for each dictionary phrase.
output-occurrences=false

; Output sai array.
output-sai=false

; Output last array.
output-last=false

; Convert all non ACGT characters from a VCF or FASTA file to N.
acgt-only=false

; Verbose output.
verbose=false

; Version number.
version=false

[2026-09-29 13:26:29.594] [info] Parsing /home/erikg/worktrees/sxgc/pi-worktree-e7286239-b261-424c-8585-f2604e5d83e0-s0-0/vendor/byte-remap-gates/xsa-build-18f03s3v/parse.parse
[2026-09-29 13:26:32.362] [info] Main parser: Replacing hash values with ranks.
[2026-09-29 13:26:35.714] [info] Main parser: writing dictionary on disk NOT COMPRESSED
[2026-09-29 13:26:36.221] [info] No properties requested.
[2026-09-29 13:26:36.221] [info] Main parser: closed
[2026-09-29 13:26:36.434] [info] Parser Integers -	Parse size: 3083086	Dic Size: 1317105 Dic Total Length: 97533768
[Disk Write (bytes): 139799224]
