[2026-09-27 16:26:21.869] [info] Current Configuration:
; PFP++

; Integers file to parse.
int32t="/tmp/sxi-repair2/yeast235/xsa-build-26al38ee/parse.parse"

; Sliding window size.
window-size=5

; Modulo used during parsing.
modulo=11

; Number of threads.
threads=16

; Temporary files directory.
tmp-dir="/tmp/sxi-repair2/yeast235/xsa-build-26al38ee"

; Also output compressed the dictionary.
compress-dictionary=false

; Use reference parse to avoid re-parsing.
use-vcf-acceleration=false

; Print out csv containing stats.
print-statistics=false

; Output count for each dictionary phrase.
output-occurrences=false

; Output sai array.
output-sai=false

; Output last array.
output-last=false

; Convert all non ACGT characters from a VCF or FASTA file to N.
acgt-only=false

; Verbose output.
verbose=false

; Version number.
version=false

[2026-09-27 16:26:21.869] [info] Parsing /tmp/sxi-repair2/yeast235/xsa-build-26al38ee/parse.parse
[2026-09-27 16:26:23.355] [info] Main parser: Replacing hash values with ranks.
[2026-09-27 16:26:24.986] [info] Main parser: writing dictionary on disk NOT COMPRESSED
[2026-09-27 16:26:25.319] [info] No properties requested.
[2026-09-27 16:26:25.319] [info] Main parser: closed
[2026-09-27 16:26:25.442] [info] Parser Integers -	Parse size: 3083086	Dic Size: 1317105 Dic Total Length: 97533768
[Disk Write (bytes): 139799224]
