ri4: n=3336986759 k=1 R=100905045
SLIM_PHASE ri4-load wall=1.416 cumulative=1.416 peak_rss_kib=1677312
SLIM_HEAD_SA bytes=807240360 rows=100905045 mmap=1
SLIM_PHASE dict-read wall=0.000 cumulative=1.485 peak_rss_kib=1677312
SLIM_PHASE dict-boundaries wall=5.497 cumulative=6.981 peak_rss_kib=1679360
SLIM_STRING_ENDS count=1 bytes=8 from_parse_dict=1 cyclic=1
SLIM_PHASE parse+boundaries wall=12.960 cumulative=19.941 peak_rss_kib=1857536
SLIM_PHASE parse-fingerprints wall=0.198 cumulative=20.139 peak_rss_kib=1945600
SLIM_PHASE dict-fingerprints wall=3.339 cumulative=23.478 peak_rss_kib=2043904
SLIM_STRUCT n=3336986769 P=34133784 D=513394309 phrases=3159359 parse_bytes=136535140 bd_bytes=3909776 bp_bytes=41215786 dict_resident=0 dict_cache_per_thread=262144 no_SA_ISA_LCP_RMQ=1 no_M_b_bwt_w_wt=1
SLIM_PHASE lce-build-total wall=22.075 cumulative=23.491 peak_rss_kib=2043904
SLIM_PHASE lf-build wall=2.276 cumulative=25.768 peak_rss_kib=3228956
SLIM_RI runs=504525225 starts=807240360 samples=403620184 lf_capacity=1344160528
SLIM_PROGRESS runs=65536/100905045 resolve_wall=0.017 lce_wall=0.507 write_wall=0.003 lf_steps=0 cache_hits=0
SLIM_PHASE query-chunks wall=0.528 cumulative=26.296 peak_rss_kib=3233052
SLIM_PROGRESS runs=1114112/100905045 resolve_wall=0.307 lce_wall=7.156 write_wall=0.045 lf_steps=0 cache_hits=0
SLIM_PHASE query-chunks wall=6.981 cumulative=33.277 peak_rss_kib=3233052
SLIM_PROGRESS runs=2162688/100905045 resolve_wall=0.577 lce_wall=15.282 write_wall=0.094 lf_steps=0 cache_hits=0
SLIM_PHASE query-chunks wall=8.444 cumulative=41.721 peak_rss_kib=3233052
SLIM_PROGRESS runs=3211264/100905045 resolve_wall=0.836 lce_wall=23.947 write_wall=0.143 lf_steps=0 cache_hits=0
SLIM_PHASE query-chunks wall=8.974 cumulative=50.695 peak_rss_kib=3233052
SLIM_PROGRESS runs=4259840/100905045 resolve_wall=1.103 lce_wall=31.268 write_wall=0.198 lf_steps=0 cache_hits=0
SLIM_PHASE query-chunks wall=7.643 cumulative=58.338 peak_rss_kib=3233052
SLIM_PROGRESS runs=5308416/100905045 resolve_wall=1.384 lce_wall=37.449 write_wall=0.248 lf_steps=0 cache_hits=0
SLIM_PHASE query-chunks wall=6.513 cumulative=64.852 peak_rss_kib=3233052
SLIM_PROGRESS runs=6356992/100905045 resolve_wall=1.632 lce_wall=44.801 write_wall=0.303 lf_steps=0 cache_hits=0
SLIM_PHASE query-chunks wall=7.654 cumulative=72.506 peak_rss_kib=3233052
SLIM_PROGRESS runs=7405568/100905045 resolve_wall=1.893 lce_wall=52.944 write_wall=0.349 lf_steps=0 cache_hits=0
SLIM_PHASE query-chunks wall=8.450 cumulative=80.956 peak_rss_kib=3233052
SLIM_PROGRESS runs=8454144/100905045 resolve_wall=2.133 lce_wall=61.924 write_wall=0.404 lf_steps=0 cache_hits=0
SLIM_PHASE query-chunks wall=9.275 cumulative=90.232 peak_rss_kib=3233052
SLIM_PROGRESS runs=9502720/100905045 resolve_wall=2.386 lce_wall=67.989 write_wall=0.444 lf_steps=0 cache_hits=0
SLIM_PHASE query-chunks wall=6.359 cumulative=96.590 peak_rss_kib=3233052
SLIM_PROGRESS runs=10551296/100905045 resolve_wall=2.631 lce_wall=73.629 write_wall=0.486 lf_steps=0 cache_hits=0
SLIM_PHASE query-chunks wall=5.927 cumulative=102.518 peak_rss_kib=3233052
SLIM_PROGRESS runs=11599872/100905045 resolve_wall=2.872 lce_wall=79.839 write_wall=0.532 lf_steps=0 cache_hits=0
SLIM_PHASE query-chunks wall=6.498 cumulative=109.016 peak_rss_kib=3233052
SLIM_PROGRESS runs=12648448/100905045 resolve_wall=3.114 lce_wall=88.158 write_wall=0.576 lf_steps=0 cache_hits=0
SLIM_PHASE query-chunks wall=8.604 cumulative=117.620 peak_rss_kib=3233052
SLIM_PROGRESS runs=13697024/100905045 resolve_wall=3.357 lce_wall=96.548 write_wall=0.624 lf_steps=0 cache_hits=0
SLIM_PHASE query-chunks wall=8.681 cumulative=126.301 peak_rss_kib=3233052
SLIM_PROGRESS runs=14745600/100905045 resolve_wall=3.620 lce_wall=103.692 write_wall=0.680 lf_steps=0 cache_hits=0
SLIM_PHASE query-chunks wall=7.465 cumulative=133.766 peak_rss_kib=3233052
SLIM_PROGRESS runs=15794176/100905045 resolve_wall=3.855 lce_wall=112.548 write_wall=0.729 lf_steps=0 cache_hits=0
SLIM_PHASE query-chunks wall=9.140 cumulative=142.906 peak_rss_kib=3233052
SLIM_PROGRESS runs=16842752/100905045 resolve_wall=4.103 lce_wall=117.889 write_wall=0.771 lf_steps=0 cache_hits=0
SLIM_PHASE query-chunks wall=5.632 cumulative=148.537 peak_rss_kib=3233052
SLIM_PROGRESS runs=17891328/100905045 resolve_wall=4.367 lce_wall=125.252 write_wall=0.825 lf_steps=0 cache_hits=0
SLIM_PHASE query-chunks wall=7.681 cumulative=156.218 peak_rss_kib=3233052
SLIM_PROGRESS runs=18939904/100905045 resolve_wall=4.627 lce_wall=132.912 write_wall=0.868 lf_steps=0 cache_hits=0
SLIM_PHASE query-chunks wall=7.963 cumulative=164.181 peak_rss_kib=3233052
SLIM_PROGRESS runs=19988480/100905045 resolve_wall=4.883 lce_wall=139.478 write_wall=0.924 lf_steps=0 cache_hits=0
SLIM_PHASE query-chunks wall=6.879 cumulative=171.060 peak_rss_kib=3233052
SLIM_PROGRESS runs=21037056/100905045 resolve_wall=5.143 lce_wall=146.612 write_wall=0.974 lf_steps=0 cache_hits=0
SLIM_PHASE query-chunks wall=7.444 cumulative=178.504 peak_rss_kib=3233052
SLIM_PROGRESS runs=22085632/100905045 resolve_wall=5.396 lce_wall=153.963 write_wall=1.025 lf_steps=0 cache_hits=0
SLIM_PHASE query-chunks wall=7.654 cumulative=186.158 peak_rss_kib=3233052
SLIM_PROGRESS runs=23134208/100905045 resolve_wall=5.677 lce_wall=161.170 write_wall=1.078 lf_steps=0 cache_hits=0
SLIM_PHASE query-chunks wall=7.543 cumulative=193.701 peak_rss_kib=3233052
SLIM_PROGRESS runs=24182784/100905045 resolve_wall=5.944 lce_wall=168.870 write_wall=1.123 lf_steps=0 cache_hits=0
SLIM_PHASE query-chunks wall=8.011 cumulative=201.712 peak_rss_kib=3233052
SLIM_PROGRESS runs=25231360/100905045 resolve_wall=6.206 lce_wall=176.403 write_wall=1.169 lf_steps=0 cache_hits=0
SLIM_PHASE query-chunks wall=7.842 cumulative=209.554 peak_rss_kib=3233052
SLIM_PROGRESS runs=26279936/100905045 resolve_wall=6.454 lce_wall=181.704 write_wall=1.220 lf_steps=0 cache_hits=0
SLIM_PHASE query-chunks wall=5.599 cumulative=215.154 peak_rss_kib=3233052
SLIM_PROGRESS runs=27328512/100905045 resolve_wall=6.731 lce_wall=188.324 write_wall=1.270 lf_steps=0 cache_hits=0
SLIM_PHASE query-chunks wall=6.948 cumulative=222.102 peak_rss_kib=3233052
SLIM_PROGRESS runs=28377088/100905045 resolve_wall=7.018 lce_wall=194.289 write_wall=1.320 lf_steps=0 cache_hits=0
SLIM_PHASE query-chunks wall=6.302 cumulative=228.404 peak_rss_kib=3233052
SLIM_PROGRESS runs=29425664/100905045 resolve_wall=7.311 lce_wall=202.092 write_wall=1.373 lf_steps=0 cache_hits=0
SLIM_PHASE query-chunks wall=8.149 cumulative=236.553 peak_rss_kib=3233052
SLIM_PROGRESS runs=30474240/100905045 resolve_wall=7.575 lce_wall=210.084 write_wall=1.432 lf_steps=0 cache_hits=0
SLIM_PHASE query-chunks wall=8.316 cumulative=244.869 peak_rss_kib=3233052
SLIM_PROGRESS runs=31522816/100905045 resolve_wall=7.847 lce_wall=216.435 write_wall=1.481 lf_steps=0 cache_hits=0
SLIM_PHASE query-chunks wall=6.673 cumulative=251.542 peak_rss_kib=3233052
SLIM_PROGRESS runs=32571392/100905045 resolve_wall=8.113 lce_wall=224.137 write_wall=1.534 lf_steps=0 cache_hits=0
SLIM_PHASE query-chunks wall=8.020 cumulative=259.562 peak_rss_kib=3233052
SLIM_PROGRESS runs=33619968/100905045 resolve_wall=8.378 lce_wall=231.381 write_wall=1.591 lf_steps=0 cache_hits=0
SLIM_PHASE query-chunks wall=7.566 cumulative=267.128 peak_rss_kib=3233052
SLIM_PROGRESS runs=34668544/100905045 resolve_wall=8.634 lce_wall=240.109 write_wall=1.659 lf_steps=0 cache_hits=0
SLIM_PHASE query-chunks wall=9.053 cumulative=276.181 peak_rss_kib=3233052
SLIM_PROGRESS runs=35717120/100905045 resolve_wall=8.922 lce_wall=247.618 write_wall=1.720 lf_steps=0 cache_hits=0
SLIM_PHASE query-chunks wall=7.859 cumulative=284.040 peak_rss_kib=3236084
SLIM_PROGRESS runs=36765696/100905045 resolve_wall=9.176 lce_wall=254.487 write_wall=1.773 lf_steps=0 cache_hits=0
SLIM_PHASE query-chunks wall=7.176 cumulative=291.217 peak_rss_kib=3242916
SLIM_PROGRESS runs=37814272/100905045 resolve_wall=9.436 lce_wall=262.060 write_wall=1.819 lf_steps=0 cache_hits=0
SLIM_PHASE query-chunks wall=7.880 cumulative=299.096 peak_rss_kib=3249068
SLIM_PROGRESS runs=38862848/100905045 resolve_wall=9.699 lce_wall=269.336 write_wall=1.865 lf_steps=0 cache_hits=0
SLIM_PHASE query-chunks wall=7.585 cumulative=306.681 peak_rss_kib=3252340
SLIM_PROGRESS runs=39911424/100905045 resolve_wall=9.951 lce_wall=276.285 write_wall=1.909 lf_steps=0 cache_hits=0
SLIM_PHASE query-chunks wall=7.245 cumulative=313.926 peak_rss_kib=3257824
SLIM_PROGRESS runs=40960000/100905045 resolve_wall=10.197 lce_wall=283.626 write_wall=1.958 lf_steps=0 cache_hits=0
SLIM_PHASE query-chunks wall=7.637 cumulative=321.563 peak_rss_kib=3258748
SLIM_PROGRESS runs=42008576/100905045 resolve_wall=10.450 lce_wall=290.184 write_wall=2.005 lf_steps=0 cache_hits=0
SLIM_PHASE query-chunks wall=6.858 cumulative=328.422 peak_rss_kib=3258748
SLIM_PROGRESS runs=43057152/100905045 resolve_wall=10.693 lce_wall=297.736 write_wall=2.050 lf_steps=0 cache_hits=0
SLIM_PHASE query-chunks wall=7.840 cumulative=336.261 peak_rss_kib=3259124
SLIM_PROGRESS runs=44105728/100905045 resolve_wall=10.952 lce_wall=304.617 write_wall=2.103 lf_steps=0 cache_hits=0
SLIM_PHASE query-chunks wall=7.193 cumulative=343.455 peak_rss_kib=3267100
SLIM_PROGRESS runs=45154304/100905045 resolve_wall=11.195 lce_wall=311.957 write_wall=2.160 lf_steps=0 cache_hits=0
SLIM_PHASE query-chunks wall=7.641 cumulative=351.096 peak_rss_kib=3273756
SLIM_PROGRESS runs=46202880/100905045 resolve_wall=11.450 lce_wall=318.801 write_wall=2.220 lf_steps=0 cache_hits=0
SLIM_PHASE query-chunks wall=7.158 cumulative=358.254 peak_rss_kib=3278652
SLIM_PROGRESS runs=47251456/100905045 resolve_wall=11.698 lce_wall=326.818 write_wall=2.266 lf_steps=0 cache_hits=0
SLIM_PHASE query-chunks wall=8.313 cumulative=366.567 peak_rss_kib=3278652
SLIM_PROGRESS runs=48300032/100905045 resolve_wall=11.928 lce_wall=333.962 write_wall=2.314 lf_steps=0 cache_hits=0
SLIM_PHASE query-chunks wall=7.421 cumulative=373.988 peak_rss_kib=3281616
SLIM_PROGRESS runs=49348608/100905045 resolve_wall=12.163 lce_wall=342.210 write_wall=2.361 lf_steps=0 cache_hits=0
SLIM_PHASE query-chunks wall=8.530 cumulative=382.518 peak_rss_kib=3282436
SLIM_PROGRESS runs=50397184/100905045 resolve_wall=12.404 lce_wall=348.098 write_wall=2.410 lf_steps=0 cache_hits=0
SLIM_PHASE query-chunks wall=6.179 cumulative=388.697 peak_rss_kib=3284736
SLIM_PROGRESS runs=51445760/100905045 resolve_wall=12.652 lce_wall=354.475 write_wall=2.457 lf_steps=0 cache_hits=0
SLIM_PHASE query-chunks wall=6.672 cumulative=395.370 peak_rss_kib=3289428
SLIM_PROGRESS runs=52494336/100905045 resolve_wall=12.898 lce_wall=361.588 write_wall=2.506 lf_steps=0 cache_hits=0
SLIM_PHASE query-chunks wall=7.407 cumulative=402.777 peak_rss_kib=3306048
SLIM_PROGRESS runs=53542912/100905045 resolve_wall=13.138 lce_wall=368.457 write_wall=2.551 lf_steps=0 cache_hits=0
SLIM_PHASE query-chunks wall=7.155 cumulative=409.932 peak_rss_kib=3316376
SLIM_PROGRESS runs=54591488/100905045 resolve_wall=13.405 lce_wall=375.554 write_wall=2.598 lf_steps=0 cache_hits=0
SLIM_PHASE query-chunks wall=7.411 cumulative=417.343 peak_rss_kib=3323256
SLIM_PROGRESS runs=55640064/100905045 resolve_wall=13.644 lce_wall=382.955 write_wall=2.654 lf_steps=0 cache_hits=0
SLIM_PHASE query-chunks wall=7.696 cumulative=425.039 peak_rss_kib=3329640
SLIM_PROGRESS runs=56688640/100905045 resolve_wall=13.878 lce_wall=388.430 write_wall=2.744 lf_steps=0 cache_hits=0
SLIM_PHASE query-chunks wall=5.800 cumulative=430.839 peak_rss_kib=3344104
SLIM_PROGRESS runs=57737216/100905045 resolve_wall=14.192 lce_wall=395.954 write_wall=2.822 lf_steps=0 cache_hits=0
SLIM_PHASE query-chunks wall=7.917 cumulative=438.756 peak_rss_kib=3350856
SLIM_PROGRESS runs=58785792/100905045 resolve_wall=14.452 lce_wall=402.784 write_wall=2.912 lf_steps=0 cache_hits=0
SLIM_PHASE query-chunks wall=7.181 cumulative=445.937 peak_rss_kib=3359464
SLIM_PROGRESS runs=59834368/100905045 resolve_wall=14.755 lce_wall=409.081 write_wall=2.983 lf_steps=0 cache_hits=0
SLIM_PHASE query-chunks wall=6.671 cumulative=452.608 peak_rss_kib=3363080
SLIM_PROGRESS runs=60882944/100905045 resolve_wall=15.063 lce_wall=415.924 write_wall=3.048 lf_steps=0 cache_hits=0
SLIM_PHASE query-chunks wall=7.217 cumulative=459.825 peak_rss_kib=3370336
SLIM_PROGRESS runs=61931520/100905045 resolve_wall=15.353 lce_wall=422.472 write_wall=3.112 lf_steps=0 cache_hits=0
SLIM_PHASE query-chunks wall=6.902 cumulative=466.727 peak_rss_kib=3373268
SLIM_PROGRESS runs=62980096/100905045 resolve_wall=15.664 lce_wall=430.719 write_wall=3.202 lf_steps=0 cache_hits=0
SLIM_PHASE query-chunks wall=8.648 cumulative=475.375 peak_rss_kib=3375516
SLIM_PROGRESS runs=64028672/100905045 resolve_wall=15.959 lce_wall=439.281 write_wall=3.278 lf_steps=0 cache_hits=0
SLIM_PHASE query-chunks wall=8.934 cumulative=484.309 peak_rss_kib=3381728
SLIM_PROGRESS runs=65077248/100905045 resolve_wall=16.262 lce_wall=446.029 write_wall=3.345 lf_steps=0 cache_hits=0
SLIM_PHASE query-chunks wall=7.119 cumulative=491.428 peak_rss_kib=3388340
SLIM_PROGRESS runs=66125824/100905045 resolve_wall=16.580 lce_wall=452.973 write_wall=3.422 lf_steps=0 cache_hits=0
SLIM_PHASE query-chunks wall=7.340 cumulative=498.768 peak_rss_kib=3398820
SLIM_PROGRESS runs=67174400/100905045 resolve_wall=16.900 lce_wall=459.494 write_wall=3.477 lf_steps=0 cache_hits=0
SLIM_PHASE query-chunks wall=6.895 cumulative=505.663 peak_rss_kib=3402292
SLIM_PROGRESS runs=68222976/100905045 resolve_wall=17.193 lce_wall=466.826 write_wall=3.533 lf_steps=0 cache_hits=0
SLIM_PHASE query-chunks wall=7.680 cumulative=513.344 peak_rss_kib=3402292
SLIM_PROGRESS runs=69271552/100905045 resolve_wall=17.470 lce_wall=475.374 write_wall=3.590 lf_steps=0 cache_hits=0
SLIM_PHASE query-chunks wall=8.884 cumulative=522.227 peak_rss_kib=3402292
SLIM_PROGRESS runs=70320128/100905045 resolve_wall=17.738 lce_wall=484.444 write_wall=3.675 lf_steps=0 cache_hits=0
SLIM_PHASE query-chunks wall=9.424 cumulative=531.651 peak_rss_kib=3407940
SLIM_PROGRESS runs=71368704/100905045 resolve_wall=18.025 lce_wall=492.187 write_wall=3.750 lf_steps=0 cache_hits=0
SLIM_PHASE query-chunks wall=8.106 cumulative=539.757 peak_rss_kib=3418440
SLIM_PROGRESS runs=72417280/100905045 resolve_wall=18.305 lce_wall=499.671 write_wall=3.819 lf_steps=0 cache_hits=0
SLIM_PHASE query-chunks wall=7.833 cumulative=547.591 peak_rss_kib=3422896
SLIM_PROGRESS runs=73465856/100905045 resolve_wall=18.622 lce_wall=508.211 write_wall=3.873 lf_steps=0 cache_hits=0
SLIM_PHASE query-chunks wall=8.911 cumulative=556.501 peak_rss_kib=3435224
SLIM_PROGRESS runs=74514432/100905045 resolve_wall=18.903 lce_wall=515.358 write_wall=3.926 lf_steps=0 cache_hits=0
SLIM_PHASE query-chunks wall=7.482 cumulative=563.983 peak_rss_kib=3446020
SLIM_PROGRESS runs=75563008/100905045 resolve_wall=19.197 lce_wall=523.837 write_wall=4.039 lf_steps=0 cache_hits=0
SLIM_PHASE query-chunks wall=8.885 cumulative=572.868 peak_rss_kib=3452904
SLIM_PROGRESS runs=76611584/100905045 resolve_wall=19.486 lce_wall=530.853 write_wall=4.100 lf_steps=0 cache_hits=0
SLIM_PHASE query-chunks wall=7.367 cumulative=580.235 peak_rss_kib=3456540
SLIM_PROGRESS runs=77660160/100905045 resolve_wall=19.780 lce_wall=538.450 write_wall=4.156 lf_steps=0 cache_hits=0
SLIM_PHASE query-chunks wall=7.947 cumulative=588.182 peak_rss_kib=3462964
SLIM_PROGRESS runs=78708736/100905045 resolve_wall=20.072 lce_wall=544.846 write_wall=4.205 lf_steps=0 cache_hits=0
SLIM_PHASE query-chunks wall=6.738 cumulative=594.920 peak_rss_kib=3469632
SLIM_PROGRESS runs=79757312/100905045 resolve_wall=20.369 lce_wall=551.175 write_wall=4.252 lf_steps=0 cache_hits=0
SLIM_PHASE query-chunks wall=6.673 cumulative=601.593 peak_rss_kib=3477000
SLIM_PROGRESS runs=80805888/100905045 resolve_wall=20.653 lce_wall=557.759 write_wall=4.305 lf_steps=0 cache_hits=0
SLIM_PHASE query-chunks wall=6.921 cumulative=608.515 peak_rss_kib=3477000
SLIM_PROGRESS runs=81854464/100905045 resolve_wall=20.926 lce_wall=565.215 write_wall=4.359 lf_steps=0 cache_hits=0
SLIM_PHASE query-chunks wall=7.782 cumulative=616.297 peak_rss_kib=3486024
SLIM_PROGRESS runs=82903040/100905045 resolve_wall=21.203 lce_wall=572.926 write_wall=4.406 lf_steps=0 cache_hits=0
SLIM_PHASE query-chunks wall=8.036 cumulative=624.333 peak_rss_kib=3490596
SLIM_PROGRESS runs=83951616/100905045 resolve_wall=21.535 lce_wall=579.724 write_wall=4.452 lf_steps=0 cache_hits=0
SLIM_PHASE query-chunks wall=7.176 cumulative=631.509 peak_rss_kib=3497016
SLIM_PROGRESS runs=85000192/100905045 resolve_wall=21.823 lce_wall=585.787 write_wall=4.502 lf_steps=0 cache_hits=0
SLIM_PHASE query-chunks wall=6.402 cumulative=637.911 peak_rss_kib=3503328
SLIM_PROGRESS runs=86048768/100905045 resolve_wall=22.072 lce_wall=591.479 write_wall=4.550 lf_steps=0 cache_hits=0
SLIM_PHASE query-chunks wall=5.989 cumulative=643.900 peak_rss_kib=3508032
SLIM_PROGRESS runs=87097344/100905045 resolve_wall=22.319 lce_wall=597.225 write_wall=4.597 lf_steps=0 cache_hits=0
SLIM_PHASE query-chunks wall=6.040 cumulative=649.940 peak_rss_kib=3512544
SLIM_PROGRESS runs=88145920/100905045 resolve_wall=22.575 lce_wall=602.385 write_wall=4.644 lf_steps=0 cache_hits=0
SLIM_PHASE query-chunks wall=5.463 cumulative=655.403 peak_rss_kib=3519412
SLIM_PROGRESS runs=89194496/100905045 resolve_wall=22.836 lce_wall=607.174 write_wall=4.688 lf_steps=0 cache_hits=0
SLIM_PHASE query-chunks wall=5.094 cumulative=660.497 peak_rss_kib=3532304
SLIM_PROGRESS runs=90243072/100905045 resolve_wall=23.080 lce_wall=612.004 write_wall=4.728 lf_steps=0 cache_hits=0
SLIM_PHASE query-chunks wall=5.115 cumulative=665.612 peak_rss_kib=3534828
SLIM_PROGRESS runs=91291648/100905045 resolve_wall=23.307 lce_wall=616.075 write_wall=4.769 lf_steps=0 cache_hits=0
SLIM_PHASE query-chunks wall=4.339 cumulative=669.951 peak_rss_kib=3537388
SLIM_PROGRESS runs=92340224/100905045 resolve_wall=23.541 lce_wall=620.496 write_wall=4.805 lf_steps=0 cache_hits=0
SLIM_PHASE query-chunks wall=4.692 cumulative=674.643 peak_rss_kib=3539968
SLIM_PROGRESS runs=93388800/100905045 resolve_wall=23.788 lce_wall=624.690 write_wall=4.844 lf_steps=0 cache_hits=0
SLIM_PHASE query-chunks wall=4.479 cumulative=679.121 peak_rss_kib=3546624
SLIM_PROGRESS runs=94437376/100905045 resolve_wall=24.039 lce_wall=628.835 write_wall=4.883 lf_steps=0 cache_hits=0
SLIM_PHASE query-chunks wall=4.436 cumulative=683.558 peak_rss_kib=3553568
SLIM_PROGRESS runs=95485952/100905045 resolve_wall=24.293 lce_wall=633.300 write_wall=4.923 lf_steps=0 cache_hits=0
SLIM_PHASE query-chunks wall=4.758 cumulative=688.315 peak_rss_kib=3564128
SLIM_PROGRESS runs=96534528/100905045 resolve_wall=24.545 lce_wall=637.768 write_wall=4.961 lf_steps=0 cache_hits=0
SLIM_PHASE query-chunks wall=4.760 cumulative=693.075 peak_rss_kib=3572936
SLIM_PROGRESS runs=97583104/100905045 resolve_wall=24.790 lce_wall=642.210 write_wall=5.001 lf_steps=0 cache_hits=0
SLIM_PHASE query-chunks wall=4.726 cumulative=697.802 peak_rss_kib=3575400
SLIM_PROGRESS runs=98631680/100905045 resolve_wall=25.035 lce_wall=646.548 write_wall=5.040 lf_steps=0 cache_hits=0
SLIM_PHASE query-chunks wall=4.623 cumulative=702.425 peak_rss_kib=3577864
SLIM_PROGRESS runs=99680256/100905045 resolve_wall=25.300 lce_wall=650.933 write_wall=5.082 lf_steps=0 cache_hits=0
SLIM_PHASE query-chunks wall=4.691 cumulative=707.116 peak_rss_kib=3584212
SLIM_PROGRESS runs=100728832/100905045 resolve_wall=25.575 lce_wall=655.484 write_wall=5.120 lf_steps=0 cache_hits=0
SLIM_PHASE query-chunks wall=4.865 cumulative=711.981 peak_rss_kib=3593212
SLIM_PHASE queries+stream-write-final wall=0.767 cumulative=712.748 peak_rss_kib=3595260
SLIM_FP parse tau=3 bytes=91023432 queries=36312215 verified_symbols=2854710339 hash_probes=115658536 mean_verified=78.615703807 max_verified=22263
SLIM_FP dict tau=41 bytes=100174504 queries=192894612 verified_symbols=6460417656 hash_probes=439818224 mean_verified=33.491954954 max_verified=17549
SLIM_QUERY_PHASE resolve_wall=25.621476 resolve_peak_kib=3595260 lce_wall=656.198085 lce_peak_kib=3595260 write_wall=5.126358 write_peak_kib=3595260
SLIM_SEEDS queries=177082156 mean_verified_phrases=16.120824387 max_verified_phrases=22263 (includes_zero_parse_work_seeds; boundary_included)
SLIM_RESOLVE walks=0 steps=0 max=0 anchor=0 failed=0 cache_hits=0
SLIM_BOUNDARY_RESOLVE head_direct=100905045 tail_direct=177082143 head_lf_steps=0
