[2026-09-27 16:26:58.813] [info] Current Configuration:
; PFP++

; Text file to parse.
text="/tmp/sxi-repair2/yeast235/xsa-build-26al38ee/collection.txt"

; Output prefix.
out-prefix="/tmp/sxi-repair2/yeast235-control/xsa-build-5heqahx4/parse"

; Sliding window size.
window-size=10

; Modulo used during parsing.
modulo=100

; Number of threads.
threads=16

; Temporary files directory.
tmp-dir="/tmp/sxi-repair2/yeast235-control/xsa-build-5heqahx4"

; Also output compressed the dictionary.
compress-dictionary=false

; Use reference parse to avoid re-parsing.
use-vcf-acceleration=false

; Print out csv containing stats.
print-statistics=false

; Output count for each dictionary phrase.
output-occurrences=false

; Output sai array.
output-sai=false

; Output last array.
output-last=false

; Convert all non ACGT characters from a VCF or FASTA file to N.
acgt-only=false

; Verbose output.
verbose=false

; Version number.
version=false

[2026-09-27 16:26:58.813] [info] Parsing /tmp/sxi-repair2/yeast235/xsa-build-26al38ee/collection.txt
[2026-09-27 16:28:00.925] [info] Main parser: Replacing hash values with ranks.
[2026-09-27 16:28:13.682] [info] Main parser: writing dictionary on disk NOT COMPRESSED
[2026-09-27 16:28:14.632] [info] No properties requested.
[2026-09-27 16:28:14.632] [info] Main parser: closed
[2026-09-27 16:28:14.981] [info] Parser Text -	Parse size: 34133784	Dic Size: 3159359 Dic Total Length: 510234940
[Disk Write (bytes): 922999708]
