[2026-09-27 16:25:40.598] [info] Using 8 bytes for computing SA of the dictionary
[2026-09-27 16:26:49.505] [info] Using 4 bytes for storing SA of the dictionary
[2026-09-27 16:26:52.157] [info] Elapsed time (s): 71.558237525
[2026-09-27 16:26:52.489] [info] Using 3 bytes for DA of the dictionary
[2026-09-27 16:27:12.384] [info] Elapsed time (s): 19.89470448
[2026-09-27 16:27:12.384] [info] Using 4 bytes for ISA of the dictionary
[2026-09-27 16:27:30.901] [info] Elapsed time (s): 18.517159279
[2026-09-27 16:27:30.901] [info] Using 2 bytes for LCP of the dictionary
[2026-09-27 16:27:54.154] [info] Elapsed time (s): 23.252174502
[2026-09-27 16:27:54.154] [info] Using 3 bytes for colex id and inverse colex id array of the dictionary
[2026-09-27 16:27:59.132] [info] Elapsed time (s): 4.978423132
[2026-09-27 16:27:59.449] [info] Using 8 bytes for computing SA of the dictionary
[2026-09-27 16:28:05.327] [info] Using 4 bytes for storing SA of the dictionary
[2026-09-27 16:28:05.466] [info] Elapsed time (s): 6.016893077
[2026-09-27 16:28:05.481] [info] Using 3 bytes for DA of the dictionary
[2026-09-27 16:28:05.820] [info] Elapsed time (s): 0.338623754
[2026-09-27 16:28:05.820] [info] Using 4 bytes for ISA of the dictionary
[2026-09-27 16:28:06.549] [info] Elapsed time (s): 0.729387343
[2026-09-27 16:28:06.549] [info] Using 2 bytes for LCP of the dictionary
[2026-09-27 16:28:07.842] [info] Elapsed time (s): 1.29304931
[2026-09-27 16:28:07.842] [info] Computing RMQ over LCP of dictionary
[2026-09-27 16:28:08.382] [info] Elapsed time (s): 0.539565512
[2026-09-27 16:28:08.382] [info] Using 3 bytes for colex DA of the dictionary
[2026-09-27 16:28:08.424] [info] Using 3 bytes for colex id and inverse colex id array of the dictionary
[2026-09-27 16:28:11.686] [info] Elapsed time (s): 3.304259927
[2026-09-27 16:28:11.690] [info] Using 8 bytes for computing SA of the parsing
[2026-09-27 16:28:12.097] [info] Using 3 bytes for storing SA of the parsing
[2026-09-27 16:28:12.106] [info] Elapsed time (s): 0.415779795
[2026-09-27 16:28:12.493] [info] Computing b_p
[2026-09-27 16:28:12.968] [info] Computing b_bwt and M of the parsing
[2026-09-27 16:28:17.315] [info] Computing inverted list of BWT(P)
[2026-09-27 16:28:17.342] [info] Using 3 bytes for storing the inverted list of the BWT of the parse
[2026-09-27 16:28:17.575] [info] Precomputing d lengths
[2026-09-27 16:28:17.937] [info] Precomputing d lengths
[2026-09-27 16:28:18.771] [info] Creating v table
[2026-09-27 16:28:23.085] [info] Creating E arrays
[2026-09-27 16:28:24.178] [info] Computing chunks for parallel execution. Total input size: 3336986770. Requested chunks: 50
[2026-09-27 16:32:10.541] [info] BWT ranges divided in 50 chunks.
[2026-09-27 16:32:18.536] [info] Chunk 3/50 completed
[2026-09-27 16:32:18.673] [info] Chunk 10/50 completed
[2026-09-27 16:32:18.690] [info] Chunk 4/50 completed
[2026-09-27 16:32:18.910] [info] Chunk 15/50 completed
[2026-09-27 16:32:19.005] [info] Chunk 12/50 completed
[2026-09-27 16:32:19.070] [info] Chunk 14/50 completed
[2026-09-27 16:32:19.130] [info] Chunk 13/50 completed
[2026-09-27 16:32:19.248] [info] Chunk 2/50 completed
[2026-09-27 16:32:19.465] [info] Chunk 7/50 completed
[2026-09-27 16:32:19.539] [info] Chunk 9/50 completed
[2026-09-27 16:32:19.560] [info] Chunk 8/50 completed
[2026-09-27 16:32:20.247] [info] Chunk 11/50 completed
[2026-09-27 16:32:20.321] [info] Chunk 5/50 completed
[2026-09-27 16:32:20.342] [info] Chunk 16/50 completed
[2026-09-27 16:32:20.357] [info] Chunk 6/50 completed
[2026-09-27 16:32:20.440] [info] Chunk 1/50 completed
[2026-09-27 16:32:26.409] [info] Chunk 18/50 completed
[2026-09-27 16:32:26.432] [info] Chunk 17/50 completed
[2026-09-27 16:32:26.617] [info] Chunk 20/50 completed
[2026-09-27 16:32:26.995] [info] Chunk 21/50 completed
[2026-09-27 16:32:27.000] [info] Chunk 23/50 completed
[2026-09-27 16:32:27.105] [info] Chunk 22/50 completed
[2026-09-27 16:32:27.209] [info] Chunk 24/50 completed
[2026-09-27 16:32:27.729] [info] Chunk 19/50 completed
[2026-09-27 16:32:27.963] [info] Chunk 32/50 completed
[2026-09-27 16:32:28.138] [info] Chunk 27/50 completed
[2026-09-27 16:32:28.172] [info] Chunk 26/50 completed
[2026-09-27 16:32:28.276] [info] Chunk 25/50 completed
[2026-09-27 16:32:28.949] [info] Chunk 31/50 completed
[2026-09-27 16:32:29.123] [info] Chunk 28/50 completed
[2026-09-27 16:32:29.389] [info] Chunk 29/50 completed
[2026-09-27 16:32:29.492] [info] Chunk 30/50 completed
[2026-09-27 16:32:33.995] [info] Chunk 33/50 completed
[2026-09-27 16:32:34.098] [info] Chunk 34/50 completed
[2026-09-27 16:32:34.557] [info] Chunk 36/50 completed
[2026-09-27 16:32:34.772] [info] Chunk 37/50 completed
[2026-09-27 16:32:34.905] [info] Chunk 38/50 completed
[2026-09-27 16:32:35.090] [info] Chunk 39/50 completed
[2026-09-27 16:32:35.431] [info] Chunk 35/50 completed
[2026-09-27 16:32:35.473] [info] Chunk 41/50 completed
[2026-09-27 16:32:36.588] [info] Chunk 40/50 completed
[2026-09-27 16:32:36.728] [info] Chunk 45/50 completed
[2026-09-27 16:32:36.781] [info] Chunk 42/50 completed
[2026-09-27 16:32:36.852] [info] Chunk 43/50 completed
[2026-09-27 16:32:37.019] [info] Chunk 44/50 completed
[2026-09-27 16:32:38.005] [info] Chunk 46/50 completed
[2026-09-27 16:32:38.481] [info] Chunk 47/50 completed
[2026-09-27 16:32:38.871] [info] Chunk 48/50 completed
[2026-09-27 16:32:42.217] [info] Chunk 49/50 completed
[2026-09-27 16:32:42.980] [info] Chunk 50/50 completed
[2026-09-27 16:32:47.028] [info] Completed rle string merge
[2026-09-27 16:33:20.373] [info] Processed: 22906422 Skipped: 37646715
[2026-09-27 16:33:20.373] [info] Chunk 9/50 completed
[2026-09-27 16:33:20.388] [info] Processed: 22884184 Skipped: 37601254
[2026-09-27 16:33:20.388] [info] Chunk 8/50 completed
[2026-09-27 16:33:20.625] [info] Processed: 23059158 Skipped: 37300575
[2026-09-27 16:33:20.625] [info] Chunk 7/50 completed
[2026-09-27 16:33:20.777] [info] Processed: 23008382 Skipped: 37494438
[2026-09-27 16:33:20.777] [info] Chunk 12/50 completed
[2026-09-27 16:33:21.009] [info] Processed: 23211351 Skipped: 37226579
[2026-09-27 16:33:21.009] [info] Chunk 10/50 completed
[2026-09-27 16:33:21.104] [info] Processed: 23343814 Skipped: 37101032
[2026-09-27 16:33:21.104] [info] Chunk 2/50 completed
[2026-09-27 16:33:21.388] [info] Processed: 23023458 Skipped: 37096721
[2026-09-27 16:33:21.388] [info] Chunk 13/50 completed
[2026-09-27 16:33:21.569] [info] Processed: 23210096 Skipped: 37300642
[2026-09-27 16:33:21.569] [info] Chunk 11/50 completed
[2026-09-27 16:33:21.741] [info] Processed: 23292664 Skipped: 37080551
[2026-09-27 16:33:21.741] [info] Chunk 15/50 completed
[2026-09-27 16:33:21.941] [info] Processed: 23377439 Skipped: 36854795
[2026-09-27 16:33:21.942] [info] Chunk 6/50 completed
[2026-09-27 16:33:22.134] [info] Processed: 23342574 Skipped: 36965254
[2026-09-27 16:33:22.134] [info] Chunk 14/50 completed
[2026-09-27 16:33:22.138] [info] Processed: 23229143 Skipped: 37144442
[2026-09-27 16:33:22.138] [info] Chunk 5/50 completed
[2026-09-27 16:33:22.249] [info] Processed: 23586536 Skipped: 37005188
[2026-09-27 16:33:22.249] [info] Chunk 3/50 completed
[2026-09-27 16:33:22.626] [info] Processed: 23634396 Skipped: 36791294
[2026-09-27 16:33:22.627] [info] Chunk 16/50 completed
[2026-09-27 16:33:22.908] [info] Processed: 23237541 Skipped: 37274669
[2026-09-27 16:33:22.908] [info] Chunk 4/50 completed
[2026-09-27 16:33:24.380] [info] Processed: 25504522 Skipped: 34776248
[2026-09-27 16:33:24.380] [info] Chunk 1/50 completed
[2026-09-27 16:33:50.663] [info] Processed: 23572771 Skipped: 36790778
[2026-09-27 16:33:50.663] [info] Chunk 18/50 completed
[2026-09-27 16:33:50.823] [info] Processed: 23583672 Skipped: 36469797
[2026-09-27 16:33:50.824] [info] Chunk 17/50 completed
[2026-09-27 16:33:51.529] [info] Processed: 23455472 Skipped: 36987800
[2026-09-27 16:33:51.529] [info] Chunk 20/50 completed
[2026-09-27 16:33:51.658] [info] Processed: 23960865 Skipped: 36574728
[2026-09-27 16:33:51.658] [info] Chunk 25/50 completed
[2026-09-27 16:33:52.086] [info] Processed: 23886229 Skipped: 36608329
[2026-09-27 16:33:52.086] [info] Chunk 22/50 completed
[2026-09-27 16:33:52.182] [info] Processed: 23485820 Skipped: 36889455
[2026-09-27 16:33:52.182] [info] Chunk 21/50 completed
[2026-09-27 16:33:52.191] [info] Processed: 23740909 Skipped: 36719442
[2026-09-27 16:33:52.191] [info] Chunk 23/50 completed
[2026-09-27 16:33:52.251] [info] Processed: 23654316 Skipped: 36449686
[2026-09-27 16:33:52.251] [info] Chunk 19/50 completed
[2026-09-27 16:33:52.402] [info] Processed: 22747696 Skipped: 37527752
[2026-09-27 16:33:52.402] [info] Chunk 29/50 completed
[2026-09-27 16:33:52.595] [info] Processed: 22931364 Skipped: 37556400
[2026-09-27 16:33:52.596] [info] Chunk 26/50 completed
[2026-09-27 16:33:52.786] [info] Processed: 23483136 Skipped: 36959792
[2026-09-27 16:33:52.786] [info] Chunk 27/50 completed
[2026-09-27 16:33:53.038] [info] Processed: 23415927 Skipped: 36963622
[2026-09-27 16:33:53.038] [info] Chunk 28/50 completed
[2026-09-27 16:33:53.186] [info] Processed: 23646606 Skipped: 36803313
[2026-09-27 16:33:53.186] [info] Chunk 24/50 completed
[2026-09-27 16:33:54.104] [info] Processed: 23412783 Skipped: 36981880
[2026-09-27 16:33:54.104] [info] Chunk 30/50 completed
[2026-09-27 16:33:54.679] [info] Processed: 23451808 Skipped: 37129285
[2026-09-27 16:33:54.679] [info] Chunk 32/50 completed
[2026-09-27 16:33:56.183] [info] Processed: 24047431 Skipped: 36325405
[2026-09-27 16:33:56.183] [info] Chunk 31/50 completed
[2026-09-27 16:34:20.931] [info] Processed: 23416679 Skipped: 37032932
[2026-09-27 16:34:20.931] [info] Chunk 33/50 completed
[2026-09-27 16:34:21.198] [info] Processed: 23865231 Skipped: 36679973
[2026-09-27 16:34:21.198] [info] Chunk 34/50 completed
[2026-09-27 16:34:21.271] [info] Processed: 23036291 Skipped: 37396054
[2026-09-27 16:34:21.271] [info] Chunk 36/50 completed
[2026-09-27 16:34:21.807] [info] Processed: 23110856 Skipped: 35790889
[2026-09-27 16:34:21.808] [info] Chunk 35/50 completed
[2026-09-27 16:34:22.128] [info] Processed: 23170188 Skipped: 37334738
[2026-09-27 16:34:22.129] [info] Chunk 38/50 completed
[2026-09-27 16:34:22.249] [info] Processed: 22937731 Skipped: 37548905
[2026-09-27 16:34:22.249] [info] Chunk 37/50 completed
[2026-09-27 16:34:22.475] [info] Processed: 22950235 Skipped: 37542192
[2026-09-27 16:34:22.475] [info] Chunk 42/50 completed
[2026-09-27 16:34:22.535] [info] Processed: 22965954 Skipped: 37475345
[2026-09-27 16:34:22.535] [info] Chunk 41/50 completed
[2026-09-27 16:34:22.743] [info] Processed: 23740524 Skipped: 36794746
[2026-09-27 16:34:22.743] [info] Chunk 45/50 completed
[2026-09-27 16:34:22.782] [info] Processed: 23313697 Skipped: 37150366
[2026-09-27 16:34:22.783] [info] Chunk 44/50 completed
[2026-09-27 16:34:22.868] [info] Processed: 23069450 Skipped: 37276698
[2026-09-27 16:34:22.868] [info] Chunk 43/50 completed
[2026-09-27 16:34:22.887] [info] Processed: 22886837 Skipped: 37278412
[2026-09-27 16:34:22.887] [info] Chunk 39/50 completed
[2026-09-27 16:34:23.389] [info] Processed: 23170220 Skipped: 37197128
[2026-09-27 16:34:23.390] [info] Chunk 40/50 completed
[2026-09-27 16:34:24.525] [info] Processed: 23551570 Skipped: 36921466
[2026-09-27 16:34:24.525] [info] Chunk 46/50 completed
[2026-09-27 16:34:24.764] [info] Processed: 23677551 Skipped: 36871358
[2026-09-27 16:34:24.764] [info] Chunk 47/50 completed
[2026-09-27 16:34:28.388] [info] Processed: 23580186 Skipped: 36924686
[2026-09-27 16:34:28.389] [info] Chunk 48/50 completed
[2026-09-27 16:34:47.510] [info] Processed: 24142996 Skipped: 36445229
[2026-09-27 16:34:47.510] [info] Chunk 49/50 completed
[2026-09-27 16:34:48.005] [info] Processed: 26319053 Skipped: 34217193
[2026-09-27 16:34:48.005] [info] Chunk 50/50 completed
[2026-09-27 16:34:48.005] [info] Writing out sa values at run heads
[2026-09-27 16:34:49.778] [info] Done
