[2026-09-27 16:25:33.830] [info] Current Configuration:
; PFP++

; Integers file to parse.
int32t="/mnt/nvme3n1/erikg/sxi-repair2/xsa-build-t2tghkm7/parse.parse"

; Sliding window size.
window-size=5

; Modulo used during parsing.
modulo=11

; Number of threads.
threads=16

; Temporary files directory.
tmp-dir="/mnt/nvme3n1/erikg/sxi-repair2/xsa-build-t2tghkm7"

; Also output compressed the dictionary.
compress-dictionary=false

; Use reference parse to avoid re-parsing.
use-vcf-acceleration=false

; Print out csv containing stats.
print-statistics=false

; Output count for each dictionary phrase.
output-occurrences=false

; Output sai array.
output-sai=false

; Output last array.
output-last=false

; Convert all non ACGT characters from a VCF or FASTA file to N.
acgt-only=false

; Verbose output.
verbose=false

; Version number.
version=false

[2026-09-27 16:25:33.830] [info] Parsing /mnt/nvme3n1/erikg/sxi-repair2/xsa-build-t2tghkm7/parse.parse
[2026-09-27 16:25:35.423] [info] Main parser: Replacing hash values with ranks.
[2026-09-27 16:25:37.054] [info] Main parser: writing dictionary on disk NOT COMPRESSED
[2026-09-27 16:25:37.380] [info] No properties requested.
[2026-09-27 16:25:37.380] [info] Main parser: closed
[2026-09-27 16:25:37.495] [info] Parser Integers -	Parse size: 3095890	Dic Size: 1320168 Dic Total Length: 97420784
[Disk Write (bytes): 139852140]
