[2026-09-28 17:52:41.456] [info] Using 8 bytes for computing SA of the dictionary
[2026-09-28 17:52:41.457] [info] Using 2 bytes for storing SA of the dictionary
[2026-09-28 17:52:41.457] [info] Elapsed time (s): 0.001645042
[2026-09-28 17:52:41.457] [info] Using 1 bytes for DA of the dictionary
[2026-09-28 17:52:41.458] [info] Elapsed time (s): 0.00019589
[2026-09-28 17:52:41.458] [info] Using 2 bytes for ISA of the dictionary
[2026-09-28 17:52:41.458] [info] Elapsed time (s): 0.000192101
[2026-09-28 17:52:41.458] [info] Using 2 bytes for LCP of the dictionary
[2026-09-28 17:52:41.458] [info] Elapsed time (s): 0.00045992
[2026-09-28 17:52:41.458] [info] Using 1 bytes for colex id and inverse colex id array of the dictionary
[2026-09-28 17:52:41.458] [info] Elapsed time (s): 0.00012709
[2026-09-28 17:52:41.458] [info] Using 8 bytes for computing SA of the dictionary
[2026-09-28 17:52:41.458] [info] Using 2 bytes for storing SA of the dictionary
[2026-09-28 17:52:41.458] [info] Elapsed time (s): 2.963e-05
[2026-09-28 17:52:41.458] [info] Using 1 bytes for DA of the dictionary
[2026-09-28 17:52:41.458] [info] Elapsed time (s): 4.3e-06
[2026-09-28 17:52:41.458] [info] Using 2 bytes for ISA of the dictionary
[2026-09-28 17:52:41.458] [info] Elapsed time (s): 3.74e-06
[2026-09-28 17:52:41.458] [info] Using 1 bytes for LCP of the dictionary
[2026-09-28 17:52:41.458] [info] Elapsed time (s): 4.78e-06
[2026-09-28 17:52:41.458] [info] Computing RMQ over LCP of dictionary
[2026-09-28 17:52:41.458] [info] Elapsed time (s): 9.84e-06
[2026-09-28 17:52:41.458] [info] Using 1 bytes for colex DA of the dictionary
[2026-09-28 17:52:41.458] [info] Using 1 bytes for colex id and inverse colex id array of the dictionary
[2026-09-28 17:52:41.458] [info] Elapsed time (s): 3.64e-05
[2026-09-28 17:52:41.458] [info] Using 8 bytes for computing SA of the parsing
[2026-09-28 17:52:41.459] [info] Using 1 bytes for storing SA of the parsing
[2026-09-28 17:52:41.459] [info] Elapsed time (s): 5.7e-06
[2026-09-28 17:52:41.459] [info] Computing b_p
[2026-09-28 17:52:41.459] [info] Computing b_bwt and M of the parsing
[2026-09-28 17:52:41.459] [info] Computing inverted list of BWT(P)
[2026-09-28 17:52:41.459] [info] Using 1 bytes for storing the inverted list of the BWT of the parse
[2026-09-28 17:52:41.459] [info] Precomputing d lengths
[2026-09-28 17:52:41.459] [info] Precomputing d lengths
[2026-09-28 17:52:41.459] [info] Creating v table
[2026-09-28 17:52:41.459] [info] Creating E arrays
[2026-09-28 17:52:41.459] [info] Computing chunks for parallel execution. Total input size: 20011. Requested chunks: 1
[2026-09-28 17:52:41.464] [info] BWT ranges divided in 1 chunks.
[2026-09-28 17:52:41.471] [info] Chunk 1/1 completed
[2026-09-28 17:52:41.472] [info] Completed rle string merge
[2026-09-28 17:52:41.489] [info] Processed: 1 Skipped: 0
[2026-09-28 17:52:41.489] [info] Chunk 1/1 completed
[2026-09-28 17:52:41.489] [info] Writing out sa values at run heads
[2026-09-28 17:52:41.489] [info] Done
