[2026-09-28 17:35:00.271] [info] Current Configuration:
; PFP++

; Integers file to parse.
int32t="/tmp/xsa-cargo-battery-rk2udmyr/xsa-build-rgky4ndb/parse.parse"

; Read -t as AGC: archive order, uppercase reversed contigs, 0x1e separators.
agc=false

; Sliding window size.
window-size=5

; Modulo used during parsing.
modulo=11

; Number of threads.
threads=2

; Temporary files directory.
tmp-dir="/tmp/xsa-cargo-battery-rk2udmyr/xsa-build-rgky4ndb"

; Also output compressed the dictionary.
compress-dictionary=false

; Use reference parse to avoid re-parsing.
use-vcf-acceleration=false

; Print out csv containing stats.
print-statistics=false

; Output count for each dictionary phrase.
output-occurrences=false

; Output sai array.
output-sai=false

; Output last array.
output-last=false

; Convert all non ACGT characters from a VCF or FASTA file to N.
acgt-only=false

; Verbose output.
verbose=false

; Version number.
version=false

[2026-09-28 17:35:00.271] [info] Parsing /tmp/xsa-cargo-battery-rk2udmyr/xsa-build-rgky4ndb/parse.parse
[2026-09-28 17:35:00.271] [info] Main parser: Replacing hash values with ranks.
[2026-09-28 17:35:00.271] [info] Main parser: writing dictionary on disk NOT COMPRESSED
[2026-09-28 17:35:00.271] [info] No properties requested.
[2026-09-28 17:35:00.271] [info] Main parser: closed
[2026-09-28 17:35:00.271] [info] Parser Integers -	Parse size: 489	Dic Size: 481 Dic Total Length: 30568
[Disk Write (bytes): 38364]
