[2026-09-28 17:35:01.037] [info] Using 8 bytes for computing SA of the dictionary
[2026-09-28 17:35:01.039] [info] Using 2 bytes for storing SA of the dictionary
[2026-09-28 17:35:01.039] [info] Elapsed time (s): 0.001676992
[2026-09-28 17:35:01.039] [info] Using 1 bytes for DA of the dictionary
[2026-09-28 17:35:01.039] [info] Elapsed time (s): 0.000198481
[2026-09-28 17:35:01.039] [info] Using 2 bytes for ISA of the dictionary
[2026-09-28 17:35:01.039] [info] Elapsed time (s): 0.00018767
[2026-09-28 17:35:01.039] [info] Using 2 bytes for LCP of the dictionary
[2026-09-28 17:35:01.040] [info] Elapsed time (s): 0.00046719
[2026-09-28 17:35:01.040] [info] Using 1 bytes for colex id and inverse colex id array of the dictionary
[2026-09-28 17:35:01.040] [info] Elapsed time (s): 0.000145951
[2026-09-28 17:35:01.040] [info] Using 8 bytes for computing SA of the dictionary
[2026-09-28 17:35:01.040] [info] Using 2 bytes for storing SA of the dictionary
[2026-09-28 17:35:01.040] [info] Elapsed time (s): 3.323e-05
[2026-09-28 17:35:01.040] [info] Using 1 bytes for DA of the dictionary
[2026-09-28 17:35:01.040] [info] Elapsed time (s): 4.92e-06
[2026-09-28 17:35:01.040] [info] Using 2 bytes for ISA of the dictionary
[2026-09-28 17:35:01.040] [info] Elapsed time (s): 4.32e-06
[2026-09-28 17:35:01.040] [info] Using 1 bytes for LCP of the dictionary
[2026-09-28 17:35:01.040] [info] Elapsed time (s): 5.6e-06
[2026-09-28 17:35:01.040] [info] Computing RMQ over LCP of dictionary
[2026-09-28 17:35:01.040] [info] Elapsed time (s): 1.17e-05
[2026-09-28 17:35:01.040] [info] Using 1 bytes for colex DA of the dictionary
[2026-09-28 17:35:01.040] [info] Using 1 bytes for colex id and inverse colex id array of the dictionary
[2026-09-28 17:35:01.040] [info] Elapsed time (s): 4.264e-05
[2026-09-28 17:35:01.040] [info] Using 8 bytes for computing SA of the parsing
[2026-09-28 17:35:01.040] [info] Using 1 bytes for storing SA of the parsing
[2026-09-28 17:35:01.040] [info] Elapsed time (s): 6.21e-06
[2026-09-28 17:35:01.040] [info] Computing b_p
[2026-09-28 17:35:01.040] [info] Computing b_bwt and M of the parsing
[2026-09-28 17:35:01.040] [info] Computing inverted list of BWT(P)
[2026-09-28 17:35:01.040] [info] Using 1 bytes for storing the inverted list of the BWT of the parse
[2026-09-28 17:35:01.040] [info] Precomputing d lengths
[2026-09-28 17:35:01.040] [info] Precomputing d lengths
[2026-09-28 17:35:01.040] [info] Creating v table
[2026-09-28 17:35:01.040] [info] Creating E arrays
[2026-09-28 17:35:01.040] [info] Computing chunks for parallel execution. Total input size: 20011. Requested chunks: 1
[2026-09-28 17:35:01.045] [info] BWT ranges divided in 1 chunks.
[2026-09-28 17:35:01.052] [info] Chunk 1/1 completed
[2026-09-28 17:35:01.052] [info] Completed rle string merge
[2026-09-28 17:35:01.069] [info] Processed: 2 Skipped: 0
[2026-09-28 17:35:01.069] [info] Chunk 1/1 completed
[2026-09-28 17:35:01.069] [info] Writing out sa values at run heads
[2026-09-28 17:35:01.070] [info] Done
