[2026-09-28 17:35:00.845] [info] Using 8 bytes for computing SA of the dictionary
[2026-09-28 17:35:00.845] [info] Using 2 bytes for storing SA of the dictionary
[2026-09-28 17:35:00.845] [info] Elapsed time (s): 0.00021045
[2026-09-28 17:35:00.845] [info] Using 1 bytes for DA of the dictionary
[2026-09-28 17:35:00.845] [info] Elapsed time (s): 2.087e-05
[2026-09-28 17:35:00.845] [info] Using 2 bytes for ISA of the dictionary
[2026-09-28 17:35:00.845] [info] Elapsed time (s): 1.818e-05
[2026-09-28 17:35:00.845] [info] Using 2 bytes for LCP of the dictionary
[2026-09-28 17:35:00.845] [info] Elapsed time (s): 4.268e-05
[2026-09-28 17:35:00.845] [info] Using 1 bytes for colex id and inverse colex id array of the dictionary
[2026-09-28 17:35:00.845] [info] Elapsed time (s): 1.314e-05
[2026-09-28 17:35:00.845] [info] Using 8 bytes for computing SA of the dictionary
[2026-09-28 17:35:00.845] [info] Using 1 bytes for storing SA of the dictionary
[2026-09-28 17:35:00.845] [info] Elapsed time (s): 9.77e-06
[2026-09-28 17:35:00.845] [info] Using 1 bytes for DA of the dictionary
[2026-09-28 17:35:00.845] [info] Elapsed time (s): 2.04e-06
[2026-09-28 17:35:00.845] [info] Using 1 bytes for ISA of the dictionary
[2026-09-28 17:35:00.845] [info] Elapsed time (s): 1.81e-06
[2026-09-28 17:35:00.845] [info] Using 1 bytes for LCP of the dictionary
[2026-09-28 17:35:00.845] [info] Elapsed time (s): 2.23e-06
[2026-09-28 17:35:00.845] [info] Computing RMQ over LCP of dictionary
[2026-09-28 17:35:00.845] [info] Elapsed time (s): 5.57e-06
[2026-09-28 17:35:00.845] [info] Using 1 bytes for colex DA of the dictionary
[2026-09-28 17:35:00.845] [info] Using 1 bytes for colex id and inverse colex id array of the dictionary
[2026-09-28 17:35:00.845] [info] Elapsed time (s): 1.063e-05
[2026-09-28 17:35:00.845] [info] Using 8 bytes for computing SA of the parsing
[2026-09-28 17:35:00.845] [info] Using 1 bytes for storing SA of the parsing
[2026-09-28 17:35:00.845] [info] Elapsed time (s): 4.67e-06
[2026-09-28 17:35:00.845] [info] Computing b_p
[2026-09-28 17:35:00.845] [info] Computing b_bwt and M of the parsing
[2026-09-28 17:35:00.845] [info] Computing inverted list of BWT(P)
[2026-09-28 17:35:00.845] [info] Using 1 bytes for storing the inverted list of the BWT of the parse
[2026-09-28 17:35:00.846] [info] Precomputing d lengths
[2026-09-28 17:35:00.846] [info] Precomputing d lengths
[2026-09-28 17:35:00.846] [info] Creating v table
[2026-09-28 17:35:00.846] [info] Creating E arrays
[2026-09-28 17:35:00.846] [info] Computing chunks for parallel execution. Total input size: 2011. Requested chunks: 1
[2026-09-28 17:35:00.846] [info] BWT ranges divided in 1 chunks.
[2026-09-28 17:35:00.846] [info] Chunk 1/1 completed
[2026-09-28 17:35:00.847] [info] Completed rle string merge
[2026-09-28 17:35:00.848] [info] Processed: 0 Skipped: 0
[2026-09-28 17:35:00.848] [info] Chunk 1/1 completed
[2026-09-28 17:35:00.848] [info] Writing out sa values at run heads
[2026-09-28 17:35:00.848] [info] Done
