[2026-09-28 17:35:02.156] [info] Using 8 bytes for computing SA of the dictionary
[2026-09-28 17:35:02.157] [info] Using 2 bytes for storing SA of the dictionary
[2026-09-28 17:35:02.157] [info] Elapsed time (s): 0.000661341
[2026-09-28 17:35:02.157] [info] Using 1 bytes for DA of the dictionary
[2026-09-28 17:35:02.157] [info] Elapsed time (s): 0.00016487
[2026-09-28 17:35:02.157] [info] Using 2 bytes for ISA of the dictionary
[2026-09-28 17:35:02.157] [info] Elapsed time (s): 0.00010312
[2026-09-28 17:35:02.157] [info] Using 2 bytes for LCP of the dictionary
[2026-09-28 17:35:02.157] [info] Elapsed time (s): 0.00015915
[2026-09-28 17:35:02.157] [info] Using 1 bytes for colex id and inverse colex id array of the dictionary
[2026-09-28 17:35:02.157] [info] Elapsed time (s): 7.3751e-05
[2026-09-28 17:35:02.158] [info] Using 8 bytes for computing SA of the dictionary
[2026-09-28 17:35:02.158] [info] Using 1 bytes for storing SA of the dictionary
[2026-09-28 17:35:02.158] [info] Elapsed time (s): 5.76e-06
[2026-09-28 17:35:02.158] [info] Using 1 bytes for DA of the dictionary
[2026-09-28 17:35:02.158] [info] Elapsed time (s): 1.72e-06
[2026-09-28 17:35:02.158] [info] Using 1 bytes for ISA of the dictionary
[2026-09-28 17:35:02.158] [info] Elapsed time (s): 1.63e-06
[2026-09-28 17:35:02.158] [info] Using 1 bytes for LCP of the dictionary
[2026-09-28 17:35:02.158] [info] Elapsed time (s): 1.76e-06
[2026-09-28 17:35:02.158] [info] Computing RMQ over LCP of dictionary
[2026-09-28 17:35:02.158] [info] Elapsed time (s): 4.17e-06
[2026-09-28 17:35:02.158] [info] Using 1 bytes for colex DA of the dictionary
[2026-09-28 17:35:02.158] [info] Using 1 bytes for colex id and inverse colex id array of the dictionary
[2026-09-28 17:35:02.158] [info] Elapsed time (s): 7.36e-06
[2026-09-28 17:35:02.158] [info] Using 8 bytes for computing SA of the parsing
[2026-09-28 17:35:02.158] [info] Using 1 bytes for storing SA of the parsing
[2026-09-28 17:35:02.158] [info] Elapsed time (s): 4.29e-06
[2026-09-28 17:35:02.158] [info] Computing b_p
[2026-09-28 17:35:02.158] [info] Computing b_bwt and M of the parsing
[2026-09-28 17:35:02.158] [info] Computing inverted list of BWT(P)
[2026-09-28 17:35:02.158] [info] Using 1 bytes for storing the inverted list of the BWT of the parse
[2026-09-28 17:35:02.158] [info] Precomputing d lengths
[2026-09-28 17:35:02.158] [info] Precomputing d lengths
[2026-09-28 17:35:02.158] [info] Creating v table
[2026-09-28 17:35:02.158] [info] Creating E arrays
[2026-09-28 17:35:02.158] [info] Computing chunks for parallel execution. Total input size: 18511. Requested chunks: 1
[2026-09-28 17:35:02.175] [info] BWT ranges divided in 1 chunks.
[2026-09-28 17:35:02.195] [info] Chunk 1/1 completed
[2026-09-28 17:35:02.195] [info] Completed rle string merge
[2026-09-28 17:35:02.215] [info] Processed: 0 Skipped: 0
[2026-09-28 17:35:02.215] [info] Chunk 1/1 completed
[2026-09-28 17:35:02.215] [info] Writing out sa values at run heads
[2026-09-28 17:35:02.216] [info] Done
