ri4: n=2001 k=1 R=1474
SLIM_PHASE ri4-load wall=0.000 cumulative=0.000 peak_rss_kib=2048
SLIM_HEAD_SA bytes=11792 rows=1474 mmap=1
SLIM_PHASE dict-read wall=0.000 cumulative=0.000 peak_rss_kib=2048
SLIM_PHASE dict-boundaries wall=0.000 cumulative=0.000 peak_rss_kib=2048
SLIM_STRING_ENDS count=1 bytes=8 from_parse_dict=1 cyclic=0
SLIM_PHASE parse+boundaries wall=0.000 cumulative=0.000 peak_rss_kib=2048
SLIM_PHASE parse-fingerprints wall=0.000 cumulative=0.000 peak_rss_kib=2048
SLIM_PHASE dict-fingerprints wall=0.000 cumulative=0.000 peak_rss_kib=2048
SLIM_STRUCT n=2011 P=19 D=2221 phrases=19 parse_bytes=80 bd_bytes=238 bp_bytes=230 dict_resident=0 dict_cache_per_thread=262144 no_SA_ISA_LCP_RMQ=1 no_M_b_bwt_w_wt=1
SLIM_PHASE lce-build-total wall=0.000 cumulative=0.000 peak_rss_kib=2048
SLIM_PHASE lf-build wall=0.000 cumulative=0.000 peak_rss_kib=2048
SLIM_RI runs=7370 starts=11792 samples=2032 lf_capacity=20028
SLIM_PROGRESS runs=1474/1474 resolve_wall=0.002 lce_wall=0.002 write_wall=0.000 lf_steps=0 cache_hits=0
SLIM_PHASE query-chunks wall=0.004 cumulative=0.005 peak_rss_kib=6144
SLIM_PHASE queries+stream-write-final wall=0.000 cumulative=0.005 peak_rss_kib=6144
SLIM_FP parse tau=1 bytes=168 queries=0 verified_symbols=0 hash_probes=0 mean_verified=0.000000000 max_verified=0
SLIM_FP dict tau=13 bytes=1368 queries=1867 verified_symbols=10571 hash_probes=0 mean_verified=5.662024638 max_verified=13
SLIM_QUERY_PHASE resolve_wall=0.001723 resolve_peak_kib=6144 lce_wall=0.001552 lce_peak_kib=6144 write_wall=0.000060 write_peak_kib=6144
SLIM_SEEDS queries=1868 mean_verified_phrases=0.000000000 max_verified_phrases=0 (includes_zero_parse_work_seeds; boundary_included)
SLIM_RESOLVE walks=0 steps=0 max=0 anchor=0 failed=0 cache_hits=0
SLIM_BOUNDARY_RESOLVE head_direct=1474 tail_direct=1868 head_lf_steps=0
