[2026-09-27 15:42:08.366] [info] Using 8 bytes for computing SA of the dictionary
[2026-09-27 15:42:08.367] [info] Using 2 bytes for storing SA of the dictionary
[2026-09-27 15:42:08.367] [info] Elapsed time (s): 0.00021822
[2026-09-27 15:42:08.367] [info] Using 1 bytes for DA of the dictionary
[2026-09-27 15:42:08.367] [info] Elapsed time (s): 3.089e-05
[2026-09-27 15:42:08.367] [info] Using 2 bytes for ISA of the dictionary
[2026-09-27 15:42:08.367] [info] Elapsed time (s): 1.822e-05
[2026-09-27 15:42:08.367] [info] Using 2 bytes for LCP of the dictionary
[2026-09-27 15:42:08.367] [info] Elapsed time (s): 4.262e-05
[2026-09-27 15:42:08.367] [info] Using 1 bytes for colex id and inverse colex id array of the dictionary
[2026-09-27 15:42:08.367] [info] Elapsed time (s): 1.366e-05
[2026-09-27 15:42:08.367] [info] Using 8 bytes for computing SA of the dictionary
[2026-09-27 15:42:08.367] [info] Using 1 bytes for storing SA of the dictionary
[2026-09-27 15:42:08.367] [info] Elapsed time (s): 9.681e-06
[2026-09-27 15:42:08.367] [info] Using 1 bytes for DA of the dictionary
[2026-09-27 15:42:08.367] [info] Elapsed time (s): 2.1e-06
[2026-09-27 15:42:08.367] [info] Using 1 bytes for ISA of the dictionary
[2026-09-27 15:42:08.367] [info] Elapsed time (s): 1.83e-06
[2026-09-27 15:42:08.367] [info] Using 1 bytes for LCP of the dictionary
[2026-09-27 15:42:08.367] [info] Elapsed time (s): 2.2e-06
[2026-09-27 15:42:08.367] [info] Computing RMQ over LCP of dictionary
[2026-09-27 15:42:08.367] [info] Elapsed time (s): 5.76e-06
[2026-09-27 15:42:08.367] [info] Using 1 bytes for colex DA of the dictionary
[2026-09-27 15:42:08.367] [info] Using 1 bytes for colex id and inverse colex id array of the dictionary
[2026-09-27 15:42:08.367] [info] Elapsed time (s): 1.151e-05
[2026-09-27 15:42:08.367] [info] Using 8 bytes for computing SA of the parsing
[2026-09-27 15:42:08.367] [info] Using 1 bytes for storing SA of the parsing
[2026-09-27 15:42:08.367] [info] Elapsed time (s): 5.68e-06
[2026-09-27 15:42:08.367] [info] Computing b_p
[2026-09-27 15:42:08.367] [info] Computing b_bwt and M of the parsing
[2026-09-27 15:42:08.367] [info] Computing inverted list of BWT(P)
[2026-09-27 15:42:08.367] [info] Using 1 bytes for storing the inverted list of the BWT of the parse
[2026-09-27 15:42:08.367] [info] Precomputing d lengths
[2026-09-27 15:42:08.367] [info] Precomputing d lengths
[2026-09-27 15:42:08.367] [info] Creating v table
[2026-09-27 15:42:08.367] [info] Creating E arrays
[2026-09-27 15:42:08.367] [info] Computing chunks for parallel execution. Total input size: 2011. Requested chunks: 1
[2026-09-27 15:42:08.367] [info] BWT ranges divided in 1 chunks.
[2026-09-27 15:42:08.368] [info] Chunk 1/1 completed
[2026-09-27 15:42:08.369] [info] Completed rle string merge
[2026-09-27 15:42:08.370] [info] Processed: 0 Skipped: 0
[2026-09-27 15:42:08.370] [info] Chunk 1/1 completed
[2026-09-27 15:42:08.370] [info] Writing out sa values at run heads
[2026-09-27 15:42:08.370] [info] Done
