[2026-09-27 15:42:08.439] [info] Using 8 bytes for computing SA of the dictionary
[2026-09-27 15:42:08.440] [info] Using 2 bytes for storing SA of the dictionary
[2026-09-27 15:42:08.440] [info] Elapsed time (s): 0.000307891
[2026-09-27 15:42:08.440] [info] Using 1 bytes for DA of the dictionary
[2026-09-27 15:42:08.440] [info] Elapsed time (s): 2.307e-05
[2026-09-27 15:42:08.440] [info] Using 2 bytes for ISA of the dictionary
[2026-09-27 15:42:08.440] [info] Elapsed time (s): 2.028e-05
[2026-09-27 15:42:08.440] [info] Using 2 bytes for LCP of the dictionary
[2026-09-27 15:42:08.440] [info] Elapsed time (s): 4.575e-05
[2026-09-27 15:42:08.440] [info] Using 1 bytes for colex id and inverse colex id array of the dictionary
[2026-09-27 15:42:08.440] [info] Elapsed time (s): 1.414e-05
[2026-09-27 15:42:08.440] [info] Using 8 bytes for computing SA of the dictionary
[2026-09-27 15:42:08.440] [info] Using 1 bytes for storing SA of the dictionary
[2026-09-27 15:42:08.440] [info] Elapsed time (s): 1.156e-05
[2026-09-27 15:42:08.440] [info] Using 1 bytes for DA of the dictionary
[2026-09-27 15:42:08.440] [info] Elapsed time (s): 2.42e-06
[2026-09-27 15:42:08.440] [info] Using 1 bytes for ISA of the dictionary
[2026-09-27 15:42:08.440] [info] Elapsed time (s): 2.07e-06
[2026-09-27 15:42:08.440] [info] Using 1 bytes for LCP of the dictionary
[2026-09-27 15:42:08.440] [info] Elapsed time (s): 2.79e-06
[2026-09-27 15:42:08.440] [info] Computing RMQ over LCP of dictionary
[2026-09-27 15:42:08.440] [info] Elapsed time (s): 5.63e-06
[2026-09-27 15:42:08.440] [info] Using 1 bytes for colex DA of the dictionary
[2026-09-27 15:42:08.440] [info] Using 1 bytes for colex id and inverse colex id array of the dictionary
[2026-09-27 15:42:08.440] [info] Elapsed time (s): 1.448e-05
[2026-09-27 15:42:08.440] [info] Using 8 bytes for computing SA of the parsing
[2026-09-27 15:42:08.440] [info] Using 1 bytes for storing SA of the parsing
[2026-09-27 15:42:08.440] [info] Elapsed time (s): 5.32e-06
[2026-09-27 15:42:08.440] [info] Computing b_p
[2026-09-27 15:42:08.440] [info] Computing b_bwt and M of the parsing
[2026-09-27 15:42:08.440] [info] Computing inverted list of BWT(P)
[2026-09-27 15:42:08.440] [info] Using 1 bytes for storing the inverted list of the BWT of the parse
[2026-09-27 15:42:08.440] [info] Precomputing d lengths
[2026-09-27 15:42:08.440] [info] Precomputing d lengths
[2026-09-27 15:42:08.440] [info] Creating v table
[2026-09-27 15:42:08.440] [info] Creating E arrays
[2026-09-27 15:42:08.440] [info] Computing chunks for parallel execution. Total input size: 4012. Requested chunks: 1
[2026-09-27 15:42:08.440] [info] BWT ranges divided in 1 chunks.
[2026-09-27 15:42:08.441] [info] Chunk 1/1 completed
[2026-09-27 15:42:08.442] [info] Completed rle string merge
[2026-09-27 15:42:08.444] [info] Processed: 1765 Skipped: 126
[2026-09-27 15:42:08.444] [info] Chunk 1/1 completed
[2026-09-27 15:42:08.444] [info] Writing out sa values at run heads
[2026-09-27 15:42:08.444] [info] Done
