[2026-09-28 17:35:01.063] [info] Using 8 bytes for computing SA of the dictionary
[2026-09-28 17:35:01.063] [info] Using 2 bytes for storing SA of the dictionary
[2026-09-28 17:35:01.063] [info] Elapsed time (s): 0.00026388
[2026-09-28 17:35:01.063] [info] Using 1 bytes for DA of the dictionary
[2026-09-28 17:35:01.063] [info] Elapsed time (s): 2.331e-05
[2026-09-28 17:35:01.063] [info] Using 2 bytes for ISA of the dictionary
[2026-09-28 17:35:01.063] [info] Elapsed time (s): 2.04e-05
[2026-09-28 17:35:01.063] [info] Using 2 bytes for LCP of the dictionary
[2026-09-28 17:35:01.063] [info] Elapsed time (s): 4.511e-05
[2026-09-28 17:35:01.063] [info] Using 1 bytes for colex id and inverse colex id array of the dictionary
[2026-09-28 17:35:01.063] [info] Elapsed time (s): 1.38e-05
[2026-09-28 17:35:01.063] [info] Using 8 bytes for computing SA of the dictionary
[2026-09-28 17:35:01.063] [info] Using 1 bytes for storing SA of the dictionary
[2026-09-28 17:35:01.063] [info] Elapsed time (s): 1.139e-05
[2026-09-28 17:35:01.063] [info] Using 1 bytes for DA of the dictionary
[2026-09-28 17:35:01.063] [info] Elapsed time (s): 2.34e-06
[2026-09-28 17:35:01.063] [info] Using 1 bytes for ISA of the dictionary
[2026-09-28 17:35:01.063] [info] Elapsed time (s): 2.05e-06
[2026-09-28 17:35:01.063] [info] Using 1 bytes for LCP of the dictionary
[2026-09-28 17:35:01.063] [info] Elapsed time (s): 2.78e-06
[2026-09-28 17:35:01.063] [info] Computing RMQ over LCP of dictionary
[2026-09-28 17:35:01.063] [info] Elapsed time (s): 8.32e-06
[2026-09-28 17:35:01.063] [info] Using 1 bytes for colex DA of the dictionary
[2026-09-28 17:35:01.063] [info] Using 1 bytes for colex id and inverse colex id array of the dictionary
[2026-09-28 17:35:01.063] [info] Elapsed time (s): 1.403e-05
[2026-09-28 17:35:01.063] [info] Using 8 bytes for computing SA of the parsing
[2026-09-28 17:35:01.063] [info] Using 1 bytes for storing SA of the parsing
[2026-09-28 17:35:01.063] [info] Elapsed time (s): 4.95e-06
[2026-09-28 17:35:01.063] [info] Computing b_p
[2026-09-28 17:35:01.063] [info] Computing b_bwt and M of the parsing
[2026-09-28 17:35:01.063] [info] Computing inverted list of BWT(P)
[2026-09-28 17:35:01.063] [info] Using 1 bytes for storing the inverted list of the BWT of the parse
[2026-09-28 17:35:01.063] [info] Precomputing d lengths
[2026-09-28 17:35:01.063] [info] Precomputing d lengths
[2026-09-28 17:35:01.063] [info] Creating v table
[2026-09-28 17:35:01.063] [info] Creating E arrays
[2026-09-28 17:35:01.063] [info] Computing chunks for parallel execution. Total input size: 4012. Requested chunks: 1
[2026-09-28 17:35:01.064] [info] BWT ranges divided in 1 chunks.
[2026-09-28 17:35:01.065] [info] Chunk 1/1 completed
[2026-09-28 17:35:01.065] [info] Completed rle string merge
[2026-09-28 17:35:01.067] [info] Processed: 1765 Skipped: 126
[2026-09-28 17:35:01.067] [info] Chunk 1/1 completed
[2026-09-28 17:35:01.067] [info] Writing out sa values at run heads
[2026-09-28 17:35:01.067] [info] Done
