COMMAND ["/home/erikg/worktrees/sxgc/pi-worktree-e7286239-b261-424c-8585-f2604e5d83e0-s0-0/xsa/target/release/build/xsa-2dfcfb6cbbc0de33/out/stages-5l8veref/bundle/slim_dump", "--slim", "--resolve-ri4", "--dict-stream", "--sxi", "/home/erikg/worktrees/sxgc/pi-worktree-e7286239-b261-424c-8585-f2604e5d83e0-s0-0/vendor/byte-remap-gates/legacy-format/duplicates-600k.sxi", "--parse", "/tmp/laneY/bat/duplicates-600k_pfp", "-t", "8", "-o", "/home/erikg/worktrees/sxgc/pi-worktree-e7286239-b261-424c-8585-f2604e5d83e0-s0-0/vendor/byte-remap-gates/legacy-format/duplicates-600k.sxi.agg"]
ri4: n=600001 k=1 R=14701
SLIM_PHASE ri4-load wall=0.002 cumulative=0.002 peak_rss_kib=14336
SLIM_HEAD_SA bytes=119656 rows=14701 mmap=1
SLIM_PHASE dict-read wall=0.000 cumulative=0.002 peak_rss_kib=14336
SLIM_PHASE dict-boundaries wall=0.003 cumulative=0.006 peak_rss_kib=14336
SLIM_STRING_ENDS count=1 bytes=8 from_parse_dict=1 cyclic=0
SLIM_PHASE parse+boundaries wall=0.001 cumulative=0.007 peak_rss_kib=14336
SLIM_PHASE parse-fingerprints wall=0.000 cumulative=0.007 peak_rss_kib=14336
SLIM_PHASE dict-fingerprints wall=0.002 cumulative=0.009 peak_rss_kib=14336
SLIM_STRUCT n=600011 P=5246 D=287733 phrases=1226 parse_bytes=20988 bd_bytes=1950 bp_bytes=6816 dict_resident=0 dict_cache_per_thread=262144 no_SA_ISA_LCP_RMQ=1 no_M_b_bwt_w_wt=1
SLIM_PHASE lce-build-total wall=0.007 cumulative=0.009 peak_rss_kib=14336
anchors: 0 string-start rows
SLIM_PHASE lf-build wall=0.000 cumulative=0.009 peak_rss_kib=14336
SLIM_RI runs=73505 starts=117608 samples=36760 lf_capacity=183188
SLIM_PROGRESS runs=14701/14701 resolve_wall=0.003 lce_wall=0.063 write_wall=0.001 lf_steps=0 cache_hits=0
SLIM_PHASE query-chunks wall=0.068 cumulative=0.077 peak_rss_kib=14336
SLIM_PHASE queries+stream-write-final wall=0.000 cumulative=0.078 peak_rss_kib=14336
SLIM_FP parse tau=3 bytes=14000 queries=8762 verified_symbols=24698 hash_probes=6498 mean_verified=2.818762840 max_verified=14
SLIM_FP dict tau=157 bytes=14664 queries=31943 verified_symbols=2012139 hash_probes=113658 mean_verified=62.991547444 max_verified=602
SLIM_QUERY_PHASE resolve_wall=0.003361 resolve_peak_kib=14336 lce_wall=0.062880 lce_peak_kib=14336 write_wall=0.000723 write_peak_kib=14336
SLIM_SEEDS queries=26105 mean_verified_phrases=0.946102279 max_verified_phrases=14 (includes_zero_parse_work_seeds; boundary_included)
SLIM_RESOLVE walks=0 steps=0 max=0 anchor=0 failed=0 cache_hits=0
SLIM_BOUNDARY_RESOLVE head_direct=14701 tail_direct=26105 head_lf_steps=0
