ri4: n=3530 k=60 R=421
SLIM_PHASE ri4-load wall=0.000 cumulative=0.000 peak_rss_kib=14336
SLIM_HEAD_SA bytes=3368 rows=421 mmap=1
SLIM_PHASE parse-free-lf-base wall=0.000 cumulative=0.000 peak_rss_kib=14336
SLIM_PHASE parse-free-seeds-sort wall=0.000 cumulative=0.000 peak_rss_kib=14336
SLIM_STRING_ENDS count=60 bytes=480 from_parse_dict=0 cyclic=0
SLIM_PHASE parse-free-walk wall=0.003 cumulative=0.003 peak_rss_kib=14336
SLIM_PHASE parse-free-fingerprints wall=0.000 cumulative=0.003 peak_rss_kib=14336
SLIM_PF_SELF_CHECK checks=256 passed=1
SLIM_PHASE parse-free-self-check wall=0.000 cumulative=0.003 peak_rss_kib=14336
SLIM_PARSE_FREE_STRUCT n=3540 text_len=3530 rows=3530 R=421 tau=68 checkpoints=52 checkpoint_bytes=416 sidecar_bytes=3530 seeds=421 emissions=3530 cyclic=0 work_limit=1000000000 no_SA_ISA_LCP_RMQ=1 no_M_b_bwt_w_wt=1 no_parse_dict=1 no_phrase_ids=1 corpus_reads=0
SLIM_PHASE lce-build-total wall=0.003 cumulative=0.003 peak_rss_kib=14336
SLIM_PHASE lf-build wall=0.000 cumulative=0.003 peak_rss_kib=14336
SLIM_RI runs=2105 starts=3368 samples=632 lf_capacity=8552
SLIM_PROGRESS runs=421/421 resolve_wall=0.002 lce_wall=0.002 write_wall=0.000 lf_steps=0 cache_hits=0
SLIM_PHASE query-chunks wall=0.004 cumulative=0.007 peak_rss_kib=14336
SLIM_PHASE queries+stream-write-final wall=0.000 cumulative=0.008 peak_rss_kib=14336
SLIM_FP parse-free-text tau=68 bytes=416 queries=502 verified_symbols=1544 hash_probes=13 mean_verified=3.075697211 max_verified=69 max_requested_lce=68 verification_work=2288 hash_probe_charges=558 suffix_symbol_reads=17775 total_work=2846 total_limit=1000000000 verification_limit=3530 probe_limit=68
SLIM_PARSE_FREE text_len=3530 rows=3530 sidecar_bytes=3530 tau=68 checkpoint_bytes=416 seeds=421 emissions=3530 cyclic=0 string_ends=60 work_used=2846 work_limit=1000000000 sidecar_unlinked=1 corpus_reads=0
SLIM_QUERY_PHASE resolve_wall=0.001687 resolve_peak_kib=14336 lce_wall=0.001622 lce_peak_kib=14336 write_wall=0.000024 write_peak_kib=14336
SLIM_SEEDS queries=61 mean_verified_symbols=25.311475410 max_verified_symbols=69 (includes_zero_parse_work_seeds; boundary_included)
SLIM_RESOLVE walks=0 steps=0 max=0 anchor=0 failed=0 cache_hits=0
SLIM_BOUNDARY_RESOLVE head_direct=421 tail_direct=563 head_lf_steps=0
SLIM_PF_KEEP_TEXT sidecar=/tmp/slimpf/g0/nl-multi/free.default.agg.pftext retained
