[2026-10-03 10:02:19.033] [info] Using 8 bytes for computing SA of the dictionary
[2026-10-03 10:02:19.033] [info] Using 2 bytes for storing SA of the dictionary
[2026-10-03 10:02:19.033] [info] Elapsed time (s): 0.000385531
[2026-10-03 10:02:19.033] [info] Using 1 bytes for DA of the dictionary
[2026-10-03 10:02:19.033] [info] Elapsed time (s): 4.203e-05
[2026-10-03 10:02:19.033] [info] Using 2 bytes for ISA of the dictionary
[2026-10-03 10:02:19.033] [info] Elapsed time (s): 2.733e-05
[2026-10-03 10:02:19.033] [info] Using 2 bytes for LCP of the dictionary
[2026-10-03 10:02:19.033] [info] Elapsed time (s): 4.157e-05
[2026-10-03 10:02:19.033] [info] Using 1 bytes for colex id and inverse colex id array of the dictionary
[2026-10-03 10:02:19.033] [info] Elapsed time (s): 2.077e-05
[2026-10-03 10:02:19.033] [info] Using 8 bytes for computing SA of the dictionary
[2026-10-03 10:02:19.033] [info] Using 1 bytes for storing SA of the dictionary
[2026-10-03 10:02:19.033] [info] Elapsed time (s): 1.183e-05
[2026-10-03 10:02:19.033] [info] Using 1 bytes for DA of the dictionary
[2026-10-03 10:02:19.033] [info] Elapsed time (s): 7.74e-06
[2026-10-03 10:02:19.033] [info] Using 1 bytes for ISA of the dictionary
[2026-10-03 10:02:19.033] [info] Elapsed time (s): 4.18e-06
[2026-10-03 10:02:19.033] [info] Using 1 bytes for LCP of the dictionary
[2026-10-03 10:02:19.033] [info] Elapsed time (s): 2.88e-06
[2026-10-03 10:02:19.033] [info] Computing RMQ over LCP of dictionary
[2026-10-03 10:02:19.033] [info] Elapsed time (s): 5.96e-06
[2026-10-03 10:02:19.033] [info] Using 1 bytes for colex DA of the dictionary
[2026-10-03 10:02:19.033] [info] Using 1 bytes for colex id and inverse colex id array of the dictionary
[2026-10-03 10:02:19.033] [info] Elapsed time (s): 1.482e-05
[2026-10-03 10:02:19.033] [info] Using 8 bytes for computing SA of the parsing
[2026-10-03 10:02:19.033] [info] Using 1 bytes for storing SA of the parsing
[2026-10-03 10:02:19.033] [info] Elapsed time (s): 1.604e-05
[2026-10-03 10:02:19.033] [info] Computing b_p
[2026-10-03 10:02:19.033] [info] Computing b_bwt and M of the parsing
[2026-10-03 10:02:19.033] [info] Computing inverted list of BWT(P)
[2026-10-03 10:02:19.033] [info] Using 1 bytes for storing the inverted list of the BWT of the parse
[2026-10-03 10:02:19.033] [info] Precomputing d lengths
[2026-10-03 10:02:19.033] [info] Precomputing d lengths
[2026-10-03 10:02:19.033] [info] Creating v table
[2026-10-03 10:02:19.033] [info] Creating E arrays
[2026-10-03 10:02:19.033] [info] Computing chunks for parallel execution. Total input size: 3540. Requested chunks: 1
[2026-10-03 10:02:19.034] [info] BWT ranges divided in 1 chunks.
[2026-10-03 10:02:19.035] [info] Chunk 1/1 completed
[2026-10-03 10:02:19.035] [info] Completed rle string merge
[2026-10-03 10:02:19.037] [info] Processed: 30 Skipped: 203
[2026-10-03 10:02:19.037] [info] Chunk 1/1 completed
[2026-10-03 10:02:19.037] [info] Writing out sa values at run heads
[2026-10-03 10:02:19.037] [info] Done
