ri4: n=9604 k=1 R=7285
SLIM_PHASE ri4-load wall=0.000 cumulative=0.000 peak_rss_kib=14336
SLIM_HEAD_SA bytes=58280 rows=7285 mmap=1
SLIM_PHASE parse-free-lf-base wall=0.000 cumulative=0.000 peak_rss_kib=14336
SLIM_PHASE parse-free-seeds-sort wall=0.000 cumulative=0.001 peak_rss_kib=14336
SLIM_STRING_ENDS count=1 bytes=8 from_parse_dict=0 cyclic=1
SLIM_PHASE parse-free-walk wall=0.003 cumulative=0.004 peak_rss_kib=14336
SLIM_PHASE parse-free-fingerprints wall=0.000 cumulative=0.004 peak_rss_kib=14336
SLIM_PF_SELF_CHECK checks=256 passed=1
SLIM_PHASE parse-free-self-check wall=0.000 cumulative=0.004 peak_rss_kib=14336
SLIM_PARSE_FREE_STRUCT n=9614 text_len=9604 rows=9604 R=7285 tau=11 checkpoints=874 checkpoint_bytes=6992 sidecar_bytes=9604 seeds=7285 emissions=9604 cyclic=1 work_limit=1000000000 no_SA_ISA_LCP_RMQ=1 no_M_b_bwt_w_wt=1 no_parse_dict=1 no_phrase_ids=1 corpus_reads=0
SLIM_PHASE lce-build-total wall=0.003 cumulative=0.004 peak_rss_kib=14336
SLIM_PHASE lf-build wall=0.000 cumulative=0.004 peak_rss_kib=14336
SLIM_RI runs=36425 starts=58280 samples=12752 lf_capacity=123888
SLIM_PROGRESS runs=7285/7285 resolve_wall=0.002 lce_wall=0.004 write_wall=0.000 lf_steps=0 cache_hits=0
SLIM_PHASE query-chunks wall=0.007 cumulative=0.011 peak_rss_kib=14336
SLIM_PHASE queries+stream-write-final wall=0.000 cumulative=0.011 peak_rss_kib=14336
SLIM_FP parse-free-text tau=11 bytes=6992 queries=9024 verified_symbols=60775 hash_probes=28 mean_verified=6.734818262 max_verified=12 max_requested_lce=11 verification_work=60855 hash_probe_charges=623 suffix_symbol_reads=3047 total_work=61478 total_limit=1000000000 verification_limit=9604 probe_limit=11
SLIM_PARSE_FREE text_len=9604 rows=9604 sidecar_bytes=9604 tau=11 checkpoint_bytes=6992 seeds=7285 emissions=9604 cyclic=1 string_ends=1 work_used=61478 work_limit=1000000000 sidecar_unlinked=1 corpus_reads=0
SLIM_QUERY_PHASE resolve_wall=0.001916 resolve_peak_kib=14336 lce_wall=0.004066 lce_peak_kib=14336 write_wall=0.000275 write_peak_kib=14336
SLIM_SEEDS queries=0 mean_verified_symbols=0.000000000 max_verified_symbols=12 (includes_zero_parse_work_seeds; boundary_included)
SLIM_RESOLVE walks=0 steps=0 max=0 anchor=0 failed=0 cache_hits=0
SLIM_BOUNDARY_RESOLVE head_direct=7285 tail_direct=9022 head_lf_steps=0
SLIM_PF_KEEP_TEXT sidecar=/tmp/slimpf/g0/rand4/free.default.agg.pftext retained
