ri4: n=8884 k=1 R=140
SLIM_PHASE ri4-load wall=0.000 cumulative=0.000 peak_rss_kib=14336
SLIM_HEAD_SA bytes=1120 rows=140 mmap=1
SLIM_PHASE parse-free-lf-base wall=0.000 cumulative=0.000 peak_rss_kib=14336
SLIM_PHASE parse-free-seeds-sort wall=0.000 cumulative=0.000 peak_rss_kib=14336
SLIM_STRING_ENDS count=1 bytes=8 from_parse_dict=0 cyclic=1
SLIM_PHASE parse-free-walk wall=0.003 cumulative=0.003 peak_rss_kib=14336
SLIM_PHASE parse-free-fingerprints wall=0.000 cumulative=0.003 peak_rss_kib=14336
SLIM_PF_SELF_CHECK checks=256 passed=1
SLIM_PHASE parse-free-self-check wall=0.000 cumulative=0.003 peak_rss_kib=14336
SLIM_PARSE_FREE_STRUCT n=8894 text_len=8884 rows=8884 R=140 tau=2 checkpoints=4443 checkpoint_bytes=35544 sidecar_bytes=8884 seeds=140 emissions=8884 cyclic=1 work_limit=1000000000 no_SA_ISA_LCP_RMQ=1 no_M_b_bwt_w_wt=1 no_parse_dict=1 no_phrase_ids=1 corpus_reads=0
SLIM_PHASE lce-build-total wall=0.003 cumulative=0.003 peak_rss_kib=14336
SLIM_PHASE lf-build wall=0.000 cumulative=0.003 peak_rss_kib=14336
SLIM_RI runs=700 starts=1120 samples=248 lf_capacity=2816
SLIM_PROGRESS runs=140/140 resolve_wall=0.002 lce_wall=0.002 write_wall=0.000 lf_steps=0 cache_hits=0
SLIM_PHASE query-chunks wall=0.004 cumulative=0.008 peak_rss_kib=14336
SLIM_PHASE queries+stream-write-final wall=0.000 cumulative=0.008 peak_rss_kib=14336
SLIM_FP parse-free-text tau=2 bytes=35544 queries=270 verified_symbols=13784 hash_probes=1063 mean_verified=51.051851852 max_verified=1801 max_requested_lce=1800 verification_work=14086 hash_probe_charges=4757 suffix_symbol_reads=2338 total_work=18843 total_limit=1000000000 verification_limit=8884 probe_limit=2
SLIM_PARSE_FREE text_len=8884 rows=8884 sidecar_bytes=8884 tau=2 checkpoint_bytes=35544 seeds=140 emissions=8884 cyclic=1 string_ends=1 work_used=18843 work_limit=1000000000 sidecar_unlinked=1 corpus_reads=0
SLIM_QUERY_PHASE resolve_wall=0.001668 resolve_peak_kib=14336 lce_wall=0.001652 lce_peak_kib=14336 write_wall=0.000018 write_peak_kib=14336
SLIM_SEEDS queries=0 mean_verified_symbols=0.000000000 max_verified_symbols=1801 (includes_zero_parse_work_seeds; boundary_included)
SLIM_RESOLVE walks=0 steps=0 max=0 anchor=0 failed=0 cache_hits=0
SLIM_BOUNDARY_RESOLVE head_direct=140 tail_direct=268 head_lf_steps=0
SLIM_PF_KEEP_TEXT sidecar=/tmp/slimpf/g0/satellite/free.tau2.agg.pftext retained
