[2026-10-03 10:02:19.198] [info] Current Configuration:
; PFP++

; Text file to parse.
text="/tmp/slimpf/g0/tiny.txt"

; Read -t as AGC: archive order, uppercase reversed contigs, 0x1e separators.
agc=false

; Output prefix.
out-prefix="/tmp/slimpf/g0/tiny/pfpbuild/parse"

; Sliding window size.
window-size=10

; Modulo used during parsing.
modulo=100

; Number of threads.
threads=8

; Temporary files directory.
tmp-dir="/tmp/slimpf/g0/tiny/pfpbuild"

; Also output compressed the dictionary.
compress-dictionary=false

; Use reference parse to avoid re-parsing.
use-vcf-acceleration=false

; Print out csv containing stats.
print-statistics=false

; Output count for each dictionary phrase.
output-occurrences=false

; Output sai array.
output-sai=false

; Output last array.
output-last=false

; Convert all non ACGT characters from a VCF or FASTA file to N.
acgt-only=false

; Verbose output.
verbose=false

; Version number.
version=false

[2026-10-03 10:02:19.199] [info] Parsing /tmp/slimpf/g0/tiny.txt
[2026-10-03 10:02:19.199] [info] Main parser: Replacing hash values with ranks.
[2026-10-03 10:02:19.199] [info] Main parser: writing dictionary on disk NOT COMPRESSED
[2026-10-03 10:02:19.199] [info] No properties requested.
[2026-10-03 10:02:19.199] [info] Main parser: closed
[2026-10-03 10:02:19.199] [info] Parser Text -	Parse size: 1	Dic Size: 1 Dic Total Length: 44
[Disk Write (bytes): 58]
