compare_k sxi32_compare_k
compute_lcp_phi_sparse sxi32_compute_lcp_phi_sparse
EMPTY_k sxi32_EMPTY_k
getBuckets_k sxi32_getBuckets_k
getLengthOfLMS sxi32_getLengthOfLMS
getSAlms sxi32_getSAlms
getSAlms_DA sxi32_getSAlms_DA
gsacak sxi32_gsacak
gSACA_K sxi32_gSACA_K
gSACA_K_DA sxi32_gSACA_K_DA
gsacak_int sxi32_gsacak_int
gSACA_K_LCP sxi32_gSACA_K_LCP
gSACA_K_LCP_DA sxi32_gSACA_K_LCP_DA
induceSAl0 sxi32_induceSAl0
induceSAl0_generalized sxi32_induceSAl0_generalized
induceSAl0_generalized_DA sxi32_induceSAl0_generalized_DA
induceSAl0_generalized_LCP sxi32_induceSAl0_generalized_LCP
induceSAl0_generalized_LCP_DA sxi32_induceSAl0_generalized_LCP_DA
induceSAl1 sxi32_induceSAl1
induceSAs0 sxi32_induceSAs0
induceSAs0_generalized sxi32_induceSAs0_generalized
induceSAs0_generalized_DA sxi32_induceSAs0_generalized_DA
induceSAs0_generalized_LCP sxi32_induceSAs0_generalized_LCP
induceSAs0_generalized_LCP_DA sxi32_induceSAs0_generalized_LCP_DA
induceSAs1 sxi32_induceSAs1
nameSubstr sxi32_nameSubstr
nameSubstr_generalized sxi32_nameSubstr_generalized
nameSubstr_generalized_LCP sxi32_nameSubstr_generalized_LCP
putSubstr0 sxi32_putSubstr0
putSubstr0_generalized sxi32_putSubstr0_generalized
putSubstr1 sxi32_putSubstr1
putSuffix0 sxi32_putSuffix0
putSuffix0_generalized sxi32_putSuffix0_generalized
putSuffix0_generalized_DA sxi32_putSuffix0_generalized_DA
putSuffix0_generalized_LCP sxi32_putSuffix0_generalized_LCP
putSuffix0_generalized_LCP_DA sxi32_putSuffix0_generalized_LCP_DA
putSuffix1 sxi32_putSuffix1
sacak sxi32_sacak
SACA_K sxi32_SACA_K
sacak_int sxi32_sacak_int
stack_push_k sxi32_stack_push_k
