COMMAND ["python3", "/tmp/sxgc-laneQ/tools/extract_head_sa.py", "/tmp/laneY/bat/dup+unique-120k.agg", "/tmp/laneQ/pass4/dup+unique-120k.head_sa", "--ri4", "/tmp/laneY/bat/dup+unique-120k.ri4"]
column=1/4 rows=53844
column=2/4 rows=53844
column=3/4 rows=53844
column=4/4 rows=53844
ri4 spread_tail_checks=1025 singleton_head_checks=653
{"source": "/tmp/laneY/bat/dup+unique-120k.agg", "target": "/tmp/laneQ/pass4/dup+unique-120k.head_sa", "R": 53844, "bytes": 430752, "wall_seconds": 0.010096793994307518, "spots": [{"run": 0, "length": 1, "head": 120000, "tail": 120000, "mirrored_sample": 0}, {"run": 26921, "length": 1, "head": 36812, "tail": 36812, "mirrored_sample": 83188}, {"run": 53843, "length": 1, "head": 74853, "tail": 74853, "mirrored_sample": 45147}]}
	Command being timed: "python3 /tmp/sxgc-laneQ/tools/extract_head_sa.py /tmp/laneY/bat/dup+unique-120k.agg /tmp/laneQ/pass4/dup+unique-120k.head_sa --ri4 /tmp/laneY/bat/dup+unique-120k.ri4"
	User time (seconds): 0.04
	System time (seconds): 0.00
	Percent of CPU this job got: 98%
	Elapsed (wall clock) time (h:mm:ss or m:ss): 0:00.05
	Average shared text size (kbytes): 0
	Average unshared data size (kbytes): 0
	Average stack size (kbytes): 0
	Average total size (kbytes): 0
	Maximum resident set size (kbytes): 12288
	Average resident set size (kbytes): 0
	Major (requiring I/O) page faults: 0
	Minor (reclaiming a frame) page faults: 2246
	Voluntary context switches: 20
	Involuntary context switches: 0
	Swaps: 0
	File system inputs: 0
	File system outputs: 848
	Socket messages sent: 0
	Socket messages received: 0
	Signals delivered: 0
	Page size (bytes): 4096
	Exit status: 0
