COMMAND ["/tmp/laneQ/pass4/slim_dump", "--slim", "--resolve-ri4", "--dict-stream", "--ri4", "/tmp/laneY/bat/duplicates-600k.ri4", "--parse", "/tmp/laneY/bat/duplicates-600k_pfp", "--flat", "/tmp/laneY/bat/duplicates-600k.txt", "-t", "8", "-o", "/tmp/laneQ/pass4/duplicates-600k.fallback.agg"]
ri4: n=600001 k=1 R=14701
SLIM_PHASE ri4-load wall=0.000 cumulative=0.000 peak_rss_kib=2048
SLIM_PHASE dict-read wall=0.000 cumulative=0.001 peak_rss_kib=2048
SLIM_PHASE dict-boundaries wall=0.002 cumulative=0.003 peak_rss_kib=2048
SLIM_STRING_ENDS count=1 bytes=8 from_parse_dict=1
SLIM_PHASE parse+boundaries wall=0.001 cumulative=0.004 peak_rss_kib=2048
SLIM_PHASE parse-fingerprints wall=0.000 cumulative=0.004 peak_rss_kib=2048
SLIM_PHASE dict-fingerprints wall=0.001 cumulative=0.005 peak_rss_kib=2048
SLIM_STRUCT n=600011 P=5246 D=287733 phrases=1226 parse_bytes=20988 bd_bytes=1950 bp_bytes=6816 dict_resident=0 dict_cache_per_thread=262144 no_SA_ISA_LCP_RMQ=1 no_M_b_bwt_w_wt=1
SLIM_PHASE lce-build-total wall=0.005 cumulative=0.005 peak_rss_kib=2048
SLIM_PHASE lf-build wall=0.000 cumulative=0.005 peak_rss_kib=2048
SLIM_RI runs=73505 starts=117608 samples=36760 lf_capacity=183188
SLIM_CALIBRATION ri4_ROW_OFF=0 PFP_text_shift=10 checked=512 bad=0
SLIM_PHASE flat-calibration wall=0.013 cumulative=0.018 peak_rss_kib=2048
SLIM_PROGRESS runs=14701/14701 resolve_wall=0.050 lce_wall=0.102 write_wall=0.001 lf_steps=1928308 cache_hits=0
SLIM_PHASE query-chunks wall=0.154 cumulative=0.172 peak_rss_kib=6144
SLIM_PHASE queries+stream-write-final wall=0.001 cumulative=0.173 peak_rss_kib=6144
SLIM_FP parse tau=3 bytes=14000 queries=8762 verified_symbols=24698 hash_probes=6498 mean_verified=2.818762840 max_verified=14
SLIM_FP dict tau=157 bytes=14664 queries=31943 verified_symbols=2012139 hash_probes=113658 mean_verified=62.991547444 max_verified=602
SLIM_QUERY_PHASE resolve_wall=0.049683 resolve_peak_kib=6144 lce_wall=0.102070 lce_peak_kib=6144 write_wall=0.000713 write_peak_kib=6144
SLIM_SEEDS queries=26105 mean_verified_phrases=0.946102279 max_verified_phrases=14 (includes_zero_parse_work_seeds; boundary_included)
SLIM_RESOLVE walks=15213 steps=1928308 max=601 anchor=0 failed=0 cache_hits=0
SLIM_BOUNDARY_RESOLVE head_direct=0 tail_direct=26105 head_lf_steps=1859758
	Command being timed: "/tmp/laneQ/pass4/slim_dump --slim --resolve-ri4 --dict-stream --ri4 /tmp/laneY/bat/duplicates-600k.ri4 --parse /tmp/laneY/bat/duplicates-600k_pfp --flat /tmp/laneY/bat/duplicates-600k.txt -t 8 -o /tmp/laneQ/pass4/duplicates-600k.fallback.agg"
	User time (seconds): 1.12
	System time (seconds): 0.09
	Percent of CPU this job got: 688%
	Elapsed (wall clock) time (h:mm:ss or m:ss): 0:00.17
	Average shared text size (kbytes): 0
	Average unshared data size (kbytes): 0
	Average stack size (kbytes): 0
	Average total size (kbytes): 0
	Maximum resident set size (kbytes): 6144
	Average resident set size (kbytes): 0
	Major (requiring I/O) page faults: 0
	Minor (reclaiming a frame) page faults: 1810
	Voluntary context switches: 34
	Involuntary context switches: 9
	Swaps: 0
	File system inputs: 0
	File system outputs: 920
	Socket messages sent: 0
	Socket messages received: 0
	Signals delivered: 0
	Page size (bytes): 4096
	Exit status: 0
