COMMAND ["cmp", "--ignore-initial=117620:0", "--bytes=117608", "/tmp/laneY/bat/duplicates-600k.agg", "/tmp/laneQ/pass4/duplicates-600k.head_sa"]
	Command being timed: "cmp --ignore-initial=117620:0 --bytes=117608 /tmp/laneY/bat/duplicates-600k.agg /tmp/laneQ/pass4/duplicates-600k.head_sa"
	User time (seconds): 0.00
	System time (seconds): 0.00
	Percent of CPU this job got: 50%
	Elapsed (wall clock) time (h:mm:ss or m:ss): 0:00.00
	Average shared text size (kbytes): 0
	Average unshared data size (kbytes): 0
	Average stack size (kbytes): 0
	Average total size (kbytes): 0
	Maximum resident set size (kbytes): 0
	Average resident set size (kbytes): 0
	Major (requiring I/O) page faults: 0
	Minor (reclaiming a frame) page faults: 102
	Voluntary context switches: 1
	Involuntary context switches: 1
	Swaps: 0
	File system inputs: 0
	File system outputs: 0
	Socket messages sent: 0
	Socket messages received: 0
	Signals delivered: 0
	Page size (bytes): 4096
	Exit status: 0
