COMMAND duplicates-600k.extract.reuse-cmp ["cmp", "--ignore-initial=117620:0", "--bytes=117608", "/tmp/laneY/bat/duplicates-600k.agg", "/tmp/laneQ/pass4/duplicates-600k.head_sa"]
RESULT duplicates-600k.extract.reuse-cmp {"wall_seconds": 1.0950848968932405, "peak_group_bytes": 0, "peak_rss_kib": 0, "returncode": 0}
COMMAND duplicates-600k.head ["/tmp/laneQ/pass4/slim_dump", "--slim", "--resolve-ri4", "--dict-stream", "--ri4", "/tmp/laneY/bat/duplicates-600k.ri4", "--parse", "/tmp/laneY/bat/duplicates-600k_pfp", "--flat", "/tmp/laneY/bat/duplicates-600k.txt", "-t", "8", "-o", "/tmp/laneQ/pass4/duplicates-600k.head.agg", "--head-sa", "/tmp/laneQ/pass4/duplicates-600k.head_sa"]
RESULT duplicates-600k.head {"wall_seconds": 1.0940872150240466, "peak_group_bytes": 8388608, "peak_rss_kib": 8192, "returncode": 0, "resolve_wall": 0.005819, "lce_wall": 0.11001, "write_wall": 0.000586}
COMMAND duplicates-600k.head.cmp ["cmp", "/tmp/laneQ/pass4/duplicates-600k.head.agg", "/tmp/laneY/bat/duplicates-600k.agg"]
RESULT duplicates-600k.head.cmp {"wall_seconds": 1.083056089002639, "peak_group_bytes": 0, "peak_rss_kib": 0, "returncode": 0}
BYTE-IDENTICAL /tmp/laneQ/pass4/duplicates-600k.head.agg /tmp/laneY/bat/duplicates-600k.agg
COMMAND duplicates-600k.fallback ["/tmp/laneQ/pass4/slim_dump", "--slim", "--resolve-ri4", "--dict-stream", "--ri4", "/tmp/laneY/bat/duplicates-600k.ri4", "--parse", "/tmp/laneY/bat/duplicates-600k_pfp", "--flat", "/tmp/laneY/bat/duplicates-600k.txt", "-t", "8", "-o", "/tmp/laneQ/pass4/duplicates-600k.fallback.agg"]
RESULT duplicates-600k.fallback {"wall_seconds": 1.0897862589918077, "peak_group_bytes": 6291456, "peak_rss_kib": 6144, "returncode": 0, "resolve_wall": 0.049683, "lce_wall": 0.10207, "write_wall": 0.000713}
COMMAND duplicates-600k.fallback.cmp ["cmp", "/tmp/laneQ/pass4/duplicates-600k.fallback.agg", "/tmp/laneY/bat/duplicates-600k.agg"]
RESULT duplicates-600k.fallback.cmp {"wall_seconds": 1.0802533250534907, "peak_group_bytes": 0, "peak_rss_kib": 0, "returncode": 0}
BYTE-IDENTICAL /tmp/laneQ/pass4/duplicates-600k.fallback.agg /tmp/laneY/bat/duplicates-600k.agg
COMMAND random-4-2k.extract.reuse-cmp ["cmp", "--ignore-initial=11804:0", "--bytes=11792", "/tmp/laneY/bat/random-4-2k.agg", "/tmp/laneQ/pass4/random-4-2k.head_sa"]
RESULT random-4-2k.extract.reuse-cmp {"wall_seconds": 1.0798048239666969, "peak_group_bytes": 0, "peak_rss_kib": 0, "returncode": 0}
COMMAND random-4-2k.head ["/tmp/laneQ/pass4/slim_dump", "--slim", "--resolve-ri4", "--dict-stream", "--ri4", "/tmp/laneY/bat/random-4-2k.ri4", "--parse", "/tmp/laneY/bat/random-4-2k_pfp", "--flat", "/tmp/laneY/bat/random-4-2k.txt", "-t", "8", "-o", "/tmp/laneQ/pass4/random-4-2k.head.agg", "--head-sa", "/tmp/laneQ/pass4/random-4-2k.head_sa"]
RESULT random-4-2k.head {"wall_seconds": 1.0808646860532463, "peak_group_bytes": 0, "peak_rss_kib": 6144, "returncode": 0, "resolve_wall": 0.001726, "lce_wall": 0.002278, "write_wall": 5.2e-05}
COMMAND random-4-2k.head.cmp ["cmp", "/tmp/laneQ/pass4/random-4-2k.head.agg", "/tmp/laneY/bat/random-4-2k.agg"]
RESULT random-4-2k.head.cmp {"wall_seconds": 1.0800581850344315, "peak_group_bytes": 0, "peak_rss_kib": 0, "returncode": 0}
BYTE-IDENTICAL /tmp/laneQ/pass4/random-4-2k.head.agg /tmp/laneY/bat/random-4-2k.agg
COMMAND random-4-2k.fallback ["/tmp/laneQ/pass4/slim_dump", "--slim", "--resolve-ri4", "--dict-stream", "--ri4", "/tmp/laneY/bat/random-4-2k.ri4", "--parse", "/tmp/laneY/bat/random-4-2k_pfp", "--flat", "/tmp/laneY/bat/random-4-2k.txt", "-t", "8", "-o", "/tmp/laneQ/pass4/random-4-2k.fallback.agg"]
RESULT random-4-2k.fallback {"wall_seconds": 1.0863521640421823, "peak_group_bytes": 0, "peak_rss_kib": 6144, "returncode": 0, "resolve_wall": 0.00234, "lce_wall": 0.002051, "write_wall": 5.6e-05}
COMMAND random-4-2k.fallback.cmp ["cmp", "/tmp/laneQ/pass4/random-4-2k.fallback.agg", "/tmp/laneY/bat/random-4-2k.agg"]
RESULT random-4-2k.fallback.cmp {"wall_seconds": 1.08093456691131, "peak_group_bytes": 0, "peak_rss_kib": 0, "returncode": 0}
BYTE-IDENTICAL /tmp/laneQ/pass4/random-4-2k.fallback.agg /tmp/laneY/bat/random-4-2k.agg
COMMAND random-4-20k.extract.reuse-cmp ["cmp", "--ignore-initial=119684:0", "--bytes=119672", "/tmp/laneY/bat/random-4-20k.agg", "/tmp/laneQ/pass4/random-4-20k.head_sa"]
RESULT random-4-20k.extract.reuse-cmp {"wall_seconds": 1.0801555350190029, "peak_group_bytes": 0, "peak_rss_kib": 0, "returncode": 0}
COMMAND random-4-20k.head ["/tmp/laneQ/pass4/slim_dump", "--slim", "--resolve-ri4", "--dict-stream", "--ri4", "/tmp/laneY/bat/random-4-20k.ri4", "--parse", "/tmp/laneY/bat/random-4-20k_pfp", "--flat", "/tmp/laneY/bat/random-4-20k.txt", "-t", "8", "-o", "/tmp/laneQ/pass4/random-4-20k.head.agg", "--head-sa", "/tmp/laneQ/pass4/random-4-20k.head_sa"]
RESULT random-4-20k.head {"wall_seconds": 1.0827648090198636, "peak_group_bytes": 0, "peak_rss_kib": 8192, "returncode": 0, "resolve_wall": 0.004977, "lce_wall": 0.007873, "write_wall": 0.000414}
COMMAND random-4-20k.head.cmp ["cmp", "/tmp/laneQ/pass4/random-4-20k.head.agg", "/tmp/laneY/bat/random-4-20k.agg"]
RESULT random-4-20k.head.cmp {"wall_seconds": 1.079107573023066, "peak_group_bytes": 0, "peak_rss_kib": 0, "returncode": 0}
BYTE-IDENTICAL /tmp/laneQ/pass4/random-4-20k.head.agg /tmp/laneY/bat/random-4-20k.agg
COMMAND random-4-20k.fallback ["/tmp/laneQ/pass4/slim_dump", "--slim", "--resolve-ri4", "--dict-stream", "--ri4", "/tmp/laneY/bat/random-4-20k.ri4", "--parse", "/tmp/laneY/bat/random-4-20k_pfp", "--flat", "/tmp/laneY/bat/random-4-20k.txt", "-t", "8", "-o", "/tmp/laneQ/pass4/random-4-20k.fallback.agg"]
RESULT random-4-20k.fallback {"wall_seconds": 1.0866653739940375, "peak_group_bytes": 0, "peak_rss_kib": 6144, "returncode": 0, "resolve_wall": 0.006209, "lce_wall": 0.010247, "write_wall": 0.000386}
COMMAND random-4-20k.fallback.cmp ["cmp", "/tmp/laneQ/pass4/random-4-20k.fallback.agg", "/tmp/laneY/bat/random-4-20k.agg"]
RESULT random-4-20k.fallback.cmp {"wall_seconds": 1.0802379549713805, "peak_group_bytes": 0, "peak_rss_kib": 0, "returncode": 0}
BYTE-IDENTICAL /tmp/laneQ/pass4/random-4-20k.fallback.agg /tmp/laneY/bat/random-4-20k.agg
COMMAND random-bin-20k.extract.reuse-cmp ["cmp", "--ignore-initial=79076:0", "--bytes=79064", "/tmp/laneY/bat/random-bin-20k.agg", "/tmp/laneQ/pass4/random-bin-20k.head_sa"]
RESULT random-bin-20k.extract.reuse-cmp {"wall_seconds": 1.0815996968885884, "peak_group_bytes": 0, "peak_rss_kib": 0, "returncode": 0}
COMMAND random-bin-20k.head ["/tmp/laneQ/pass4/slim_dump", "--slim", "--resolve-ri4", "--dict-stream", "--ri4", "/tmp/laneY/bat/random-bin-20k.ri4", "--parse", "/tmp/laneY/bat/random-bin-20k_pfp", "--flat", "/tmp/laneY/bat/random-bin-20k.txt", "-t", "8", "-o", "/tmp/laneQ/pass4/random-bin-20k.head.agg", "--head-sa", "/tmp/laneQ/pass4/random-bin-20k.head_sa"]
RESULT random-bin-20k.head {"wall_seconds": 1.0825360580347478, "peak_group_bytes": 0, "peak_rss_kib": 8192, "returncode": 0, "resolve_wall": 0.003235, "lce_wall": 0.012587, "write_wall": 0.000295}
COMMAND random-bin-20k.head.cmp ["cmp", "/tmp/laneQ/pass4/random-bin-20k.head.agg", "/tmp/laneY/bat/random-bin-20k.agg"]
RESULT random-bin-20k.head.cmp {"wall_seconds": 1.0789701340254396, "peak_group_bytes": 0, "peak_rss_kib": 0, "returncode": 0}
BYTE-IDENTICAL /tmp/laneQ/pass4/random-bin-20k.head.agg /tmp/laneY/bat/random-bin-20k.agg
COMMAND random-bin-20k.fallback ["/tmp/laneQ/pass4/slim_dump", "--slim", "--resolve-ri4", "--dict-stream", "--ri4", "/tmp/laneY/bat/random-bin-20k.ri4", "--parse", "/tmp/laneY/bat/random-bin-20k_pfp", "--flat", "/tmp/laneY/bat/random-bin-20k.txt", "-t", "8", "-o", "/tmp/laneQ/pass4/random-bin-20k.fallback.agg"]
RESULT random-bin-20k.fallback {"wall_seconds": 1.0840485809603706, "peak_group_bytes": 0, "peak_rss_kib": 6144, "returncode": 0, "resolve_wall": 0.009895, "lce_wall": 0.012912, "write_wall": 0.000349}
COMMAND random-bin-20k.fallback.cmp ["cmp", "/tmp/laneQ/pass4/random-bin-20k.fallback.agg", "/tmp/laneY/bat/random-bin-20k.agg"]
RESULT random-bin-20k.fallback.cmp {"wall_seconds": 1.082002128008753, "peak_group_bytes": 0, "peak_rss_kib": 0, "returncode": 0}
BYTE-IDENTICAL /tmp/laneQ/pass4/random-bin-20k.fallback.agg /tmp/laneY/bat/random-bin-20k.agg
COMMAND random-4-200k.extract.reuse-cmp ["cmp", "--ignore-initial=1199108:0", "--bytes=1199096", "/tmp/laneY/bat/random-4-200k.agg", "/tmp/laneQ/pass4/random-4-200k.head_sa"]
RESULT random-4-200k.extract.reuse-cmp {"wall_seconds": 1.079942315001972, "peak_group_bytes": 0, "peak_rss_kib": 0, "returncode": 0}
COMMAND random-4-200k.head ["/tmp/laneQ/pass4/slim_dump", "--slim", "--resolve-ri4", "--dict-stream", "--ri4", "/tmp/laneY/bat/random-4-200k.ri4", "--parse", "/tmp/laneY/bat/random-4-200k_pfp", "--flat", "/tmp/laneY/bat/random-4-200k.txt", "-t", "8", "-o", "/tmp/laneQ/pass4/random-4-200k.head.agg", "--head-sa", "/tmp/laneQ/pass4/random-4-200k.head_sa"]
RESULT random-4-200k.head {"wall_seconds": 1.0881588968914002, "peak_group_bytes": 8388608, "peak_rss_kib": 8192, "returncode": 0, "resolve_wall": 0.043859, "lce_wall": 0.0603, "write_wall": 0.004758}
COMMAND random-4-200k.head.cmp ["cmp", "/tmp/laneQ/pass4/random-4-200k.head.agg", "/tmp/laneY/bat/random-4-200k.agg"]
RESULT random-4-200k.head.cmp {"wall_seconds": 1.081301247002557, "peak_group_bytes": 0, "peak_rss_kib": 0, "returncode": 0}
BYTE-IDENTICAL /tmp/laneQ/pass4/random-4-200k.head.agg /tmp/laneY/bat/random-4-200k.agg
COMMAND random-4-200k.fallback ["/tmp/laneQ/pass4/slim_dump", "--slim", "--resolve-ri4", "--dict-stream", "--ri4", "/tmp/laneY/bat/random-4-200k.ri4", "--parse", "/tmp/laneY/bat/random-4-200k_pfp", "--flat", "/tmp/laneY/bat/random-4-200k.txt", "-t", "8", "-o", "/tmp/laneQ/pass4/random-4-200k.fallback.agg"]
RESULT random-4-200k.fallback {"wall_seconds": 1.0891530079534277, "peak_group_bytes": 10485760, "peak_rss_kib": 10240, "returncode": 0, "resolve_wall": 0.047397, "lce_wall": 0.142439, "write_wall": 0.007015}
COMMAND random-4-200k.fallback.cmp ["cmp", "/tmp/laneQ/pass4/random-4-200k.fallback.agg", "/tmp/laneY/bat/random-4-200k.agg"]
RESULT random-4-200k.fallback.cmp {"wall_seconds": 1.0813951069721952, "peak_group_bytes": 0, "peak_rss_kib": 0, "returncode": 0}
BYTE-IDENTICAL /tmp/laneQ/pass4/random-4-200k.fallback.agg /tmp/laneY/bat/random-4-200k.agg
COMMAND satellite-18k.extract.reuse-cmp ["cmp", "--ignore-initial=2924:0", "--bytes=2912", "/tmp/laneY/bat/satellite-18k.agg", "/tmp/laneQ/pass4/satellite-18k.head_sa"]
RESULT satellite-18k.extract.reuse-cmp {"wall_seconds": 1.0807985559804365, "peak_group_bytes": 0, "peak_rss_kib": 0, "returncode": 0}
COMMAND satellite-18k.head ["/tmp/laneQ/pass4/slim_dump", "--slim", "--resolve-ri4", "--dict-stream", "--ri4", "/tmp/laneY/bat/satellite-18k.ri4", "--parse", "/tmp/laneY/bat/satellite-18k_pfp", "--flat", "/tmp/laneY/bat/satellite-18k.txt", "-t", "8", "-o", "/tmp/laneQ/pass4/satellite-18k.head.agg", "--head-sa", "/tmp/laneQ/pass4/satellite-18k.head_sa"]
RESULT satellite-18k.head {"wall_seconds": 1.082958649029024, "peak_group_bytes": 0, "peak_rss_kib": 6144, "returncode": 0, "resolve_wall": 0.001975, "lce_wall": 0.001235, "write_wall": 2.3e-05}
COMMAND satellite-18k.head.cmp ["cmp", "/tmp/laneQ/pass4/satellite-18k.head.agg", "/tmp/laneY/bat/satellite-18k.agg"]
RESULT satellite-18k.head.cmp {"wall_seconds": 1.081747957970947, "peak_group_bytes": 0, "peak_rss_kib": 0, "returncode": 0}
BYTE-IDENTICAL /tmp/laneQ/pass4/satellite-18k.head.agg /tmp/laneY/bat/satellite-18k.agg
COMMAND satellite-18k.fallback ["/tmp/laneQ/pass4/slim_dump", "--slim", "--resolve-ri4", "--dict-stream", "--ri4", "/tmp/laneY/bat/satellite-18k.ri4", "--parse", "/tmp/laneY/bat/satellite-18k_pfp", "--flat", "/tmp/laneY/bat/satellite-18k.txt", "-t", "8", "-o", "/tmp/laneQ/pass4/satellite-18k.fallback.agg"]
RESULT satellite-18k.fallback {"wall_seconds": 1.0849086319794878, "peak_group_bytes": 0, "peak_rss_kib": 6144, "returncode": 0, "resolve_wall": 0.001685, "lce_wall": 0.00099, "write_wall": 2.4e-05}
COMMAND satellite-18k.fallback.cmp ["cmp", "/tmp/laneQ/pass4/satellite-18k.fallback.agg", "/tmp/laneY/bat/satellite-18k.agg"]
RESULT satellite-18k.fallback.cmp {"wall_seconds": 1.081192625919357, "peak_group_bytes": 0, "peak_rss_kib": 0, "returncode": 0}
BYTE-IDENTICAL /tmp/laneQ/pass4/satellite-18k.fallback.agg /tmp/laneY/bat/satellite-18k.agg
COMMAND HOR-nested.extract.reuse-cmp ["cmp", "--ignore-initial=1868:0", "--bytes=1856", "/tmp/laneY/bat/HOR-nested.agg", "/tmp/laneQ/pass4/HOR-nested.head_sa"]
RESULT HOR-nested.extract.reuse-cmp {"wall_seconds": 1.0815065269125625, "peak_group_bytes": 0, "peak_rss_kib": 0, "returncode": 0}
COMMAND HOR-nested.head ["/tmp/laneQ/pass4/slim_dump", "--slim", "--resolve-ri4", "--dict-stream", "--ri4", "/tmp/laneY/bat/HOR-nested.ri4", "--parse", "/tmp/laneY/bat/HOR-nested_pfp", "--flat", "/tmp/laneY/bat/HOR-nested.txt", "-t", "8", "-o", "/tmp/laneQ/pass4/HOR-nested.head.agg", "--head-sa", "/tmp/laneQ/pass4/HOR-nested.head_sa"]
RESULT HOR-nested.head {"wall_seconds": 1.0847953819902614, "peak_group_bytes": 0, "peak_rss_kib": 6144, "returncode": 0, "resolve_wall": 0.001616, "lce_wall": 0.001258, "write_wall": 1.8e-05}
COMMAND HOR-nested.head.cmp ["cmp", "/tmp/laneQ/pass4/HOR-nested.head.agg", "/tmp/laneY/bat/HOR-nested.agg"]
RESULT HOR-nested.head.cmp {"wall_seconds": 1.0795432940358296, "peak_group_bytes": 0, "peak_rss_kib": 0, "returncode": 0}
BYTE-IDENTICAL /tmp/laneQ/pass4/HOR-nested.head.agg /tmp/laneY/bat/HOR-nested.agg
COMMAND HOR-nested.fallback ["/tmp/laneQ/pass4/slim_dump", "--slim", "--resolve-ri4", "--dict-stream", "--ri4", "/tmp/laneY/bat/HOR-nested.ri4", "--parse", "/tmp/laneY/bat/HOR-nested_pfp", "--flat", "/tmp/laneY/bat/HOR-nested.txt", "-t", "8", "-o", "/tmp/laneQ/pass4/HOR-nested.fallback.agg"]
RESULT HOR-nested.fallback {"wall_seconds": 1.0841964309802279, "peak_group_bytes": 0, "peak_rss_kib": 6144, "returncode": 0, "resolve_wall": 0.001654, "lce_wall": 0.000934, "write_wall": 1.6e-05}
COMMAND HOR-nested.fallback.cmp ["cmp", "/tmp/laneQ/pass4/HOR-nested.fallback.agg", "/tmp/laneY/bat/HOR-nested.agg"]
RESULT HOR-nested.fallback.cmp {"wall_seconds": 1.080469956039451, "peak_group_bytes": 0, "peak_rss_kib": 0, "returncode": 0}
BYTE-IDENTICAL /tmp/laneQ/pass4/HOR-nested.fallback.agg /tmp/laneY/bat/HOR-nested.agg
COMMAND dup+unique-120k.extract.reuse-cmp ["cmp", "--ignore-initial=430764:0", "--bytes=430752", "/tmp/laneY/bat/dup+unique-120k.agg", "/tmp/laneQ/pass4/dup+unique-120k.head_sa"]
RESULT dup+unique-120k.extract.reuse-cmp {"wall_seconds": 1.0809705270221457, "peak_group_bytes": 0, "peak_rss_kib": 0, "returncode": 0}
COMMAND dup+unique-120k.head ["/tmp/laneQ/pass4/slim_dump", "--slim", "--resolve-ri4", "--dict-stream", "--ri4", "/tmp/laneY/bat/dup+unique-120k.ri4", "--parse", "/tmp/laneY/bat/dup+unique-120k_pfp", "--flat", "/tmp/laneY/bat/dup+unique-120k.txt", "-t", "8", "-o", "/tmp/laneQ/pass4/dup+unique-120k.head.agg", "--head-sa", "/tmp/laneQ/pass4/dup+unique-120k.head_sa"]
RESULT dup+unique-120k.head {"wall_seconds": 1.0844329019309953, "peak_group_bytes": 10485760, "peak_rss_kib": 10240, "returncode": 0, "resolve_wall": 0.020709, "lce_wall": 0.097632, "write_wall": 0.001743}
COMMAND dup+unique-120k.head.cmp ["cmp", "/tmp/laneQ/pass4/dup+unique-120k.head.agg", "/tmp/laneY/bat/dup+unique-120k.agg"]
RESULT dup+unique-120k.head.cmp {"wall_seconds": 1.0805072160437703, "peak_group_bytes": 0, "peak_rss_kib": 0, "returncode": 0}
BYTE-IDENTICAL /tmp/laneQ/pass4/dup+unique-120k.head.agg /tmp/laneY/bat/dup+unique-120k.agg
COMMAND dup+unique-120k.fallback ["/tmp/laneQ/pass4/slim_dump", "--slim", "--resolve-ri4", "--dict-stream", "--ri4", "/tmp/laneY/bat/dup+unique-120k.ri4", "--parse", "/tmp/laneY/bat/dup+unique-120k_pfp", "--flat", "/tmp/laneY/bat/dup+unique-120k.txt", "-t", "8", "-o", "/tmp/laneQ/pass4/dup+unique-120k.fallback.agg"]
RESULT dup+unique-120k.fallback {"wall_seconds": 1.081816327990964, "peak_group_bytes": 8388608, "peak_rss_kib": 8192, "returncode": 0, "resolve_wall": 0.046488, "lce_wall": 0.039756, "write_wall": 0.001823}
COMMAND dup+unique-120k.fallback.cmp ["cmp", "/tmp/laneQ/pass4/dup+unique-120k.fallback.agg", "/tmp/laneY/bat/dup+unique-120k.agg"]
RESULT dup+unique-120k.fallback.cmp {"wall_seconds": 1.0802278950577602, "peak_group_bytes": 0, "peak_rss_kib": 0, "returncode": 0}
BYTE-IDENTICAL /tmp/laneQ/pass4/dup+unique-120k.fallback.agg /tmp/laneY/bat/dup+unique-120k.agg
COMMAND invalid.size ["/tmp/laneQ/pass4/slim_dump", "--slim", "--resolve-ri4", "--ri4", "/tmp/laneY/bat/duplicates-600k.ri4", "--parse", "/tmp/laneY/bat/duplicates-600k_pfp", "--head-sa", "/tmp/laneQ/pass4/invalid.head_sa", "-o", "/tmp/laneQ/pass4/invalid.agg", "-t", "8"]
RESULT invalid.size {"wall_seconds": 1.081951807020232, "peak_group_bytes": 0, "peak_rss_kib": 4096, "returncode": 2}
COMMAND invalid.value ["/tmp/laneQ/pass4/slim_dump", "--slim", "--resolve-ri4", "--ri4", "/tmp/laneY/bat/duplicates-600k.ri4", "--parse", "/tmp/laneY/bat/duplicates-600k_pfp", "--head-sa", "/tmp/laneQ/pass4/invalid.head_sa", "-o", "/tmp/laneQ/pass4/invalid.agg", "-t", "8"]
RESULT invalid.value {"wall_seconds": 1.080728905973956, "peak_group_bytes": 0, "peak_rss_kib": 6144, "returncode": 2}
G0 PASS 8/8: sidecar and fallback outputs byte-identical to every baseline, including duplicates-600k. Invalid sidecar size/value rejected.
