COMMAND ["/tmp/laneQ/pass4/slim_dump", "--slim", "--resolve-ri4", "--dict-stream", "--ri4", "/tmp/laneY/bat/HOR-nested.ri4", "--parse", "/tmp/laneY/bat/HOR-nested_pfp", "--flat", "/tmp/laneY/bat/HOR-nested.txt", "-t", "8", "-o", "/tmp/laneQ/pass4/HOR-nested.fallback.agg"]
ri4: n=18361 k=1 R=232
SLIM_PHASE ri4-load wall=0.000 cumulative=0.000 peak_rss_kib=2048
SLIM_PHASE dict-read wall=0.000 cumulative=0.000 peak_rss_kib=2048
SLIM_PHASE dict-boundaries wall=0.000 cumulative=0.000 peak_rss_kib=2048
SLIM_STRING_ENDS count=1 bytes=8 from_parse_dict=1
SLIM_PHASE parse+boundaries wall=0.000 cumulative=0.000 peak_rss_kib=2048
SLIM_PHASE parse-fingerprints wall=0.000 cumulative=0.000 peak_rss_kib=2048
SLIM_PHASE dict-fingerprints wall=0.000 cumulative=0.000 peak_rss_kib=2048
SLIM_STRUCT n=18371 P=63 D=1281 phrases=6 parse_bytes=256 bd_bytes=190 bp_bytes=310 dict_resident=0 dict_cache_per_thread=262144 no_SA_ISA_LCP_RMQ=1 no_M_b_bwt_w_wt=1
SLIM_PHASE lce-build-total wall=0.000 cumulative=0.000 peak_rss_kib=2048
SLIM_PHASE lf-build wall=0.000 cumulative=0.000 peak_rss_kib=2048
SLIM_RI runs=1160 starts=1856 samples=440 lf_capacity=2924
SLIM_CALIBRATION ri4_ROW_OFF=0 PFP_text_shift=10 checked=511 bad=0
SLIM_PHASE flat-calibration wall=0.033 cumulative=0.033 peak_rss_kib=2048
SLIM_PROGRESS runs=232/232 resolve_wall=0.002 lce_wall=0.001 write_wall=0.000 lf_steps=2212997 cache_hits=0
SLIM_PHASE query-chunks wall=0.004 cumulative=0.037 peak_rss_kib=6144
SLIM_PHASE queries+stream-write-final wall=0.000 cumulative=0.037 peak_rss_kib=6144
SLIM_FP parse tau=3 bytes=176 queries=1 verified_symbols=58 hash_probes=9 mean_verified=58.000000000 max_verified=58
SLIM_FP dict tau=45 bytes=232 queries=302 verified_symbols=2793 hash_probes=48 mean_verified=9.248344371 max_verified=310
SLIM_QUERY_PHASE resolve_wall=0.001654 resolve_peak_kib=6144 lce_wall=0.000934 lce_peak_kib=6144 write_wall=0.000016 write_peak_kib=6144
SLIM_SEEDS queries=302 mean_verified_phrases=0.192052980 max_verified_phrases=58 (includes_zero_parse_work_seeds; boundary_included)
SLIM_RESOLVE walks=744 steps=2212997 max=17720 anchor=0 failed=0 cache_hits=0
SLIM_BOUNDARY_RESOLVE head_direct=0 tail_direct=302 head_lf_steps=1286
	Command being timed: "/tmp/laneQ/pass4/slim_dump --slim --resolve-ri4 --dict-stream --ri4 /tmp/laneY/bat/HOR-nested.ri4 --parse /tmp/laneY/bat/HOR-nested_pfp --flat /tmp/laneY/bat/HOR-nested.txt -t 8 -o /tmp/laneQ/pass4/HOR-nested.fallback.agg"
	User time (seconds): 0.03
	System time (seconds): 0.00
	Percent of CPU this job got: 105%
	Elapsed (wall clock) time (h:mm:ss or m:ss): 0:00.03
	Average shared text size (kbytes): 0
	Average unshared data size (kbytes): 0
	Average stack size (kbytes): 0
	Average total size (kbytes): 0
	Maximum resident set size (kbytes): 6144
	Average resident set size (kbytes): 0
	Major (requiring I/O) page faults: 0
	Minor (reclaiming a frame) page faults: 1576
	Voluntary context switches: 16
	Involuntary context switches: 1
	Swaps: 0
	File system inputs: 0
	File system outputs: 16
	Socket messages sent: 0
	Socket messages received: 0
	Signals delivered: 0
	Page size (bytes): 4096
	Exit status: 0
