COMMAND ["/tmp/laneQ/pass4/slim_dump", "--slim", "--resolve-ri4", "--ri4", "/tmp/laneY/bat/duplicates-600k.ri4", "--parse", "/tmp/laneY/bat/duplicates-600k_pfp", "--head-sa", "/tmp/laneQ/pass4/invalid.head_sa", "-o", "/tmp/laneQ/pass4/invalid.agg", "-t", "8"]
ri4: n=600001 k=1 R=14701
SLIM_PHASE ri4-load wall=0.000 cumulative=0.000 peak_rss_kib=2048
FATAL SLIM: head-SA must contain exactly R raw u64 values
Command exited with non-zero status 2
	Command being timed: "/tmp/laneQ/pass4/slim_dump --slim --resolve-ri4 --ri4 /tmp/laneY/bat/duplicates-600k.ri4 --parse /tmp/laneY/bat/duplicates-600k_pfp --head-sa /tmp/laneQ/pass4/invalid.head_sa -o /tmp/laneQ/pass4/invalid.agg -t 8"
	User time (seconds): 0.00
	System time (seconds): 0.00
	Percent of CPU this job got: 66%
	Elapsed (wall clock) time (h:mm:ss or m:ss): 0:00.00
	Average shared text size (kbytes): 0
	Average unshared data size (kbytes): 0
	Average stack size (kbytes): 0
	Average total size (kbytes): 0
	Maximum resident set size (kbytes): 4096
	Average resident set size (kbytes): 0
	Major (requiring I/O) page faults: 0
	Minor (reclaiming a frame) page faults: 278
	Voluntary context switches: 1
	Involuntary context switches: 1
	Swaps: 0
	File system inputs: 0
	File system outputs: 0
	Socket messages sent: 0
	Socket messages received: 0
	Signals delivered: 0
	Page size (bytes): 4096
	Exit status: 2
