COMMAND ["/tmp/sxgc-laneQ/xsa/target/release/xsa", "chi-rspace", "--stream-agg", "--ri4", "/mnt/nvme3n1/erikg/sxgc-pilot/k10/h10new2.ri4", "--agg", "/mnt/nvme3n1/erikg/sxgc-pilot/k10/h10.slim.head.agg", "-o", "/tmp/laneQ/pass4/k10.sA"]
xsa chi-rspace: chi = 1627063183 (N=30151407546, R=1859825801) stream-agg=true buffers=4194304
	Command being timed: "/tmp/sxgc-laneQ/xsa/target/release/xsa chi-rspace --stream-agg --ri4 /mnt/nvme3n1/erikg/sxgc-pilot/k10/h10new2.ri4 --agg /mnt/nvme3n1/erikg/sxgc-pilot/k10/h10.slim.head.agg -o /tmp/laneQ/pass4/k10.sA"
	User time (seconds): 197.05
	System time (seconds): 16.41
	Percent of CPU this job got: 99%
	Elapsed (wall clock) time (h:mm:ss or m:ss): 3:33.48
	Average shared text size (kbytes): 0
	Average unshared data size (kbytes): 0
	Average stack size (kbytes): 0
	Average total size (kbytes): 0
	Maximum resident set size (kbytes): 6144
	Average resident set size (kbytes): 0
	Major (requiring I/O) page faults: 0
	Minor (reclaiming a frame) page faults: 3207
	Voluntary context switches: 17
	Involuntary context switches: 429
	Swaps: 0
	File system inputs: 0
	File system outputs: 25422872
	Socket messages sent: 0
	Socket messages received: 0
	Signals delivered: 0
	Page size (bytes): 4096
	Exit status: 0
