COMMAND ["/tmp/laneQ/pass4/slim_head_probe", "/mnt/nvme3n1/erikg/sxgc-pilot/k10/h10new2.ri4", "/mnt/nvme3n1/erikg/sxgc-pilot/k10/h10rl_pfp", "/mnt/nvme3n1/erikg/sxgc-pilot/k10/h10.head_sa", "/mnt/nvme3n1/erikg/sxgc-pilot/k10/h10.walk.agg", "100000"]
SLIM_HEAD_SA bytes=14878606408 rows=1859825801 mmap=1
SLIM_PHASE dict-read wall=0.000 cumulative=18.620 peak_rss_kib=31559680
SLIM_PHASE dict-boundaries wall=51.008 cumulative=69.629 peak_rss_kib=31608832
SLIM_STRING_ENDS count=865 bytes=8192 from_parse_dict=1
SLIM_PHASE parse+boundaries wall=185.134 cumulative=254.763 peak_rss_kib=33308672
SLIM_PHASE parse-fingerprints wall=2.512 cumulative=257.275 peak_rss_kib=34611200
SLIM_PHASE dict-fingerprints wall=31.591 cumulative=288.866 peak_rss_kib=36395008
SLIM_STRUCT n=30151407555 P=333531723 D=5483754406 phrases=37705212 parse_bytes=1334126896 bd_bytes=49162466 bp_bytes=384442745 dict_resident=0 dict_cache_per_thread=262144 no_SA_ISA_LCP_RMQ=1 no_M_b_bwt_w_wt=1
HEAD_COLLECTION_PROBE checked=110000 bad=0 string_ends=865 wall=294.937
	Command being timed: "/tmp/laneQ/pass4/slim_head_probe /mnt/nvme3n1/erikg/sxgc-pilot/k10/h10new2.ri4 /mnt/nvme3n1/erikg/sxgc-pilot/k10/h10rl_pfp /mnt/nvme3n1/erikg/sxgc-pilot/k10/h10.head_sa /mnt/nvme3n1/erikg/sxgc-pilot/k10/h10.walk.agg 100000"
	User time (seconds): 259.73
	System time (seconds): 40.94
	Percent of CPU this job got: 99%
	Elapsed (wall clock) time (h:mm:ss or m:ss): 5:00.70
	Average shared text size (kbytes): 0
	Average unshared data size (kbytes): 0
	Average stack size (kbytes): 0
	Average total size (kbytes): 0
	Maximum resident set size (kbytes): 50921340
	Average resident set size (kbytes): 0
	Major (requiring I/O) page faults: 0
	Minor (reclaiming a frame) page faults: 9646053
	Voluntary context switches: 1
	Involuntary context switches: 798
	Swaps: 0
	File system inputs: 0
	File system outputs: 40
	Socket messages sent: 0
	Socket messages received: 0
	Signals delivered: 0
	Page size (bytes): 4096
	Exit status: 0
