ri4: n=30151407545 k=865 R=1859825801
lcp_index: NONE (PFP-artifacts-only topLCP mode)
anchors: 865 string-start rows
SAMPLE_RUNS: checked=1025 step=1816236 badFirst=0 badLast=0 walk0aFailures=0 walks=2017 sumSteps=4260344 maxSteps=93252
	Command being timed: "env SAMPLE_RUNS=1024 SAMPLE_BASELINE=/mnt/nvme3n1/erikg/sxgc-pilot/k10/h10.walk.agg /tmp/laneQ/pass4/slim_dump --resolve-ri4 --ri4 /mnt/nvme3n1/erikg/sxgc-pilot/k10/h10new2.ri4 --parse unused --anchors /mnt/nvme3n1/erikg/sxgc-pilot/k10/h10.anchors -o /tmp/laneQ/pass4/unused.agg"
	User time (seconds): 47.78
	System time (seconds): 54.20
	Percent of CPU this job got: 99%
	Elapsed (wall clock) time (h:mm:ss or m:ss): 1:42.00
	Average shared text size (kbytes): 0
	Average unshared data size (kbytes): 0
	Average stack size (kbytes): 0
	Average total size (kbytes): 0
	Maximum resident set size (kbytes): 53376328
	Average resident set size (kbytes): 0
	Major (requiring I/O) page faults: 0
	Minor (reclaiming a frame) page faults: 15429803
	Voluntary context switches: 2
	Involuntary context switches: 155
	Swaps: 0
	File system inputs: 32
	File system outputs: 24
	Socket messages sent: 0
	Socket messages received: 0
	Signals delivered: 0
	Page size (bytes): 4096
	Exit status: 0
