COMMAND ["python3", "-c", "import numpy as np,sys,time\nstart=time.monotonic()\na=np.fromfile(sys.argv[1],dtype='<u8'); b=np.fromfile(sys.argv[2],dtype='<u8')\nassert len(a)==len(b)==int(sys.argv[3]), (len(a),len(b))\na.sort();b.sort();assert np.array_equal(a,b)\n# Sorted equality plus no duplicates establishes equality of the witness sets.\nfor off in range(1,len(a),1<<20):\n end=min(len(a),off+(1<<20));assert np.all(a[off:end]>a[off-1:end-1])\nprint('NUMPY sorted-set equality=True count='+str(len(a))+' wall='+str(time.monotonic()-start))\n", "/tmp/laneQ/pass4/k10.sA", "/mnt/nvme3n1/erikg/sxgc-pilot/k10/chi_h10.sA", "1627063183"]
NUMPY sorted-set equality=True count=1627063183 wall=299.49189512606245
	Command being timed: "python3 -c import numpy as np,sys,time
start=time.monotonic()
a=np.fromfile(sys.argv[1],dtype='<u8'); b=np.fromfile(sys.argv[2],dtype='<u8')
assert len(a)==len(b)==int(sys.argv[3]), (len(a),len(b))
a.sort();b.sort();assert np.array_equal(a,b)
# Sorted equality plus no duplicates establishes equality of the witness sets.
for off in range(1,len(a),1<<20):
 end=min(len(a),off+(1<<20));assert np.all(a[off:end]>a[off-1:end-1])
print('NUMPY sorted-set equality=True count='+str(len(a))+' wall='+str(time.monotonic()-start))
 /tmp/laneQ/pass4/k10.sA /mnt/nvme3n1/erikg/sxgc-pilot/k10/chi_h10.sA 1627063183"
	User time (seconds): 276.84
	System time (seconds): 30.10
	Percent of CPU this job got: 102%
	Elapsed (wall clock) time (h:mm:ss or m:ss): 4:59.72
	Average shared text size (kbytes): 0
	Average unshared data size (kbytes): 0
	Average stack size (kbytes): 0
	Average total size (kbytes): 0
	Maximum resident set size (kbytes): 27043224
	Average resident set size (kbytes): 0
	Major (requiring I/O) page faults: 14
	Minor (reclaiming a frame) page faults: 300068
	Voluntary context switches: 26679
	Involuntary context switches: 616
	Swaps: 0
	File system inputs: 25424488
	File system outputs: 8
	Socket messages sent: 0
	Socket messages received: 0
	Signals delivered: 0
	Page size (bytes): 4096
	Exit status: 0
