COMMAND ["/tmp/laneQ/pass4/slim_dump", "--slim", "--resolve-ri4", "--dict-stream", "--ri4", "/tmp/laneY/bat/random-4-2k.ri4", "--parse", "/tmp/laneY/bat/random-4-2k_pfp", "--flat", "/tmp/laneY/bat/random-4-2k.txt", "-t", "8", "-o", "/tmp/laneQ/pass4/random-4-2k.fallback.agg"]
ri4: n=2001 k=1 R=1474
SLIM_PHASE ri4-load wall=0.000 cumulative=0.000 peak_rss_kib=2048
SLIM_PHASE dict-read wall=0.000 cumulative=0.000 peak_rss_kib=2048
SLIM_PHASE dict-boundaries wall=0.000 cumulative=0.000 peak_rss_kib=2048
SLIM_STRING_ENDS count=1 bytes=8 from_parse_dict=1
SLIM_PHASE parse+boundaries wall=0.000 cumulative=0.000 peak_rss_kib=2048
SLIM_PHASE parse-fingerprints wall=0.000 cumulative=0.000 peak_rss_kib=2048
SLIM_PHASE dict-fingerprints wall=0.000 cumulative=0.000 peak_rss_kib=2048
SLIM_STRUCT n=2011 P=19 D=2221 phrases=19 parse_bytes=80 bd_bytes=238 bp_bytes=230 dict_resident=0 dict_cache_per_thread=262144 no_SA_ISA_LCP_RMQ=1 no_M_b_bwt_w_wt=1
SLIM_PHASE lce-build-total wall=0.000 cumulative=0.000 peak_rss_kib=2048
SLIM_PHASE lf-build wall=0.000 cumulative=0.000 peak_rss_kib=2048
SLIM_RI runs=7370 starts=11792 samples=2032 lf_capacity=20028
SLIM_CALIBRATION ri4_ROW_OFF=0 PFP_text_shift=10 checked=512 bad=0
SLIM_PHASE flat-calibration wall=0.001 cumulative=0.001 peak_rss_kib=2048
SLIM_PROGRESS runs=1474/1474 resolve_wall=0.002 lce_wall=0.002 write_wall=0.000 lf_steps=758 cache_hits=0
SLIM_PHASE query-chunks wall=0.005 cumulative=0.007 peak_rss_kib=6144
SLIM_PHASE queries+stream-write-final wall=0.000 cumulative=0.007 peak_rss_kib=6144
SLIM_FP parse tau=1 bytes=168 queries=0 verified_symbols=0 hash_probes=0 mean_verified=0.000000000 max_verified=0
SLIM_FP dict tau=13 bytes=1368 queries=1867 verified_symbols=10571 hash_probes=0 mean_verified=5.662024638 max_verified=13
SLIM_QUERY_PHASE resolve_wall=0.002340 resolve_peak_kib=6144 lce_wall=0.002051 lce_peak_kib=6144 write_wall=0.000056 write_peak_kib=6144
SLIM_SEEDS queries=1868 mean_verified_phrases=0.000000000 max_verified_phrases=0 (includes_zero_parse_work_seeds; boundary_included)
SLIM_RESOLVE walks=1986 steps=758 max=8 anchor=0 failed=0 cache_hits=0
SLIM_BOUNDARY_RESOLVE head_direct=0 tail_direct=1868 head_lf_steps=552
	Command being timed: "/tmp/laneQ/pass4/slim_dump --slim --resolve-ri4 --dict-stream --ri4 /tmp/laneY/bat/random-4-2k.ri4 --parse /tmp/laneY/bat/random-4-2k_pfp --flat /tmp/laneY/bat/random-4-2k.txt -t 8 -o /tmp/laneQ/pass4/random-4-2k.fallback.agg"
	User time (seconds): 0.01
	System time (seconds): 0.01
	Percent of CPU this job got: 260%
	Elapsed (wall clock) time (h:mm:ss or m:ss): 0:00.01
	Average shared text size (kbytes): 0
	Average unshared data size (kbytes): 0
	Average stack size (kbytes): 0
	Average total size (kbytes): 0
	Maximum resident set size (kbytes): 6144
	Average resident set size (kbytes): 0
	Major (requiring I/O) page faults: 0
	Minor (reclaiming a frame) page faults: 1654
	Voluntary context switches: 32
	Involuntary context switches: 3
	Swaps: 0
	File system inputs: 0
	File system outputs: 96
	Socket messages sent: 0
	Socket messages received: 0
	Signals delivered: 0
	Page size (bytes): 4096
	Exit status: 0
