COMMAND ["/tmp/laneQ/pass4/slim_dump", "--slim", "--resolve-ri4", "--dict-stream", "--ri4", "/tmp/laneY/bat/random-4-20k.ri4", "--parse", "/tmp/laneY/bat/random-4-20k_pfp", "--flat", "/tmp/laneY/bat/random-4-20k.txt", "-t", "8", "-o", "/tmp/laneQ/pass4/random-4-20k.fallback.agg"]
ri4: n=20001 k=1 R=14959
SLIM_PHASE ri4-load wall=0.000 cumulative=0.000 peak_rss_kib=2048
SLIM_PHASE dict-read wall=0.000 cumulative=0.000 peak_rss_kib=2048
SLIM_PHASE dict-boundaries wall=0.000 cumulative=0.001 peak_rss_kib=2048
SLIM_STRING_ENDS count=1 bytes=8 from_parse_dict=1
SLIM_PHASE parse+boundaries wall=0.000 cumulative=0.001 peak_rss_kib=2048
SLIM_PHASE parse-fingerprints wall=0.000 cumulative=0.001 peak_rss_kib=2048
SLIM_PHASE dict-fingerprints wall=0.000 cumulative=0.001 peak_rss_kib=2048
SLIM_STRUCT n=20011 P=228 D=22520 phrases=228 parse_bytes=916 bd_bytes=526 bp_bytes=518 dict_resident=0 dict_cache_per_thread=262144 no_SA_ISA_LCP_RMQ=1 no_M_b_bwt_w_wt=1
SLIM_PHASE lce-build-total wall=0.000 cumulative=0.001 peak_rss_kib=2048
SLIM_PHASE lf-build wall=0.000 cumulative=0.001 peak_rss_kib=2048
SLIM_RI runs=74795 starts=119672 samples=28056 lf_capacity=185252
SLIM_CALIBRATION ri4_ROW_OFF=0 PFP_text_shift=10 checked=512 bad=0
SLIM_PHASE flat-calibration wall=0.001 cumulative=0.002 peak_rss_kib=2048
SLIM_PROGRESS runs=14959/14959 resolve_wall=0.006 lce_wall=0.010 write_wall=0.000 lf_steps=5270 cache_hits=0
SLIM_PHASE query-chunks wall=0.018 cumulative=0.020 peak_rss_kib=6144
SLIM_PHASE queries+stream-write-final wall=0.001 cumulative=0.020 peak_rss_kib=6144
SLIM_FP parse tau=1 bytes=1840 queries=0 verified_symbols=0 hash_probes=0 mean_verified=0.000000000 max_verified=0
SLIM_FP dict tau=13 bytes=13864 queries=18736 verified_symbols=136878 hash_probes=0 mean_verified=7.305614859 max_verified=13
SLIM_QUERY_PHASE resolve_wall=0.006209 resolve_peak_kib=6144 lce_wall=0.010247 lce_peak_kib=6144 write_wall=0.000386 write_peak_kib=6144
SLIM_SEEDS queries=18737 mean_verified_phrases=0.000000000 max_verified_phrases=0 (includes_zero_parse_work_seeds; boundary_included)
SLIM_RESOLVE walks=15471 steps=5270 max=6 anchor=0 failed=0 cache_hits=0
SLIM_BOUNDARY_RESOLVE head_direct=0 tail_direct=18737 head_lf_steps=5072
	Command being timed: "/tmp/laneQ/pass4/slim_dump --slim --resolve-ri4 --dict-stream --ri4 /tmp/laneY/bat/random-4-20k.ri4 --parse /tmp/laneY/bat/random-4-20k_pfp --flat /tmp/laneY/bat/random-4-20k.txt -t 8 -o /tmp/laneQ/pass4/random-4-20k.fallback.agg"
	User time (seconds): 0.11
	System time (seconds): 0.01
	Percent of CPU this job got: 543%
	Elapsed (wall clock) time (h:mm:ss or m:ss): 0:00.02
	Average shared text size (kbytes): 0
	Average unshared data size (kbytes): 0
	Average stack size (kbytes): 0
	Average total size (kbytes): 0
	Maximum resident set size (kbytes): 6144
	Average resident set size (kbytes): 0
	Major (requiring I/O) page faults: 0
	Minor (reclaiming a frame) page faults: 1801
	Voluntary context switches: 32
	Involuntary context switches: 4
	Swaps: 0
	File system inputs: 0
	File system outputs: 936
	Socket messages sent: 0
	Socket messages received: 0
	Signals delivered: 0
	Page size (bytes): 4096
	Exit status: 0
