COMMAND ["python3", "/tmp/sxgc-laneQ/tools/extract_head_sa.py", "/tmp/laneY/bat/random-4-2k.agg", "/tmp/laneQ/pass4/random-4-2k.head_sa", "--ri4", "/tmp/laneY/bat/random-4-2k.ri4"]
column=1/4 rows=1474
column=2/4 rows=1474
column=3/4 rows=1474
column=4/4 rows=1474
ri4 spread_tail_checks=1025 singleton_head_checks=756
{"source": "/tmp/laneY/bat/random-4-2k.agg", "target": "/tmp/laneQ/pass4/random-4-2k.head_sa", "R": 1474, "bytes": 11792, "wall_seconds": 0.005868508014827967, "spots": [{"run": 0, "length": 1, "head": 2000, "tail": 2000, "mirrored_sample": 0}, {"run": 736, "length": 2, "head": 1535, "tail": 833, "mirrored_sample": 1167}, {"run": 1473, "length": 2, "head": 1929, "tail": 1205, "mirrored_sample": 795}]}
	Command being timed: "python3 /tmp/sxgc-laneQ/tools/extract_head_sa.py /tmp/laneY/bat/random-4-2k.agg /tmp/laneQ/pass4/random-4-2k.head_sa --ri4 /tmp/laneY/bat/random-4-2k.ri4"
	User time (seconds): 0.03
	System time (seconds): 0.01
	Percent of CPU this job got: 94%
	Elapsed (wall clock) time (h:mm:ss or m:ss): 0:00.05
	Average shared text size (kbytes): 0
	Average unshared data size (kbytes): 0
	Average stack size (kbytes): 0
	Average total size (kbytes): 0
	Maximum resident set size (kbytes): 12288
	Average resident set size (kbytes): 0
	Major (requiring I/O) page faults: 0
	Minor (reclaiming a frame) page faults: 1828
	Voluntary context switches: 3
	Involuntary context switches: 1
	Swaps: 0
	File system inputs: 0
	File system outputs: 24
	Socket messages sent: 0
	Socket messages received: 0
	Signals delivered: 0
	Page size (bytes): 4096
	Exit status: 0
