COMMAND ["/tmp/laneQ/pass4/slim_dump", "--slim", "--resolve-ri4", "--dict-stream", "--ri4", "/tmp/laneY/bat/random-4-200k.ri4", "--parse", "/tmp/laneY/bat/random-4-200k_pfp", "--flat", "/tmp/laneY/bat/random-4-200k.txt", "-t", "8", "-o", "/tmp/laneQ/pass4/random-4-200k.head.agg", "--head-sa", "/tmp/laneQ/pass4/random-4-200k.head_sa"]
ri4: n=200001 k=1 R=149887
SLIM_PHASE ri4-load wall=0.002 cumulative=0.002 peak_rss_kib=2048
SLIM_HEAD_SA bytes=1199096 rows=149887 mmap=1
SLIM_PHASE dict-read wall=0.000 cumulative=0.002 peak_rss_kib=2048
SLIM_PHASE dict-boundaries wall=0.002 cumulative=0.004 peak_rss_kib=2048
SLIM_STRING_ENDS count=1 bytes=8 from_parse_dict=1
SLIM_PHASE parse+boundaries wall=0.000 cumulative=0.005 peak_rss_kib=2048
SLIM_PHASE parse-fingerprints wall=0.000 cumulative=0.005 peak_rss_kib=2048
SLIM_PHASE dict-fingerprints wall=0.001 cumulative=0.006 peak_rss_kib=2048
SLIM_STRUCT n=200011 P=2018 D=222210 phrases=2018 parse_bytes=8076 bd_bytes=2582 bp_bytes=2582 dict_resident=0 dict_cache_per_thread=262144 no_SA_ISA_LCP_RMQ=1 no_M_b_bwt_w_wt=1
SLIM_PHASE lce-build-total wall=0.003 cumulative=0.006 peak_rss_kib=2048
SLIM_PHASE lf-build wall=0.002 cumulative=0.008 peak_rss_kib=4096
SLIM_RI runs=749435 starts=1199096 samples=337248 lf_capacity=2247716
SLIM_CALIBRATION ri4_ROW_OFF=0 PFP_text_shift=10 checked=512 bad=0
SLIM_PHASE flat-calibration wall=0.001 cumulative=0.009 peak_rss_kib=4096
SLIM_PROGRESS runs=65536/149887 resolve_wall=0.019 lce_wall=0.028 write_wall=0.002 lf_steps=15 cache_hits=0
SLIM_PHASE query-chunks wall=0.050 cumulative=0.059 peak_rss_kib=8192
SLIM_PHASE queries+stream-write-final wall=0.063 cumulative=0.122 peak_rss_kib=8192
SLIM_FP parse tau=1 bytes=16160 queries=57 verified_symbols=57 hash_probes=0 mean_verified=1.000000000 max_verified=1
SLIM_FP dict tau=12 bytes=148144 queries=187479 verified_symbols=1679656 hash_probes=4342 mean_verified=8.959168760 max_verified=19
SLIM_QUERY_PHASE resolve_wall=0.043859 resolve_peak_kib=8192 lce_wall=0.060300 lce_peak_kib=8192 write_wall=0.004758 write_peak_kib=8192
SLIM_SEEDS queries=187423 mean_verified_phrases=0.000304125 max_verified_phrases=1 (includes_zero_parse_work_seeds; boundary_included)
SLIM_RESOLVE walks=11 steps=15 max=4 anchor=0 failed=0 cache_hits=0
SLIM_BOUNDARY_RESOLVE head_direct=150335 tail_direct=187476 head_lf_steps=0
	Command being timed: "/tmp/laneQ/pass4/slim_dump --slim --resolve-ri4 --dict-stream --ri4 /tmp/laneY/bat/random-4-200k.ri4 --parse /tmp/laneY/bat/random-4-200k_pfp --flat /tmp/laneY/bat/random-4-200k.txt -t 8 -o /tmp/laneQ/pass4/random-4-200k.head.agg --head-sa /tmp/laneQ/pass4/random-4-200k.head_sa"
	User time (seconds): 0.78
	System time (seconds): 0.03
	Percent of CPU this job got: 658%
	Elapsed (wall clock) time (h:mm:ss or m:ss): 0:00.12
	Average shared text size (kbytes): 0
	Average unshared data size (kbytes): 0
	Average stack size (kbytes): 0
	Average total size (kbytes): 0
	Maximum resident set size (kbytes): 8192
	Average resident set size (kbytes): 0
	Major (requiring I/O) page faults: 0
	Minor (reclaiming a frame) page faults: 3887
	Voluntary context switches: 32
	Involuntary context switches: 17
	Swaps: 0
	File system inputs: 0
	File system outputs: 9368
	Socket messages sent: 0
	Socket messages received: 0
	Signals delivered: 0
	Page size (bytes): 4096
	Exit status: 0
