COMMAND ["python3", "/tmp/sxgc-laneQ/tools/extract_head_sa.py", "/tmp/laneY/bat/random-4-200k.agg", "/tmp/laneQ/pass4/random-4-200k.head_sa", "--ri4", "/tmp/laneY/bat/random-4-200k.ri4"]
column=1/4 rows=149887
column=2/4 rows=149887
column=3/4 rows=149887
column=4/4 rows=149887
ri4 spread_tail_checks=1025 singleton_head_checks=756
{"source": "/tmp/laneY/bat/random-4-200k.agg", "target": "/tmp/laneQ/pass4/random-4-200k.head_sa", "R": 149887, "bytes": 1199096, "wall_seconds": 0.020462358952499926, "spots": [{"run": 0, "length": 1, "head": 200000, "tail": 200000, "mirrored_sample": 0}, {"run": 74943, "length": 2, "head": 194613, "tail": 32032, "mirrored_sample": 167968}, {"run": 149886, "length": 1, "head": 115136, "tail": 115136, "mirrored_sample": 84864}]}
	Command being timed: "python3 /tmp/sxgc-laneQ/tools/extract_head_sa.py /tmp/laneY/bat/random-4-200k.agg /tmp/laneQ/pass4/random-4-200k.head_sa --ri4 /tmp/laneY/bat/random-4-200k.ri4"
	User time (seconds): 0.07
	System time (seconds): 0.03
	Percent of CPU this job got: 98%
	Elapsed (wall clock) time (h:mm:ss or m:ss): 0:00.10
	Average shared text size (kbytes): 0
	Average unshared data size (kbytes): 0
	Average stack size (kbytes): 0
	Average total size (kbytes): 0
	Maximum resident set size (kbytes): 14336
	Average resident set size (kbytes): 0
	Major (requiring I/O) page faults: 0
	Minor (reclaiming a frame) page faults: 2995
	Voluntary context switches: 49
	Involuntary context switches: 1
	Swaps: 0
	File system inputs: 0
	File system outputs: 2344
	Socket messages sent: 0
	Socket messages received: 0
	Signals delivered: 0
	Page size (bytes): 4096
	Exit status: 0
