COMMAND ["python3", "/tmp/sxgc-laneQ/tools/extract_head_sa.py", "/tmp/laneY/bat/random-4-20k.agg", "/tmp/laneQ/pass4/random-4-20k.head_sa", "--ri4", "/tmp/laneY/bat/random-4-20k.ri4"]
column=1/4 rows=14959
column=2/4 rows=14959
column=3/4 rows=14959
column=4/4 rows=14959
ri4 spread_tail_checks=1025 singleton_head_checks=752
{"source": "/tmp/laneY/bat/random-4-20k.agg", "target": "/tmp/laneQ/pass4/random-4-20k.head_sa", "R": 14959, "bytes": 119672, "wall_seconds": 0.010518634924665093, "spots": [{"run": 0, "length": 1, "head": 20000, "tail": 20000, "mirrored_sample": 0}, {"run": 7479, "length": 1, "head": 3089, "tail": 3089, "mirrored_sample": 16911}, {"run": 14958, "length": 1, "head": 12196, "tail": 12196, "mirrored_sample": 7804}]}
	Command being timed: "python3 /tmp/sxgc-laneQ/tools/extract_head_sa.py /tmp/laneY/bat/random-4-20k.agg /tmp/laneQ/pass4/random-4-20k.head_sa --ri4 /tmp/laneY/bat/random-4-20k.ri4"
	User time (seconds): 0.07
	System time (seconds): 0.02
	Percent of CPU this job got: 98%
	Elapsed (wall clock) time (h:mm:ss or m:ss): 0:00.09
	Average shared text size (kbytes): 0
	Average unshared data size (kbytes): 0
	Average stack size (kbytes): 0
	Average total size (kbytes): 0
	Maximum resident set size (kbytes): 12288
	Average resident set size (kbytes): 0
	Major (requiring I/O) page faults: 0
	Minor (reclaiming a frame) page faults: 1885
	Voluntary context switches: 6
	Involuntary context switches: 0
	Swaps: 0
	File system inputs: 0
	File system outputs: 240
	Socket messages sent: 0
	Socket messages received: 0
	Signals delivered: 0
	Page size (bytes): 4096
	Exit status: 0
