COMMAND ["/tmp/laneQ/pass4/slim_dump", "--slim", "--resolve-ri4", "--dict-stream", "--ri4", "/tmp/laneY/bat/satellite-18k.ri4", "--parse", "/tmp/laneY/bat/satellite-18k_pfp", "--flat", "/tmp/laneY/bat/satellite-18k.txt", "-t", "8", "-o", "/tmp/laneQ/pass4/satellite-18k.fallback.agg"]
ri4: n=18501 k=1 R=364
SLIM_PHASE ri4-load wall=0.000 cumulative=0.000 peak_rss_kib=2048
SLIM_PHASE dict-read wall=0.000 cumulative=0.000 peak_rss_kib=2048
SLIM_PHASE dict-boundaries wall=0.000 cumulative=0.000 peak_rss_kib=2048
SLIM_STRING_ENDS count=1 bytes=8 from_parse_dict=1
SLIM_PHASE parse+boundaries wall=0.000 cumulative=0.000 peak_rss_kib=2048
SLIM_PHASE parse-fingerprints wall=0.000 cumulative=0.000 peak_rss_kib=2048
SLIM_PHASE dict-fingerprints wall=0.000 cumulative=0.000 peak_rss_kib=2048
SLIM_STRUCT n=18511 P=4 D=18556 phrases=4 parse_bytes=20 bd_bytes=190 bp_bytes=182 dict_resident=0 dict_cache_per_thread=262144 no_SA_ISA_LCP_RMQ=1 no_M_b_bwt_w_wt=1
SLIM_PHASE lce-build-total wall=0.000 cumulative=0.000 peak_rss_kib=2048
SLIM_PHASE lf-build wall=0.000 cumulative=0.000 peak_rss_kib=2048
SLIM_RI runs=1820 starts=2912 samples=688 lf_capacity=5004
SLIM_CALIBRATION ri4_ROW_OFF=0 PFP_text_shift=10 checked=512 bad=0
SLIM_PHASE flat-calibration wall=0.037 cumulative=0.037 peak_rss_kib=2048
SLIM_PROGRESS runs=364/364 resolve_wall=0.002 lce_wall=0.001 write_wall=0.000 lf_steps=2220337 cache_hits=0
SLIM_PHASE query-chunks wall=0.004 cumulative=0.041 peak_rss_kib=6144
SLIM_PHASE queries+stream-write-final wall=0.000 cumulative=0.041 peak_rss_kib=6144
SLIM_FP parse tau=1 bytes=48 queries=0 verified_symbols=0 hash_probes=0 mean_verified=0.000000000 max_verified=0
SLIM_FP dict tau=408 bytes=368 queries=464 verified_symbols=20177 hash_probes=22 mean_verified=43.484913793 max_verified=17998
SLIM_QUERY_PHASE resolve_wall=0.001685 resolve_peak_kib=6144 lce_wall=0.000990 lce_peak_kib=6144 write_wall=0.000024 write_peak_kib=6144
SLIM_SEEDS queries=465 mean_verified_phrases=0.000000000 max_verified_phrases=0 (includes_zero_parse_work_seeds; boundary_included)
SLIM_RESOLVE walks=876 steps=2220337 max=17823 anchor=0 failed=0 cache_hits=0
SLIM_BOUNDARY_RESOLVE head_direct=0 tail_direct=465 head_lf_steps=157
	Command being timed: "/tmp/laneQ/pass4/slim_dump --slim --resolve-ri4 --dict-stream --ri4 /tmp/laneY/bat/satellite-18k.ri4 --parse /tmp/laneY/bat/satellite-18k_pfp --flat /tmp/laneY/bat/satellite-18k.txt -t 8 -o /tmp/laneQ/pass4/satellite-18k.fallback.agg"
	User time (seconds): 0.04
	System time (seconds): 0.00
	Percent of CPU this job got: 104%
	Elapsed (wall clock) time (h:mm:ss or m:ss): 0:00.04
	Average shared text size (kbytes): 0
	Average unshared data size (kbytes): 0
	Average stack size (kbytes): 0
	Average total size (kbytes): 0
	Maximum resident set size (kbytes): 6144
	Average resident set size (kbytes): 0
	Major (requiring I/O) page faults: 0
	Minor (reclaiming a frame) page faults: 1597
	Voluntary context switches: 10
	Involuntary context switches: 1
	Swaps: 0
	File system inputs: 0
	File system outputs: 24
	Socket messages sent: 0
	Socket messages received: 0
	Signals delivered: 0
	Page size (bytes): 4096
	Exit status: 0
