COMMAND ["python3", "/tmp/sxgc-laneQ/tools/extract_head_sa.py", "/tmp/laneY/bat/satellite-18k.agg", "/tmp/laneQ/pass4/satellite-18k.head_sa", "--ri4", "/tmp/laneY/bat/satellite-18k.ri4"]
column=1/4 rows=364
column=2/4 rows=364
column=3/4 rows=364
column=4/4 rows=364
ri4 spread_tail_checks=364 singleton_head_checks=262
{"source": "/tmp/laneY/bat/satellite-18k.agg", "target": "/tmp/laneQ/pass4/satellite-18k.head_sa", "R": 364, "bytes": 2912, "wall_seconds": 0.002175263944081962, "spots": [{"run": 0, "length": 1, "head": 18500, "tail": 18500, "mirrored_sample": 0}, {"run": 182, "length": 1, "head": 18355, "tail": 18355, "mirrored_sample": 145}, {"run": 363, "length": 4, "head": 18044, "tail": 18102, "mirrored_sample": 398}]}
	Command being timed: "python3 /tmp/sxgc-laneQ/tools/extract_head_sa.py /tmp/laneY/bat/satellite-18k.agg /tmp/laneQ/pass4/satellite-18k.head_sa --ri4 /tmp/laneY/bat/satellite-18k.ri4"
	User time (seconds): 0.03
	System time (seconds): 0.00
	Percent of CPU this job got: 95%
	Elapsed (wall clock) time (h:mm:ss or m:ss): 0:00.04
	Average shared text size (kbytes): 0
	Average unshared data size (kbytes): 0
	Average stack size (kbytes): 0
	Average total size (kbytes): 0
	Maximum resident set size (kbytes): 12288
	Average resident set size (kbytes): 0
	Major (requiring I/O) page faults: 0
	Minor (reclaiming a frame) page faults: 1792
	Voluntary context switches: 3
	Involuntary context switches: 0
	Swaps: 0
	File system inputs: 0
	File system outputs: 8
	Socket messages sent: 0
	Socket messages received: 0
	Signals delivered: 0
	Page size (bytes): 4096
	Exit status: 0
