COMMAND ["python3", "/tmp/sxgc-laneQ/tools/extract_head_sa.py", "/tmp/laneY/yeast_pfp2.agg", "/tmp/laneQ/pass4/yeast.head_sa", "--ri4", "/tmp/laneQ/pass3/yp2real.ri4", "--expect-r", "100904881"]
column=1/4 rows=100904881
column=2/4 rows=100904881
column=3/4 rows=100904881
column=4/4 rows=100904881
ri4 spread_tail_checks=1025 singleton_head_checks=247
{"source": "/tmp/laneY/yeast_pfp2.agg", "target": "/tmp/laneQ/pass4/yeast.head_sa", "R": 100904881, "bytes": 807239048, "wall_seconds": 1.8245530999265611, "spots": [{"run": 0, "length": 1, "head": 3336986759, "tail": 3336986759, "mirrored_sample": 0}, {"run": 50452440, "length": 1, "head": 2438808196, "tail": 2438808196, "mirrored_sample": 898178563}, {"run": 100904880, "length": 2, "head": 923604745, "tail": 3191472321, "mirrored_sample": 145514438}]}
	Command being timed: "python3 /tmp/sxgc-laneQ/tools/extract_head_sa.py /tmp/laneY/yeast_pfp2.agg /tmp/laneQ/pass4/yeast.head_sa --ri4 /tmp/laneQ/pass3/yp2real.ri4 --expect-r 100904881"
	User time (seconds): 0.04
	System time (seconds): 1.79
	Percent of CPU this job got: 98%
	Elapsed (wall clock) time (h:mm:ss or m:ss): 0:01.86
	Average shared text size (kbytes): 0
	Average unshared data size (kbytes): 0
	Average stack size (kbytes): 0
	Average total size (kbytes): 0
	Maximum resident set size (kbytes): 36068
	Average resident set size (kbytes): 0
	Major (requiring I/O) page faults: 0
	Minor (reclaiming a frame) page faults: 24242
	Voluntary context switches: 920
	Involuntary context switches: 6
	Swaps: 0
	File system inputs: 176
	File system outputs: 1576640
	Socket messages sent: 0
	Socket messages received: 0
	Signals delivered: 0
	Page size (bytes): 4096
	Exit status: 0
