COMMAND ["python3", "-c", "import numpy as np,sys,time\nstart=time.monotonic()\na=np.fromfile(sys.argv[1],dtype='<u8'); b=np.fromfile(sys.argv[2],dtype='<u8')\nassert len(a)==len(b)==int(sys.argv[3]), (len(a),len(b))\na.sort();b.sort();assert np.array_equal(a,b)\n# Sorted equality plus no duplicates establishes equality of the witness sets.\nfor off in range(1,len(a),1<<20):\n end=min(len(a),off+(1<<20));assert np.all(a[off:end]>a[off-1:end-1])\nprint('NUMPY sorted-set equality=True count='+str(len(a))+' wall='+str(time.monotonic()-start))\n", "/tmp/laneQ/pass4/yeast.sA", "/mnt/nvme3n1/erikg/sxgc-yeast/grl/chi_yeast_pfp2.sA", "85404240"]
NUMPY sorted-set equality=True count=85404240 wall=15.238703339011408
	Command being timed: "python3 -c import numpy as np,sys,time
start=time.monotonic()
a=np.fromfile(sys.argv[1],dtype='<u8'); b=np.fromfile(sys.argv[2],dtype='<u8')
assert len(a)==len(b)==int(sys.argv[3]), (len(a),len(b))
a.sort();b.sort();assert np.array_equal(a,b)
# Sorted equality plus no duplicates establishes equality of the witness sets.
for off in range(1,len(a),1<<20):
 end=min(len(a),off+(1<<20));assert np.all(a[off:end]>a[off-1:end-1])
print('NUMPY sorted-set equality=True count='+str(len(a))+' wall='+str(time.monotonic()-start))
 /tmp/laneQ/pass4/yeast.sA /mnt/nvme3n1/erikg/sxgc-yeast/grl/chi_yeast_pfp2.sA 85404240"
	User time (seconds): 16.11
	System time (seconds): 7.73
	Percent of CPU this job got: 155%
	Elapsed (wall clock) time (h:mm:ss or m:ss): 0:15.37
	Average shared text size (kbytes): 0
	Average unshared data size (kbytes): 0
	Average stack size (kbytes): 0
	Average total size (kbytes): 0
	Maximum resident set size (kbytes): 1449620
	Average resident set size (kbytes): 0
	Major (requiring I/O) page faults: 0
	Minor (reclaiming a frame) page faults: 14250
	Voluntary context switches: 94
	Involuntary context switches: 88
	Swaps: 0
	File system inputs: 0
	File system outputs: 0
	Socket messages sent: 0
	Socket messages received: 0
	Signals delivered: 0
	Page size (bytes): 4096
	Exit status: 0
