COMMAND ["/tmp/sxgc-laneQ/xsa/target/release/xsa", "chi-rspace", "--stream-agg", "--ri4", "/tmp/laneQ/pass3/yp2real.ri4", "--agg", "/tmp/laneQ/pass4/yeast.agg", "-o", "/tmp/laneQ/pass4/yeast.sA"]
xsa chi-rspace: chi = 85404240 (N=3336986761, R=100904881) stream-agg=true buffers=4194304
	Command being timed: "/tmp/sxgc-laneQ/xsa/target/release/xsa chi-rspace --stream-agg --ri4 /tmp/laneQ/pass3/yp2real.ri4 --agg /tmp/laneQ/pass4/yeast.agg -o /tmp/laneQ/pass4/yeast.sA"
	User time (seconds): 9.60
	System time (seconds): 1.59
	Percent of CPU this job got: 99%
	Elapsed (wall clock) time (h:mm:ss or m:ss): 0:11.24
	Average shared text size (kbytes): 0
	Average unshared data size (kbytes): 0
	Average stack size (kbytes): 0
	Average total size (kbytes): 0
	Maximum resident set size (kbytes): 4096
	Average resident set size (kbytes): 0
	Major (requiring I/O) page faults: 0
	Minor (reclaiming a frame) page faults: 1123
	Voluntary context switches: 1326
	Involuntary context switches: 55
	Swaps: 0
	File system inputs: 136
	File system outputs: 1334448
	Socket messages sent: 0
	Socket messages received: 0
	Signals delivered: 0
	Page size (bytes): 4096
	Exit status: 0
