   Compiling libc v0.2.189
   Compiling crossbeam-utils v0.8.23
   Compiling proc-macro2 v1.0.107
   Compiling quote v1.0.47
   Compiling generic-array v0.14.7
   Compiling crossbeam-deque v0.8.8
   Compiling ahash v0.8.12
   Compiling zerocopy v0.8.57
   Compiling serde v1.0.229
   Compiling rayon-core v1.13.0
   Compiling parking_lot_core v0.9.12
   Compiling lock_api v0.4.14
   Compiling miniz_oxide v0.9.1
   Compiling serde_core v1.0.229
   Compiling flate2 v1.1.10
   Compiling crossbeam-epoch v0.9.21
   Compiling crossbeam-channel v0.5.17
   Compiling crossbeam-queue v0.3.14
   Compiling syn v3.0.6
   Compiling syn v2.0.119
   Compiling block-buffer v0.10.4
   Compiling crypto-common v0.1.7
   Compiling digest v0.10.7
   Compiling jobserver v0.1.35
   Compiling crossbeam v0.8.5
   Compiling getrandom v0.3.4
   Compiling num_cpus v1.17.0
   Compiling sha2 v0.10.9
   Compiling cc v1.4.6
   Compiling rayon v1.12.0
   Compiling zstd-sys v2.1.0+zstd.1.5.7
   Compiling ragc-core v0.1.1 (https://github.com/ekg/ragc?rev=40e5cad11cab7d4df07a72d6b16d68c2d60b0742#40e5cad1)
   Compiling thiserror-impl v1.0.69
   Compiling serde_derive v1.0.229
   Compiling thiserror v1.0.69
   Compiling rdst v0.20.14
   Compiling hashbrown v0.14.5
   Compiling dashmap v6.2.1
   Compiling bincode v1.3.3
   Compiling zstd-safe v7.3.0
   Compiling zstd v0.13.3
   Compiling ragc-common v0.1.1 (https://github.com/ekg/ragc?rev=40e5cad11cab7d4df07a72d6b16d68c2d60b0742#40e5cad1)
   Compiling agc2flat v0.1.0 (/tmp/sxgc-laneV/agc2flat)
warning: unused import: `std::io::Write as _`
   --> src/main.rs:254:17
    |
254 |             use std::io::Write as _;
    |                 ^^^^^^^^^^^^^^^^^^^
    |
    = note: `#[warn(unused_imports)]` (part of `#[warn(unused)]`) on by default

warning: `agc2flat` (bin "agc2flat") generated 1 warning (run `cargo fix --bin "agc2flat" -p agc2flat` to apply 1 suggestion)
    Finished `release` profile [optimized] target(s) in 14.85s
