   Compiling xsa v0.1.0 (/tmp/sxgc-laneU/xsa)
warning: variable does not need to be mutable
   --> src/main.rs:541:9
    |
541 |     let mut next_rng = |mut x: u64| -> u64 {
    |         ----^^^^^^^^
    |         |
    |         help: remove this `mut`
    |
    = note: `#[warn(unused_mut)]` (part of `#[warn(unused)]`) on by default

warning: value assigned to `tanchor` is never read
   --> src/main.rs:593:31
    |
593 |             let mut tanchor = 0u64;
    |                               ^^^^ this value is reassigned later and never used
...
601 |                         tanchor = r;
    |                         ----------- `tanchor` is overwritten here before the previous value is read
    |
    = note: `#[warn(unused_assignments)]` (part of `#[warn(unused)]`) on by default

warning: value assigned to `tsample` is never read
   --> src/main.rs:594:31
    |
594 |             let mut tsample = 0u64;
    |                               ^^^^ this value is reassigned later and never used
...
602 |                         tsample = idx.sa.get(r);
    |                         ----------------------- `tsample` is overwritten here before the previous value is read

warning: variable does not need to be mutable
   --> src/main.rs:735:9
    |
735 |     let mut read_flat = |flatf: &mut File, pos: u64, want: usize| -> Vec<u8> {
    |         ----^^^^^^^^^
    |         |
    |         help: remove this `mut`

warning: field `bits` is never read
   --> src/main.rs:109:5
    |
108 | struct PackedSa {
    |        -------- field in this struct
109 |     bits: u64,          // total size IN BITS
    |     ^^^^
    |
    = note: `#[warn(dead_code)]` (part of `#[warn(unused)]`) on by default

warning: method `s_at` is never used
   --> src/main.rs:309:8
    |
182 | impl Ri4 {
    | -------- method in this implementation
...
309 |     fn s_at(&self, j: u64) -> u64 {
    |        ^^^^

warning: `xsa` (bin "xsa") generated 6 warnings (run `cargo fix --bin "xsa" -p xsa` to apply 2 suggestions)
    Finished `release` profile [optimized] target(s) in 5.84s
