[2026-09-27 11:09:32.890] [info] Using 8 bytes for computing SA of the dictionary
[2026-09-27 11:09:32.904] [info] Using 3 bytes for storing SA of the dictionary
[2026-09-27 11:09:32.905] [info] Elapsed time (s): 0.015199671
[2026-09-27 11:09:32.905] [info] Using 2 bytes for DA of the dictionary
[2026-09-27 11:09:32.908] [info] Elapsed time (s): 0.002864204
[2026-09-27 11:09:32.908] [info] Using 3 bytes for ISA of the dictionary
[2026-09-27 11:09:32.911] [info] Elapsed time (s): 0.003372664
[2026-09-27 11:09:32.911] [info] Using 2 bytes for LCP of the dictionary
[2026-09-27 11:09:32.916] [info] Elapsed time (s): 0.004799907
[2026-09-27 11:09:32.916] [info] Using 2 bytes for colex id and inverse colex id array of the dictionary
[2026-09-27 11:09:32.918] [info] Elapsed time (s): 0.001564943
[2026-09-27 11:09:32.918] [info] Using 8 bytes for computing SA of the dictionary
[2026-09-27 11:09:32.918] [info] Using 2 bytes for storing SA of the dictionary
[2026-09-27 11:09:32.918] [info] Elapsed time (s): 0.00051267
[2026-09-27 11:09:32.918] [info] Using 2 bytes for DA of the dictionary
[2026-09-27 11:09:32.919] [info] Elapsed time (s): 6.9381e-05
[2026-09-27 11:09:32.919] [info] Using 2 bytes for ISA of the dictionary
[2026-09-27 11:09:32.919] [info] Elapsed time (s): 5.879e-05
[2026-09-27 11:09:32.919] [info] Using 1 bytes for LCP of the dictionary
[2026-09-27 11:09:32.919] [info] Elapsed time (s): 0.00011708
[2026-09-27 11:09:32.919] [info] Computing RMQ over LCP of dictionary
[2026-09-27 11:09:32.919] [info] Elapsed time (s): 0.00022149
[2026-09-27 11:09:32.919] [info] Using 2 bytes for colex DA of the dictionary
[2026-09-27 11:09:32.919] [info] Using 2 bytes for colex id and inverse colex id array of the dictionary
[2026-09-27 11:09:32.920] [info] Elapsed time (s): 0.000817541
[2026-09-27 11:09:32.920] [info] Using 8 bytes for computing SA of the parsing
[2026-09-27 11:09:32.920] [info] Using 2 bytes for storing SA of the parsing
[2026-09-27 11:09:32.920] [info] Elapsed time (s): 2.756e-05
[2026-09-27 11:09:32.920] [info] Computing b_p
[2026-09-27 11:09:32.920] [info] Computing b_bwt and M of the parsing
[2026-09-27 11:09:32.921] [info] Computing inverted list of BWT(P)
[2026-09-27 11:09:32.921] [info] Using 2 bytes for storing the inverted list of the BWT of the parse
[2026-09-27 11:09:32.922] [info] Precomputing d lengths
[2026-09-27 11:09:32.922] [info] Precomputing d lengths
[2026-09-27 11:09:32.922] [info] Creating v table
[2026-09-27 11:09:32.923] [info] Creating E arrays
[2026-09-27 11:09:32.923] [info] Computing chunks for parallel execution. Total input size: 600011. Requested chunks: 50
[2026-09-27 11:09:32.931] [info] BWT ranges divided in 50 chunks.
[2026-09-27 11:09:32.932] [info] Chunk 1/50 completed
[2026-09-27 11:09:32.933] [info] Chunk 9/50 completed
[2026-09-27 11:09:32.933] [info] Chunk 7/50 completed
[2026-09-27 11:09:32.933] [info] Chunk 3/50 completed
[2026-09-27 11:09:32.933] [info] Chunk 5/50 completed
[2026-09-27 11:09:32.933] [info] Chunk 4/50 completed
[2026-09-27 11:09:32.933] [info] Chunk 6/50 completed
[2026-09-27 11:09:32.933] [info] Chunk 2/50 completed
[2026-09-27 11:09:32.933] [info] Chunk 8/50 completed
[2026-09-27 11:09:32.933] [info] Chunk 10/50 completed
[2026-09-27 11:09:32.933] [info] Chunk 11/50 completed
[2026-09-27 11:09:32.933] [info] Chunk 12/50 completed
[2026-09-27 11:09:32.934] [info] Chunk 14/50 completed
[2026-09-27 11:09:32.934] [info] Chunk 13/50 completed
[2026-09-27 11:09:32.934] [info] Chunk 15/50 completed
[2026-09-27 11:09:32.934] [info] Chunk 18/50 completed
[2026-09-27 11:09:32.934] [info] Chunk 16/50 completed
[2026-09-27 11:09:32.934] [info] Chunk 17/50 completed
[2026-09-27 11:09:32.934] [info] Chunk 19/50 completed
[2026-09-27 11:09:32.934] [info] Chunk 20/50 completed
[2026-09-27 11:09:32.934] [info] Chunk 21/50 completed
[2026-09-27 11:09:32.934] [info] Chunk 24/50 completed
[2026-09-27 11:09:32.934] [info] Chunk 22/50 completed
[2026-09-27 11:09:32.934] [info] Chunk 23/50 completed
[2026-09-27 11:09:32.934] [info] Chunk 25/50 completed
[2026-09-27 11:09:32.934] [info] Chunk 26/50 completed
[2026-09-27 11:09:32.934] [info] Chunk 28/50 completed
[2026-09-27 11:09:32.934] [info] Chunk 27/50 completed
[2026-09-27 11:09:32.935] [info] Chunk 30/50 completed
[2026-09-27 11:09:32.935] [info] Chunk 29/50 completed
[2026-09-27 11:09:32.935] [info] Chunk 31/50 completed
[2026-09-27 11:09:32.935] [info] Chunk 32/50 completed
[2026-09-27 11:09:32.935] [info] Chunk 33/50 completed
[2026-09-27 11:09:32.935] [info] Chunk 35/50 completed
[2026-09-27 11:09:32.935] [info] Chunk 34/50 completed
[2026-09-27 11:09:32.935] [info] Chunk 36/50 completed
[2026-09-27 11:09:32.935] [info] Chunk 37/50 completed
[2026-09-27 11:09:32.935] [info] Chunk 38/50 completed
[2026-09-27 11:09:32.935] [info] Chunk 39/50 completed
[2026-09-27 11:09:32.935] [info] Chunk 40/50 completed
[2026-09-27 11:09:32.935] [info] Chunk 41/50 completed
[2026-09-27 11:09:32.935] [info] Chunk 42/50 completed
[2026-09-27 11:09:32.935] [info] Chunk 44/50 completed
[2026-09-27 11:09:32.935] [info] Chunk 45/50 completed
[2026-09-27 11:09:32.935] [info] Chunk 43/50 completed
[2026-09-27 11:09:32.936] [info] Chunk 46/50 completed
[2026-09-27 11:09:32.936] [info] Chunk 47/50 completed
[2026-09-27 11:09:32.936] [info] Chunk 48/50 completed
[2026-09-27 11:09:32.936] [info] Chunk 49/50 completed
[2026-09-27 11:09:32.936] [info] Chunk 50/50 completed
[2026-09-27 11:09:32.940] [info] Completed rle string merge
[2026-09-27 11:09:32.944] [info] Processed: 5833 Skipped: 2837
[2026-09-27 11:09:32.944] [info] Chunk 7/50 completed
[2026-09-27 11:09:32.944] [info] Processed: 5580 Skipped: 2835
[2026-09-27 11:09:32.944] [info] Chunk 2/50 completed
[2026-09-27 11:09:32.944] [info] Processed: 5562 Skipped: 2866
[2026-09-27 11:09:32.944] [info] Processed: 6329 Skipped: 2266
[2026-09-27 11:09:32.945] [info] Chunk 3/50 completed
[2026-09-27 11:09:32.945] [info] Chunk 4/50 completed
[2026-09-27 11:09:32.945] [info] Processed: 6147 Skipped: 2580
[2026-09-27 11:09:32.945] [info] Processed: 6208 Skipped: 2514
[2026-09-27 11:09:32.945] [info] Processed: 5954 Skipped: 2458
[2026-09-27 11:09:32.945] [info] Chunk 6/50 completed
[2026-09-27 11:09:32.945] [info] Chunk 5/50 completed
[2026-09-27 11:09:32.945] [info] Chunk 1/50 completed
[2026-09-27 11:09:32.945] [info] Processed: 6586 Skipped: 2079
[2026-09-27 11:09:32.945] [info] Chunk 8/50 completed
[2026-09-27 11:09:32.948] [info] Processed: 6254 Skipped: 2454
[2026-09-27 11:09:32.948] [info] Chunk 10/50 completed
[2026-09-27 11:09:32.948] [info] Processed: 5842 Skipped: 2729
[2026-09-27 11:09:32.948] [info] Chunk 12/50 completed
[2026-09-27 11:09:32.948] [info] Processed: 6741 Skipped: 2200
[2026-09-27 11:09:32.948] [info] Chunk 9/50 completed
[2026-09-27 11:09:32.948] [info] Processed: 6437 Skipped: 2332
[2026-09-27 11:09:32.948] [info] Chunk 11/50 completed
[2026-09-27 11:09:32.948] [info] Processed: 6006 Skipped: 2798
[2026-09-27 11:09:32.948] [info] Chunk 14/50 completed
[2026-09-27 11:09:32.948] [info] Processed: 5999 Skipped: 2552
[2026-09-27 11:09:32.948] [info] Chunk 13/50 completed
[2026-09-27 11:09:32.948] [info] Processed: 6648 Skipped: 2153
[2026-09-27 11:09:32.948] [info] Processed: 6252 Skipped: 2373
[2026-09-27 11:09:32.948] [info] Chunk 16/50 completed
[2026-09-27 11:09:32.948] [info] Chunk 15/50 completed
[2026-09-27 11:09:32.951] [info] Processed: 6117 Skipped: 2592
[2026-09-27 11:09:32.951] [info] Chunk 17/50 completed
[2026-09-27 11:09:32.951] [info] Processed: 6259 Skipped: 2420
[2026-09-27 11:09:32.951] [info] Chunk 19/50 completed
[2026-09-27 11:09:32.951] [info] Processed: 6493 Skipped: 2196
[2026-09-27 11:09:32.951] [info] Processed: 6632 Skipped: 2260
[2026-09-27 11:09:32.951] [info] Processed: 5451 Skipped: 2805
[2026-09-27 11:09:32.951] [info] Chunk 20/50 completed
[2026-09-27 11:09:32.951] [info] Chunk 18/50 completed
[2026-09-27 11:09:32.951] [info] Chunk 22/50 completed
[2026-09-27 11:09:32.951] [info] Processed: 6784 Skipped: 2235
[2026-09-27 11:09:32.951] [info] Processed: 6324 Skipped: 2541
[2026-09-27 11:09:32.951] [info] Chunk 21/50 completed
[2026-09-27 11:09:32.951] [info] Chunk 24/50 completed
[2026-09-27 11:09:32.951] [info] Processed: 6935 Skipped: 2076
[2026-09-27 11:09:32.951] [info] Chunk 23/50 completed
[2026-09-27 11:09:32.954] [info] Processed: 6524 Skipped: 2376
[2026-09-27 11:09:32.954] [info] Chunk 25/50 completed
[2026-09-27 11:09:32.954] [info] Processed: 5784 Skipped: 2598
[2026-09-27 11:09:32.954] [info] Processed: 6237 Skipped: 2569
[2026-09-27 11:09:32.954] [info] Chunk 26/50 completed
[2026-09-27 11:09:32.954] [info] Chunk 27/50 completed
[2026-09-27 11:09:32.954] [info] Processed: 5752 Skipped: 2617
[2026-09-27 11:09:32.954] [info] Chunk 31/50 completed
[2026-09-27 11:09:32.954] [info] Processed: 6620 Skipped: 2114
[2026-09-27 11:09:32.954] [info] Processed: 6124 Skipped: 2462
[2026-09-27 11:09:32.954] [info] Chunk 28/50 completed
[2026-09-27 11:09:32.954] [info] Chunk 29/50 completed
[2026-09-27 11:09:32.954] [info] Processed: 6680 Skipped: 2367
[2026-09-27 11:09:32.955] [info] Chunk 30/50 completed
[2026-09-27 11:09:32.955] [info] Processed: 6516 Skipped: 2300
[2026-09-27 11:09:32.955] [info] Chunk 32/50 completed
[2026-09-27 11:09:32.957] [info] Processed: 6221 Skipped: 2510
[2026-09-27 11:09:32.957] [info] Chunk 33/50 completed
[2026-09-27 11:09:32.958] [info] Processed: 6346 Skipped: 2416
[2026-09-27 11:09:32.958] [info] Processed: 6731 Skipped: 2332
[2026-09-27 11:09:32.958] [info] Chunk 37/50 completed
[2026-09-27 11:09:32.958] [info] Chunk 35/50 completed
[2026-09-27 11:09:32.958] [info] Processed: 6326 Skipped: 2427
[2026-09-27 11:09:32.958] [info] Chunk 36/50 completed
[2026-09-27 11:09:32.958] [info] Processed: 5903 Skipped: 2481
[2026-09-27 11:09:32.958] [info] Processed: 5895 Skipped: 2603
[2026-09-27 11:09:32.958] [info] Chunk 34/50 completed
[2026-09-27 11:09:32.958] [info] Chunk 39/50 completed
[2026-09-27 11:09:32.958] [info] Processed: 6596 Skipped: 2148
[2026-09-27 11:09:32.958] [info] Chunk 38/50 completed
[2026-09-27 11:09:32.958] [info] Processed: 6812 Skipped: 2327
[2026-09-27 11:09:32.958] [info] Chunk 40/50 completed
[2026-09-27 11:09:32.960] [info] Processed: 5843 Skipped: 2818
[2026-09-27 11:09:32.960] [info] Chunk 41/50 completed
[2026-09-27 11:09:32.961] [info] Processed: 5730 Skipped: 2705
[2026-09-27 11:09:32.961] [info] Processed: 6612 Skipped: 2349
[2026-09-27 11:09:32.961] [info] Chunk 46/50 completed
[2026-09-27 11:09:32.961] [info] Processed: 5911 Skipped: 2662
[2026-09-27 11:09:32.961] [info] Chunk 44/50 completed
[2026-09-27 11:09:32.961] [info] Chunk 43/50 completed
[2026-09-27 11:09:32.961] [info] Processed: 7003 Skipped: 2020
[2026-09-27 11:09:32.961] [info] Chunk 42/50 completed
[2026-09-27 11:09:32.961] [info] Processed: 6517 Skipped: 2400
[2026-09-27 11:09:32.961] [info] Processed: 6880 Skipped: 2117
[2026-09-27 11:09:32.961] [info] Chunk 45/50 completed
[2026-09-27 11:09:32.961] [info] Chunk 47/50 completed
[2026-09-27 11:09:32.961] [info] Processed: 6319 Skipped: 2425
[2026-09-27 11:09:32.961] [info] Chunk 48/50 completed
[2026-09-27 11:09:32.964] [info] Processed: 6589 Skipped: 2283
[2026-09-27 11:09:32.964] [info] Chunk 49/50 completed
[2026-09-27 11:09:32.964] [info] Processed: 6530 Skipped: 1923
[2026-09-27 11:09:32.964] [info] Chunk 50/50 completed
[2026-09-27 11:09:32.964] [info] Writing out sa values at run heads
[2026-09-27 11:09:32.966] [info] Done
