[2026-09-27 11:09:32.864] [info] Current Configuration:
; PFP++

; Text file to parse.
text="/tmp/laneY/bat/duplicates-600k.txt"

; Output prefix.
out-prefix="/tmp/laneV/xsa-build-vos5fjjz/parse"

; Sliding window size.
window-size=10

; Modulo used during parsing.
modulo=100

; Number of threads.
threads=8

; Temporary files directory.
tmp-dir="/tmp/laneV/xsa-build-vos5fjjz"

; Also output compressed the dictionary.
compress-dictionary=false

; Use reference parse to avoid re-parsing.
use-vcf-acceleration=false

; Print out csv containing stats.
print-statistics=false

; Output count for each dictionary phrase.
output-occurrences=false

; Output sai array.
output-sai=false

; Output last array.
output-last=false

; Convert all non ACGT characters from a VCF or FASTA file to N.
acgt-only=false

; Verbose output.
verbose=false

; Version number.
version=false

[2026-09-27 11:09:32.865] [info] Parsing /tmp/laneY/bat/duplicates-600k.txt
[2026-09-27 11:09:32.875] [info] Main parser: Replacing hash values with ranks.
[2026-09-27 11:09:32.876] [info] Main parser: writing dictionary on disk NOT COMPRESSED
[2026-09-27 11:09:32.876] [info] No properties requested.
[2026-09-27 11:09:32.876] [info] Main parser: closed
[2026-09-27 11:09:32.876] [info] Parser Text -	Parse size: 5246	Dic Size: 1226 Dic Total Length: 286497
[Disk Write (bytes): 350676]
