[2026-09-27 11:06:09.620] [info] Current Configuration:
; PFP++

; Text file to parse.
text="/tmp/laneY/bat/duplicates-600k.txt"

; Output prefix.
out-prefix="/tmp/laneV/g1/p"

; Sliding window size.
window-size=10

; Modulo used during parsing.
modulo=100

; Number of threads.
threads=8

; Temporary files directory.
tmp-dir="/tmp/laneV/g1/tmp"

; Also output compressed the dictionary.
compress-dictionary=false

; Use reference parse to avoid re-parsing.
use-vcf-acceleration=false

; Print out csv containing stats.
print-statistics=false

; Output count for each dictionary phrase.
output-occurrences=false

; Output sai array.
output-sai=false

; Output last array.
output-last=false

; Convert all non ACGT characters from a VCF or FASTA file to N.
acgt-only=false

; Verbose output.
verbose=false

; Version number.
version=false

[2026-09-27 11:06:09.620] [info] Parsing /tmp/laneY/bat/duplicates-600k.txt
[2026-09-27 11:06:09.630] [info] Main parser: Replacing hash values with ranks.
[2026-09-27 11:06:09.631] [info] Main parser: writing dictionary on disk NOT COMPRESSED
[2026-09-27 11:06:09.631] [info] No properties requested.
[2026-09-27 11:06:09.631] [info] Main parser: closed
[2026-09-27 11:06:09.631] [info] Parser Text -	Parse size: 5246	Dic Size: 1226 Dic Total Length: 286497
[Disk Write (bytes): 350676]
	Command being timed: "/home/erikg/pfp/build/pfp++ -t /tmp/laneY/bat/duplicates-600k.txt -o /tmp/laneV/g1/p -w 10 -p 100 -j 8 --tmp-dir /tmp/laneV/g1/tmp"
	User time (seconds): 0.01
	System time (seconds): 0.00
	Percent of CPU this job got: 100%
	Elapsed (wall clock) time (h:mm:ss or m:ss): 0:00.01
	Average shared text size (kbytes): 0
	Average unshared data size (kbytes): 0
	Average stack size (kbytes): 0
	Average total size (kbytes): 0
	Maximum resident set size (kbytes): 4096
	Average resident set size (kbytes): 0
	Major (requiring I/O) page faults: 0
	Minor (reclaiming a frame) page faults: 339
	Voluntary context switches: 1
	Involuntary context switches: 1
	Swaps: 0
	File system inputs: 0
	File system outputs: 712
	Socket messages sent: 0
	Socket messages received: 0
	Signals delivered: 0
	Page size (bytes): 4096
	Exit status: 0
