[2026-09-27 11:15:02.245] [info] Using 8 bytes for computing SA of the dictionary
[2026-09-27 11:15:02.259] [info] Using 3 bytes for storing SA of the dictionary
[2026-09-27 11:15:02.260] [info] Elapsed time (s): 0.015202211
[2026-09-27 11:15:02.261] [info] Using 2 bytes for DA of the dictionary
[2026-09-27 11:15:02.264] [info] Elapsed time (s): 0.002943384
[2026-09-27 11:15:02.264] [info] Using 3 bytes for ISA of the dictionary
[2026-09-27 11:15:02.267] [info] Elapsed time (s): 0.003387755
[2026-09-27 11:15:02.267] [info] Using 2 bytes for LCP of the dictionary
[2026-09-27 11:15:02.272] [info] Elapsed time (s): 0.004833877
[2026-09-27 11:15:02.272] [info] Using 2 bytes for colex id and inverse colex id array of the dictionary
[2026-09-27 11:15:02.274] [info] Elapsed time (s): 0.001652172
[2026-09-27 11:15:02.274] [info] Using 8 bytes for computing SA of the dictionary
[2026-09-27 11:15:02.274] [info] Using 2 bytes for storing SA of the dictionary
[2026-09-27 11:15:02.274] [info] Elapsed time (s): 0.000535161
[2026-09-27 11:15:02.274] [info] Using 2 bytes for DA of the dictionary
[2026-09-27 11:15:02.274] [info] Elapsed time (s): 6.988e-05
[2026-09-27 11:15:02.274] [info] Using 2 bytes for ISA of the dictionary
[2026-09-27 11:15:02.274] [info] Elapsed time (s): 5.987e-05
[2026-09-27 11:15:02.274] [info] Using 1 bytes for LCP of the dictionary
[2026-09-27 11:15:02.274] [info] Elapsed time (s): 0.00010872
[2026-09-27 11:15:02.274] [info] Computing RMQ over LCP of dictionary
[2026-09-27 11:15:02.275] [info] Elapsed time (s): 0.000222201
[2026-09-27 11:15:02.275] [info] Using 2 bytes for colex DA of the dictionary
[2026-09-27 11:15:02.275] [info] Using 2 bytes for colex id and inverse colex id array of the dictionary
[2026-09-27 11:15:02.275] [info] Elapsed time (s): 0.000831701
[2026-09-27 11:15:02.275] [info] Using 8 bytes for computing SA of the parsing
[2026-09-27 11:15:02.275] [info] Using 2 bytes for storing SA of the parsing
[2026-09-27 11:15:02.276] [info] Elapsed time (s): 2.806e-05
[2026-09-27 11:15:02.276] [info] Computing b_p
[2026-09-27 11:15:02.276] [info] Computing b_bwt and M of the parsing
[2026-09-27 11:15:02.277] [info] Computing inverted list of BWT(P)
[2026-09-27 11:15:02.277] [info] Using 2 bytes for storing the inverted list of the BWT of the parse
[2026-09-27 11:15:02.278] [info] Precomputing d lengths
[2026-09-27 11:15:02.278] [info] Precomputing d lengths
[2026-09-27 11:15:02.278] [info] Creating v table
[2026-09-27 11:15:02.279] [info] Creating E arrays
[2026-09-27 11:15:02.279] [info] Computing chunks for parallel execution. Total input size: 600011. Requested chunks: 50
[2026-09-27 11:15:02.286] [info] BWT ranges divided in 50 chunks.
[2026-09-27 11:15:02.287] [info] Chunk 5/50 completed
[2026-09-27 11:15:02.288] [info] Chunk 9/50 completed
[2026-09-27 11:15:02.288] [info] Chunk 2/50 completed
[2026-09-27 11:15:02.288] [info] Chunk 3/50 completed
[2026-09-27 11:15:02.288] [info] Chunk 1/50 completed
[2026-09-27 11:15:02.288] [info] Chunk 4/50 completed
[2026-09-27 11:15:02.288] [info] Chunk 8/50 completed
[2026-09-27 11:15:02.288] [info] Chunk 7/50 completed
[2026-09-27 11:15:02.288] [info] Chunk 6/50 completed
[2026-09-27 11:15:02.288] [info] Chunk 10/50 completed
[2026-09-27 11:15:02.289] [info] Chunk 11/50 completed
[2026-09-27 11:15:02.289] [info] Chunk 12/50 completed
[2026-09-27 11:15:02.289] [info] Chunk 14/50 completed
[2026-09-27 11:15:02.289] [info] Chunk 13/50 completed
[2026-09-27 11:15:02.289] [info] Chunk 17/50 completed
[2026-09-27 11:15:02.289] [info] Chunk 18/50 completed
[2026-09-27 11:15:02.289] [info] Chunk 16/50 completed
[2026-09-27 11:15:02.289] [info] Chunk 15/50 completed
[2026-09-27 11:15:02.289] [info] Chunk 19/50 completed
[2026-09-27 11:15:02.289] [info] Chunk 20/50 completed
[2026-09-27 11:15:02.289] [info] Chunk 21/50 completed
[2026-09-27 11:15:02.289] [info] Chunk 24/50 completed
[2026-09-27 11:15:02.289] [info] Chunk 23/50 completed
[2026-09-27 11:15:02.289] [info] Chunk 22/50 completed
[2026-09-27 11:15:02.289] [info] Chunk 26/50 completed
[2026-09-27 11:15:02.289] [info] Chunk 25/50 completed
[2026-09-27 11:15:02.290] [info] Chunk 28/50 completed
[2026-09-27 11:15:02.290] [info] Chunk 27/50 completed
[2026-09-27 11:15:02.290] [info] Chunk 30/50 completed
[2026-09-27 11:15:02.290] [info] Chunk 29/50 completed
[2026-09-27 11:15:02.290] [info] Chunk 31/50 completed
[2026-09-27 11:15:02.290] [info] Chunk 32/50 completed
[2026-09-27 11:15:02.290] [info] Chunk 33/50 completed
[2026-09-27 11:15:02.290] [info] Chunk 34/50 completed
[2026-09-27 11:15:02.290] [info] Chunk 35/50 completed
[2026-09-27 11:15:02.290] [info] Chunk 36/50 completed
[2026-09-27 11:15:02.290] [info] Chunk 37/50 completed
[2026-09-27 11:15:02.290] [info] Chunk 38/50 completed
[2026-09-27 11:15:02.290] [info] Chunk 39/50 completed
[2026-09-27 11:15:02.290] [info] Chunk 40/50 completed
[2026-09-27 11:15:02.290] [info] Chunk 41/50 completed
[2026-09-27 11:15:02.290] [info] Chunk 42/50 completed
[2026-09-27 11:15:02.290] [info] Chunk 44/50 completed
[2026-09-27 11:15:02.291] [info] Chunk 45/50 completed
[2026-09-27 11:15:02.291] [info] Chunk 43/50 completed
[2026-09-27 11:15:02.291] [info] Chunk 46/50 completed
[2026-09-27 11:15:02.291] [info] Chunk 47/50 completed
[2026-09-27 11:15:02.291] [info] Chunk 48/50 completed
[2026-09-27 11:15:02.291] [info] Chunk 49/50 completed
[2026-09-27 11:15:02.291] [info] Chunk 50/50 completed
[2026-09-27 11:15:02.295] [info] Completed rle string merge
[2026-09-27 11:15:02.299] [info] Processed: 5833 Skipped: 2837
[2026-09-27 11:15:02.299] [info] Chunk 7/50 completed
[2026-09-27 11:15:02.300] [info] Processed: 5580 Skipped: 2835
[2026-09-27 11:15:02.300] [info] Processed: 5562 Skipped: 2866
[2026-09-27 11:15:02.300] [info] Chunk 2/50 completed
[2026-09-27 11:15:02.300] [info] Chunk 3/50 completed
[2026-09-27 11:15:02.300] [info] Processed: 6208 Skipped: 2514
[2026-09-27 11:15:02.300] [info] Chunk 5/50 completed
[2026-09-27 11:15:02.300] [info] Processed: 6147 Skipped: 2580
[2026-09-27 11:15:02.300] [info] Chunk 6/50 completed
[2026-09-27 11:15:02.300] [info] Processed: 6329 Skipped: 2266
[2026-09-27 11:15:02.300] [info] Chunk 4/50 completed
[2026-09-27 11:15:02.300] [info] Processed: 5954 Skipped: 2458
[2026-09-27 11:15:02.300] [info] Chunk 1/50 completed
[2026-09-27 11:15:02.300] [info] Processed: 6586 Skipped: 2079
[2026-09-27 11:15:02.300] [info] Chunk 8/50 completed
[2026-09-27 11:15:02.303] [info] Processed: 5842 Skipped: 2729
[2026-09-27 11:15:02.303] [info] Processed: 6254 Skipped: 2454
[2026-09-27 11:15:02.303] [info] Chunk 12/50 completed
[2026-09-27 11:15:02.303] [info] Chunk 10/50 completed
[2026-09-27 11:15:02.303] [info] Processed: 6437 Skipped: 2332
[2026-09-27 11:15:02.303] [info] Chunk 11/50 completed
[2026-09-27 11:15:02.303] [info] Processed: 6741 Skipped: 2200
[2026-09-27 11:15:02.303] [info] Chunk 9/50 completed
[2026-09-27 11:15:02.303] [info] Processed: 5999 Skipped: 2552
[2026-09-27 11:15:02.303] [info] Chunk 13/50 completed
[2026-09-27 11:15:02.303] [info] Processed: 6006 Skipped: 2798
[2026-09-27 11:15:02.303] [info] Chunk 14/50 completed
[2026-09-27 11:15:02.303] [info] Processed: 6252 Skipped: 2373
[2026-09-27 11:15:02.303] [info] Chunk 15/50 completed
[2026-09-27 11:15:02.303] [info] Processed: 6648 Skipped: 2153
[2026-09-27 11:15:02.303] [info] Chunk 16/50 completed
[2026-09-27 11:15:02.306] [info] Processed: 6117 Skipped: 2592
[2026-09-27 11:15:02.306] [info] Processed: 6259 Skipped: 2420
[2026-09-27 11:15:02.306] [info] Chunk 17/50 completed
[2026-09-27 11:15:02.306] [info] Chunk 19/50 completed
[2026-09-27 11:15:02.306] [info] Processed: 6493 Skipped: 2196
[2026-09-27 11:15:02.306] [info] Processed: 5451 Skipped: 2805
[2026-09-27 11:15:02.306] [info] Chunk 20/50 completed
[2026-09-27 11:15:02.306] [info] Chunk 22/50 completed
[2026-09-27 11:15:02.306] [info] Processed: 6632 Skipped: 2260
[2026-09-27 11:15:02.306] [info] Chunk 18/50 completed
[2026-09-27 11:15:02.306] [info] Processed: 6784 Skipped: 2235
[2026-09-27 11:15:02.306] [info] Chunk 21/50 completed
[2026-09-27 11:15:02.306] [info] Processed: 6324 Skipped: 2541
[2026-09-27 11:15:02.306] [info] Chunk 24/50 completed
[2026-09-27 11:15:02.306] [info] Processed: 6935 Skipped: 2076
[2026-09-27 11:15:02.306] [info] Chunk 23/50 completed
[2026-09-27 11:15:02.309] [info] Processed: 5784 Skipped: 2598
[2026-09-27 11:15:02.309] [info] Chunk 26/50 completed
[2026-09-27 11:15:02.309] [info] Processed: 6524 Skipped: 2376
[2026-09-27 11:15:02.309] [info] Chunk 25/50 completed
[2026-09-27 11:15:02.309] [info] Processed: 6237 Skipped: 2569
[2026-09-27 11:15:02.309] [info] Processed: 6620 Skipped: 2114
[2026-09-27 11:15:02.309] [info] Processed: 6124 Skipped: 2462
[2026-09-27 11:15:02.309] [info] Chunk 27/50 completed
[2026-09-27 11:15:02.309] [info] Chunk 28/50 completed
[2026-09-27 11:15:02.309] [info] Chunk 29/50 completed
[2026-09-27 11:15:02.309] [info] Processed: 5752 Skipped: 2617
[2026-09-27 11:15:02.309] [info] Chunk 31/50 completed
[2026-09-27 11:15:02.309] [info] Processed: 6680 Skipped: 2367
[2026-09-27 11:15:02.310] [info] Chunk 30/50 completed
[2026-09-27 11:15:02.310] [info] Processed: 6516 Skipped: 2300
[2026-09-27 11:15:02.310] [info] Chunk 32/50 completed
[2026-09-27 11:15:02.312] [info] Processed: 6221 Skipped: 2510
[2026-09-27 11:15:02.312] [info] Chunk 33/50 completed
[2026-09-27 11:15:02.313] [info] Processed: 5903 Skipped: 2481
[2026-09-27 11:15:02.313] [info] Chunk 34/50 completed
[2026-09-27 11:15:02.313] [info] Processed: 6346 Skipped: 2416
[2026-09-27 11:15:02.313] [info] Chunk 37/50 completed
[2026-09-27 11:15:02.313] [info] Processed: 6326 Skipped: 2427
[2026-09-27 11:15:02.313] [info] Chunk 36/50 completed
[2026-09-27 11:15:02.313] [info] Processed: 6731 Skipped: 2332
[2026-09-27 11:15:02.313] [info] Chunk 35/50 completed
[2026-09-27 11:15:02.313] [info] Processed: 5895 Skipped: 2603
[2026-09-27 11:15:02.313] [info] Chunk 39/50 completed
[2026-09-27 11:15:02.313] [info] Processed: 6596 Skipped: 2148
[2026-09-27 11:15:02.313] [info] Chunk 38/50 completed
[2026-09-27 11:15:02.313] [info] Processed: 6812 Skipped: 2327
[2026-09-27 11:15:02.313] [info] Chunk 40/50 completed
[2026-09-27 11:15:02.315] [info] Processed: 5843 Skipped: 2818
[2026-09-27 11:15:02.315] [info] Chunk 41/50 completed
[2026-09-27 11:15:02.316] [info] Processed: 5911 Skipped: 2662
[2026-09-27 11:15:02.316] [info] Chunk 43/50 completed
[2026-09-27 11:15:02.316] [info] Processed: 6612 Skipped: 2349
[2026-09-27 11:15:02.316] [info] Chunk 44/50 completed
[2026-09-27 11:15:02.316] [info] Processed: 5730 Skipped: 2705
[2026-09-27 11:15:02.316] [info] Chunk 46/50 completed
[2026-09-27 11:15:02.316] [info] Processed: 7003 Skipped: 2020
[2026-09-27 11:15:02.316] [info] Processed: 6517 Skipped: 2400
[2026-09-27 11:15:02.316] [info] Chunk 42/50 completed
[2026-09-27 11:15:02.316] [info] Chunk 45/50 completed
[2026-09-27 11:15:02.316] [info] Processed: 6880 Skipped: 2117
[2026-09-27 11:15:02.316] [info] Chunk 47/50 completed
[2026-09-27 11:15:02.316] [info] Processed: 6319 Skipped: 2425
[2026-09-27 11:15:02.316] [info] Chunk 48/50 completed
[2026-09-27 11:15:02.318] [info] Processed: 6589 Skipped: 2283
[2026-09-27 11:15:02.319] [info] Chunk 49/50 completed
[2026-09-27 11:15:02.319] [info] Processed: 6530 Skipped: 1923
[2026-09-27 11:15:02.319] [info] Chunk 50/50 completed
[2026-09-27 11:15:02.319] [info] Writing out sa values at run heads
[2026-09-27 11:15:02.322] [info] Done
	Command being timed: "/tmp/rpfbwt-sxgc/build-sxgc/rpfbwt --l1-prefix /tmp/laneV/g1/p --w1 10 --w2 5 --threads 8 --tmp-dir /tmp/laneV/g1/tmp"
	User time (seconds): 0.33
	System time (seconds): 0.02
	Percent of CPU this job got: 418%
	Elapsed (wall clock) time (h:mm:ss or m:ss): 0:00.08
	Average shared text size (kbytes): 0
	Average unshared data size (kbytes): 0
	Average stack size (kbytes): 0
	Average total size (kbytes): 0
	Maximum resident set size (kbytes): 8192
	Average resident set size (kbytes): 0
	Major (requiring I/O) page faults: 0
	Minor (reclaiming a frame) page faults: 1969
	Voluntary context switches: 25
	Involuntary context switches: 2
	Swaps: 0
	File system inputs: 8
	File system outputs: 2624
	Socket messages sent: 0
	Socket messages received: 0
	Signals delivered: 0
	Page size (bytes): 4096
	Exit status: 0
