COMMAND ["/usr/bin/time", "-v", "/usr/bin/cmp", "/mnt/nvme3n1/erikg/sxgc-laneV/xsa-build-fjj6okbg/fresh.agg", "/tmp/laneS/yeast.phi.agg"]
	Command being timed: "/usr/bin/cmp /mnt/nvme3n1/erikg/sxgc-laneV/xsa-build-fjj6okbg/fresh.agg /tmp/laneS/yeast.phi.agg"
	User time (seconds): 0.26
	System time (seconds): 1.52
	Percent of CPU this job got: 92%
	Elapsed (wall clock) time (h:mm:ss or m:ss): 0:01.94
	Average shared text size (kbytes): 0
	Average unshared data size (kbytes): 0
	Average stack size (kbytes): 0
	Average total size (kbytes): 0
	Maximum resident set size (kbytes): 0
	Average resident set size (kbytes): 0
	Major (requiring I/O) page faults: 1
	Minor (reclaiming a frame) page faults: 159
	Voluntary context switches: 1450
	Involuntary context switches: 2
	Swaps: 0
	File system inputs: 2153136
	File system outputs: 0
	Socket messages sent: 0
	Socket messages received: 0
	Signals delivered: 0
	Page size (bytes): 4096
	Exit status: 0
COMMAND ["/usr/bin/time", "-v", "/usr/bin/cmp", "/mnt/nvme3n1/erikg/sxgc-laneV/xsa-build-fjj6okbg/fresh.sA", "/tmp/laneS/yeast.phi.sA"]
	Command being timed: "/usr/bin/cmp /mnt/nvme3n1/erikg/sxgc-laneV/xsa-build-fjj6okbg/fresh.sA /tmp/laneS/yeast.phi.sA"
	User time (seconds): 0.06
	System time (seconds): 0.39
	Percent of CPU this job got: 98%
	Elapsed (wall clock) time (h:mm:ss or m:ss): 0:00.46
	Average shared text size (kbytes): 0
	Average unshared data size (kbytes): 0
	Average stack size (kbytes): 0
	Average total size (kbytes): 0
	Maximum resident set size (kbytes): 0
	Average resident set size (kbytes): 0
	Major (requiring I/O) page faults: 0
	Minor (reclaiming a frame) page faults: 161
	Voluntary context switches: 66
	Involuntary context switches: 2
	Swaps: 0
	File system inputs: 1678472
	File system outputs: 0
	Socket messages sent: 0
	Socket messages received: 0
	Signals delivered: 0
	Page size (bytes): 4096
	Exit status: 0
