	Command being timed: "/usr/bin/cmp /mnt/nvme3n1/erikg/sxgc-laneV/xsa-build-fjj6okbg/fresh.ri4 /tmp/laneQ/pass3/yp2real.ri4"
	User time (seconds): 0.09
	System time (seconds): 0.51
	Percent of CPU this job got: 82%
	Elapsed (wall clock) time (h:mm:ss or m:ss): 0:00.72
	Average shared text size (kbytes): 0
	Average unshared data size (kbytes): 0
	Average stack size (kbytes): 0
	Average total size (kbytes): 0
	Maximum resident set size (kbytes): 0
	Average resident set size (kbytes): 0
	Major (requiring I/O) page faults: 0
	Minor (reclaiming a frame) page faults: 161
	Voluntary context switches: 1823
	Involuntary context switches: 1
	Swaps: 0
	File system inputs: 1824232
	File system outputs: 0
	Socket messages sent: 0
	Socket messages received: 0
	Signals delivered: 0
	Page size (bytes): 4096
	Exit status: 0
