[2026-09-27 11:12:23.595] [info] Using 8 bytes for computing SA of the dictionary
[2026-09-27 11:12:23.595] [info] Using 2 bytes for storing SA of the dictionary
[2026-09-27 11:12:23.595] [info] Elapsed time (s): 0.00013109
[2026-09-27 11:12:23.595] [info] Using 1 bytes for DA of the dictionary
[2026-09-27 11:12:23.595] [info] Elapsed time (s): 1.325e-05
[2026-09-27 11:12:23.595] [info] Using 2 bytes for ISA of the dictionary
[2026-09-27 11:12:23.595] [info] Elapsed time (s): 8.97e-06
[2026-09-27 11:12:23.595] [info] Using 2 bytes for LCP of the dictionary
[2026-09-27 11:12:23.595] [info] Elapsed time (s): 1.603e-05
[2026-09-27 11:12:23.595] [info] Using 1 bytes for colex id and inverse colex id array of the dictionary
[2026-09-27 11:12:23.595] [info] Elapsed time (s): 7.83e-06
[2026-09-27 11:12:23.595] [info] Using 8 bytes for computing SA of the dictionary
[2026-09-27 11:12:23.595] [info] Using 1 bytes for storing SA of the dictionary
[2026-09-27 11:12:23.595] [info] Elapsed time (s): 7.29e-06
[2026-09-27 11:12:23.595] [info] Using 1 bytes for DA of the dictionary
[2026-09-27 11:12:23.595] [info] Elapsed time (s): 2.3e-06
[2026-09-27 11:12:23.595] [info] Using 1 bytes for ISA of the dictionary
[2026-09-27 11:12:23.595] [info] Elapsed time (s): 2.03e-06
[2026-09-27 11:12:23.595] [info] Using 1 bytes for LCP of the dictionary
[2026-09-27 11:12:23.595] [info] Elapsed time (s): 2.31e-06
[2026-09-27 11:12:23.595] [info] Computing RMQ over LCP of dictionary
[2026-09-27 11:12:23.595] [info] Elapsed time (s): 8.61e-06
[2026-09-27 11:12:23.595] [info] Using 1 bytes for colex DA of the dictionary
[2026-09-27 11:12:23.595] [info] Using 1 bytes for colex id and inverse colex id array of the dictionary
[2026-09-27 11:12:23.595] [info] Elapsed time (s): 9.91e-06
[2026-09-27 11:12:23.595] [info] Using 8 bytes for computing SA of the parsing
[2026-09-27 11:12:23.595] [info] Using 1 bytes for storing SA of the parsing
[2026-09-27 11:12:23.595] [info] Elapsed time (s): 4.44e-06
[2026-09-27 11:12:23.595] [info] Computing b_p
[2026-09-27 11:12:23.595] [info] Computing b_bwt and M of the parsing
[2026-09-27 11:12:23.595] [info] Computing inverted list of BWT(P)
[2026-09-27 11:12:23.595] [info] Using 1 bytes for storing the inverted list of the BWT of the parse
[2026-09-27 11:12:23.595] [info] Precomputing d lengths
[2026-09-27 11:12:23.595] [info] Precomputing d lengths
[2026-09-27 11:12:23.595] [info] Creating v table
[2026-09-27 11:12:23.595] [info] Creating E arrays
[2026-09-27 11:12:23.595] [info] Computing chunks for parallel execution. Total input size: 18371. Requested chunks: 1
[2026-09-27 11:12:23.595] [info] BWT ranges divided in 1 chunks.
[2026-09-27 11:12:23.596] [info] Chunk 1/1 completed
[2026-09-27 11:12:23.596] [info] Completed rle string merge
[2026-09-27 11:12:23.597] [info] Processed: 345 Skipped: 17106
[2026-09-27 11:12:23.597] [info] Chunk 1/1 completed
[2026-09-27 11:12:23.597] [info] Writing out sa values at run heads
[2026-09-27 11:12:23.597] [info] Done
