[2026-09-27 11:14:08.730] [info] Using 8 bytes for computing SA of the dictionary
[2026-09-27 11:14:08.730] [info] Using 2 bytes for storing SA of the dictionary
[2026-09-27 11:14:08.730] [info] Elapsed time (s): 0.00011666
[2026-09-27 11:14:08.730] [info] Using 1 bytes for DA of the dictionary
[2026-09-27 11:14:08.730] [info] Elapsed time (s): 1.278e-05
[2026-09-27 11:14:08.730] [info] Using 2 bytes for ISA of the dictionary
[2026-09-27 11:14:08.730] [info] Elapsed time (s): 8.94e-06
[2026-09-27 11:14:08.730] [info] Using 2 bytes for LCP of the dictionary
[2026-09-27 11:14:08.730] [info] Elapsed time (s): 1.583e-05
[2026-09-27 11:14:08.730] [info] Using 1 bytes for colex id and inverse colex id array of the dictionary
[2026-09-27 11:14:08.730] [info] Elapsed time (s): 7.86e-06
[2026-09-27 11:14:08.730] [info] Using 8 bytes for computing SA of the dictionary
[2026-09-27 11:14:08.730] [info] Using 1 bytes for storing SA of the dictionary
[2026-09-27 11:14:08.730] [info] Elapsed time (s): 7.07e-06
[2026-09-27 11:14:08.730] [info] Using 1 bytes for DA of the dictionary
[2026-09-27 11:14:08.730] [info] Elapsed time (s): 2.33e-06
[2026-09-27 11:14:08.730] [info] Using 1 bytes for ISA of the dictionary
[2026-09-27 11:14:08.730] [info] Elapsed time (s): 1.95e-06
[2026-09-27 11:14:08.730] [info] Using 1 bytes for LCP of the dictionary
[2026-09-27 11:14:08.730] [info] Elapsed time (s): 2.34e-06
[2026-09-27 11:14:08.730] [info] Computing RMQ over LCP of dictionary
[2026-09-27 11:14:08.730] [info] Elapsed time (s): 7.83e-06
[2026-09-27 11:14:08.730] [info] Using 1 bytes for colex DA of the dictionary
[2026-09-27 11:14:08.730] [info] Using 1 bytes for colex id and inverse colex id array of the dictionary
[2026-09-27 11:14:08.730] [info] Elapsed time (s): 9.75e-06
[2026-09-27 11:14:08.730] [info] Using 8 bytes for computing SA of the parsing
[2026-09-27 11:14:08.730] [info] Using 1 bytes for storing SA of the parsing
[2026-09-27 11:14:08.730] [info] Elapsed time (s): 4.54e-06
[2026-09-27 11:14:08.730] [info] Computing b_p
[2026-09-27 11:14:08.730] [info] Computing b_bwt and M of the parsing
[2026-09-27 11:14:08.730] [info] Computing inverted list of BWT(P)
[2026-09-27 11:14:08.730] [info] Using 1 bytes for storing the inverted list of the BWT of the parse
[2026-09-27 11:14:08.730] [info] Precomputing d lengths
[2026-09-27 11:14:08.730] [info] Precomputing d lengths
[2026-09-27 11:14:08.730] [info] Creating v table
[2026-09-27 11:14:08.730] [info] Creating E arrays
[2026-09-27 11:14:08.730] [info] Computing chunks for parallel execution. Total input size: 18371. Requested chunks: 1
[2026-09-27 11:14:08.730] [info] BWT ranges divided in 1 chunks.
[2026-09-27 11:14:08.731] [info] Chunk 1/1 completed
[2026-09-27 11:14:08.731] [info] Completed rle string merge
[2026-09-27 11:14:08.732] [info] Processed: 345 Skipped: 17106
[2026-09-27 11:14:08.732] [info] Chunk 1/1 completed
[2026-09-27 11:14:08.732] [info] Writing out sa values at run heads
[2026-09-27 11:14:08.732] [info] Done
