[2026-09-28 22:42:02.340] [info] Current Configuration:
; PFP++

; Integers file to parse.
int32t="/home/erikg/sxgc-466/A/xsa-build-1e8r8qqr/parse.parse"

; Read -t as AGC: archive order, uppercase reversed contigs, 0x1e separators.
agc=false

; Sliding window size.
window-size=5

; Modulo used during parsing.
modulo=11

; Number of threads.
threads=48

; Temporary files directory.
tmp-dir="/home/erikg/sxgc-466/A/xsa-build-1e8r8qqr"

; Also output compressed the dictionary.
compress-dictionary=false

; Use reference parse to avoid re-parsing.
use-vcf-acceleration=false

; Print out csv containing stats.
print-statistics=false

; Output count for each dictionary phrase.
output-occurrences=false

; Output sai array.
output-sai=false

; Output last array.
output-last=false

; Convert all non ACGT characters from a VCF or FASTA file to N.
acgt-only=false

; Verbose output.
verbose=false

; Version number.
version=false

[2026-09-28 22:42:02.341] [info] Parsing /home/erikg/sxgc-466/A/xsa-build-1e8r8qqr/parse.parse
[2026-09-28 22:57:07.376] [info] Main parser: Replacing hash values with ranks.
[2026-09-28 23:09:31.246] [info] Main parser: writing dictionary on disk NOT COMPRESSED
[2026-09-28 23:10:01.269] [info] No properties requested.
[2026-09-28 23:10:01.269] [info] Main parser: closed
[2026-09-28 23:10:12.509] [info] Parser Integers -	Parse size: 1357077877	Dic Size: 96147710 Dic Total Length: 8794198340
[Disk Write (bytes): 25463723708]
