[2026-09-27 11:38:30.949] [info] Current Configuration:
; PFP++

; Integers file to parse.
int32t="/mnt/nvme3n1/erikg/sxgc-laneV/xsa-build-vnapn3jx/parse.parse"

; Sliding window size.
window-size=5

; Modulo used during parsing.
modulo=11

; Number of threads.
threads=8

; Temporary files directory.
tmp-dir="/mnt/nvme3n1/erikg/sxgc-laneV/xsa-build-vnapn3jx"

; Also output compressed the dictionary.
compress-dictionary=false

; Use reference parse to avoid re-parsing.
use-vcf-acceleration=false

; Print out csv containing stats.
print-statistics=false

; Output count for each dictionary phrase.
output-occurrences=false

; Output sai array.
output-sai=false

; Output last array.
output-last=false

; Convert all non ACGT characters from a VCF or FASTA file to N.
acgt-only=false

; Verbose output.
verbose=false

; Version number.
version=false

[2026-09-27 11:38:30.950] [info] Parsing /mnt/nvme3n1/erikg/sxgc-laneV/xsa-build-vnapn3jx/parse.parse
[2026-09-27 11:38:52.093] [info] Main parser: Replacing hash values with ranks.
[2026-09-27 11:39:21.218] [info] Main parser: writing dictionary on disk NOT COMPRESSED
[2026-09-27 11:39:24.512] [info] No properties requested.
[2026-09-27 11:39:24.512] [info] Main parser: closed
[2026-09-27 11:39:25.858] [info] Parser Integers -	Parse size: 29147533	Dic Size: 12256260 Dic Total Length: 946086684
[Disk Write (bytes): 1344882124]
