[2026-09-27 11:24:19.986] [info] Current Configuration:
; PFP++

; Text file to parse.
text="/mnt/nvme3n1/erikg/sxgc-pilot/k10/h10_rl.txt"

; Output prefix.
out-prefix="/mnt/nvme3n1/erikg/sxgc-laneV/xsa-build-vnapn3jx/parse"

; Sliding window size.
window-size=10

; Modulo used during parsing.
modulo=100

; Number of threads.
threads=8

; Temporary files directory.
tmp-dir="/mnt/nvme3n1/erikg/sxgc-laneV/xsa-build-vnapn3jx"

; Also output compressed the dictionary.
compress-dictionary=false

; Use reference parse to avoid re-parsing.
use-vcf-acceleration=false

; Print out csv containing stats.
print-statistics=false

; Output count for each dictionary phrase.
output-occurrences=false

; Output sai array.
output-sai=false

; Output last array.
output-last=false

; Convert all non ACGT characters from a VCF or FASTA file to N.
acgt-only=false

; Verbose output.
verbose=false

; Version number.
version=false

[2026-09-27 11:24:19.986] [info] Parsing /mnt/nvme3n1/erikg/sxgc-pilot/k10/h10_rl.txt
[2026-09-27 11:34:40.608] [info] Main parser: Replacing hash values with ranks.
[2026-09-27 11:37:51.710] [info] Main parser: writing dictionary on disk NOT COMPRESSED
[2026-09-27 11:38:04.163] [info] No properties requested.
[2026-09-27 11:38:04.163] [info] Main parser: closed
[2026-09-27 11:38:08.907] [info] Parser Text -	Parse size: 333531723	Dic Size: 37705212 Dic Total Length: 5446049184
[Disk Write (bytes): 9486135073]
