[2026-09-27 19:51:55.698] [info] Current Configuration:
; PFP++

; Integers file to parse.
int32t="/mnt/nvme3n1/erikg/sxgc-k10sep/run2/xsa-build-zdovkh5q/parse.parse"

; Sliding window size.
window-size=5

; Modulo used during parsing.
modulo=11

; Number of threads.
threads=16

; Temporary files directory.
tmp-dir="/mnt/nvme3n1/erikg/sxgc-k10sep/run2/xsa-build-zdovkh5q"

; Also output compressed the dictionary.
compress-dictionary=false

; Use reference parse to avoid re-parsing.
use-vcf-acceleration=false

; Print out csv containing stats.
print-statistics=false

; Output count for each dictionary phrase.
output-occurrences=false

; Output sai array.
output-sai=false

; Output last array.
output-last=false

; Convert all non ACGT characters from a VCF or FASTA file to N.
acgt-only=false

; Verbose output.
verbose=false

; Version number.
version=false

[2026-09-27 19:51:55.698] [info] Parsing /mnt/nvme3n1/erikg/sxgc-k10sep/run2/xsa-build-zdovkh5q/parse.parse
[2026-09-27 19:52:18.888] [info] Main parser: Replacing hash values with ranks.
[2026-09-27 19:52:44.760] [info] Main parser: writing dictionary on disk NOT COMPRESSED
[2026-09-27 19:52:47.725] [info] No properties requested.
[2026-09-27 19:52:47.725] [info] Main parser: closed
[2026-09-27 19:52:49.039] [info] Parser Integers -	Parse size: 29184752	Dic Size: 12254013 Dic Total Length: 945582912
[Disk Write (bytes): 1344815992]
