PHI_META n=7 intervals=7 offset=58 bits_per_interval=7 image_bytes=168 threads=2
PHI_PHASE decode-images elapsed=0.000884 peak_kib=12288
PHI_PHASE sort-images elapsed=0.000986 peak_kib=12288
PHI_PHASE validate-permutation elapsed=0.000992 peak_kib=12288
RI4_META n=7 runs=5 sample_width=3
PHI_PROGRESS heads=5/5
PHI_PHASE query elapsed=0.014866 peak_kib=12288
PHI_PHASE complete elapsed=0.014979 peak_kib=12288
PHI_PASS all_values_in_range=1 permutation_validated=1 lf_steps=0 heads=5
PHI_META n=6 intervals=6 offset=58 bits_per_interval=7 image_bytes=144 threads=2
PHI_PHASE decode-images elapsed=0.001982 peak_kib=12288
PHI_PHASE sort-images elapsed=0.002133 peak_kib=12288
PHI_PHASE validate-permutation elapsed=0.002157 peak_kib=12288
RI4_META n=6 runs=2 sample_width=3
PHI_PROGRESS heads=2/2
PHI_PHASE query elapsed=0.013641 peak_kib=12288
PHI_PHASE complete elapsed=0.013729 peak_kib=12288
PHI_PASS all_values_in_range=1 permutation_validated=1 lf_steps=0 heads=2
PHI_META n=1 intervals=1 offset=58 bits_per_interval=3 image_bytes=24 threads=2
PHI_PHASE decode-images elapsed=0.000726 peak_kib=12288
PHI_PHASE sort-images elapsed=0.000807 peak_kib=12288
PHI_PHASE validate-permutation elapsed=0.000812 peak_kib=12288
RI4_META n=1 runs=1 sample_width=1
PHI_PROGRESS heads=1/1
PHI_PHASE query elapsed=0.019475 peak_kib=12288
PHI_PHASE complete elapsed=0.019589 peak_kib=12288
PHI_PASS all_values_in_range=1 permutation_validated=1 lf_steps=0 heads=1
PHI_META n=9 intervals=9 offset=58 bits_per_interval=9 image_bytes=216 threads=2
PHI_PHASE decode-images elapsed=0.002968 peak_kib=12288
PHI_PHASE sort-images elapsed=0.003152 peak_kib=12288
PHI_PHASE validate-permutation elapsed=0.003163 peak_kib=12288
RI4_META n=9 runs=5 sample_width=4
PHI_PROGRESS heads=5/5
PHI_PHASE query elapsed=0.030866 peak_kib=12288
PHI_PHASE complete elapsed=0.031104 peak_kib=12288
PHI_PASS all_values_in_range=1 permutation_validated=1 lf_steps=0 heads=5
PASS: four tiny pilot Phi inversions; front-end mode fails before file access
