[2026-09-28 19:40:53.415] [info] Current Configuration:
; PFP++

; Text file to parse.
text="/home/erikg/sxgc-piletest/pile-frag.txt"

; Read -t as AGC: archive order, uppercase reversed contigs, 0x1e separators.
agc=false

; Output prefix.
out-prefix="/home/erikg/sxgc-piletest/B/xsa-build-wmqsx699/parse"

; Sliding window size.
window-size=10

; Modulo used during parsing.
modulo=100

; Number of threads.
threads=16

; Temporary files directory.
tmp-dir="/home/erikg/sxgc-piletest/B/xsa-build-wmqsx699"

; Also output compressed the dictionary.
compress-dictionary=false

; Use reference parse to avoid re-parsing.
use-vcf-acceleration=false

; Print out csv containing stats.
print-statistics=false

; Output count for each dictionary phrase.
output-occurrences=false

; Output sai array.
output-sai=false

; Output last array.
output-last=false

; Convert all non ACGT characters from a VCF or FASTA file to N.
acgt-only=false

; Verbose output.
verbose=false

; Version number.
version=false

[2026-09-28 19:40:53.415] [info] Parsing /home/erikg/sxgc-piletest/pile-frag.txt
[2026-09-28 19:40:53.415] [error] Input may not contain bytes with integer value less than or equal to 5!
[Disk Write (bytes): 0]
