[2026-09-27 11:14:08.028] [info] Using 8 bytes for computing SA of the dictionary
[2026-09-27 11:14:08.043] [info] Using 3 bytes for storing SA of the dictionary
[2026-09-27 11:14:08.045] [info] Elapsed time (s): 0.016782044
[2026-09-27 11:14:08.045] [info] Using 2 bytes for DA of the dictionary
[2026-09-27 11:14:08.047] [info] Elapsed time (s): 0.002323234
[2026-09-27 11:14:08.047] [info] Using 3 bytes for ISA of the dictionary
[2026-09-27 11:14:08.050] [info] Elapsed time (s): 0.002650373
[2026-09-27 11:14:08.050] [info] Using 2 bytes for LCP of the dictionary
[2026-09-27 11:14:08.057] [info] Elapsed time (s): 0.00707792
[2026-09-27 11:14:08.057] [info] Using 2 bytes for colex id and inverse colex id array of the dictionary
[2026-09-27 11:14:08.058] [info] Elapsed time (s): 0.001487983
[2026-09-27 11:14:08.058] [info] Using 8 bytes for computing SA of the dictionary
[2026-09-27 11:14:08.059] [info] Using 2 bytes for storing SA of the dictionary
[2026-09-27 11:14:08.059] [info] Elapsed time (s): 0.00023676
[2026-09-27 11:14:08.059] [info] Using 1 bytes for DA of the dictionary
[2026-09-27 11:14:08.059] [info] Elapsed time (s): 2.946e-05
[2026-09-27 11:14:08.059] [info] Using 2 bytes for ISA of the dictionary
[2026-09-27 11:14:08.059] [info] Elapsed time (s): 3.99e-05
[2026-09-27 11:14:08.059] [info] Using 1 bytes for LCP of the dictionary
[2026-09-27 11:14:08.059] [info] Elapsed time (s): 3.405e-05
[2026-09-27 11:14:08.059] [info] Computing RMQ over LCP of dictionary
[2026-09-27 11:14:08.059] [info] Elapsed time (s): 7.399e-05
[2026-09-27 11:14:08.059] [info] Using 1 bytes for colex DA of the dictionary
[2026-09-27 11:14:08.059] [info] Using 1 bytes for colex id and inverse colex id array of the dictionary
[2026-09-27 11:14:08.059] [info] Elapsed time (s): 0.000346561
[2026-09-27 11:14:08.059] [info] Using 8 bytes for computing SA of the parsing
[2026-09-27 11:14:08.059] [info] Using 1 bytes for storing SA of the parsing
[2026-09-27 11:14:08.059] [info] Elapsed time (s): 1.543e-05
[2026-09-27 11:14:08.059] [info] Computing b_p
[2026-09-27 11:14:08.059] [info] Computing b_bwt and M of the parsing
[2026-09-27 11:14:08.060] [info] Computing inverted list of BWT(P)
[2026-09-27 11:14:08.060] [info] Using 1 bytes for storing the inverted list of the BWT of the parse
[2026-09-27 11:14:08.060] [info] Precomputing d lengths
[2026-09-27 11:14:08.060] [info] Precomputing d lengths
[2026-09-27 11:14:08.060] [info] Creating v table
[2026-09-27 11:14:08.060] [info] Creating E arrays
[2026-09-27 11:14:08.060] [info] Computing chunks for parallel execution. Total input size: 200011. Requested chunks: 1
[2026-09-27 11:14:08.067] [info] BWT ranges divided in 1 chunks.
[2026-09-27 11:14:08.089] [info] Chunk 1/1 completed
[2026-09-27 11:14:08.095] [info] Completed rle string merge
[2026-09-27 11:14:08.222] [info] Processed: 233 Skipped: 5
[2026-09-27 11:14:08.222] [info] Chunk 1/1 completed
[2026-09-27 11:14:08.222] [info] Writing out sa values at run heads
[2026-09-27 11:14:08.226] [info] Done
