[2026-09-27 11:14:07.888] [info] Using 8 bytes for computing SA of the dictionary
[2026-09-27 11:14:07.889] [info] Using 2 bytes for storing SA of the dictionary
[2026-09-27 11:14:07.889] [info] Elapsed time (s): 0.001693382
[2026-09-27 11:14:07.889] [info] Using 1 bytes for DA of the dictionary
[2026-09-27 11:14:07.890] [info] Elapsed time (s): 0.00020185
[2026-09-27 11:14:07.890] [info] Using 2 bytes for ISA of the dictionary
[2026-09-27 11:14:07.890] [info] Elapsed time (s): 0.000220931
[2026-09-27 11:14:07.890] [info] Using 2 bytes for LCP of the dictionary
[2026-09-27 11:14:07.890] [info] Elapsed time (s): 0.00042459
[2026-09-27 11:14:07.890] [info] Using 1 bytes for colex id and inverse colex id array of the dictionary
[2026-09-27 11:14:07.890] [info] Elapsed time (s): 0.00014821
[2026-09-27 11:14:07.890] [info] Using 8 bytes for computing SA of the dictionary
[2026-09-27 11:14:07.890] [info] Using 2 bytes for storing SA of the dictionary
[2026-09-27 11:14:07.890] [info] Elapsed time (s): 3.2851e-05
[2026-09-27 11:14:07.890] [info] Using 1 bytes for DA of the dictionary
[2026-09-27 11:14:07.890] [info] Elapsed time (s): 4.86e-06
[2026-09-27 11:14:07.890] [info] Using 2 bytes for ISA of the dictionary
[2026-09-27 11:14:07.890] [info] Elapsed time (s): 4.12e-06
[2026-09-27 11:14:07.890] [info] Using 1 bytes for LCP of the dictionary
[2026-09-27 11:14:07.890] [info] Elapsed time (s): 5.34e-06
[2026-09-27 11:14:07.890] [info] Computing RMQ over LCP of dictionary
[2026-09-27 11:14:07.890] [info] Elapsed time (s): 1.074e-05
[2026-09-27 11:14:07.891] [info] Using 1 bytes for colex DA of the dictionary
[2026-09-27 11:14:07.891] [info] Using 1 bytes for colex id and inverse colex id array of the dictionary
[2026-09-27 11:14:07.891] [info] Elapsed time (s): 3.884e-05
[2026-09-27 11:14:07.891] [info] Using 8 bytes for computing SA of the parsing
[2026-09-27 11:14:07.891] [info] Using 1 bytes for storing SA of the parsing
[2026-09-27 11:14:07.891] [info] Elapsed time (s): 5.56e-06
[2026-09-27 11:14:07.891] [info] Computing b_p
[2026-09-27 11:14:07.891] [info] Computing b_bwt and M of the parsing
[2026-09-27 11:14:07.891] [info] Computing inverted list of BWT(P)
[2026-09-27 11:14:07.891] [info] Using 1 bytes for storing the inverted list of the BWT of the parse
[2026-09-27 11:14:07.891] [info] Precomputing d lengths
[2026-09-27 11:14:07.891] [info] Precomputing d lengths
[2026-09-27 11:14:07.891] [info] Creating v table
[2026-09-27 11:14:07.891] [info] Creating E arrays
[2026-09-27 11:14:07.891] [info] Computing chunks for parallel execution. Total input size: 20011. Requested chunks: 1
[2026-09-27 11:14:07.896] [info] BWT ranges divided in 1 chunks.
[2026-09-27 11:14:07.904] [info] Chunk 1/1 completed
[2026-09-27 11:14:07.904] [info] Completed rle string merge
[2026-09-27 11:14:07.920] [info] Processed: 937 Skipped: 39
[2026-09-27 11:14:07.920] [info] Chunk 1/1 completed
[2026-09-27 11:14:07.920] [info] Writing out sa values at run heads
[2026-09-27 11:14:07.920] [info] Done
