COMMAND ["/tmp/laneU/sxi-tools/slim_dump", "--slim", "--resolve-ri4", "--dict-stream", "--sxi", "/tmp/laneU/new-format-check/random-4-200k.sxi", "--parse", "/tmp/laneY/bat/random-4-200k_pfp", "-t", "8", "-o", "/tmp/laneU/new-format-check/random-4-200k.sxi.agg"]
ri4: n=200001 k=1 R=149887
SLIM_PHASE ri4-load wall=0.009 cumulative=0.009 peak_rss_kib=30392
SLIM_HEAD_SA bytes=1202712 rows=149887 mmap=1
SLIM_PHASE dict-read wall=0.000 cumulative=0.010 peak_rss_kib=30392
SLIM_PHASE dict-boundaries wall=0.003 cumulative=0.012 peak_rss_kib=30392
SLIM_STRING_ENDS count=1 bytes=8 from_parse_dict=1
SLIM_PHASE parse+boundaries wall=0.000 cumulative=0.013 peak_rss_kib=30392
SLIM_PHASE parse-fingerprints wall=0.000 cumulative=0.013 peak_rss_kib=30392
SLIM_PHASE dict-fingerprints wall=0.001 cumulative=0.014 peak_rss_kib=30392
SLIM_STRUCT n=200011 P=2018 D=222210 phrases=2018 parse_bytes=8076 bd_bytes=2582 bp_bytes=2582 dict_resident=0 dict_cache_per_thread=262144 no_SA_ISA_LCP_RMQ=1 no_M_b_bwt_w_wt=1
SLIM_PHASE lce-build-total wall=0.005 cumulative=0.014 peak_rss_kib=30392
anchors: 0 string-start rows
SLIM_PHASE lf-build wall=0.003 cumulative=0.017 peak_rss_kib=30392
SLIM_RI runs=749435 starts=1199096 samples=337248 lf_capacity=2247716
SLIM_PROGRESS runs=65536/149887 resolve_wall=0.019 lce_wall=0.061 write_wall=0.003 lf_steps=0 cache_hits=0
SLIM_PHASE query-chunks wall=0.085 cumulative=0.102 peak_rss_kib=30392
SLIM_PHASE queries+stream-write-final wall=0.106 cumulative=0.208 peak_rss_kib=30392
SLIM_FP parse tau=1 bytes=16160 queries=57 verified_symbols=57 hash_probes=0 mean_verified=1.000000000 max_verified=1
SLIM_FP dict tau=12 bytes=148144 queries=187479 verified_symbols=1679656 hash_probes=4342 mean_verified=8.959168760 max_verified=19
SLIM_QUERY_PHASE resolve_wall=0.043904 resolve_peak_kib=30392 lce_wall=0.139910 lce_peak_kib=30392 write_wall=0.005823 write_peak_kib=30392
SLIM_SEEDS queries=187423 mean_verified_phrases=0.000304125 max_verified_phrases=1 (includes_zero_parse_work_seeds; boundary_included)
SLIM_RESOLVE walks=0 steps=0 max=0 anchor=0 failed=0 cache_hits=0
SLIM_BOUNDARY_RESOLVE head_direct=149887 tail_direct=187423 head_lf_steps=0
