COMMAND ["/tmp/laneU/sxi-tools/slim_dump", "--slim", "--resolve-ri4", "--dict-stream", "--sxi", "/tmp/laneU/new-format-check/random-4-20k.sxi", "--parse", "/tmp/laneY/bat/random-4-20k_pfp", "-t", "8", "-o", "/tmp/laneU/new-format-check/random-4-20k.sxi.agg"]
ri4: n=20001 k=1 R=14959
SLIM_PHASE ri4-load wall=0.002 cumulative=0.002 peak_rss_kib=18432
SLIM_HEAD_SA bytes=122496 rows=14959 mmap=1
SLIM_PHASE dict-read wall=0.000 cumulative=0.002 peak_rss_kib=18432
SLIM_PHASE dict-boundaries wall=0.000 cumulative=0.002 peak_rss_kib=18432
SLIM_STRING_ENDS count=1 bytes=8 from_parse_dict=1
SLIM_PHASE parse+boundaries wall=0.000 cumulative=0.002 peak_rss_kib=18432
SLIM_PHASE parse-fingerprints wall=0.000 cumulative=0.002 peak_rss_kib=18432
SLIM_PHASE dict-fingerprints wall=0.000 cumulative=0.002 peak_rss_kib=18432
SLIM_STRUCT n=20011 P=228 D=22520 phrases=228 parse_bytes=916 bd_bytes=526 bp_bytes=518 dict_resident=0 dict_cache_per_thread=262144 no_SA_ISA_LCP_RMQ=1 no_M_b_bwt_w_wt=1
SLIM_PHASE lce-build-total wall=0.001 cumulative=0.002 peak_rss_kib=18432
anchors: 0 string-start rows
SLIM_PHASE lf-build wall=0.000 cumulative=0.003 peak_rss_kib=18432
SLIM_RI runs=74795 starts=119672 samples=28056 lf_capacity=185252
SLIM_PROGRESS runs=14959/14959 resolve_wall=0.003 lce_wall=0.009 write_wall=0.000 lf_steps=0 cache_hits=0
SLIM_PHASE query-chunks wall=0.014 cumulative=0.017 peak_rss_kib=18432
SLIM_PHASE queries+stream-write-final wall=0.000 cumulative=0.017 peak_rss_kib=18432
SLIM_FP parse tau=1 bytes=1840 queries=0 verified_symbols=0 hash_probes=0 mean_verified=0.000000000 max_verified=0
SLIM_FP dict tau=13 bytes=13864 queries=18736 verified_symbols=136878 hash_probes=0 mean_verified=7.305614859 max_verified=13
SLIM_QUERY_PHASE resolve_wall=0.003388 resolve_peak_kib=18432 lce_wall=0.009341 lce_peak_kib=18432 write_wall=0.000463 write_peak_kib=18432
SLIM_SEEDS queries=18737 mean_verified_phrases=0.000000000 max_verified_phrases=0 (includes_zero_parse_work_seeds; boundary_included)
SLIM_RESOLVE walks=0 steps=0 max=0 anchor=0 failed=0 cache_hits=0
SLIM_BOUNDARY_RESOLVE head_direct=14959 tail_direct=18737 head_lf_steps=0
