[2026-09-27 11:10:05.660] [info] Using 8 bytes for computing SA of the dictionary
[2026-09-27 11:10:05.662] [info] Using 2 bytes for storing SA of the dictionary
[2026-09-27 11:10:05.662] [info] Elapsed time (s): 0.001684492
[2026-09-27 11:10:05.662] [info] Using 1 bytes for DA of the dictionary
[2026-09-27 11:10:05.662] [info] Elapsed time (s): 0.000199361
[2026-09-27 11:10:05.662] [info] Using 2 bytes for ISA of the dictionary
[2026-09-27 11:10:05.662] [info] Elapsed time (s): 0.00018827
[2026-09-27 11:10:05.662] [info] Using 2 bytes for LCP of the dictionary
[2026-09-27 11:10:05.663] [info] Elapsed time (s): 0.00041198
[2026-09-27 11:10:05.663] [info] Using 1 bytes for colex id and inverse colex id array of the dictionary
[2026-09-27 11:10:05.663] [info] Elapsed time (s): 0.000145301
[2026-09-27 11:10:05.663] [info] Using 8 bytes for computing SA of the dictionary
[2026-09-27 11:10:05.663] [info] Using 2 bytes for storing SA of the dictionary
[2026-09-27 11:10:05.663] [info] Elapsed time (s): 3.285e-05
[2026-09-27 11:10:05.663] [info] Using 1 bytes for DA of the dictionary
[2026-09-27 11:10:05.663] [info] Elapsed time (s): 4.67e-06
[2026-09-27 11:10:05.663] [info] Using 2 bytes for ISA of the dictionary
[2026-09-27 11:10:05.663] [info] Elapsed time (s): 4.17e-06
[2026-09-27 11:10:05.663] [info] Using 1 bytes for LCP of the dictionary
[2026-09-27 11:10:05.663] [info] Elapsed time (s): 5.38e-06
[2026-09-27 11:10:05.663] [info] Computing RMQ over LCP of dictionary
[2026-09-27 11:10:05.663] [info] Elapsed time (s): 1.157e-05
[2026-09-27 11:10:05.663] [info] Using 1 bytes for colex DA of the dictionary
[2026-09-27 11:10:05.663] [info] Using 1 bytes for colex id and inverse colex id array of the dictionary
[2026-09-27 11:10:05.663] [info] Elapsed time (s): 3.999e-05
[2026-09-27 11:10:05.663] [info] Using 8 bytes for computing SA of the parsing
[2026-09-27 11:10:05.663] [info] Using 1 bytes for storing SA of the parsing
[2026-09-27 11:10:05.663] [info] Elapsed time (s): 6.26e-06
[2026-09-27 11:10:05.663] [info] Computing b_p
[2026-09-27 11:10:05.663] [info] Computing b_bwt and M of the parsing
[2026-09-27 11:10:05.663] [info] Computing inverted list of BWT(P)
[2026-09-27 11:10:05.663] [info] Using 1 bytes for storing the inverted list of the BWT of the parse
[2026-09-27 11:10:05.664] [info] Precomputing d lengths
[2026-09-27 11:10:05.664] [info] Precomputing d lengths
[2026-09-27 11:10:05.664] [info] Creating v table
[2026-09-27 11:10:05.664] [info] Creating E arrays
[2026-09-27 11:10:05.664] [info] Computing chunks for parallel execution. Total input size: 20011. Requested chunks: 50
[2026-09-27 11:10:05.669] [info] BWT ranges divided in 50 chunks.
[2026-09-27 11:10:05.670] [info] Chunk 1/50 completed
[2026-09-27 11:10:05.670] [info] Chunk 9/50 completed
[2026-09-27 11:10:05.670] [info] Chunk 10/50 completed
[2026-09-27 11:10:05.671] [info] Chunk 2/50 completed
[2026-09-27 11:10:05.671] [info] Chunk 4/50 completed
[2026-09-27 11:10:05.671] [info] Chunk 11/50 completed
[2026-09-27 11:10:05.671] [info] Chunk 6/50 completed
[2026-09-27 11:10:05.671] [info] Chunk 5/50 completed
[2026-09-27 11:10:05.671] [info] Chunk 12/50 completed
[2026-09-27 11:10:05.671] [info] Chunk 14/50 completed
[2026-09-27 11:10:05.671] [info] Chunk 7/50 completed
[2026-09-27 11:10:05.671] [info] Chunk 13/50 completed
[2026-09-27 11:10:05.671] [info] Chunk 3/50 completed
[2026-09-27 11:10:05.671] [info] Chunk 15/50 completed
[2026-09-27 11:10:05.671] [info] Chunk 8/50 completed
[2026-09-27 11:10:05.671] [info] Chunk 16/50 completed
[2026-09-27 11:10:05.671] [info] Chunk 18/50 completed
[2026-09-27 11:10:05.671] [info] Chunk 17/50 completed
[2026-09-27 11:10:05.671] [info] Chunk 20/50 completed
[2026-09-27 11:10:05.671] [info] Chunk 22/50 completed
[2026-09-27 11:10:05.671] [info] Chunk 24/50 completed
[2026-09-27 11:10:05.671] [info] Chunk 21/50 completed
[2026-09-27 11:10:05.671] [info] Chunk 19/50 completed
[2026-09-27 11:10:05.671] [info] Chunk 26/50 completed
[2026-09-27 11:10:05.671] [info] Chunk 25/50 completed
[2026-09-27 11:10:05.671] [info] Chunk 27/50 completed
[2026-09-27 11:10:05.671] [info] Chunk 23/50 completed
[2026-09-27 11:10:05.671] [info] Chunk 28/50 completed
[2026-09-27 11:10:05.671] [info] Chunk 29/50 completed
[2026-09-27 11:10:05.671] [info] Chunk 30/50 completed
[2026-09-27 11:10:05.671] [info] Chunk 31/50 completed
[2026-09-27 11:10:05.671] [info] Chunk 33/50 completed
[2026-09-27 11:10:05.671] [info] Chunk 32/50 completed
[2026-09-27 11:10:05.671] [info] Chunk 34/50 completed
[2026-09-27 11:10:05.671] [info] Chunk 36/50 completed
[2026-09-27 11:10:05.671] [info] Chunk 35/50 completed
[2026-09-27 11:10:05.671] [info] Chunk 37/50 completed
[2026-09-27 11:10:05.671] [info] Chunk 38/50 completed
[2026-09-27 11:10:05.671] [info] Chunk 40/50 completed
[2026-09-27 11:10:05.671] [info] Chunk 39/50 completed
[2026-09-27 11:10:05.671] [info] Chunk 41/50 completed
[2026-09-27 11:10:05.671] [info] Chunk 42/50 completed
[2026-09-27 11:10:05.671] [info] Chunk 43/50 completed
[2026-09-27 11:10:05.671] [info] Chunk 44/50 completed
[2026-09-27 11:10:05.671] [info] Chunk 45/50 completed
[2026-09-27 11:10:05.671] [info] Chunk 46/50 completed
[2026-09-27 11:10:05.671] [info] Chunk 47/50 completed
[2026-09-27 11:10:05.671] [info] Chunk 50/50 completed
[2026-09-27 11:10:05.671] [info] Chunk 49/50 completed
[2026-09-27 11:10:05.671] [info] Chunk 48/50 completed
[2026-09-27 11:10:05.676] [info] Completed rle string merge
[2026-09-27 11:10:05.677] [info] Processed: 6 Skipped: 0
[2026-09-27 11:10:05.677] [info] Chunk 2/50 completed
[2026-09-27 11:10:05.677] [info] Processed: 1 Skipped: 0
[2026-09-27 11:10:05.677] [info] Processed: 8 Skipped: 0
[2026-09-27 11:10:05.677] [info] Chunk 1/50 completed
[2026-09-27 11:10:05.677] [info] Processed: 11 Skipped: 1
[2026-09-27 11:10:05.677] [info] Processed: 11 Skipped: 1
[2026-09-27 11:10:05.677] [info] Chunk 3/50 completed
[2026-09-27 11:10:05.677] [info] Chunk 5/50 completed
[2026-09-27 11:10:05.677] [info] Chunk 4/50 completed
[2026-09-27 11:10:05.678] [info] Processed: 17 Skipped: 1
[2026-09-27 11:10:05.678] [info] Processed: 7 Skipped: 1
[2026-09-27 11:10:05.678] [info] Chunk 7/50 completed
[2026-09-27 11:10:05.678] [info] Processed: 8 Skipped: 0
[2026-09-27 11:10:05.678] [info] Chunk 6/50 completed
[2026-09-27 11:10:05.678] [info] Chunk 8/50 completed
[2026-09-27 11:10:05.678] [info] Processed: 21 Skipped: 0
[2026-09-27 11:10:05.678] [info] Chunk 9/50 completed
[2026-09-27 11:10:05.678] [info] Processed: 14 Skipped: 1
[2026-09-27 11:10:05.678] [info] Chunk 10/50 completed
[2026-09-27 11:10:05.678] [info] Processed: 27 Skipped: 1
[2026-09-27 11:10:05.678] [info] Processed: 4 Skipped: 0
[2026-09-27 11:10:05.678] [info] Chunk 11/50 completed
[2026-09-27 11:10:05.678] [info] Processed: 29 Skipped: 1
[2026-09-27 11:10:05.678] [info] Chunk 12/50 completed
[2026-09-27 11:10:05.678] [info] Chunk 13/50 completed
[2026-09-27 11:10:05.678] [info] Processed: 18 Skipped: 0
[2026-09-27 11:10:05.678] [info] Chunk 14/50 completed
[2026-09-27 11:10:05.678] [info] Processed: 11 Skipped: 0
[2026-09-27 11:10:05.678] [info] Processed: 19 Skipped: 1
[2026-09-27 11:10:05.678] [info] Chunk 16/50 completed
[2026-09-27 11:10:05.678] [info] Chunk 15/50 completed
[2026-09-27 11:10:05.678] [info] Processed: 22 Skipped: 0
[2026-09-27 11:10:05.678] [info] Chunk 17/50 completed
[2026-09-27 11:10:05.678] [info] Processed: 17 Skipped: 2
[2026-09-27 11:10:05.678] [info] Chunk 18/50 completed
[2026-09-27 11:10:05.678] [info] Processed: 46 Skipped: 0
[2026-09-27 11:10:05.678] [info] Chunk 19/50 completed
[2026-09-27 11:10:05.678] [info] Processed: 4 Skipped: 1
[2026-09-27 11:10:05.678] [info] Chunk 20/50 completed
[2026-09-27 11:10:05.678] [info] Processed: 28 Skipped: 0
[2026-09-27 11:10:05.678] [info] Processed: 13 Skipped: 2
[2026-09-27 11:10:05.678] [info] Chunk 21/50 completed
[2026-09-27 11:10:05.678] [info] Chunk 22/50 completed
[2026-09-27 11:10:05.679] [info] Processed: 18 Skipped: 0
[2026-09-27 11:10:05.679] [info] Processed: 11 Skipped: 0
[2026-09-27 11:10:05.679] [info] Chunk 24/50 completed
[2026-09-27 11:10:05.679] [info] Processed: 44 Skipped: 2
[2026-09-27 11:10:05.679] [info] Chunk 23/50 completed
[2026-09-27 11:10:05.679] [info] Chunk 25/50 completed
[2026-09-27 11:10:05.679] [info] Processed: 1 Skipped: 1
[2026-09-27 11:10:05.679] [info] Chunk 26/50 completed
[2026-09-27 11:10:05.679] [info] Processed: 27 Skipped: 2
[2026-09-27 11:10:05.679] [info] Processed: 2 Skipped: 2
[2026-09-27 11:10:05.679] [info] Chunk 27/50 completed
[2026-09-27 11:10:05.679] [info] Chunk 28/50 completed
[2026-09-27 11:10:05.679] [info] Processed: 15 Skipped: 2
[2026-09-27 11:10:05.679] [info] Processed: 16 Skipped: 0
[2026-09-27 11:10:05.679] [info] Chunk 29/50 completed
[2026-09-27 11:10:05.679] [info] Chunk 30/50 completed
[2026-09-27 11:10:05.679] [info] Processed: 35 Skipped: 0
[2026-09-27 11:10:05.679] [info] Chunk 31/50 completed
[2026-09-27 11:10:05.679] [info] Processed: 21 Skipped: 0
[2026-09-27 11:10:05.679] [info] Chunk 32/50 completed
[2026-09-27 11:10:05.679] [info] Processed: 18 Skipped: 1
[2026-09-27 11:10:05.679] [info] Chunk 33/50 completed
[2026-09-27 11:10:05.679] [info] Processed: 23 Skipped: 3
[2026-09-27 11:10:05.679] [info] Chunk 34/50 completed
[2026-09-27 11:10:05.679] [info] Processed: 23 Skipped: 0
[2026-09-27 11:10:05.679] [info] Processed: 39 Skipped: 0
[2026-09-27 11:10:05.679] [info] Chunk 35/50 completed
[2026-09-27 11:10:05.679] [info] Chunk 36/50 completed
[2026-09-27 11:10:05.679] [info] Processed: 13 Skipped: 0
[2026-09-27 11:10:05.679] [info] Chunk 37/50 completed
[2026-09-27 11:10:05.679] [info] Processed: 29 Skipped: 1
[2026-09-27 11:10:05.679] [info] Chunk 38/50 completed
[2026-09-27 11:10:05.679] [info] Processed: 12 Skipped: 0
[2026-09-27 11:10:05.679] [info] Chunk 39/50 completed
[2026-09-27 11:10:05.679] [info] Processed: 13 Skipped: 4
[2026-09-27 11:10:05.679] [info] Chunk 40/50 completed
[2026-09-27 11:10:05.679] [info] Processed: 20 Skipped: 3
[2026-09-27 11:10:05.680] [info] Processed: 48 Skipped: 1
[2026-09-27 11:10:05.680] [info] Chunk 41/50 completed
[2026-09-27 11:10:05.680] [info] Chunk 42/50 completed
[2026-09-27 11:10:05.680] [info] Processed: 19 Skipped: 0
[2026-09-27 11:10:05.680] [info] Processed: 22 Skipped: 1
[2026-09-27 11:10:05.680] [info] Chunk 43/50 completed
[2026-09-27 11:10:05.680] [info] Chunk 44/50 completed
[2026-09-27 11:10:05.680] [info] Processed: 11 Skipped: 0
[2026-09-27 11:10:05.680] [info] Chunk 45/50 completed
[2026-09-27 11:10:05.680] [info] Processed: 25 Skipped: 0
[2026-09-27 11:10:05.680] [info] Processed: 13 Skipped: 3
[2026-09-27 11:10:05.680] [info] Chunk 46/50 completed
[2026-09-27 11:10:05.680] [info] Chunk 47/50 completed
[2026-09-27 11:10:05.680] [info] Processed: 4 Skipped: 0
[2026-09-27 11:10:05.680] [info] Chunk 50/50 completed
[2026-09-27 11:10:05.680] [info] Processed: 46 Skipped: 0
[2026-09-27 11:10:05.680] [info] Chunk 48/50 completed
[2026-09-27 11:10:05.680] [info] Processed: 27 Skipped: 0
[2026-09-27 11:10:05.680] [info] Chunk 49/50 completed
[2026-09-27 11:10:05.680] [info] Writing out sa values at run heads
[2026-09-27 11:10:05.682] [info] Done
