COMMAND ["/tmp/laneU/sxi-tools/slim_dump", "--slim", "--resolve-ri4", "--dict-stream", "--sxi", "/tmp/laneU/new-format-check/random-bin-20k.sxi", "--parse", "/tmp/laneY/bat/random-bin-20k_pfp", "-t", "8", "-o", "/tmp/laneU/new-format-check/random-bin-20k.sxi.agg"]
ri4: n=20001 k=1 R=9883
SLIM_PHASE ri4-load wall=0.002 cumulative=0.002 peak_rss_kib=18432
SLIM_HEAD_SA bytes=79752 rows=9883 mmap=1
SLIM_PHASE dict-read wall=0.000 cumulative=0.002 peak_rss_kib=18432
SLIM_PHASE dict-boundaries wall=0.000 cumulative=0.002 peak_rss_kib=18432
SLIM_STRING_ENDS count=1 bytes=8 from_parse_dict=1
SLIM_PHASE parse+boundaries wall=0.000 cumulative=0.002 peak_rss_kib=18432
SLIM_PHASE parse-fingerprints wall=0.000 cumulative=0.002 peak_rss_kib=18432
SLIM_PHASE dict-fingerprints wall=0.000 cumulative=0.002 peak_rss_kib=18432
SLIM_STRUCT n=20011 P=225 D=22411 phrases=220 parse_bytes=904 bd_bytes=518 bp_bytes=518 dict_resident=0 dict_cache_per_thread=262144 no_SA_ISA_LCP_RMQ=1 no_M_b_bwt_w_wt=1
SLIM_PHASE lce-build-total wall=0.001 cumulative=0.002 peak_rss_kib=18432
anchors: 0 string-start rows
SLIM_PHASE lf-build wall=0.000 cumulative=0.002 peak_rss_kib=18432
SLIM_RI runs=49415 starts=79064 samples=18536 lf_capacity=144628
SLIM_PROGRESS runs=9883/9883 resolve_wall=0.002 lce_wall=0.011 write_wall=0.000 lf_steps=0 cache_hits=0
SLIM_PHASE query-chunks wall=0.014 cumulative=0.017 peak_rss_kib=18432
SLIM_PHASE queries+stream-write-final wall=0.000 cumulative=0.017 peak_rss_kib=18432
SLIM_FP parse tau=1 bytes=1816 queries=498 verified_symbols=505 hash_probes=7 mean_verified=1.014056225 max_verified=2
SLIM_FP dict tau=19 bytes=9440 queries=15347 verified_symbols=210781 hash_probes=7768 mean_verified=13.734345475 max_verified=26
SLIM_QUERY_PHASE resolve_wall=0.002059 resolve_peak_kib=18432 lce_wall=0.010754 lce_peak_kib=18432 write_wall=0.000319 write_peak_kib=18432
SLIM_SEEDS queries=14855 mean_verified_phrases=0.033995288 max_verified_phrases=2 (includes_zero_parse_work_seeds; boundary_included)
SLIM_RESOLVE walks=0 steps=0 max=0 anchor=0 failed=0 cache_hits=0
SLIM_BOUNDARY_RESOLVE head_direct=9883 tail_direct=14855 head_lf_steps=0
