[2026-09-27 11:14:08.012] [info] Current Configuration:
; PFP++

; Text file to parse.
text="/tmp/laneY/bat/random-4-200k.txt"

; Output prefix.
out-prefix="/tmp/laneV/g0-final/xsa-build-ce11f4_r/parse"

; Sliding window size.
window-size=10

; Modulo used during parsing.
modulo=100

; Number of threads.
threads=8

; Temporary files directory.
tmp-dir="/tmp/laneV/g0-final/xsa-build-ce11f4_r"

; Also output compressed the dictionary.
compress-dictionary=false

; Use reference parse to avoid re-parsing.
use-vcf-acceleration=false

; Print out csv containing stats.
print-statistics=false

; Output count for each dictionary phrase.
output-occurrences=false

; Output sai array.
output-sai=false

; Output last array.
output-last=false

; Convert all non ACGT characters from a VCF or FASTA file to N.
acgt-only=false

; Verbose output.
verbose=false

; Version number.
version=false

[2026-09-27 11:14:08.012] [info] Parsing /tmp/laneY/bat/random-4-200k.txt
[2026-09-27 11:14:08.016] [info] Main parser: Replacing hash values with ranks.
[2026-09-27 11:14:08.017] [info] Main parser: writing dictionary on disk NOT COMPRESSED
[2026-09-27 11:14:08.017] [info] No properties requested.
[2026-09-27 11:14:08.017] [info] Main parser: closed
[2026-09-27 11:14:08.017] [info] Parser Text -	Parse size: 2018	Dic Size: 2018 Dic Total Length: 220182
[Disk Write (bytes): 246417]
