[2026-09-27 11:14:08.022] [info] Current Configuration:
; PFP++

; Integers file to parse.
int32t="/tmp/laneV/g0-final/xsa-build-ce11f4_r/parse.parse"

; Sliding window size.
window-size=5

; Modulo used during parsing.
modulo=11

; Number of threads.
threads=8

; Temporary files directory.
tmp-dir="/tmp/laneV/g0-final/xsa-build-ce11f4_r"

; Also output compressed the dictionary.
compress-dictionary=false

; Use reference parse to avoid re-parsing.
use-vcf-acceleration=false

; Print out csv containing stats.
print-statistics=false

; Output count for each dictionary phrase.
output-occurrences=false

; Output sai array.
output-sai=false

; Output last array.
output-last=false

; Convert all non ACGT characters from a VCF or FASTA file to N.
acgt-only=false

; Verbose output.
verbose=false

; Version number.
version=false

[2026-09-27 11:14:08.022] [info] Parsing /tmp/laneV/g0-final/xsa-build-ce11f4_r/parse.parse
[2026-09-27 11:14:08.022] [info] Main parser: Replacing hash values with ranks.
[2026-09-27 11:14:08.022] [info] Main parser: writing dictionary on disk NOT COMPRESSED
[2026-09-27 11:14:08.022] [info] No properties requested.
[2026-09-27 11:14:08.022] [info] Main parser: closed
[2026-09-27 11:14:08.022] [info] Parser Integers -	Parse size: 219	Dic Size: 219 Dic Total Length: 12456
[Disk Write (bytes): 15964]
