[2026-09-27 11:15:02.122] [info] Using 8 bytes for computing SA of the dictionary
[2026-09-27 11:15:02.123] [info] Using 2 bytes for storing SA of the dictionary
[2026-09-27 11:15:02.123] [info] Elapsed time (s): 0.00023033
[2026-09-27 11:15:02.123] [info] Using 1 bytes for DA of the dictionary
[2026-09-27 11:15:02.123] [info] Elapsed time (s): 2.094e-05
[2026-09-27 11:15:02.123] [info] Using 2 bytes for ISA of the dictionary
[2026-09-27 11:15:02.123] [info] Elapsed time (s): 1.827e-05
[2026-09-27 11:15:02.123] [info] Using 2 bytes for LCP of the dictionary
[2026-09-27 11:15:02.123] [info] Elapsed time (s): 4.515e-05
[2026-09-27 11:15:02.123] [info] Using 1 bytes for colex id and inverse colex id array of the dictionary
[2026-09-27 11:15:02.123] [info] Elapsed time (s): 1.31e-05
[2026-09-27 11:15:02.123] [info] Using 8 bytes for computing SA of the dictionary
[2026-09-27 11:15:02.123] [info] Using 1 bytes for storing SA of the dictionary
[2026-09-27 11:15:02.123] [info] Elapsed time (s): 9.38e-06
[2026-09-27 11:15:02.123] [info] Using 1 bytes for DA of the dictionary
[2026-09-27 11:15:02.123] [info] Elapsed time (s): 2.07e-06
[2026-09-27 11:15:02.123] [info] Using 1 bytes for ISA of the dictionary
[2026-09-27 11:15:02.123] [info] Elapsed time (s): 1.78e-06
[2026-09-27 11:15:02.123] [info] Using 1 bytes for LCP of the dictionary
[2026-09-27 11:15:02.123] [info] Elapsed time (s): 2.27e-06
[2026-09-27 11:15:02.123] [info] Computing RMQ over LCP of dictionary
[2026-09-27 11:15:02.123] [info] Elapsed time (s): 5.31e-06
[2026-09-27 11:15:02.123] [info] Using 1 bytes for colex DA of the dictionary
[2026-09-27 11:15:02.123] [info] Using 1 bytes for colex id and inverse colex id array of the dictionary
[2026-09-27 11:15:02.123] [info] Elapsed time (s): 1.014e-05
[2026-09-27 11:15:02.123] [info] Using 8 bytes for computing SA of the parsing
[2026-09-27 11:15:02.123] [info] Using 1 bytes for storing SA of the parsing
[2026-09-27 11:15:02.123] [info] Elapsed time (s): 4.75e-06
[2026-09-27 11:15:02.123] [info] Computing b_p
[2026-09-27 11:15:02.123] [info] Computing b_bwt and M of the parsing
[2026-09-27 11:15:02.123] [info] Computing inverted list of BWT(P)
[2026-09-27 11:15:02.123] [info] Using 1 bytes for storing the inverted list of the BWT of the parse
[2026-09-27 11:15:02.123] [info] Precomputing d lengths
[2026-09-27 11:15:02.123] [info] Precomputing d lengths
[2026-09-27 11:15:02.123] [info] Creating v table
[2026-09-27 11:15:02.123] [info] Creating E arrays
[2026-09-27 11:15:02.123] [info] Computing chunks for parallel execution. Total input size: 2011. Requested chunks: 1
[2026-09-27 11:15:02.123] [info] BWT ranges divided in 1 chunks.
[2026-09-27 11:15:02.124] [info] Chunk 1/1 completed
[2026-09-27 11:15:02.125] [info] Completed rle string merge
[2026-09-27 11:15:02.126] [info] Processed: 0 Skipped: 0
[2026-09-27 11:15:02.126] [info] Chunk 1/1 completed
[2026-09-27 11:15:02.126] [info] Writing out sa values at run heads
[2026-09-27 11:15:02.126] [info] Done
