[2026-09-27 11:30:46.158] [info] Using 8 bytes for computing SA of the dictionary
[2026-09-27 11:30:46.158] [info] Using 2 bytes for storing SA of the dictionary
[2026-09-27 11:30:46.158] [info] Elapsed time (s): 0.000222141
[2026-09-27 11:30:46.158] [info] Using 1 bytes for DA of the dictionary
[2026-09-27 11:30:46.158] [info] Elapsed time (s): 2.144e-05
[2026-09-27 11:30:46.158] [info] Using 2 bytes for ISA of the dictionary
[2026-09-27 11:30:46.158] [info] Elapsed time (s): 1.857e-05
[2026-09-27 11:30:46.158] [info] Using 2 bytes for LCP of the dictionary
[2026-09-27 11:30:46.158] [info] Elapsed time (s): 4.27e-05
[2026-09-27 11:30:46.158] [info] Using 1 bytes for colex id and inverse colex id array of the dictionary
[2026-09-27 11:30:46.158] [info] Elapsed time (s): 1.358e-05
[2026-09-27 11:30:46.158] [info] Using 8 bytes for computing SA of the dictionary
[2026-09-27 11:30:46.158] [info] Using 1 bytes for storing SA of the dictionary
[2026-09-27 11:30:46.158] [info] Elapsed time (s): 9.73e-06
[2026-09-27 11:30:46.158] [info] Using 1 bytes for DA of the dictionary
[2026-09-27 11:30:46.158] [info] Elapsed time (s): 2.04e-06
[2026-09-27 11:30:46.158] [info] Using 1 bytes for ISA of the dictionary
[2026-09-27 11:30:46.158] [info] Elapsed time (s): 1.79e-06
[2026-09-27 11:30:46.158] [info] Using 1 bytes for LCP of the dictionary
[2026-09-27 11:30:46.158] [info] Elapsed time (s): 2.24e-06
[2026-09-27 11:30:46.158] [info] Computing RMQ over LCP of dictionary
[2026-09-27 11:30:46.158] [info] Elapsed time (s): 8.67e-06
[2026-09-27 11:30:46.158] [info] Using 1 bytes for colex DA of the dictionary
[2026-09-27 11:30:46.158] [info] Using 1 bytes for colex id and inverse colex id array of the dictionary
[2026-09-27 11:30:46.158] [info] Elapsed time (s): 1.058e-05
[2026-09-27 11:30:46.158] [info] Using 8 bytes for computing SA of the parsing
[2026-09-27 11:30:46.158] [info] Using 1 bytes for storing SA of the parsing
[2026-09-27 11:30:46.158] [info] Elapsed time (s): 5.01e-06
[2026-09-27 11:30:46.158] [info] Computing b_p
[2026-09-27 11:30:46.158] [info] Computing b_bwt and M of the parsing
[2026-09-27 11:30:46.158] [info] Computing inverted list of BWT(P)
[2026-09-27 11:30:46.158] [info] Using 1 bytes for storing the inverted list of the BWT of the parse
[2026-09-27 11:30:46.158] [info] Precomputing d lengths
[2026-09-27 11:30:46.158] [info] Precomputing d lengths
[2026-09-27 11:30:46.158] [info] Creating v table
[2026-09-27 11:30:46.158] [info] Creating E arrays
[2026-09-27 11:30:46.158] [info] Computing chunks for parallel execution. Total input size: 2011. Requested chunks: 1
[2026-09-27 11:30:46.159] [info] BWT ranges divided in 1 chunks.
[2026-09-27 11:30:46.159] [info] Chunk 1/1 completed
[2026-09-27 11:30:46.160] [info] Completed rle string merge
[2026-09-27 11:30:46.162] [info] Processed: 0 Skipped: 0
[2026-09-27 11:30:46.162] [info] Chunk 1/1 completed
[2026-09-27 11:30:46.162] [info] Writing out sa values at run heads
[2026-09-27 11:30:46.162] [info] Done
