[2026-09-27 11:30:46.233] [info] Using 8 bytes for computing SA of the dictionary
[2026-09-27 11:30:46.233] [info] Using 2 bytes for storing SA of the dictionary
[2026-09-27 11:30:46.233] [info] Elapsed time (s): 0.00021954
[2026-09-27 11:30:46.233] [info] Using 1 bytes for DA of the dictionary
[2026-09-27 11:30:46.233] [info] Elapsed time (s): 2.098e-05
[2026-09-27 11:30:46.233] [info] Using 2 bytes for ISA of the dictionary
[2026-09-27 11:30:46.233] [info] Elapsed time (s): 1.825e-05
[2026-09-27 11:30:46.233] [info] Using 2 bytes for LCP of the dictionary
[2026-09-27 11:30:46.233] [info] Elapsed time (s): 4.284e-05
[2026-09-27 11:30:46.233] [info] Using 1 bytes for colex id and inverse colex id array of the dictionary
[2026-09-27 11:30:46.233] [info] Elapsed time (s): 1.243e-05
[2026-09-27 11:30:46.233] [info] Using 8 bytes for computing SA of the dictionary
[2026-09-27 11:30:46.233] [info] Using 1 bytes for storing SA of the dictionary
[2026-09-27 11:30:46.233] [info] Elapsed time (s): 9.15e-06
[2026-09-27 11:30:46.233] [info] Using 1 bytes for DA of the dictionary
[2026-09-27 11:30:46.233] [info] Elapsed time (s): 2.21e-06
[2026-09-27 11:30:46.233] [info] Using 1 bytes for ISA of the dictionary
[2026-09-27 11:30:46.233] [info] Elapsed time (s): 1.85e-06
[2026-09-27 11:30:46.233] [info] Using 1 bytes for LCP of the dictionary
[2026-09-27 11:30:46.233] [info] Elapsed time (s): 2.19e-06
[2026-09-27 11:30:46.233] [info] Computing RMQ over LCP of dictionary
[2026-09-27 11:30:46.233] [info] Elapsed time (s): 5.67e-06
[2026-09-27 11:30:46.233] [info] Using 1 bytes for colex DA of the dictionary
[2026-09-27 11:30:46.233] [info] Using 1 bytes for colex id and inverse colex id array of the dictionary
[2026-09-27 11:30:46.233] [info] Elapsed time (s): 1.0621e-05
[2026-09-27 11:30:46.233] [info] Using 8 bytes for computing SA of the parsing
[2026-09-27 11:30:46.233] [info] Using 1 bytes for storing SA of the parsing
[2026-09-27 11:30:46.233] [info] Elapsed time (s): 5.04e-06
[2026-09-27 11:30:46.233] [info] Computing b_p
[2026-09-27 11:30:46.233] [info] Computing b_bwt and M of the parsing
[2026-09-27 11:30:46.233] [info] Computing inverted list of BWT(P)
[2026-09-27 11:30:46.233] [info] Using 1 bytes for storing the inverted list of the BWT of the parse
[2026-09-27 11:30:46.233] [info] Precomputing d lengths
[2026-09-27 11:30:46.233] [info] Precomputing d lengths
[2026-09-27 11:30:46.233] [info] Creating v table
[2026-09-27 11:30:46.233] [info] Creating E arrays
[2026-09-27 11:30:46.233] [info] Computing chunks for parallel execution. Total input size: 2011. Requested chunks: 1
[2026-09-27 11:30:46.234] [info] BWT ranges divided in 1 chunks.
[2026-09-27 11:30:46.235] [info] Chunk 1/1 completed
[2026-09-27 11:30:46.235] [info] Completed rle string merge
[2026-09-27 11:30:46.236] [info] Processed: 0 Skipped: 0
[2026-09-27 11:30:46.236] [info] Chunk 1/1 completed
[2026-09-27 11:30:46.236] [info] Writing out sa values at run heads
[2026-09-27 11:30:46.237] [info] Done
