[2026-09-27 11:18:43.836] [info] Using 8 bytes for computing SA of the dictionary
[2026-09-27 11:18:43.836] [info] Using 2 bytes for storing SA of the dictionary
[2026-09-27 11:18:43.836] [info] Elapsed time (s): 0.00023217
[2026-09-27 11:18:43.836] [info] Using 1 bytes for DA of the dictionary
[2026-09-27 11:18:43.836] [info] Elapsed time (s): 2.079e-05
[2026-09-27 11:18:43.836] [info] Using 2 bytes for ISA of the dictionary
[2026-09-27 11:18:43.836] [info] Elapsed time (s): 2.117e-05
[2026-09-27 11:18:43.836] [info] Using 2 bytes for LCP of the dictionary
[2026-09-27 11:18:43.836] [info] Elapsed time (s): 4.614e-05
[2026-09-27 11:18:43.836] [info] Using 1 bytes for colex id and inverse colex id array of the dictionary
[2026-09-27 11:18:43.836] [info] Elapsed time (s): 1.291e-05
[2026-09-27 11:18:43.836] [info] Using 8 bytes for computing SA of the dictionary
[2026-09-27 11:18:43.836] [info] Using 1 bytes for storing SA of the dictionary
[2026-09-27 11:18:43.836] [info] Elapsed time (s): 1.301e-05
[2026-09-27 11:18:43.836] [info] Using 1 bytes for DA of the dictionary
[2026-09-27 11:18:43.836] [info] Elapsed time (s): 2.07e-06
[2026-09-27 11:18:43.836] [info] Using 1 bytes for ISA of the dictionary
[2026-09-27 11:18:43.836] [info] Elapsed time (s): 1.81e-06
[2026-09-27 11:18:43.836] [info] Using 1 bytes for LCP of the dictionary
[2026-09-27 11:18:43.836] [info] Elapsed time (s): 2.24e-06
[2026-09-27 11:18:43.836] [info] Computing RMQ over LCP of dictionary
[2026-09-27 11:18:43.836] [info] Elapsed time (s): 5.38e-06
[2026-09-27 11:18:43.836] [info] Using 1 bytes for colex DA of the dictionary
[2026-09-27 11:18:43.836] [info] Using 1 bytes for colex id and inverse colex id array of the dictionary
[2026-09-27 11:18:43.836] [info] Elapsed time (s): 1.018e-05
[2026-09-27 11:18:43.836] [info] Using 8 bytes for computing SA of the parsing
[2026-09-27 11:18:43.836] [info] Using 1 bytes for storing SA of the parsing
[2026-09-27 11:18:43.836] [info] Elapsed time (s): 8.45e-06
[2026-09-27 11:18:43.836] [info] Computing b_p
[2026-09-27 11:18:43.836] [info] Computing b_bwt and M of the parsing
[2026-09-27 11:18:43.836] [info] Computing inverted list of BWT(P)
[2026-09-27 11:18:43.836] [info] Using 1 bytes for storing the inverted list of the BWT of the parse
[2026-09-27 11:18:43.836] [info] Precomputing d lengths
[2026-09-27 11:18:43.836] [info] Precomputing d lengths
[2026-09-27 11:18:43.836] [info] Creating v table
[2026-09-27 11:18:43.836] [info] Creating E arrays
[2026-09-27 11:18:43.836] [info] Computing chunks for parallel execution. Total input size: 2011. Requested chunks: 1
[2026-09-27 11:18:43.836] [info] BWT ranges divided in 1 chunks.
[2026-09-27 11:18:43.837] [info] Chunk 1/1 completed
[2026-09-27 11:18:43.838] [info] Completed rle string merge
[2026-09-27 11:18:43.839] [info] Processed: 0 Skipped: 0
[2026-09-27 11:18:43.839] [info] Chunk 1/1 completed
[2026-09-27 11:18:43.839] [info] Writing out sa values at run heads
[2026-09-27 11:18:43.839] [info] Done
