[2026-09-27 11:30:46.298] [info] Using 8 bytes for computing SA of the dictionary
[2026-09-27 11:30:46.298] [info] Using 2 bytes for storing SA of the dictionary
[2026-09-27 11:30:46.298] [info] Elapsed time (s): 0.00026141
[2026-09-27 11:30:46.298] [info] Using 1 bytes for DA of the dictionary
[2026-09-27 11:30:46.298] [info] Elapsed time (s): 2.286e-05
[2026-09-27 11:30:46.298] [info] Using 2 bytes for ISA of the dictionary
[2026-09-27 11:30:46.298] [info] Elapsed time (s): 2.021e-05
[2026-09-27 11:30:46.298] [info] Using 2 bytes for LCP of the dictionary
[2026-09-27 11:30:46.298] [info] Elapsed time (s): 4.547e-05
[2026-09-27 11:30:46.298] [info] Using 1 bytes for colex id and inverse colex id array of the dictionary
[2026-09-27 11:30:46.298] [info] Elapsed time (s): 1.406e-05
[2026-09-27 11:30:46.298] [info] Using 8 bytes for computing SA of the dictionary
[2026-09-27 11:30:46.298] [info] Using 1 bytes for storing SA of the dictionary
[2026-09-27 11:30:46.298] [info] Elapsed time (s): 1.178e-05
[2026-09-27 11:30:46.298] [info] Using 1 bytes for DA of the dictionary
[2026-09-27 11:30:46.298] [info] Elapsed time (s): 2.43e-06
[2026-09-27 11:30:46.298] [info] Using 1 bytes for ISA of the dictionary
[2026-09-27 11:30:46.298] [info] Elapsed time (s): 2.04e-06
[2026-09-27 11:30:46.298] [info] Using 1 bytes for LCP of the dictionary
[2026-09-27 11:30:46.298] [info] Elapsed time (s): 2.82e-06
[2026-09-27 11:30:46.298] [info] Computing RMQ over LCP of dictionary
[2026-09-27 11:30:46.298] [info] Elapsed time (s): 5.8e-06
[2026-09-27 11:30:46.298] [info] Using 1 bytes for colex DA of the dictionary
[2026-09-27 11:30:46.298] [info] Using 1 bytes for colex id and inverse colex id array of the dictionary
[2026-09-27 11:30:46.298] [info] Elapsed time (s): 1.443e-05
[2026-09-27 11:30:46.298] [info] Using 8 bytes for computing SA of the parsing
[2026-09-27 11:30:46.298] [info] Using 1 bytes for storing SA of the parsing
[2026-09-27 11:30:46.298] [info] Elapsed time (s): 5.65e-06
[2026-09-27 11:30:46.298] [info] Computing b_p
[2026-09-27 11:30:46.298] [info] Computing b_bwt and M of the parsing
[2026-09-27 11:30:46.298] [info] Computing inverted list of BWT(P)
[2026-09-27 11:30:46.298] [info] Using 1 bytes for storing the inverted list of the BWT of the parse
[2026-09-27 11:30:46.298] [info] Precomputing d lengths
[2026-09-27 11:30:46.298] [info] Precomputing d lengths
[2026-09-27 11:30:46.298] [info] Creating v table
[2026-09-27 11:30:46.298] [info] Creating E arrays
[2026-09-27 11:30:46.298] [info] Computing chunks for parallel execution. Total input size: 4012. Requested chunks: 1
[2026-09-27 11:30:46.299] [info] BWT ranges divided in 1 chunks.
[2026-09-27 11:30:46.300] [info] Chunk 1/1 completed
[2026-09-27 11:30:46.301] [info] Completed rle string merge
[2026-09-27 11:30:46.302] [info] Processed: 1765 Skipped: 126
[2026-09-27 11:30:46.302] [info] Chunk 1/1 completed
[2026-09-27 11:30:46.302] [info] Writing out sa values at run heads
[2026-09-27 11:30:46.302] [info] Done
