[2026-09-27 11:12:40.022] [info] Using 8 bytes for computing SA of the dictionary
[2026-09-27 11:12:40.022] [info] Using 2 bytes for storing SA of the dictionary
[2026-09-27 11:12:40.022] [info] Elapsed time (s): 0.000204861
[2026-09-27 11:12:40.022] [info] Using 1 bytes for DA of the dictionary
[2026-09-27 11:12:40.023] [info] Elapsed time (s): 2.076e-05
[2026-09-27 11:12:40.023] [info] Using 2 bytes for ISA of the dictionary
[2026-09-27 11:12:40.023] [info] Elapsed time (s): 1.8e-05
[2026-09-27 11:12:40.023] [info] Using 2 bytes for LCP of the dictionary
[2026-09-27 11:12:40.023] [info] Elapsed time (s): 4.288e-05
[2026-09-27 11:12:40.023] [info] Using 1 bytes for colex id and inverse colex id array of the dictionary
[2026-09-27 11:12:40.023] [info] Elapsed time (s): 1.285e-05
[2026-09-27 11:12:40.023] [info] Using 8 bytes for computing SA of the dictionary
[2026-09-27 11:12:40.023] [info] Using 1 bytes for storing SA of the dictionary
[2026-09-27 11:12:40.023] [info] Elapsed time (s): 9.11e-06
[2026-09-27 11:12:40.023] [info] Using 1 bytes for DA of the dictionary
[2026-09-27 11:12:40.023] [info] Elapsed time (s): 2.03e-06
[2026-09-27 11:12:40.023] [info] Using 1 bytes for ISA of the dictionary
[2026-09-27 11:12:40.023] [info] Elapsed time (s): 1.75e-06
[2026-09-27 11:12:40.023] [info] Using 1 bytes for LCP of the dictionary
[2026-09-27 11:12:40.023] [info] Elapsed time (s): 2.19e-06
[2026-09-27 11:12:40.023] [info] Computing RMQ over LCP of dictionary
[2026-09-27 11:12:40.023] [info] Elapsed time (s): 1.581e-05
[2026-09-27 11:12:40.023] [info] Using 1 bytes for colex DA of the dictionary
[2026-09-27 11:12:40.023] [info] Using 1 bytes for colex id and inverse colex id array of the dictionary
[2026-09-27 11:12:40.023] [info] Elapsed time (s): 9.75e-06
[2026-09-27 11:12:40.023] [info] Using 8 bytes for computing SA of the parsing
[2026-09-27 11:12:40.023] [info] Using 1 bytes for storing SA of the parsing
[2026-09-27 11:12:40.023] [info] Elapsed time (s): 4.77e-06
[2026-09-27 11:12:40.023] [info] Computing b_p
[2026-09-27 11:12:40.023] [info] Computing b_bwt and M of the parsing
[2026-09-27 11:12:40.023] [info] Computing inverted list of BWT(P)
[2026-09-27 11:12:40.023] [info] Using 1 bytes for storing the inverted list of the BWT of the parse
[2026-09-27 11:12:40.023] [info] Precomputing d lengths
[2026-09-27 11:12:40.023] [info] Precomputing d lengths
[2026-09-27 11:12:40.023] [info] Creating v table
[2026-09-27 11:12:40.023] [info] Creating E arrays
[2026-09-27 11:12:40.023] [info] Computing chunks for parallel execution. Total input size: 2011. Requested chunks: 1
[2026-09-27 11:12:40.023] [info] BWT ranges divided in 1 chunks.
[2026-09-27 11:12:40.024] [info] Chunk 1/1 completed
[2026-09-27 11:12:40.024] [info] Completed rle string merge
[2026-09-27 11:12:40.026] [info] Processed: 0 Skipped: 0
[2026-09-27 11:12:40.026] [info] Chunk 1/1 completed
[2026-09-27 11:12:40.026] [info] Writing out sa values at run heads
[2026-09-27 11:12:40.026] [info] Done
