COMMAND ["/tmp/laneU/sxi-tools/slim_dump", "--slim", "--resolve-ri4", "--dict-stream", "--sxi", "/tmp/laneU/new-format-check/satellite-18k.sxi", "--parse", "/tmp/laneY/bat/satellite-18k_pfp", "-t", "8", "-o", "/tmp/laneU/new-format-check/satellite-18k.sxi.agg"]
ri4: n=18501 k=1 R=364
SLIM_PHASE ri4-load wall=0.001 cumulative=0.001 peak_rss_kib=30392
SLIM_HEAD_SA bytes=3696 rows=364 mmap=1
SLIM_PHASE dict-read wall=0.000 cumulative=0.001 peak_rss_kib=30392
SLIM_PHASE dict-boundaries wall=0.000 cumulative=0.001 peak_rss_kib=30392
SLIM_STRING_ENDS count=1 bytes=8 from_parse_dict=1
SLIM_PHASE parse+boundaries wall=0.000 cumulative=0.001 peak_rss_kib=30392
SLIM_PHASE parse-fingerprints wall=0.000 cumulative=0.001 peak_rss_kib=30392
SLIM_PHASE dict-fingerprints wall=0.000 cumulative=0.001 peak_rss_kib=30392
SLIM_STRUCT n=18511 P=4 D=18556 phrases=4 parse_bytes=20 bd_bytes=190 bp_bytes=182 dict_resident=0 dict_cache_per_thread=262144 no_SA_ISA_LCP_RMQ=1 no_M_b_bwt_w_wt=1
SLIM_PHASE lce-build-total wall=0.000 cumulative=0.001 peak_rss_kib=30392
anchors: 0 string-start rows
SLIM_PHASE lf-build wall=0.000 cumulative=0.001 peak_rss_kib=30392
SLIM_RI runs=1820 starts=2912 samples=688 lf_capacity=5004
SLIM_PROGRESS runs=364/364 resolve_wall=0.002 lce_wall=0.001 write_wall=0.000 lf_steps=0 cache_hits=0
SLIM_PHASE query-chunks wall=0.005 cumulative=0.006 peak_rss_kib=30392
SLIM_PHASE queries+stream-write-final wall=0.000 cumulative=0.006 peak_rss_kib=30392
SLIM_FP parse tau=1 bytes=48 queries=0 verified_symbols=0 hash_probes=0 mean_verified=0.000000000 max_verified=0
SLIM_FP dict tau=408 bytes=368 queries=464 verified_symbols=20177 hash_probes=22 mean_verified=43.484913793 max_verified=17998
SLIM_QUERY_PHASE resolve_wall=0.001994 resolve_peak_kib=30392 lce_wall=0.001316 lce_peak_kib=30392 write_wall=0.000026 write_peak_kib=30392
SLIM_SEEDS queries=465 mean_verified_phrases=0.000000000 max_verified_phrases=0 (includes_zero_parse_work_seeds; boundary_included)
SLIM_RESOLVE walks=0 steps=0 max=0 anchor=0 failed=0 cache_hits=0
SLIM_BOUNDARY_RESOLVE head_direct=364 tail_direct=465 head_lf_steps=0
