[2026-09-27 11:12:23.448] [info] Using 8 bytes for computing SA of the dictionary
[2026-09-27 11:12:23.448] [info] Using 2 bytes for storing SA of the dictionary
[2026-09-27 11:12:23.448] [info] Elapsed time (s): 0.000687501
[2026-09-27 11:12:23.448] [info] Using 1 bytes for DA of the dictionary
[2026-09-27 11:12:23.449] [info] Elapsed time (s): 0.00016427
[2026-09-27 11:12:23.449] [info] Using 2 bytes for ISA of the dictionary
[2026-09-27 11:12:23.449] [info] Elapsed time (s): 0.000115691
[2026-09-27 11:12:23.449] [info] Using 2 bytes for LCP of the dictionary
[2026-09-27 11:12:23.449] [info] Elapsed time (s): 0.00016001
[2026-09-27 11:12:23.449] [info] Using 1 bytes for colex id and inverse colex id array of the dictionary
[2026-09-27 11:12:23.449] [info] Elapsed time (s): 7.53e-05
[2026-09-27 11:12:23.449] [info] Using 8 bytes for computing SA of the dictionary
[2026-09-27 11:12:23.449] [info] Using 1 bytes for storing SA of the dictionary
[2026-09-27 11:12:23.449] [info] Elapsed time (s): 5.85e-06
[2026-09-27 11:12:23.449] [info] Using 1 bytes for DA of the dictionary
[2026-09-27 11:12:23.449] [info] Elapsed time (s): 1.8e-06
[2026-09-27 11:12:23.449] [info] Using 1 bytes for ISA of the dictionary
[2026-09-27 11:12:23.449] [info] Elapsed time (s): 1.61e-06
[2026-09-27 11:12:23.449] [info] Using 1 bytes for LCP of the dictionary
[2026-09-27 11:12:23.449] [info] Elapsed time (s): 1.77e-06
[2026-09-27 11:12:23.449] [info] Computing RMQ over LCP of dictionary
[2026-09-27 11:12:23.449] [info] Elapsed time (s): 7.06e-06
[2026-09-27 11:12:23.449] [info] Using 1 bytes for colex DA of the dictionary
[2026-09-27 11:12:23.449] [info] Using 1 bytes for colex id and inverse colex id array of the dictionary
[2026-09-27 11:12:23.449] [info] Elapsed time (s): 7.65e-06
[2026-09-27 11:12:23.449] [info] Using 8 bytes for computing SA of the parsing
[2026-09-27 11:12:23.449] [info] Using 1 bytes for storing SA of the parsing
[2026-09-27 11:12:23.449] [info] Elapsed time (s): 4.29e-06
[2026-09-27 11:12:23.449] [info] Computing b_p
[2026-09-27 11:12:23.449] [info] Computing b_bwt and M of the parsing
[2026-09-27 11:12:23.449] [info] Computing inverted list of BWT(P)
[2026-09-27 11:12:23.449] [info] Using 1 bytes for storing the inverted list of the BWT of the parse
[2026-09-27 11:12:23.449] [info] Precomputing d lengths
[2026-09-27 11:12:23.449] [info] Precomputing d lengths
[2026-09-27 11:12:23.449] [info] Creating v table
[2026-09-27 11:12:23.449] [info] Creating E arrays
[2026-09-27 11:12:23.449] [info] Computing chunks for parallel execution. Total input size: 18511. Requested chunks: 1
[2026-09-27 11:12:23.467] [info] BWT ranges divided in 1 chunks.
[2026-09-27 11:12:23.487] [info] Chunk 1/1 completed
[2026-09-27 11:12:23.487] [info] Completed rle string merge
[2026-09-27 11:12:23.508] [info] Processed: 0 Skipped: 0
[2026-09-27 11:12:23.508] [info] Chunk 1/1 completed
[2026-09-27 11:12:23.508] [info] Writing out sa values at run heads
[2026-09-27 11:12:23.508] [info] Done
