[2026-09-27 12:46:40.871] [info] Current Configuration:
; PFP++

; Text file to parse.
text="/home/erikg/yeast/xsa-build-d9rx5epj/collection.txt"

; Output prefix.
out-prefix="/home/erikg/yeast/xsa-build-d9rx5epj/parse"

; Sliding window size.
window-size=10

; Modulo used during parsing.
modulo=100

; Number of threads.
threads=16

; Temporary files directory.
tmp-dir="/home/erikg/yeast/xsa-build-d9rx5epj"

; Also output compressed the dictionary.
compress-dictionary=false

; Use reference parse to avoid re-parsing.
use-vcf-acceleration=false

; Print out csv containing stats.
print-statistics=false

; Output count for each dictionary phrase.
output-occurrences=false

; Output sai array.
output-sai=false

; Output last array.
output-last=false

; Convert all non ACGT characters from a VCF or FASTA file to N.
acgt-only=false

; Verbose output.
verbose=false

; Version number.
version=false

[2026-09-27 12:46:40.871] [info] Parsing /home/erikg/yeast/xsa-build-d9rx5epj/collection.txt
[2026-09-27 12:47:36.531] [info] Main parser: Replacing hash values with ranks.
[2026-09-27 12:47:48.398] [info] Main parser: writing dictionary on disk NOT COMPRESSED
[2026-09-27 12:47:49.317] [info] No properties requested.
[2026-09-27 12:47:49.317] [info] Main parser: closed
[2026-09-27 12:47:49.660] [info] Parser Text -	Parse size: 34133652	Dic Size: 3159236 Dic Total Length: 510239649
[Disk Write (bytes): 923002710]
