[2026-09-27 13:07:18.584] [info] Current Configuration:
; PFP++

; Text file to parse.
text="/home/erikg/yeast/xsa-build-d9rx5epj/collection.txt"

; Output prefix.
out-prefix="/home/erikg/yeast/xsa-build-d9rx5epj/xsa-build-qcl6rpq8/parse"

; Sliding window size.
window-size=10

; Modulo used during parsing.
modulo=100

; Number of threads.
threads=16

; Temporary files directory.
tmp-dir="/home/erikg/yeast/xsa-build-d9rx5epj/xsa-build-qcl6rpq8"

; Also output compressed the dictionary.
compress-dictionary=false

; Use reference parse to avoid re-parsing.
use-vcf-acceleration=false

; Print out csv containing stats.
print-statistics=false

; Output count for each dictionary phrase.
output-occurrences=false

; Output sai array.
output-sai=false

; Output last array.
output-last=false

; Convert all non ACGT characters from a VCF or FASTA file to N.
acgt-only=false

; Verbose output.
verbose=false

; Version number.
version=false

[2026-09-27 13:07:18.584] [info] Parsing /home/erikg/yeast/xsa-build-d9rx5epj/collection.txt
[2026-09-27 13:08:25.730] [info] Main parser: Replacing hash values with ranks.
[2026-09-27 13:08:38.961] [info] Main parser: writing dictionary on disk NOT COMPRESSED
[2026-09-27 13:08:39.968] [info] No properties requested.
[2026-09-27 13:08:39.968] [info] Main parser: closed
[2026-09-27 13:08:40.319] [info] Parser Text -	Parse size: 34133652	Dic Size: 3159236 Dic Total Length: 510239649
[Disk Write (bytes): 923002710]
