SXI1 version=1 n=3336986760 k=1 runs=100904881 chi_complete=true
member=1 count=100904881 bytes=504526453 crc32=1ec12827
member=2 count=100904881 bytes=403619537 crc32=3f901230
member=3 count=100904881 bytes=807239048 crc32=b70ee9d8
member=4 count=0 bytes=12 crc32=31082463
member=5 count=85404240 bytes=88746976 crc32=977156b1
chi_delta_ratio=0.129892521
	Command being timed: "xsa/target/release/xsa sxi-info /tmp/laneU/yeast.legacy-converted.sxi --chi-out /tmp/laneU/yeast.sorted.sA"
	User time (seconds): 8.87
	System time (seconds): 5.55
	Percent of CPU this job got: 99%
	Elapsed (wall clock) time (h:mm:ss or m:ss): 0:14.42
	Average shared text size (kbytes): 0
	Average unshared data size (kbytes): 0
	Average stack size (kbytes): 0
	Average total size (kbytes): 0
	Maximum resident set size (kbytes): 2048
	Average resident set size (kbytes): 0
	Major (requiring I/O) page faults: 0
	Minor (reclaiming a frame) page faults: 358
	Voluntary context switches: 2
	Involuntary context switches: 18
	Swaps: 0
	File system inputs: 0
	File system outputs: 1334456
	Socket messages sent: 0
	Socket messages received: 0
	Signals delivered: 0
	Page size (bytes): 4096
	Exit status: 0
