[2026-09-28 15:58:23.350] [info] Using 8 bytes for computing SA of the dictionary
[2026-09-28 15:58:23.351] [info] Using 2 bytes for storing SA of the dictionary
[2026-09-28 15:58:23.351] [info] Elapsed time (s): 0.000126121
[2026-09-28 15:58:23.351] [info] Using 1 bytes for DA of the dictionary
[2026-09-28 15:58:23.351] [info] Elapsed time (s): 1.264e-05
[2026-09-28 15:58:23.351] [info] Using 2 bytes for ISA of the dictionary
[2026-09-28 15:58:23.351] [info] Elapsed time (s): 8.9e-06
[2026-09-28 15:58:23.351] [info] Using 2 bytes for LCP of the dictionary
[2026-09-28 15:58:23.351] [info] Elapsed time (s): 1.602e-05
[2026-09-28 15:58:23.351] [info] Using 1 bytes for colex id and inverse colex id array of the dictionary
[2026-09-28 15:58:23.351] [info] Elapsed time (s): 7.79e-06
[2026-09-28 15:58:23.351] [info] Using 8 bytes for computing SA of the dictionary
[2026-09-28 15:58:23.351] [info] Using 1 bytes for storing SA of the dictionary
[2026-09-28 15:58:23.351] [info] Elapsed time (s): 7.02e-06
[2026-09-28 15:58:23.351] [info] Using 1 bytes for DA of the dictionary
[2026-09-28 15:58:23.351] [info] Elapsed time (s): 2.31e-06
[2026-09-28 15:58:23.351] [info] Using 1 bytes for ISA of the dictionary
[2026-09-28 15:58:23.351] [info] Elapsed time (s): 1.9e-06
[2026-09-28 15:58:23.351] [info] Using 1 bytes for LCP of the dictionary
[2026-09-28 15:58:23.351] [info] Elapsed time (s): 2.34e-06
[2026-09-28 15:58:23.351] [info] Computing RMQ over LCP of dictionary
[2026-09-28 15:58:23.351] [info] Elapsed time (s): 5.37e-06
[2026-09-28 15:58:23.351] [info] Using 1 bytes for colex DA of the dictionary
[2026-09-28 15:58:23.351] [info] Using 1 bytes for colex id and inverse colex id array of the dictionary
[2026-09-28 15:58:23.351] [info] Elapsed time (s): 9.74e-06
[2026-09-28 15:58:23.351] [info] Using 8 bytes for computing SA of the parsing
[2026-09-28 15:58:23.351] [info] Using 1 bytes for storing SA of the parsing
[2026-09-28 15:58:23.351] [info] Elapsed time (s): 6.44e-06
[2026-09-28 15:58:23.351] [info] Computing b_p
[2026-09-28 15:58:23.351] [info] Computing b_bwt and M of the parsing
[2026-09-28 15:58:23.351] [info] Computing inverted list of BWT(P)
[2026-09-28 15:58:23.351] [info] Using 1 bytes for storing the inverted list of the BWT of the parse
[2026-09-28 15:58:23.351] [info] Precomputing d lengths
[2026-09-28 15:58:23.351] [info] Precomputing d lengths
[2026-09-28 15:58:23.351] [info] Creating v table
[2026-09-28 15:58:23.351] [info] Creating E arrays
[2026-09-28 15:58:23.351] [info] Computing chunks for parallel execution. Total input size: 18371. Requested chunks: 1
[2026-09-28 15:58:23.351] [info] BWT ranges divided in 1 chunks.
[2026-09-28 15:58:23.351] [info] Chunk 1/1 completed
[2026-09-28 15:58:23.351] [info] Completed rle string merge
[2026-09-28 15:58:23.352] [info] Processed: 345 Skipped: 17106
[2026-09-28 15:58:23.352] [info] Chunk 1/1 completed
[2026-09-28 15:58:23.352] [info] Writing out sa values at run heads
[2026-09-28 15:58:23.352] [info] Done
