[2026-09-28 15:58:22.430] [info] Using 8 bytes for computing SA of the dictionary
[2026-09-28 15:58:22.431] [info] Using 2 bytes for storing SA of the dictionary
[2026-09-28 15:58:22.431] [info] Elapsed time (s): 0.001588422
[2026-09-28 15:58:22.432] [info] Using 1 bytes for DA of the dictionary
[2026-09-28 15:58:22.432] [info] Elapsed time (s): 0.00021259
[2026-09-28 15:58:22.432] [info] Using 2 bytes for ISA of the dictionary
[2026-09-28 15:58:22.432] [info] Elapsed time (s): 0.00018712
[2026-09-28 15:58:22.432] [info] Using 2 bytes for LCP of the dictionary
[2026-09-28 15:58:22.432] [info] Elapsed time (s): 0.000400371
[2026-09-28 15:58:22.432] [info] Using 1 bytes for colex id and inverse colex id array of the dictionary
[2026-09-28 15:58:22.432] [info] Elapsed time (s): 0.0001477
[2026-09-28 15:58:22.433] [info] Using 8 bytes for computing SA of the dictionary
[2026-09-28 15:58:22.433] [info] Using 2 bytes for storing SA of the dictionary
[2026-09-28 15:58:22.433] [info] Elapsed time (s): 3.317e-05
[2026-09-28 15:58:22.433] [info] Using 1 bytes for DA of the dictionary
[2026-09-28 15:58:22.433] [info] Elapsed time (s): 4.67e-06
[2026-09-28 15:58:22.433] [info] Using 2 bytes for ISA of the dictionary
[2026-09-28 15:58:22.433] [info] Elapsed time (s): 4.2e-06
[2026-09-28 15:58:22.433] [info] Using 1 bytes for LCP of the dictionary
[2026-09-28 15:58:22.433] [info] Elapsed time (s): 5.51e-06
[2026-09-28 15:58:22.433] [info] Computing RMQ over LCP of dictionary
[2026-09-28 15:58:22.433] [info] Elapsed time (s): 1.114e-05
[2026-09-28 15:58:22.433] [info] Using 1 bytes for colex DA of the dictionary
[2026-09-28 15:58:22.433] [info] Using 1 bytes for colex id and inverse colex id array of the dictionary
[2026-09-28 15:58:22.433] [info] Elapsed time (s): 3.944e-05
[2026-09-28 15:58:22.433] [info] Using 8 bytes for computing SA of the parsing
[2026-09-28 15:58:22.433] [info] Using 1 bytes for storing SA of the parsing
[2026-09-28 15:58:22.433] [info] Elapsed time (s): 5.91e-06
[2026-09-28 15:58:22.433] [info] Computing b_p
[2026-09-28 15:58:22.433] [info] Computing b_bwt and M of the parsing
[2026-09-28 15:58:22.433] [info] Computing inverted list of BWT(P)
[2026-09-28 15:58:22.433] [info] Using 1 bytes for storing the inverted list of the BWT of the parse
[2026-09-28 15:58:22.433] [info] Precomputing d lengths
[2026-09-28 15:58:22.433] [info] Precomputing d lengths
[2026-09-28 15:58:22.433] [info] Creating v table
[2026-09-28 15:58:22.433] [info] Creating E arrays
[2026-09-28 15:58:22.433] [info] Computing chunks for parallel execution. Total input size: 20011. Requested chunks: 1
[2026-09-28 15:58:22.438] [info] BWT ranges divided in 1 chunks.
[2026-09-28 15:58:22.445] [info] Chunk 1/1 completed
[2026-09-28 15:58:22.446] [info] Completed rle string merge
[2026-09-28 15:58:22.461] [info] Processed: 937 Skipped: 39
[2026-09-28 15:58:22.461] [info] Chunk 1/1 completed
[2026-09-28 15:58:22.461] [info] Writing out sa values at run heads
[2026-09-28 15:58:22.461] [info] Done
