[2026-09-28 15:58:22.231] [info] Current Configuration:
; PFP++

; Integers file to parse.
int32t="/tmp/sxi-distribution-battery-vhmd7esl/xsa-build-wai358mr/parse.parse"

; Read -t as AGC: archive order, uppercase reversed contigs, 0x1e separators.
agc=false

; Sliding window size.
window-size=5

; Modulo used during parsing.
modulo=11

; Number of threads.
threads=4

; Temporary files directory.
tmp-dir="/tmp/sxi-distribution-battery-vhmd7esl/xsa-build-wai358mr"

; Also output compressed the dictionary.
compress-dictionary=false

; Use reference parse to avoid re-parsing.
use-vcf-acceleration=false

; Print out csv containing stats.
print-statistics=false

; Output count for each dictionary phrase.
output-occurrences=false

; Output sai array.
output-sai=false

; Output last array.
output-last=false

; Convert all non ACGT characters from a VCF or FASTA file to N.
acgt-only=false

; Verbose output.
verbose=false

; Version number.
version=false

[2026-09-28 15:58:22.231] [info] Parsing /tmp/sxi-distribution-battery-vhmd7esl/xsa-build-wai358mr/parse.parse
[2026-09-28 15:58:22.231] [info] Main parser: Replacing hash values with ranks.
[2026-09-28 15:58:22.231] [info] Main parser: writing dictionary on disk NOT COMPRESSED
[2026-09-28 15:58:22.231] [info] No properties requested.
[2026-09-28 15:58:22.231] [info] Main parser: closed
[2026-09-28 15:58:22.231] [info] Parser Integers -	Parse size: 21	Dic Size: 21 Dic Total Length: 1336
[Disk Write (bytes): 1676]
