[2026-09-28 15:58:22.236] [info] Using 8 bytes for computing SA of the dictionary
[2026-09-28 15:58:22.237] [info] Using 2 bytes for storing SA of the dictionary
[2026-09-28 15:58:22.237] [info] Elapsed time (s): 0.001656512
[2026-09-28 15:58:22.237] [info] Using 1 bytes for DA of the dictionary
[2026-09-28 15:58:22.238] [info] Elapsed time (s): 0.00020938
[2026-09-28 15:58:22.238] [info] Using 2 bytes for ISA of the dictionary
[2026-09-28 15:58:22.238] [info] Elapsed time (s): 0.000194661
[2026-09-28 15:58:22.238] [info] Using 2 bytes for LCP of the dictionary
[2026-09-28 15:58:22.238] [info] Elapsed time (s): 0.00046626
[2026-09-28 15:58:22.238] [info] Using 1 bytes for colex id and inverse colex id array of the dictionary
[2026-09-28 15:58:22.238] [info] Elapsed time (s): 0.000139151
[2026-09-28 15:58:22.238] [info] Using 8 bytes for computing SA of the dictionary
[2026-09-28 15:58:22.238] [info] Using 2 bytes for storing SA of the dictionary
[2026-09-28 15:58:22.238] [info] Elapsed time (s): 3.284e-05
[2026-09-28 15:58:22.238] [info] Using 1 bytes for DA of the dictionary
[2026-09-28 15:58:22.238] [info] Elapsed time (s): 4.87e-06
[2026-09-28 15:58:22.238] [info] Using 2 bytes for ISA of the dictionary
[2026-09-28 15:58:22.238] [info] Elapsed time (s): 4.35e-06
[2026-09-28 15:58:22.238] [info] Using 1 bytes for LCP of the dictionary
[2026-09-28 15:58:22.238] [info] Elapsed time (s): 5.47e-06
[2026-09-28 15:58:22.238] [info] Computing RMQ over LCP of dictionary
[2026-09-28 15:58:22.238] [info] Elapsed time (s): 1.179e-05
[2026-09-28 15:58:22.238] [info] Using 1 bytes for colex DA of the dictionary
[2026-09-28 15:58:22.238] [info] Using 1 bytes for colex id and inverse colex id array of the dictionary
[2026-09-28 15:58:22.239] [info] Elapsed time (s): 4.275e-05
[2026-09-28 15:58:22.239] [info] Using 8 bytes for computing SA of the parsing
[2026-09-28 15:58:22.239] [info] Using 1 bytes for storing SA of the parsing
[2026-09-28 15:58:22.239] [info] Elapsed time (s): 5.84e-06
[2026-09-28 15:58:22.239] [info] Computing b_p
[2026-09-28 15:58:22.239] [info] Computing b_bwt and M of the parsing
[2026-09-28 15:58:22.239] [info] Computing inverted list of BWT(P)
[2026-09-28 15:58:22.239] [info] Using 1 bytes for storing the inverted list of the BWT of the parse
[2026-09-28 15:58:22.239] [info] Precomputing d lengths
[2026-09-28 15:58:22.239] [info] Precomputing d lengths
[2026-09-28 15:58:22.239] [info] Creating v table
[2026-09-28 15:58:22.239] [info] Creating E arrays
[2026-09-28 15:58:22.239] [info] Computing chunks for parallel execution. Total input size: 20011. Requested chunks: 1
[2026-09-28 15:58:22.244] [info] BWT ranges divided in 1 chunks.
[2026-09-28 15:58:22.251] [info] Chunk 1/1 completed
[2026-09-28 15:58:22.251] [info] Completed rle string merge
[2026-09-28 15:58:22.268] [info] Processed: 2 Skipped: 0
[2026-09-28 15:58:22.268] [info] Chunk 1/1 completed
[2026-09-28 15:58:22.268] [info] Writing out sa values at run heads
[2026-09-28 15:58:22.268] [info] Done
