[2026-09-28 15:58:22.610] [info] Using 8 bytes for computing SA of the dictionary
[2026-09-28 15:58:22.625] [info] Using 3 bytes for storing SA of the dictionary
[2026-09-28 15:58:22.626] [info] Elapsed time (s): 0.015787172
[2026-09-28 15:58:22.626] [info] Using 2 bytes for DA of the dictionary
[2026-09-28 15:58:22.629] [info] Elapsed time (s): 0.002254853
[2026-09-28 15:58:22.629] [info] Using 3 bytes for ISA of the dictionary
[2026-09-28 15:58:22.631] [info] Elapsed time (s): 0.002626664
[2026-09-28 15:58:22.631] [info] Using 2 bytes for LCP of the dictionary
[2026-09-28 15:58:22.638] [info] Elapsed time (s): 0.00689812
[2026-09-28 15:58:22.638] [info] Using 2 bytes for colex id and inverse colex id array of the dictionary
[2026-09-28 15:58:22.640] [info] Elapsed time (s): 0.001450972
[2026-09-28 15:58:22.640] [info] Using 8 bytes for computing SA of the dictionary
[2026-09-28 15:58:22.640] [info] Using 2 bytes for storing SA of the dictionary
[2026-09-28 15:58:22.640] [info] Elapsed time (s): 0.0002369
[2026-09-28 15:58:22.640] [info] Using 1 bytes for DA of the dictionary
[2026-09-28 15:58:22.640] [info] Elapsed time (s): 2.954e-05
[2026-09-28 15:58:22.640] [info] Using 2 bytes for ISA of the dictionary
[2026-09-28 15:58:22.640] [info] Elapsed time (s): 2.543e-05
[2026-09-28 15:58:22.640] [info] Using 1 bytes for LCP of the dictionary
[2026-09-28 15:58:22.640] [info] Elapsed time (s): 3.391e-05
[2026-09-28 15:58:22.640] [info] Computing RMQ over LCP of dictionary
[2026-09-28 15:58:22.640] [info] Elapsed time (s): 7.856e-05
[2026-09-28 15:58:22.640] [info] Using 1 bytes for colex DA of the dictionary
[2026-09-28 15:58:22.640] [info] Using 1 bytes for colex id and inverse colex id array of the dictionary
[2026-09-28 15:58:22.640] [info] Elapsed time (s): 0.000346621
[2026-09-28 15:58:22.640] [info] Using 8 bytes for computing SA of the parsing
[2026-09-28 15:58:22.640] [info] Using 1 bytes for storing SA of the parsing
[2026-09-28 15:58:22.640] [info] Elapsed time (s): 1.534e-05
[2026-09-28 15:58:22.640] [info] Computing b_p
[2026-09-28 15:58:22.641] [info] Computing b_bwt and M of the parsing
[2026-09-28 15:58:22.641] [info] Computing inverted list of BWT(P)
[2026-09-28 15:58:22.641] [info] Using 1 bytes for storing the inverted list of the BWT of the parse
[2026-09-28 15:58:22.641] [info] Precomputing d lengths
[2026-09-28 15:58:22.641] [info] Precomputing d lengths
[2026-09-28 15:58:22.641] [info] Creating v table
[2026-09-28 15:58:22.641] [info] Creating E arrays
[2026-09-28 15:58:22.641] [info] Computing chunks for parallel execution. Total input size: 200011. Requested chunks: 1
[2026-09-28 15:58:22.649] [info] BWT ranges divided in 1 chunks.
[2026-09-28 15:58:22.670] [info] Chunk 1/1 completed
[2026-09-28 15:58:22.676] [info] Completed rle string merge
[2026-09-28 15:58:22.792] [info] Processed: 233 Skipped: 5
[2026-09-28 15:58:22.792] [info] Chunk 1/1 completed
[2026-09-28 15:58:22.792] [info] Writing out sa values at run heads
[2026-09-28 15:58:22.795] [info] Done
