   Compiling version_check v0.9.5
   Compiling crossbeam-utils v0.8.23
   Compiling cfg-if v1.0.5
   Compiling crossbeam-epoch v0.9.21
   Compiling typenum v1.20.1
   Compiling libc v0.2.189
   Compiling crossbeam-deque v0.8.8
   Compiling rayon-core v1.13.0
   Compiling serde_core v1.0.229
   Compiling rustix v1.1.5
   Compiling getrandom v0.4.3
   Compiling zmij v1.0.23
   Compiling crc32fast v1.5.2
   Compiling simd-adler32 v0.3.10
   Compiling serde_json v1.0.151
   Compiling bitflags v2.13.2
   Compiling adler2 v2.0.1
   Compiling linux-raw-sys v0.12.1
   Compiling fastrand v2.5.0
   Compiling httpdate v1.0.3
   Compiling itoa v1.0.18
   Compiling memchr v2.8.3
   Compiling chunked_transfer v1.5.0
   Compiling either v1.18.0
   Compiling ascii v1.1.0
   Compiling cpufeatures v0.2.17
   Compiling log v0.4.34
   Compiling once_cell v1.21.4
   Compiling xsa v0.1.0 (/home/erikg/worktrees/sxgc/pi-worktree-156159d0-6b35-49e0-abf8-2fe6993430b2-s0-0/xsa)
   Compiling miniz_oxide v0.9.1
   Compiling generic-array v0.14.7
   Compiling tiny_http v0.12.0
   Compiling flate2 v1.1.10
   Compiling memmap2 v0.9.11
   Compiling block-buffer v0.10.4
   Compiling crypto-common v0.1.7
   Compiling digest v0.10.7
   Compiling sha2 v0.10.9
   Compiling rayon v1.12.0
   Compiling tempfile v3.27.0
warning: variable does not need to be mutable
   --> src/main.rs:652:9
    |
652 |     let mut next_rng = |mut x: u64| -> u64 {
    |         ----^^^^^^^^
    |         |
    |         help: remove this `mut`
    |
    = note: `#[warn(unused_mut)]` (part of `#[warn(unused)]`) on by default

warning: value assigned to `tanchor` is never read
   --> src/main.rs:705:31
    |
705 |             let mut tanchor = 0u64;
    |                               ^^^^ this value is reassigned later and never used
...
713 |                         tanchor = r;
    |                         ----------- `tanchor` is overwritten here before the previous value is read
    |
    = note: `#[warn(unused_assignments)]` (part of `#[warn(unused)]`) on by default

warning: value assigned to `tsample` is never read
   --> src/main.rs:706:31
    |
706 |             let mut tsample = 0u64;
    |                               ^^^^ this value is reassigned later and never used
...
714 |                         tsample = idx.tail_sample(r);
    |                         ---------------------------- `tsample` is overwritten here before the previous value is read

warning: variable does not need to be mutable
   --> src/main.rs:865:9
    |
865 |     let mut read_flat = |flatf: &mut File, pos: u64, want: usize| -> Vec<u8> {
    |         ----^^^^^^^^^
    |         |
    |         help: remove this `mut`

warning: field `bits` is never read
   --> src/main.rs:131:5
    |
130 | struct PackedSa {
    |        -------- field in this struct
131 |     bits: u64,          // total size IN BITS
    |     ^^^^
    |
    = note: `#[warn(dead_code)]` (part of `#[warn(unused)]`) on by default

warning: method `s_at` is never used
   --> src/main.rs:405:8
    |
222 | impl Ri4 {
    | -------- method in this implementation
...
405 |     fn s_at(&self, j: u64) -> u64 {
    |        ^^^^

warning: method `hit` is never used
   --> src/product.rs:178:8
    |
 67 | impl Engine {
    | ----------- method in this implementation
...
178 |     fn hit(
    |        ^^^

warning: `xsa` (bin "xsa") generated 7 warnings (run `cargo fix --bin "xsa" -p xsa` to apply 2 suggestions)
    Finished `release` profile [optimized] target(s) in 5m 01s
