[2026-10-01 13:16:17.958] [info] Current Configuration:
; PFP++

; Text file to parse.
text="/tmp/laneY/bat/random-4-200k.txt"

; Read -t as AGC: archive order, uppercase reversed contigs, 0x1e separators.
agc=false

; Output prefix.
out-prefix="/tmp/sxi-run-widen/battery-final/xsa-build-ns4stri6/parse"

; Sliding window size.
window-size=10

; Modulo used during parsing.
modulo=100

; Number of threads.
threads=4

; Temporary files directory.
tmp-dir="/tmp/sxi-run-widen/battery-final/xsa-build-ns4stri6"

; Also output compressed the dictionary.
compress-dictionary=false

; Use reference parse to avoid re-parsing.
use-vcf-acceleration=false

; Print out csv containing stats.
print-statistics=false

; Output count for each dictionary phrase.
output-occurrences=false

; Output sai array.
output-sai=false

; Output last array.
output-last=false

; Convert all non ACGT characters from a VCF or FASTA file to N.
acgt-only=false

; Verbose output.
verbose=false

; Version number.
version=false

[2026-10-01 13:16:17.958] [info] Parsing /tmp/laneY/bat/random-4-200k.txt
[2026-10-01 13:16:17.961] [info] Main parser: Replacing hash values with ranks.
[2026-10-01 13:16:17.961] [info] Main parser: writing dictionary on disk NOT COMPRESSED
[2026-10-01 13:16:17.962] [info] No properties requested.
[2026-10-01 13:16:17.962] [info] Main parser: closed
[2026-10-01 13:16:17.962] [info] Parser Text -	Parse size: 2018	Dic Size: 2018 Dic Total Length: 220182
[Disk Write (bytes): 246417]
