[2026-10-01 13:16:17.558] [info] Using 8 bytes for computing SA of the dictionary
[2026-10-01 13:16:17.558] [info] Using 2 bytes for storing SA of the dictionary
[2026-10-01 13:16:17.558] [info] Elapsed time (s): 0.000209231
[2026-10-01 13:16:17.558] [info] Using 1 bytes for DA of the dictionary
[2026-10-01 13:16:17.558] [info] Elapsed time (s): 2.073e-05
[2026-10-01 13:16:17.558] [info] Using 2 bytes for ISA of the dictionary
[2026-10-01 13:16:17.558] [info] Elapsed time (s): 1.803e-05
[2026-10-01 13:16:17.558] [info] Using 2 bytes for LCP of the dictionary
[2026-10-01 13:16:17.559] [info] Elapsed time (s): 4.285e-05
[2026-10-01 13:16:17.559] [info] Using 1 bytes for colex id and inverse colex id array of the dictionary
[2026-10-01 13:16:17.559] [info] Elapsed time (s): 1.335e-05
[2026-10-01 13:16:17.559] [info] Using 8 bytes for computing SA of the dictionary
[2026-10-01 13:16:17.559] [info] Using 1 bytes for storing SA of the dictionary
[2026-10-01 13:16:17.559] [info] Elapsed time (s): 9.42e-06
[2026-10-01 13:16:17.559] [info] Using 1 bytes for DA of the dictionary
[2026-10-01 13:16:17.559] [info] Elapsed time (s): 2.14e-06
[2026-10-01 13:16:17.559] [info] Using 1 bytes for ISA of the dictionary
[2026-10-01 13:16:17.559] [info] Elapsed time (s): 1.84e-06
[2026-10-01 13:16:17.559] [info] Using 1 bytes for LCP of the dictionary
[2026-10-01 13:16:17.559] [info] Elapsed time (s): 2.2e-06
[2026-10-01 13:16:17.559] [info] Computing RMQ over LCP of dictionary
[2026-10-01 13:16:17.559] [info] Elapsed time (s): 5.46e-06
[2026-10-01 13:16:17.559] [info] Using 1 bytes for colex DA of the dictionary
[2026-10-01 13:16:17.559] [info] Using 1 bytes for colex id and inverse colex id array of the dictionary
[2026-10-01 13:16:17.559] [info] Elapsed time (s): 1.028e-05
[2026-10-01 13:16:17.559] [info] Using 8 bytes for computing SA of the parsing
[2026-10-01 13:16:17.559] [info] Using 1 bytes for storing SA of the parsing
[2026-10-01 13:16:17.559] [info] Elapsed time (s): 4.61e-06
[2026-10-01 13:16:17.559] [info] Computing b_p
[2026-10-01 13:16:17.559] [info] Computing b_bwt and M of the parsing
[2026-10-01 13:16:17.559] [info] Computing inverted list of BWT(P)
[2026-10-01 13:16:17.559] [info] Using 1 bytes for storing the inverted list of the BWT of the parse
[2026-10-01 13:16:17.559] [info] Precomputing d lengths
[2026-10-01 13:16:17.559] [info] Precomputing d lengths
[2026-10-01 13:16:17.559] [info] Creating v table
[2026-10-01 13:16:17.559] [info] Creating E arrays
[2026-10-01 13:16:17.559] [info] Computing chunks for parallel execution. Total input size: 2011. Requested chunks: 1
[2026-10-01 13:16:17.559] [info] BWT ranges divided in 1 chunks.
[2026-10-01 13:16:17.560] [info] Chunk 1/1 completed
[2026-10-01 13:16:17.560] [info] Completed rle string merge
[2026-10-01 13:16:17.562] [info] Processed: 0 Skipped: 0
[2026-10-01 13:16:17.562] [info] Chunk 1/1 completed
[2026-10-01 13:16:17.562] [info] Writing out sa values at run heads
[2026-10-01 13:16:17.562] [info] Done
