[2026-10-01 13:16:17.732] [info] Using 8 bytes for computing SA of the dictionary
[2026-10-01 13:16:17.733] [info] Using 2 bytes for storing SA of the dictionary
[2026-10-01 13:16:17.734] [info] Elapsed time (s): 0.001673252
[2026-10-01 13:16:17.734] [info] Using 1 bytes for DA of the dictionary
[2026-10-01 13:16:17.734] [info] Elapsed time (s): 0.000198901
[2026-10-01 13:16:17.734] [info] Using 2 bytes for ISA of the dictionary
[2026-10-01 13:16:17.734] [info] Elapsed time (s): 0.00019373
[2026-10-01 13:16:17.734] [info] Using 2 bytes for LCP of the dictionary
[2026-10-01 13:16:17.734] [info] Elapsed time (s): 0.00046546
[2026-10-01 13:16:17.734] [info] Using 1 bytes for colex id and inverse colex id array of the dictionary
[2026-10-01 13:16:17.735] [info] Elapsed time (s): 0.000138531
[2026-10-01 13:16:17.735] [info] Using 8 bytes for computing SA of the dictionary
[2026-10-01 13:16:17.735] [info] Using 2 bytes for storing SA of the dictionary
[2026-10-01 13:16:17.735] [info] Elapsed time (s): 3.322e-05
[2026-10-01 13:16:17.735] [info] Using 1 bytes for DA of the dictionary
[2026-10-01 13:16:17.735] [info] Elapsed time (s): 4.88e-06
[2026-10-01 13:16:17.735] [info] Using 2 bytes for ISA of the dictionary
[2026-10-01 13:16:17.735] [info] Elapsed time (s): 4.32e-06
[2026-10-01 13:16:17.735] [info] Using 1 bytes for LCP of the dictionary
[2026-10-01 13:16:17.735] [info] Elapsed time (s): 5.41e-06
[2026-10-01 13:16:17.735] [info] Computing RMQ over LCP of dictionary
[2026-10-01 13:16:17.735] [info] Elapsed time (s): 1.19e-05
[2026-10-01 13:16:17.735] [info] Using 1 bytes for colex DA of the dictionary
[2026-10-01 13:16:17.735] [info] Using 1 bytes for colex id and inverse colex id array of the dictionary
[2026-10-01 13:16:17.735] [info] Elapsed time (s): 4.3e-05
[2026-10-01 13:16:17.735] [info] Using 8 bytes for computing SA of the parsing
[2026-10-01 13:16:17.735] [info] Using 1 bytes for storing SA of the parsing
[2026-10-01 13:16:17.735] [info] Elapsed time (s): 6.27e-06
[2026-10-01 13:16:17.735] [info] Computing b_p
[2026-10-01 13:16:17.735] [info] Computing b_bwt and M of the parsing
[2026-10-01 13:16:17.735] [info] Computing inverted list of BWT(P)
[2026-10-01 13:16:17.735] [info] Using 1 bytes for storing the inverted list of the BWT of the parse
[2026-10-01 13:16:17.735] [info] Precomputing d lengths
[2026-10-01 13:16:17.735] [info] Precomputing d lengths
[2026-10-01 13:16:17.735] [info] Creating v table
[2026-10-01 13:16:17.735] [info] Creating E arrays
[2026-10-01 13:16:17.735] [info] Computing chunks for parallel execution. Total input size: 20011. Requested chunks: 1
[2026-10-01 13:16:17.740] [info] BWT ranges divided in 1 chunks.
[2026-10-01 13:16:17.747] [info] Chunk 1/1 completed
[2026-10-01 13:16:17.748] [info] Completed rle string merge
[2026-10-01 13:16:17.764] [info] Processed: 2 Skipped: 0
[2026-10-01 13:16:17.764] [info] Chunk 1/1 completed
[2026-10-01 13:16:17.764] [info] Writing out sa values at run heads
[2026-10-01 13:16:17.765] [info] Done
