[2026-10-01 03:07:23.462] [info] Current Configuration:
; PFP++

; Text file to parse.
text="/home/erikg/sxgc-piletest/pile-frag.txt"

; Read -t as AGC: archive order, uppercase reversed contigs, 0x1e separators.
agc=false

; Output prefix.
out-prefix="vendor/chunk-merge-v2/monolithic/parse"

; Sliding window size.
window-size=10

; Modulo used during parsing.
modulo=100

; Number of threads.
threads=8

; Temporary files directory.
tmp-dir="vendor/chunk-merge-v2/monolithic"

; Also output compressed the dictionary.
compress-dictionary=false

; Use reference parse to avoid re-parsing.
use-vcf-acceleration=false

; Print out csv containing stats.
print-statistics=false

; Output count for each dictionary phrase.
output-occurrences=false

; Output sai array.
output-sai=false

; Output last array.
output-last=false

; Convert all non ACGT characters from a VCF or FASTA file to N.
acgt-only=false

; Verbose output.
verbose=false

; Version number.
version=false

[2026-10-01 03:07:23.462] [info] Parsing /home/erikg/sxgc-piletest/pile-frag.txt
[2026-10-01 03:07:40.374] [info] Main parser: Replacing hash values with ranks.
[2026-10-01 03:08:00.115] [info] Main parser: writing dictionary on disk NOT COMPRESSED
[2026-10-01 03:08:03.140] [info] No properties requested.
[2026-10-01 03:08:03.140] [info] Main parser: closed
[2026-10-01 03:08:04.320] [info] Parser Text -	Parse size: 10648985	Dic Size: 9835281 Dic Total Length: 1157754326
[Disk Write (bytes): 1295377428]
