ri4: n=1082130213 k=1 R=397723010
SLIM_PHASE ri4-load wall=5.056 cumulative=5.056 peak_rss_kib=6553600
SLIM_HEAD_SA bytes=3181784080 rows=397723010 mmap=1
SLIM_PHASE dict-read wall=0.000 cumulative=5.385 peak_rss_kib=6553600
SLIM_PHASE dict-boundaries wall=15.402 cumulative=20.788 peak_rss_kib=6565888
SLIM_STRING_ENDS count=1 bytes=8 from_parse_dict=1 cyclic=1
SLIM_PHASE parse+boundaries wall=2.272 cumulative=23.060 peak_rss_kib=6621184
SLIM_PHASE parse-fingerprints wall=0.097 cumulative=23.157 peak_rss_kib=6705152
SLIM_PHASE dict-fingerprints wall=6.474 cumulative=29.631 peak_rss_kib=7086080
SLIM_STRUCT n=1082130223 P=10648985 D=1167589617 phrases=9835281 parse_bytes=42595944 bd_bytes=12718374 bp_bytes=13553852 dict_resident=0 dict_cache_per_thread=262144 no_SA_ISA_LCP_RMQ=1 no_M_b_bwt_w_wt=1
SLIM_PHASE lce-build-total wall=24.581 cumulative=29.637 peak_rss_kib=7086080
SLIM_PHASE lf-build wall=6.182 cumulative=35.818 peak_rss_kib=11834112
SLIM_RI runs=1988615050 starts=3181784080 samples=1541176664 lf_capacity=5636380700
SLIM_PROGRESS runs=65536/397723010 resolve_wall=0.012 lce_wall=0.358 write_wall=0.002 lf_steps=0 cache_hits=0
SLIM_PHASE query-chunks wall=0.373 cumulative=36.191 peak_rss_kib=11838208
SLIM_PROGRESS runs=1114112/397723010 resolve_wall=0.208 lce_wall=7.438 write_wall=0.034 lf_steps=0 cache_hits=0
SLIM_PHASE query-chunks wall=7.309 cumulative=43.500 peak_rss_kib=11838208
SLIM_PROGRESS runs=2162688/397723010 resolve_wall=0.389 lce_wall=14.297 write_wall=0.068 lf_steps=0 cache_hits=0
SLIM_PHASE query-chunks wall=7.074 cumulative=50.574 peak_rss_kib=11838208
SLIM_PROGRESS runs=3211264/397723010 resolve_wall=0.575 lce_wall=20.607 write_wall=0.102 lf_steps=0 cache_hits=0
SLIM_PHASE query-chunks wall=6.530 cumulative=57.104 peak_rss_kib=11842304
SLIM_PROGRESS runs=4259840/397723010 resolve_wall=0.763 lce_wall=26.834 write_wall=0.137 lf_steps=0 cache_hits=0
SLIM_PHASE query-chunks wall=6.449 cumulative=63.553 peak_rss_kib=11844344
SLIM_PROGRESS runs=5308416/397723010 resolve_wall=0.950 lce_wall=33.619 write_wall=0.171 lf_steps=0 cache_hits=0
SLIM_PHASE query-chunks wall=7.007 cumulative=70.561 peak_rss_kib=11848440
SLIM_PROGRESS runs=6356992/397723010 resolve_wall=1.140 lce_wall=40.104 write_wall=0.206 lf_steps=0 cache_hits=0
SLIM_PHASE query-chunks wall=6.711 cumulative=77.271 peak_rss_kib=11850488
SLIM_PROGRESS runs=7405568/397723010 resolve_wall=1.339 lce_wall=46.682 write_wall=0.242 lf_steps=0 cache_hits=0
SLIM_PHASE query-chunks wall=6.812 cumulative=84.083 peak_rss_kib=11850488
SLIM_PROGRESS runs=8454144/397723010 resolve_wall=1.534 lce_wall=52.929 write_wall=0.276 lf_steps=0 cache_hits=0
SLIM_PHASE query-chunks wall=6.476 cumulative=90.559 peak_rss_kib=11850488
SLIM_PROGRESS runs=9502720/397723010 resolve_wall=1.726 lce_wall=59.783 write_wall=0.310 lf_steps=0 cache_hits=0
SLIM_PHASE query-chunks wall=7.081 cumulative=97.640 peak_rss_kib=11850488
SLIM_PROGRESS runs=10551296/397723010 resolve_wall=1.920 lce_wall=65.932 write_wall=0.345 lf_steps=0 cache_hits=0
SLIM_PHASE query-chunks wall=6.378 cumulative=104.018 peak_rss_kib=11852536
SLIM_PROGRESS runs=11599872/397723010 resolve_wall=2.121 lce_wall=72.790 write_wall=0.378 lf_steps=0 cache_hits=0
SLIM_PHASE query-chunks wall=7.092 cumulative=111.110 peak_rss_kib=11858680
SLIM_PROGRESS runs=12648448/397723010 resolve_wall=2.312 lce_wall=78.358 write_wall=0.411 lf_steps=0 cache_hits=0
SLIM_PHASE query-chunks wall=5.792 cumulative=116.902 peak_rss_kib=11862776
SLIM_PROGRESS runs=13697024/397723010 resolve_wall=2.501 lce_wall=84.933 write_wall=0.446 lf_steps=0 cache_hits=0
SLIM_PHASE query-chunks wall=6.799 cumulative=123.702 peak_rss_kib=11864824
SLIM_PROGRESS runs=14745600/397723010 resolve_wall=2.689 lce_wall=91.517 write_wall=0.484 lf_steps=0 cache_hits=0
SLIM_PHASE query-chunks wall=6.810 cumulative=130.512 peak_rss_kib=11873016
SLIM_PROGRESS runs=15794176/397723010 resolve_wall=2.879 lce_wall=97.731 write_wall=0.519 lf_steps=0 cache_hits=0
SLIM_PHASE query-chunks wall=6.438 cumulative=136.950 peak_rss_kib=11877112
SLIM_PROGRESS runs=16842752/397723010 resolve_wall=3.071 lce_wall=104.478 write_wall=0.551 lf_steps=0 cache_hits=0
SLIM_PHASE query-chunks wall=6.972 cumulative=143.922 peak_rss_kib=11879152
SLIM_PROGRESS runs=17891328/397723010 resolve_wall=3.261 lce_wall=111.134 write_wall=0.588 lf_steps=0 cache_hits=0
SLIM_PHASE query-chunks wall=6.884 cumulative=150.806 peak_rss_kib=11885296
SLIM_PROGRESS runs=18939904/397723010 resolve_wall=3.449 lce_wall=117.901 write_wall=0.623 lf_steps=0 cache_hits=0
SLIM_PHASE query-chunks wall=6.990 cumulative=157.796 peak_rss_kib=11889392
SLIM_PROGRESS runs=19988480/397723010 resolve_wall=3.639 lce_wall=124.687 write_wall=0.658 lf_steps=0 cache_hits=0
SLIM_PHASE query-chunks wall=7.011 cumulative=164.807 peak_rss_kib=11895536
SLIM_PROGRESS runs=21037056/397723010 resolve_wall=3.830 lce_wall=131.665 write_wall=0.693 lf_steps=0 cache_hits=0
SLIM_PHASE query-chunks wall=7.204 cumulative=172.011 peak_rss_kib=11897572
SLIM_PROGRESS runs=22085632/397723010 resolve_wall=4.022 lce_wall=138.349 write_wall=0.728 lf_steps=0 cache_hits=0
SLIM_PHASE query-chunks wall=6.911 cumulative=178.922 peak_rss_kib=11905764
SLIM_PROGRESS runs=23134208/397723010 resolve_wall=4.212 lce_wall=145.077 write_wall=0.761 lf_steps=0 cache_hits=0
SLIM_PHASE query-chunks wall=6.952 cumulative=185.873 peak_rss_kib=11913956
SLIM_PROGRESS runs=24182784/397723010 resolve_wall=4.398 lce_wall=151.772 write_wall=0.797 lf_steps=0 cache_hits=0
SLIM_PHASE query-chunks wall=6.918 cumulative=192.791 peak_rss_kib=11918052
SLIM_PROGRESS runs=25231360/397723010 resolve_wall=4.587 lce_wall=158.468 write_wall=0.833 lf_steps=0 cache_hits=0
SLIM_PHASE query-chunks wall=6.920 cumulative=199.711 peak_rss_kib=11922148
SLIM_PROGRESS runs=26279936/397723010 resolve_wall=4.774 lce_wall=165.279 write_wall=0.867 lf_steps=0 cache_hits=0
SLIM_PHASE query-chunks wall=7.032 cumulative=206.743 peak_rss_kib=11928288
SLIM_PROGRESS runs=27328512/397723010 resolve_wall=4.964 lce_wall=171.843 write_wall=0.903 lf_steps=0 cache_hits=0
SLIM_PHASE query-chunks wall=6.790 cumulative=213.533 peak_rss_kib=11938528
SLIM_PROGRESS runs=28377088/397723010 resolve_wall=5.151 lce_wall=179.034 write_wall=0.934 lf_steps=0 cache_hits=0
SLIM_PHASE query-chunks wall=7.409 cumulative=220.942 peak_rss_kib=11944672
SLIM_PROGRESS runs=29425664/397723010 resolve_wall=5.343 lce_wall=186.493 write_wall=0.968 lf_steps=0 cache_hits=0
SLIM_PHASE query-chunks wall=7.685 cumulative=228.628 peak_rss_kib=11952864
SLIM_PROGRESS runs=30474240/397723010 resolve_wall=5.525 lce_wall=193.748 write_wall=1.000 lf_steps=0 cache_hits=0
SLIM_PHASE query-chunks wall=7.469 cumulative=236.097 peak_rss_kib=11959008
SLIM_PROGRESS runs=31522816/397723010 resolve_wall=5.726 lce_wall=201.174 write_wall=1.033 lf_steps=0 cache_hits=0
SLIM_PHASE query-chunks wall=7.660 cumulative=243.757 peak_rss_kib=11961056
SLIM_PROGRESS runs=32571392/397723010 resolve_wall=5.916 lce_wall=208.728 write_wall=1.065 lf_steps=0 cache_hits=0
SLIM_PHASE query-chunks wall=7.776 cumulative=251.533 peak_rss_kib=11962856
SLIM_PROGRESS runs=33619968/397723010 resolve_wall=6.110 lce_wall=215.887 write_wall=1.097 lf_steps=0 cache_hits=0
SLIM_PHASE query-chunks wall=7.385 cumulative=258.918 peak_rss_kib=11962856
SLIM_PROGRESS runs=34668544/397723010 resolve_wall=6.302 lce_wall=223.060 write_wall=1.129 lf_steps=0 cache_hits=0
SLIM_PHASE query-chunks wall=7.397 cumulative=266.315 peak_rss_kib=11966940
SLIM_PROGRESS runs=35717120/397723010 resolve_wall=6.494 lce_wall=230.056 write_wall=1.166 lf_steps=0 cache_hits=0
SLIM_PHASE query-chunks wall=7.226 cumulative=273.541 peak_rss_kib=11973084
SLIM_PROGRESS runs=36765696/397723010 resolve_wall=6.688 lce_wall=237.076 write_wall=1.203 lf_steps=0 cache_hits=0
SLIM_PHASE query-chunks wall=7.251 cumulative=280.792 peak_rss_kib=11985372
SLIM_PROGRESS runs=37814272/397723010 resolve_wall=6.879 lce_wall=244.354 write_wall=1.234 lf_steps=0 cache_hits=0
SLIM_PHASE query-chunks wall=7.501 cumulative=288.293 peak_rss_kib=11991516
SLIM_PROGRESS runs=38862848/397723010 resolve_wall=7.075 lce_wall=251.177 write_wall=1.269 lf_steps=0 cache_hits=0
SLIM_PHASE query-chunks wall=7.052 cumulative=295.345 peak_rss_kib=11995612
SLIM_PROGRESS runs=39911424/397723010 resolve_wall=7.262 lce_wall=258.075 write_wall=1.300 lf_steps=0 cache_hits=0
SLIM_PHASE query-chunks wall=7.118 cumulative=302.463 peak_rss_kib=12001756
SLIM_PROGRESS runs=40960000/397723010 resolve_wall=7.452 lce_wall=264.978 write_wall=1.332 lf_steps=0 cache_hits=0
SLIM_PHASE query-chunks wall=7.125 cumulative=309.588 peak_rss_kib=12009948
SLIM_PROGRESS runs=42008576/397723010 resolve_wall=7.642 lce_wall=272.091 write_wall=1.366 lf_steps=0 cache_hits=0
SLIM_PHASE query-chunks wall=7.337 cumulative=316.924 peak_rss_kib=12018140
SLIM_PROGRESS runs=43057152/397723010 resolve_wall=7.830 lce_wall=279.304 write_wall=1.401 lf_steps=0 cache_hits=0
SLIM_PHASE query-chunks wall=7.436 cumulative=324.360 peak_rss_kib=12026332
SLIM_PROGRESS runs=44105728/397723010 resolve_wall=8.027 lce_wall=286.093 write_wall=1.437 lf_steps=0 cache_hits=0
SLIM_PHASE query-chunks wall=7.022 cumulative=331.382 peak_rss_kib=12034524
SLIM_PROGRESS runs=45154304/397723010 resolve_wall=8.229 lce_wall=292.850 write_wall=1.470 lf_steps=0 cache_hits=0
SLIM_PHASE query-chunks wall=6.992 cumulative=338.375 peak_rss_kib=12044764
SLIM_PROGRESS runs=46202880/397723010 resolve_wall=8.428 lce_wall=299.631 write_wall=1.503 lf_steps=0 cache_hits=0
SLIM_PHASE query-chunks wall=7.013 cumulative=345.388 peak_rss_kib=12057052
SLIM_PROGRESS runs=47251456/397723010 resolve_wall=8.630 lce_wall=306.365 write_wall=1.535 lf_steps=0 cache_hits=0
SLIM_PHASE query-chunks wall=6.968 cumulative=352.356 peak_rss_kib=12065244
SLIM_PROGRESS runs=48300032/397723010 resolve_wall=8.833 lce_wall=313.027 write_wall=1.570 lf_steps=0 cache_hits=0
SLIM_PHASE query-chunks wall=6.901 cumulative=359.257 peak_rss_kib=12071388
SLIM_PROGRESS runs=49348608/397723010 resolve_wall=9.036 lce_wall=319.880 write_wall=1.604 lf_steps=0 cache_hits=0
SLIM_PHASE query-chunks wall=7.090 cumulative=366.346 peak_rss_kib=12075480
SLIM_PROGRESS runs=50397184/397723010 resolve_wall=9.226 lce_wall=326.628 write_wall=1.638 lf_steps=0 cache_hits=0
SLIM_PHASE query-chunks wall=6.973 cumulative=373.319 peak_rss_kib=12089816
SLIM_PROGRESS runs=51445760/397723010 resolve_wall=9.418 lce_wall=333.323 write_wall=1.671 lf_steps=0 cache_hits=0
SLIM_PHASE query-chunks wall=6.920 cumulative=380.239 peak_rss_kib=12095956
SLIM_PROGRESS runs=52494336/397723010 resolve_wall=9.611 lce_wall=340.154 write_wall=1.708 lf_steps=0 cache_hits=0
SLIM_PHASE query-chunks wall=7.062 cumulative=387.301 peak_rss_kib=12104148
SLIM_PROGRESS runs=53542912/397723010 resolve_wall=9.818 lce_wall=347.248 write_wall=1.741 lf_steps=0 cache_hits=0
SLIM_PHASE query-chunks wall=7.333 cumulative=394.634 peak_rss_kib=12110292
SLIM_PROGRESS runs=54591488/397723010 resolve_wall=10.027 lce_wall=354.584 write_wall=1.775 lf_steps=0 cache_hits=0
SLIM_PHASE query-chunks wall=7.579 cumulative=402.214 peak_rss_kib=12114388
SLIM_PROGRESS runs=55640064/397723010 resolve_wall=10.235 lce_wall=361.858 write_wall=1.807 lf_steps=0 cache_hits=0
SLIM_PHASE query-chunks wall=7.514 cumulative=409.728 peak_rss_kib=12116436
SLIM_PROGRESS runs=56688640/397723010 resolve_wall=10.449 lce_wall=369.340 write_wall=1.841 lf_steps=0 cache_hits=0
SLIM_PHASE query-chunks wall=7.730 cumulative=417.457 peak_rss_kib=12122580
SLIM_PROGRESS runs=57737216/397723010 resolve_wall=10.646 lce_wall=376.476 write_wall=1.877 lf_steps=0 cache_hits=0
SLIM_PHASE query-chunks wall=7.369 cumulative=424.826 peak_rss_kib=12132820
SLIM_PROGRESS runs=58785792/397723010 resolve_wall=10.837 lce_wall=383.400 write_wall=1.910 lf_steps=0 cache_hits=0
SLIM_PHASE query-chunks wall=7.149 cumulative=431.975 peak_rss_kib=12136916
SLIM_PROGRESS runs=59834368/397723010 resolve_wall=11.035 lce_wall=390.262 write_wall=1.944 lf_steps=0 cache_hits=0
SLIM_PHASE query-chunks wall=7.093 cumulative=439.069 peak_rss_kib=12145108
SLIM_PROGRESS runs=60882944/397723010 resolve_wall=11.233 lce_wall=397.205 write_wall=1.977 lf_steps=0 cache_hits=0
SLIM_PHASE query-chunks wall=7.174 cumulative=446.243 peak_rss_kib=12155336
SLIM_PROGRESS runs=61931520/397723010 resolve_wall=11.435 lce_wall=404.031 write_wall=2.011 lf_steps=0 cache_hits=0
SLIM_PHASE query-chunks wall=7.062 cumulative=453.305 peak_rss_kib=12163528
SLIM_PROGRESS runs=62980096/397723010 resolve_wall=11.636 lce_wall=411.003 write_wall=2.042 lf_steps=0 cache_hits=0
SLIM_PHASE query-chunks wall=7.205 cumulative=460.511 peak_rss_kib=12173768
SLIM_PROGRESS runs=64028672/397723010 resolve_wall=11.838 lce_wall=418.146 write_wall=2.072 lf_steps=0 cache_hits=0
SLIM_PHASE query-chunks wall=7.374 cumulative=467.885 peak_rss_kib=12177864
SLIM_PROGRESS runs=65077248/397723010 resolve_wall=12.031 lce_wall=425.024 write_wall=2.101 lf_steps=0 cache_hits=0
SLIM_PHASE query-chunks wall=7.100 cumulative=474.985 peak_rss_kib=12184008
SLIM_PROGRESS runs=66125824/397723010 resolve_wall=12.218 lce_wall=431.920 write_wall=2.136 lf_steps=0 cache_hits=0
SLIM_PHASE query-chunks wall=7.119 cumulative=482.103 peak_rss_kib=12196296
SLIM_PROGRESS runs=67174400/397723010 resolve_wall=12.394 lce_wall=438.907 write_wall=2.173 lf_steps=0 cache_hits=0
SLIM_PHASE query-chunks wall=7.200 cumulative=489.303 peak_rss_kib=12202440
SLIM_PROGRESS runs=68222976/397723010 resolve_wall=12.595 lce_wall=445.810 write_wall=2.208 lf_steps=0 cache_hits=0
SLIM_PHASE query-chunks wall=7.139 cumulative=496.443 peak_rss_kib=12206536
SLIM_PROGRESS runs=69271552/397723010 resolve_wall=12.802 lce_wall=452.515 write_wall=2.242 lf_steps=0 cache_hits=0
SLIM_PHASE query-chunks wall=6.946 cumulative=503.388 peak_rss_kib=12218824
SLIM_PROGRESS runs=70320128/397723010 resolve_wall=13.002 lce_wall=459.410 write_wall=2.278 lf_steps=0 cache_hits=0
SLIM_PHASE query-chunks wall=7.132 cumulative=510.520 peak_rss_kib=12227016
SLIM_PROGRESS runs=71368704/397723010 resolve_wall=13.204 lce_wall=466.233 write_wall=2.312 lf_steps=0 cache_hits=0
SLIM_PHASE query-chunks wall=7.059 cumulative=517.579 peak_rss_kib=12237256
SLIM_PROGRESS runs=72417280/397723010 resolve_wall=13.398 lce_wall=472.932 write_wall=2.347 lf_steps=0 cache_hits=0
SLIM_PHASE query-chunks wall=6.927 cumulative=524.507 peak_rss_kib=12245448
SLIM_PROGRESS runs=73465856/397723010 resolve_wall=13.587 lce_wall=479.652 write_wall=2.383 lf_steps=0 cache_hits=0
SLIM_PHASE query-chunks wall=6.945 cumulative=531.452 peak_rss_kib=12251592
SLIM_PROGRESS runs=74514432/397723010 resolve_wall=13.782 lce_wall=486.360 write_wall=2.419 lf_steps=0 cache_hits=0
SLIM_PHASE query-chunks wall=6.939 cumulative=538.391 peak_rss_kib=12259784
SLIM_PROGRESS runs=75563008/397723010 resolve_wall=13.988 lce_wall=493.438 write_wall=2.453 lf_steps=0 cache_hits=0
SLIM_PHASE query-chunks wall=7.318 cumulative=545.709 peak_rss_kib=12270024
SLIM_PROGRESS runs=76611584/397723010 resolve_wall=14.185 lce_wall=500.362 write_wall=2.488 lf_steps=0 cache_hits=0
SLIM_PHASE query-chunks wall=7.157 cumulative=552.866 peak_rss_kib=12278216
SLIM_PROGRESS runs=77660160/397723010 resolve_wall=14.380 lce_wall=507.470 write_wall=2.524 lf_steps=0 cache_hits=0
SLIM_PHASE query-chunks wall=7.339 cumulative=560.205 peak_rss_kib=12292552
SLIM_PROGRESS runs=78708736/397723010 resolve_wall=14.590 lce_wall=514.698 write_wall=2.556 lf_steps=0 cache_hits=0
SLIM_PHASE query-chunks wall=7.470 cumulative=567.675 peak_rss_kib=12296648
SLIM_PROGRESS runs=79757312/397723010 resolve_wall=14.797 lce_wall=521.726 write_wall=2.588 lf_steps=0 cache_hits=0
SLIM_PHASE query-chunks wall=7.267 cumulative=574.942 peak_rss_kib=12302792
SLIM_PROGRESS runs=80805888/397723010 resolve_wall=15.011 lce_wall=529.015 write_wall=2.622 lf_steps=0 cache_hits=0
SLIM_PHASE query-chunks wall=7.537 cumulative=582.479 peak_rss_kib=12310984
SLIM_PROGRESS runs=81854464/397723010 resolve_wall=15.219 lce_wall=536.733 write_wall=2.662 lf_steps=0 cache_hits=0
SLIM_PHASE query-chunks wall=7.966 cumulative=590.445 peak_rss_kib=12317128
SLIM_PROGRESS runs=82903040/397723010 resolve_wall=15.414 lce_wall=546.154 write_wall=2.699 lf_steps=0 cache_hits=0
SLIM_PHASE query-chunks wall=9.653 cumulative=600.098 peak_rss_kib=12319176
SLIM_PROGRESS runs=83951616/397723010 resolve_wall=15.605 lce_wall=553.609 write_wall=2.740 lf_steps=0 cache_hits=0
SLIM_PHASE query-chunks wall=7.687 cumulative=607.785 peak_rss_kib=12327368
SLIM_PROGRESS runs=85000192/397723010 resolve_wall=15.791 lce_wall=561.408 write_wall=2.776 lf_steps=0 cache_hits=0
SLIM_PHASE query-chunks wall=8.023 cumulative=615.808 peak_rss_kib=12341704
SLIM_PROGRESS runs=86048768/397723010 resolve_wall=15.986 lce_wall=569.458 write_wall=2.812 lf_steps=0 cache_hits=0
SLIM_PHASE query-chunks wall=8.281 cumulative=624.089 peak_rss_kib=12349896
SLIM_PROGRESS runs=87097344/397723010 resolve_wall=16.176 lce_wall=576.885 write_wall=2.848 lf_steps=0 cache_hits=0
SLIM_PHASE query-chunks wall=7.652 cumulative=631.741 peak_rss_kib=12356040
SLIM_PROGRESS runs=88145920/397723010 resolve_wall=16.369 lce_wall=585.624 write_wall=2.885 lf_steps=0 cache_hits=0
SLIM_PHASE query-chunks wall=8.970 cumulative=640.711 peak_rss_kib=12362172
SLIM_PROGRESS runs=89194496/397723010 resolve_wall=16.557 lce_wall=593.857 write_wall=2.923 lf_steps=0 cache_hits=0
SLIM_PHASE query-chunks wall=8.460 cumulative=649.170 peak_rss_kib=12374460
SLIM_PROGRESS runs=90243072/397723010 resolve_wall=16.754 lce_wall=601.776 write_wall=2.964 lf_steps=0 cache_hits=0
SLIM_PHASE query-chunks wall=8.156 cumulative=657.326 peak_rss_kib=12380604
SLIM_PROGRESS runs=91291648/397723010 resolve_wall=16.940 lce_wall=609.640 write_wall=3.001 lf_steps=0 cache_hits=0
SLIM_PHASE query-chunks wall=8.087 cumulative=665.413 peak_rss_kib=12386748
SLIM_PROGRESS runs=92340224/397723010 resolve_wall=17.127 lce_wall=618.082 write_wall=3.043 lf_steps=0 cache_hits=0
SLIM_PHASE query-chunks wall=8.672 cumulative=674.086 peak_rss_kib=12394940
SLIM_PROGRESS runs=93388800/397723010 resolve_wall=17.322 lce_wall=626.768 write_wall=3.082 lf_steps=0 cache_hits=0
SLIM_PHASE query-chunks wall=8.920 cumulative=683.006 peak_rss_kib=12405180
SLIM_PROGRESS runs=94437376/397723010 resolve_wall=17.534 lce_wall=633.804 write_wall=3.120 lf_steps=0 cache_hits=0
SLIM_PHASE query-chunks wall=7.286 cumulative=690.291 peak_rss_kib=12409276
SLIM_PROGRESS runs=95485952/397723010 resolve_wall=17.750 lce_wall=640.926 write_wall=3.159 lf_steps=0 cache_hits=0
SLIM_PHASE query-chunks wall=7.377 cumulative=697.669 peak_rss_kib=12409276
SLIM_PROGRESS runs=96534528/397723010 resolve_wall=17.955 lce_wall=648.367 write_wall=3.199 lf_steps=0 cache_hits=0
SLIM_PHASE query-chunks wall=7.686 cumulative=705.355 peak_rss_kib=12409276
SLIM_PROGRESS runs=97583104/397723010 resolve_wall=18.162 lce_wall=655.833 write_wall=3.244 lf_steps=0 cache_hits=0
SLIM_PHASE query-chunks wall=7.719 cumulative=713.074 peak_rss_kib=12409276
SLIM_PROGRESS runs=98631680/397723010 resolve_wall=18.385 lce_wall=662.799 write_wall=3.282 lf_steps=0 cache_hits=0
SLIM_PHASE query-chunks wall=7.226 cumulative=720.300 peak_rss_kib=12409276
SLIM_PROGRESS runs=99680256/397723010 resolve_wall=18.601 lce_wall=669.686 write_wall=3.325 lf_steps=0 cache_hits=0
SLIM_PHASE query-chunks wall=7.147 cumulative=727.447 peak_rss_kib=12409276
SLIM_PROGRESS runs=100728832/397723010 resolve_wall=18.814 lce_wall=676.577 write_wall=3.361 lf_steps=0 cache_hits=0
SLIM_PHASE query-chunks wall=7.139 cumulative=734.586 peak_rss_kib=12409276
SLIM_PROGRESS runs=101777408/397723010 resolve_wall=19.029 lce_wall=683.558 write_wall=3.397 lf_steps=0 cache_hits=0
SLIM_PHASE query-chunks wall=7.232 cumulative=741.819 peak_rss_kib=12409276
SLIM_PROGRESS runs=102825984/397723010 resolve_wall=19.242 lce_wall=690.502 write_wall=3.433 lf_steps=0 cache_hits=0
SLIM_PHASE query-chunks wall=7.193 cumulative=749.012 peak_rss_kib=12409276
SLIM_PROGRESS runs=103874560/397723010 resolve_wall=19.454 lce_wall=697.777 write_wall=3.465 lf_steps=0 cache_hits=0
SLIM_PHASE query-chunks wall=7.520 cumulative=756.532 peak_rss_kib=12409276
SLIM_PROGRESS runs=104923136/397723010 resolve_wall=19.665 lce_wall=704.969 write_wall=3.498 lf_steps=0 cache_hits=0
SLIM_PHASE query-chunks wall=7.436 cumulative=763.968 peak_rss_kib=12409276
SLIM_PROGRESS runs=105971712/397723010 resolve_wall=19.875 lce_wall=712.055 write_wall=3.533 lf_steps=0 cache_hits=0
SLIM_PHASE query-chunks wall=7.331 cumulative=771.299 peak_rss_kib=12409276
SLIM_PROGRESS runs=107020288/397723010 resolve_wall=20.081 lce_wall=719.024 write_wall=3.567 lf_steps=0 cache_hits=0
SLIM_PHASE query-chunks wall=7.209 cumulative=778.507 peak_rss_kib=12409276
SLIM_PROGRESS runs=108068864/397723010 resolve_wall=20.283 lce_wall=726.211 write_wall=3.603 lf_steps=0 cache_hits=0
SLIM_PHASE query-chunks wall=7.426 cumulative=785.934 peak_rss_kib=12409276
SLIM_PROGRESS runs=109117440/397723010 resolve_wall=20.478 lce_wall=733.339 write_wall=3.639 lf_steps=0 cache_hits=0
SLIM_PHASE query-chunks wall=7.358 cumulative=793.291 peak_rss_kib=12409276
SLIM_PROGRESS runs=110166016/397723010 resolve_wall=20.667 lce_wall=740.138 write_wall=3.674 lf_steps=0 cache_hits=0
SLIM_PHASE query-chunks wall=7.024 cumulative=800.315 peak_rss_kib=12409276
SLIM_PROGRESS runs=111214592/397723010 resolve_wall=20.874 lce_wall=746.873 write_wall=3.710 lf_steps=0 cache_hits=0
SLIM_PHASE query-chunks wall=6.978 cumulative=807.293 peak_rss_kib=12409276
SLIM_PROGRESS runs=112263168/397723010 resolve_wall=21.076 lce_wall=754.009 write_wall=3.744 lf_steps=0 cache_hits=0
SLIM_PHASE query-chunks wall=7.372 cumulative=814.665 peak_rss_kib=12409276
SLIM_PROGRESS runs=113311744/397723010 resolve_wall=21.275 lce_wall=761.098 write_wall=3.779 lf_steps=0 cache_hits=0
SLIM_PHASE query-chunks wall=7.323 cumulative=821.988 peak_rss_kib=12409276
SLIM_PROGRESS runs=114360320/397723010 resolve_wall=21.464 lce_wall=768.289 write_wall=3.813 lf_steps=0 cache_hits=0
SLIM_PHASE query-chunks wall=7.415 cumulative=829.403 peak_rss_kib=12409276
SLIM_PROGRESS runs=115408896/397723010 resolve_wall=21.660 lce_wall=775.243 write_wall=3.849 lf_steps=0 cache_hits=0
SLIM_PHASE query-chunks wall=7.185 cumulative=836.589 peak_rss_kib=12409276
SLIM_PROGRESS runs=116457472/397723010 resolve_wall=21.864 lce_wall=782.079 write_wall=3.884 lf_steps=0 cache_hits=0
SLIM_PHASE query-chunks wall=7.076 cumulative=843.665 peak_rss_kib=12409276
SLIM_PROGRESS runs=117506048/397723010 resolve_wall=22.061 lce_wall=788.772 write_wall=3.920 lf_steps=0 cache_hits=0
SLIM_PHASE query-chunks wall=6.926 cumulative=850.591 peak_rss_kib=12409276
SLIM_PROGRESS runs=118554624/397723010 resolve_wall=22.259 lce_wall=794.611 write_wall=3.957 lf_steps=0 cache_hits=0
SLIM_PHASE query-chunks wall=6.074 cumulative=856.664 peak_rss_kib=12409276
SLIM_PROGRESS runs=119603200/397723010 resolve_wall=22.457 lce_wall=801.496 write_wall=3.995 lf_steps=0 cache_hits=0
SLIM_PHASE query-chunks wall=7.121 cumulative=863.785 peak_rss_kib=12409276
SLIM_PROGRESS runs=120651776/397723010 resolve_wall=22.650 lce_wall=808.013 write_wall=4.034 lf_steps=0 cache_hits=0
SLIM_PHASE query-chunks wall=6.749 cumulative=870.535 peak_rss_kib=12409276
SLIM_PROGRESS runs=121700352/397723010 resolve_wall=22.836 lce_wall=814.509 write_wall=4.071 lf_steps=0 cache_hits=0
SLIM_PHASE query-chunks wall=6.719 cumulative=877.254 peak_rss_kib=12409276
SLIM_PROGRESS runs=122748928/397723010 resolve_wall=23.032 lce_wall=821.021 write_wall=4.107 lf_steps=0 cache_hits=0
SLIM_PHASE query-chunks wall=6.745 cumulative=883.998 peak_rss_kib=12409276
SLIM_PROGRESS runs=123797504/397723010 resolve_wall=23.239 lce_wall=827.912 write_wall=4.141 lf_steps=0 cache_hits=0
SLIM_PHASE query-chunks wall=7.132 cumulative=891.131 peak_rss_kib=12409276
SLIM_PROGRESS runs=124846080/397723010 resolve_wall=23.438 lce_wall=834.915 write_wall=4.177 lf_steps=0 cache_hits=0
SLIM_PHASE query-chunks wall=7.238 cumulative=898.369 peak_rss_kib=12409276
SLIM_PROGRESS runs=125894656/397723010 resolve_wall=23.653 lce_wall=841.686 write_wall=4.210 lf_steps=0 cache_hits=0
SLIM_PHASE query-chunks wall=7.019 cumulative=905.388 peak_rss_kib=12409276
SLIM_PROGRESS runs=126943232/397723010 resolve_wall=23.864 lce_wall=848.329 write_wall=4.245 lf_steps=0 cache_hits=0
SLIM_PHASE query-chunks wall=6.889 cumulative=912.277 peak_rss_kib=12409276
SLIM_PROGRESS runs=127991808/397723010 resolve_wall=24.077 lce_wall=855.296 write_wall=4.281 lf_steps=0 cache_hits=0
SLIM_PHASE query-chunks wall=7.216 cumulative=919.493 peak_rss_kib=12409276
SLIM_PROGRESS runs=129040384/397723010 resolve_wall=24.285 lce_wall=862.451 write_wall=4.319 lf_steps=0 cache_hits=0
SLIM_PHASE query-chunks wall=7.400 cumulative=926.893 peak_rss_kib=12409276
SLIM_PROGRESS runs=130088960/397723010 resolve_wall=24.480 lce_wall=869.358 write_wall=4.355 lf_steps=0 cache_hits=0
SLIM_PHASE query-chunks wall=7.139 cumulative=934.032 peak_rss_kib=12409276
SLIM_PROGRESS runs=131137536/397723010 resolve_wall=24.676 lce_wall=876.329 write_wall=4.388 lf_steps=0 cache_hits=0
SLIM_PHASE query-chunks wall=7.201 cumulative=941.233 peak_rss_kib=12409276
SLIM_PROGRESS runs=132186112/397723010 resolve_wall=24.872 lce_wall=883.184 write_wall=4.423 lf_steps=0 cache_hits=0
SLIM_PHASE query-chunks wall=7.086 cumulative=948.318 peak_rss_kib=12409276
SLIM_PROGRESS runs=133234688/397723010 resolve_wall=25.078 lce_wall=890.377 write_wall=4.459 lf_steps=0 cache_hits=0
SLIM_PHASE query-chunks wall=7.434 cumulative=955.753 peak_rss_kib=12409276
SLIM_PROGRESS runs=134283264/397723010 resolve_wall=25.285 lce_wall=897.596 write_wall=4.493 lf_steps=0 cache_hits=0
SLIM_PHASE query-chunks wall=7.462 cumulative=963.215 peak_rss_kib=12409276
SLIM_PROGRESS runs=135331840/397723010 resolve_wall=25.479 lce_wall=905.256 write_wall=4.531 lf_steps=0 cache_hits=0
SLIM_PHASE query-chunks wall=7.891 cumulative=971.106 peak_rss_kib=12409276
SLIM_PROGRESS runs=136380416/397723010 resolve_wall=25.684 lce_wall=912.765 write_wall=4.564 lf_steps=0 cache_hits=0
SLIM_PHASE query-chunks wall=7.747 cumulative=978.853 peak_rss_kib=12409276
SLIM_PROGRESS runs=137428992/397723010 resolve_wall=25.886 lce_wall=920.665 write_wall=4.598 lf_steps=0 cache_hits=0
SLIM_PHASE query-chunks wall=8.137 cumulative=986.989 peak_rss_kib=12409276
SLIM_PROGRESS runs=138477568/397723010 resolve_wall=26.079 lce_wall=928.144 write_wall=4.631 lf_steps=0 cache_hits=0
SLIM_PHASE query-chunks wall=7.705 cumulative=994.694 peak_rss_kib=12409276
SLIM_PROGRESS runs=139526144/397723010 resolve_wall=26.255 lce_wall=934.862 write_wall=4.665 lf_steps=0 cache_hits=0
SLIM_PHASE query-chunks wall=6.928 cumulative=1001.623 peak_rss_kib=12409276
SLIM_PROGRESS runs=140574720/397723010 resolve_wall=26.444 lce_wall=941.946 write_wall=4.697 lf_steps=0 cache_hits=0
SLIM_PHASE query-chunks wall=7.305 cumulative=1008.928 peak_rss_kib=12409276
SLIM_PROGRESS runs=141623296/397723010 resolve_wall=26.635 lce_wall=948.838 write_wall=4.732 lf_steps=0 cache_hits=0
SLIM_PHASE query-chunks wall=7.117 cumulative=1016.045 peak_rss_kib=12409276
SLIM_PROGRESS runs=142671872/397723010 resolve_wall=26.826 lce_wall=955.489 write_wall=4.769 lf_steps=0 cache_hits=0
SLIM_PHASE query-chunks wall=6.879 cumulative=1022.924 peak_rss_kib=12409276
SLIM_PROGRESS runs=143720448/397723010 resolve_wall=27.014 lce_wall=961.706 write_wall=4.810 lf_steps=0 cache_hits=0
SLIM_PHASE query-chunks wall=6.447 cumulative=1029.372 peak_rss_kib=12409276
SLIM_PROGRESS runs=144769024/397723010 resolve_wall=27.204 lce_wall=968.132 write_wall=4.848 lf_steps=0 cache_hits=0
SLIM_PHASE query-chunks wall=6.653 cumulative=1036.025 peak_rss_kib=12409276
SLIM_PROGRESS runs=145817600/397723010 resolve_wall=27.401 lce_wall=975.214 write_wall=4.882 lf_steps=0 cache_hits=0
SLIM_PHASE query-chunks wall=7.313 cumulative=1043.338 peak_rss_kib=12409276
SLIM_PROGRESS runs=146866176/397723010 resolve_wall=27.596 lce_wall=981.751 write_wall=4.915 lf_steps=0 cache_hits=0
SLIM_PHASE query-chunks wall=6.766 cumulative=1050.103 peak_rss_kib=12409276
SLIM_PROGRESS runs=147914752/397723010 resolve_wall=27.784 lce_wall=988.168 write_wall=4.951 lf_steps=0 cache_hits=0
SLIM_PHASE query-chunks wall=6.641 cumulative=1056.745 peak_rss_kib=12409276
SLIM_PROGRESS runs=148963328/397723010 resolve_wall=27.973 lce_wall=994.868 write_wall=4.987 lf_steps=0 cache_hits=0
SLIM_PHASE query-chunks wall=6.925 cumulative=1063.670 peak_rss_kib=12409276
SLIM_PROGRESS runs=150011904/397723010 resolve_wall=28.159 lce_wall=1001.379 write_wall=5.024 lf_steps=0 cache_hits=0
SLIM_PHASE query-chunks wall=6.735 cumulative=1070.405 peak_rss_kib=12409276
SLIM_PROGRESS runs=151060480/397723010 resolve_wall=28.346 lce_wall=1008.032 write_wall=5.061 lf_steps=0 cache_hits=0
SLIM_PHASE query-chunks wall=6.876 cumulative=1077.282 peak_rss_kib=12409276
SLIM_PROGRESS runs=152109056/397723010 resolve_wall=28.534 lce_wall=1014.326 write_wall=5.098 lf_steps=0 cache_hits=0
SLIM_PHASE query-chunks wall=6.519 cumulative=1083.800 peak_rss_kib=12409276
SLIM_PROGRESS runs=153157632/397723010 resolve_wall=28.720 lce_wall=1020.635 write_wall=5.134 lf_steps=0 cache_hits=0
SLIM_PHASE query-chunks wall=6.532 cumulative=1090.332 peak_rss_kib=12409276
SLIM_PROGRESS runs=154206208/397723010 resolve_wall=28.908 lce_wall=1026.894 write_wall=5.171 lf_steps=0 cache_hits=0
SLIM_PHASE query-chunks wall=6.484 cumulative=1096.816 peak_rss_kib=12409276
SLIM_PROGRESS runs=155254784/397723010 resolve_wall=29.098 lce_wall=1033.090 write_wall=5.206 lf_steps=0 cache_hits=0
SLIM_PHASE query-chunks wall=6.422 cumulative=1103.238 peak_rss_kib=12409276
SLIM_PROGRESS runs=156303360/397723010 resolve_wall=29.285 lce_wall=1039.261 write_wall=5.240 lf_steps=0 cache_hits=0
SLIM_PHASE query-chunks wall=6.391 cumulative=1109.629 peak_rss_kib=12409276
SLIM_PROGRESS runs=157351936/397723010 resolve_wall=29.469 lce_wall=1045.539 write_wall=5.276 lf_steps=0 cache_hits=0
SLIM_PHASE query-chunks wall=6.499 cumulative=1116.128 peak_rss_kib=12409276
SLIM_PROGRESS runs=158400512/397723010 resolve_wall=29.652 lce_wall=1052.235 write_wall=5.310 lf_steps=0 cache_hits=0
SLIM_PHASE query-chunks wall=6.912 cumulative=1123.040 peak_rss_kib=12409276
SLIM_PROGRESS runs=159449088/397723010 resolve_wall=29.828 lce_wall=1058.517 write_wall=5.344 lf_steps=0 cache_hits=0
SLIM_PHASE query-chunks wall=6.492 cumulative=1129.533 peak_rss_kib=12409276
SLIM_PROGRESS runs=160497664/397723010 resolve_wall=30.005 lce_wall=1064.572 write_wall=5.379 lf_steps=0 cache_hits=0
SLIM_PHASE query-chunks wall=6.268 cumulative=1135.801 peak_rss_kib=12409276
SLIM_PROGRESS runs=161546240/397723010 resolve_wall=30.197 lce_wall=1071.552 write_wall=5.414 lf_steps=0 cache_hits=0
SLIM_PHASE query-chunks wall=7.206 cumulative=1143.007 peak_rss_kib=12409276
SLIM_PROGRESS runs=162594816/397723010 resolve_wall=30.390 lce_wall=1078.947 write_wall=5.448 lf_steps=0 cache_hits=0
SLIM_PHASE query-chunks wall=7.623 cumulative=1150.629 peak_rss_kib=12409276
SLIM_PROGRESS runs=163643392/397723010 resolve_wall=30.588 lce_wall=1086.061 write_wall=5.483 lf_steps=0 cache_hits=0
SLIM_PHASE query-chunks wall=7.348 cumulative=1157.977 peak_rss_kib=12409276
SLIM_PROGRESS runs=164691968/397723010 resolve_wall=30.787 lce_wall=1093.576 write_wall=5.519 lf_steps=0 cache_hits=0
SLIM_PHASE query-chunks wall=7.750 cumulative=1165.727 peak_rss_kib=12409276
SLIM_PROGRESS runs=165740544/397723010 resolve_wall=30.988 lce_wall=1100.776 write_wall=5.554 lf_steps=0 cache_hits=0
SLIM_PHASE query-chunks wall=7.436 cumulative=1173.163 peak_rss_kib=12409276
SLIM_PROGRESS runs=166789120/397723010 resolve_wall=31.193 lce_wall=1108.549 write_wall=5.589 lf_steps=0 cache_hits=0
SLIM_PHASE query-chunks wall=8.014 cumulative=1181.177 peak_rss_kib=12409276
SLIM_PROGRESS runs=167837696/397723010 resolve_wall=31.401 lce_wall=1116.234 write_wall=5.625 lf_steps=0 cache_hits=0
SLIM_PHASE query-chunks wall=7.929 cumulative=1189.105 peak_rss_kib=12409276
SLIM_PROGRESS runs=168886272/397723010 resolve_wall=31.616 lce_wall=1123.957 write_wall=5.659 lf_steps=0 cache_hits=0
SLIM_PHASE query-chunks wall=7.972 cumulative=1197.078 peak_rss_kib=12409276
SLIM_PROGRESS runs=169934848/397723010 resolve_wall=31.823 lce_wall=1131.474 write_wall=5.692 lf_steps=0 cache_hits=0
SLIM_PHASE query-chunks wall=7.757 cumulative=1204.835 peak_rss_kib=12409276
SLIM_PROGRESS runs=170983424/397723010 resolve_wall=32.023 lce_wall=1138.452 write_wall=5.730 lf_steps=0 cache_hits=0
SLIM_PHASE query-chunks wall=7.216 cumulative=1212.051 peak_rss_kib=12409276
SLIM_PROGRESS runs=172032000/397723010 resolve_wall=32.213 lce_wall=1145.531 write_wall=5.769 lf_steps=0 cache_hits=0
SLIM_PHASE query-chunks wall=7.308 cumulative=1219.359 peak_rss_kib=12409276
SLIM_PROGRESS runs=173080576/397723010 resolve_wall=32.409 lce_wall=1153.198 write_wall=5.807 lf_steps=0 cache_hits=0
SLIM_PHASE query-chunks wall=7.901 cumulative=1227.260 peak_rss_kib=12409276
SLIM_PROGRESS runs=174129152/397723010 resolve_wall=32.607 lce_wall=1160.467 write_wall=5.844 lf_steps=0 cache_hits=0
SLIM_PHASE query-chunks wall=7.505 cumulative=1234.765 peak_rss_kib=12409276
SLIM_PROGRESS runs=175177728/397723010 resolve_wall=32.798 lce_wall=1166.982 write_wall=5.880 lf_steps=0 cache_hits=0
SLIM_PHASE query-chunks wall=6.743 cumulative=1241.507 peak_rss_kib=12409276
SLIM_PROGRESS runs=176226304/397723010 resolve_wall=32.991 lce_wall=1173.456 write_wall=5.916 lf_steps=0 cache_hits=0
SLIM_PHASE query-chunks wall=6.702 cumulative=1248.210 peak_rss_kib=12409276
SLIM_PROGRESS runs=177274880/397723010 resolve_wall=33.186 lce_wall=1179.916 write_wall=5.956 lf_steps=0 cache_hits=0
SLIM_PHASE query-chunks wall=6.695 cumulative=1254.904 peak_rss_kib=12409276
SLIM_PROGRESS runs=178323456/397723010 resolve_wall=33.379 lce_wall=1186.592 write_wall=5.992 lf_steps=0 cache_hits=0
SLIM_PHASE query-chunks wall=6.906 cumulative=1261.810 peak_rss_kib=12409276
SLIM_PROGRESS runs=179372032/397723010 resolve_wall=33.572 lce_wall=1193.077 write_wall=6.027 lf_steps=0 cache_hits=0
SLIM_PHASE query-chunks wall=6.713 cumulative=1268.524 peak_rss_kib=12409276
SLIM_PROGRESS runs=180420608/397723010 resolve_wall=33.770 lce_wall=1200.034 write_wall=6.062 lf_steps=0 cache_hits=0
SLIM_PHASE query-chunks wall=7.189 cumulative=1275.713 peak_rss_kib=12409276
SLIM_PROGRESS runs=181469184/397723010 resolve_wall=33.954 lce_wall=1207.258 write_wall=6.095 lf_steps=0 cache_hits=0
SLIM_PHASE query-chunks wall=7.442 cumulative=1283.155 peak_rss_kib=12409276
SLIM_PROGRESS runs=182517760/397723010 resolve_wall=34.149 lce_wall=1214.234 write_wall=6.130 lf_steps=0 cache_hits=0
SLIM_PHASE query-chunks wall=7.205 cumulative=1290.360 peak_rss_kib=12409276
SLIM_PROGRESS runs=183566336/397723010 resolve_wall=34.343 lce_wall=1221.547 write_wall=6.169 lf_steps=0 cache_hits=0
SLIM_PHASE query-chunks wall=7.547 cumulative=1297.907 peak_rss_kib=12409276
SLIM_PROGRESS runs=184614912/397723010 resolve_wall=34.539 lce_wall=1228.395 write_wall=6.210 lf_steps=0 cache_hits=0
SLIM_PHASE query-chunks wall=7.085 cumulative=1304.992 peak_rss_kib=12409276
SLIM_PROGRESS runs=185663488/397723010 resolve_wall=34.730 lce_wall=1234.839 write_wall=6.244 lf_steps=0 cache_hits=0
SLIM_PHASE query-chunks wall=6.670 cumulative=1311.662 peak_rss_kib=12409276
SLIM_PROGRESS runs=186712064/397723010 resolve_wall=34.925 lce_wall=1241.496 write_wall=6.280 lf_steps=0 cache_hits=0
SLIM_PHASE query-chunks wall=6.888 cumulative=1318.550 peak_rss_kib=12409276
SLIM_PROGRESS runs=187760640/397723010 resolve_wall=35.118 lce_wall=1247.810 write_wall=6.316 lf_steps=0 cache_hits=0
SLIM_PHASE query-chunks wall=6.542 cumulative=1325.092 peak_rss_kib=12409276
SLIM_PROGRESS runs=188809216/397723010 resolve_wall=35.321 lce_wall=1254.399 write_wall=6.351 lf_steps=0 cache_hits=0
SLIM_PHASE query-chunks wall=6.827 cumulative=1331.919 peak_rss_kib=12409276
SLIM_PROGRESS runs=189857792/397723010 resolve_wall=35.521 lce_wall=1261.603 write_wall=6.384 lf_steps=0 cache_hits=0
SLIM_PHASE query-chunks wall=7.437 cumulative=1339.356 peak_rss_kib=12409276
SLIM_PROGRESS runs=190906368/397723010 resolve_wall=35.704 lce_wall=1268.757 write_wall=6.420 lf_steps=0 cache_hits=0
SLIM_PHASE query-chunks wall=7.374 cumulative=1346.730 peak_rss_kib=12409276
SLIM_PROGRESS runs=191954944/397723010 resolve_wall=35.893 lce_wall=1275.498 write_wall=6.455 lf_steps=0 cache_hits=0
SLIM_PHASE query-chunks wall=6.964 cumulative=1353.695 peak_rss_kib=12409276
SLIM_PROGRESS runs=193003520/397723010 resolve_wall=36.080 lce_wall=1282.065 write_wall=6.488 lf_steps=0 cache_hits=0
SLIM_PHASE query-chunks wall=6.787 cumulative=1360.481 peak_rss_kib=12409276
SLIM_PROGRESS runs=194052096/397723010 resolve_wall=36.258 lce_wall=1288.441 write_wall=6.525 lf_steps=0 cache_hits=0
SLIM_PHASE query-chunks wall=6.591 cumulative=1367.073 peak_rss_kib=12409276
SLIM_PROGRESS runs=195100672/397723010 resolve_wall=36.441 lce_wall=1295.485 write_wall=6.561 lf_steps=0 cache_hits=0
SLIM_PHASE query-chunks wall=7.264 cumulative=1374.336 peak_rss_kib=12409276
SLIM_PROGRESS runs=196149248/397723010 resolve_wall=36.629 lce_wall=1302.361 write_wall=6.601 lf_steps=0 cache_hits=0
SLIM_PHASE query-chunks wall=7.103 cumulative=1381.440 peak_rss_kib=12416852
SLIM_PROGRESS runs=197197824/397723010 resolve_wall=36.822 lce_wall=1310.077 write_wall=6.640 lf_steps=0 cache_hits=0
SLIM_PHASE query-chunks wall=7.949 cumulative=1389.388 peak_rss_kib=12416852
SLIM_PROGRESS runs=198246400/397723010 resolve_wall=37.011 lce_wall=1317.231 write_wall=6.677 lf_steps=0 cache_hits=0
SLIM_PHASE query-chunks wall=7.381 cumulative=1396.769 peak_rss_kib=12416852
SLIM_PROGRESS runs=199294976/397723010 resolve_wall=37.188 lce_wall=1324.127 write_wall=6.715 lf_steps=0 cache_hits=0
SLIM_PHASE query-chunks wall=7.111 cumulative=1403.880 peak_rss_kib=12416852
SLIM_PROGRESS runs=200343552/397723010 resolve_wall=37.382 lce_wall=1331.345 write_wall=6.750 lf_steps=0 cache_hits=0
SLIM_PHASE query-chunks wall=7.446 cumulative=1411.326 peak_rss_kib=12416852
SLIM_PROGRESS runs=201392128/397723010 resolve_wall=37.569 lce_wall=1338.213 write_wall=6.785 lf_steps=0 cache_hits=0
SLIM_PHASE query-chunks wall=7.091 cumulative=1418.417 peak_rss_kib=12416852
SLIM_PROGRESS runs=202440704/397723010 resolve_wall=37.752 lce_wall=1344.815 write_wall=6.821 lf_steps=0 cache_hits=0
SLIM_PHASE query-chunks wall=6.821 cumulative=1425.238 peak_rss_kib=12416852
SLIM_PROGRESS runs=203489280/397723010 resolve_wall=37.942 lce_wall=1351.120 write_wall=6.855 lf_steps=0 cache_hits=0
SLIM_PHASE query-chunks wall=6.530 cumulative=1431.768 peak_rss_kib=12416852
SLIM_PROGRESS runs=204537856/397723010 resolve_wall=38.136 lce_wall=1357.329 write_wall=6.890 lf_steps=0 cache_hits=0
SLIM_PHASE query-chunks wall=6.438 cumulative=1438.205 peak_rss_kib=12416852
SLIM_PROGRESS runs=205586432/397723010 resolve_wall=38.332 lce_wall=1363.629 write_wall=6.925 lf_steps=0 cache_hits=0
SLIM_PHASE query-chunks wall=6.531 cumulative=1444.737 peak_rss_kib=12416852
SLIM_PROGRESS runs=206635008/397723010 resolve_wall=38.534 lce_wall=1370.055 write_wall=6.960 lf_steps=0 cache_hits=0
SLIM_PHASE query-chunks wall=6.663 cumulative=1451.400 peak_rss_kib=12416852
SLIM_PROGRESS runs=207683584/397723010 resolve_wall=38.734 lce_wall=1376.616 write_wall=6.996 lf_steps=0 cache_hits=0
SLIM_PHASE query-chunks wall=6.796 cumulative=1458.197 peak_rss_kib=12416852
SLIM_PROGRESS runs=208732160/397723010 resolve_wall=38.938 lce_wall=1382.900 write_wall=7.032 lf_steps=0 cache_hits=0
SLIM_PHASE query-chunks wall=6.525 cumulative=1464.721 peak_rss_kib=12416852
SLIM_PROGRESS runs=209780736/397723010 resolve_wall=39.142 lce_wall=1389.378 write_wall=7.069 lf_steps=0 cache_hits=0
SLIM_PHASE query-chunks wall=6.720 cumulative=1471.442 peak_rss_kib=12416852
SLIM_PROGRESS runs=210829312/397723010 resolve_wall=39.351 lce_wall=1396.042 write_wall=7.104 lf_steps=0 cache_hits=0
SLIM_PHASE query-chunks wall=6.907 cumulative=1478.349 peak_rss_kib=12416852
SLIM_PROGRESS runs=211877888/397723010 resolve_wall=39.552 lce_wall=1403.242 write_wall=7.140 lf_steps=0 cache_hits=0
SLIM_PHASE query-chunks wall=7.437 cumulative=1485.785 peak_rss_kib=12422788
SLIM_PROGRESS runs=212926464/397723010 resolve_wall=39.755 lce_wall=1410.030 write_wall=7.175 lf_steps=0 cache_hits=0
SLIM_PHASE query-chunks wall=7.027 cumulative=1492.812 peak_rss_kib=12435076
SLIM_PROGRESS runs=213975040/397723010 resolve_wall=39.935 lce_wall=1416.680 write_wall=7.205 lf_steps=0 cache_hits=0
SLIM_PHASE query-chunks wall=6.860 cumulative=1499.672 peak_rss_kib=12439172
SLIM_PROGRESS runs=215023616/397723010 resolve_wall=40.121 lce_wall=1423.009 write_wall=7.239 lf_steps=0 cache_hits=0
SLIM_PHASE query-chunks wall=6.549 cumulative=1506.221 peak_rss_kib=12443268
SLIM_PROGRESS runs=216072192/397723010 resolve_wall=40.307 lce_wall=1429.839 write_wall=7.273 lf_steps=0 cache_hits=0
SLIM_PHASE query-chunks wall=7.051 cumulative=1513.272 peak_rss_kib=12445316
SLIM_PROGRESS runs=217120768/397723010 resolve_wall=40.494 lce_wall=1436.619 write_wall=7.310 lf_steps=0 cache_hits=0
SLIM_PHASE query-chunks wall=7.003 cumulative=1520.275 peak_rss_kib=12451460
SLIM_PROGRESS runs=218169344/397723010 resolve_wall=40.679 lce_wall=1443.022 write_wall=7.343 lf_steps=0 cache_hits=0
SLIM_PHASE query-chunks wall=6.622 cumulative=1526.897 peak_rss_kib=12459652
SLIM_PROGRESS runs=219217920/397723010 resolve_wall=40.864 lce_wall=1449.390 write_wall=7.380 lf_steps=0 cache_hits=0
SLIM_PHASE query-chunks wall=6.589 cumulative=1533.486 peak_rss_kib=12471940
SLIM_PROGRESS runs=220266496/397723010 resolve_wall=41.050 lce_wall=1456.831 write_wall=7.415 lf_steps=0 cache_hits=0
SLIM_PHASE query-chunks wall=7.664 cumulative=1541.150 peak_rss_kib=12482180
SLIM_PROGRESS runs=221315072/397723010 resolve_wall=41.244 lce_wall=1464.165 write_wall=7.450 lf_steps=0 cache_hits=0
SLIM_PHASE query-chunks wall=7.563 cumulative=1548.713 peak_rss_kib=12484228
SLIM_PROGRESS runs=222363648/397723010 resolve_wall=41.422 lce_wall=1471.573 write_wall=7.486 lf_steps=0 cache_hits=0
SLIM_PHASE query-chunks wall=7.622 cumulative=1556.334 peak_rss_kib=12490372
SLIM_PROGRESS runs=223412224/397723010 resolve_wall=41.609 lce_wall=1478.374 write_wall=7.521 lf_steps=0 cache_hits=0
SLIM_PHASE query-chunks wall=7.024 cumulative=1563.358 peak_rss_kib=12492400
SLIM_PROGRESS runs=224460800/397723010 resolve_wall=41.834 lce_wall=1486.459 write_wall=7.565 lf_steps=0 cache_hits=0
SLIM_PHASE query-chunks wall=8.353 cumulative=1571.711 peak_rss_kib=12498544
SLIM_PROGRESS runs=225509376/397723010 resolve_wall=42.024 lce_wall=1492.781 write_wall=7.600 lf_steps=0 cache_hits=0
SLIM_PHASE query-chunks wall=6.548 cumulative=1578.259 peak_rss_kib=12508784
SLIM_PROGRESS runs=226557952/397723010 resolve_wall=42.217 lce_wall=1499.215 write_wall=7.632 lf_steps=0 cache_hits=0
SLIM_PHASE query-chunks wall=6.659 cumulative=1584.918 peak_rss_kib=12519024
SLIM_PROGRESS runs=227606528/397723010 resolve_wall=42.413 lce_wall=1505.558 write_wall=7.666 lf_steps=0 cache_hits=0
SLIM_PHASE query-chunks wall=6.572 cumulative=1591.490 peak_rss_kib=12529264
SLIM_PROGRESS runs=228655104/397723010 resolve_wall=42.622 lce_wall=1512.304 write_wall=7.704 lf_steps=0 cache_hits=0
SLIM_PHASE query-chunks wall=6.993 cumulative=1598.484 peak_rss_kib=12539504
SLIM_PROGRESS runs=229703680/397723010 resolve_wall=42.822 lce_wall=1518.887 write_wall=7.748 lf_steps=0 cache_hits=0
SLIM_PHASE query-chunks wall=6.829 cumulative=1605.312 peak_rss_kib=12545648
SLIM_PROGRESS runs=230752256/397723010 resolve_wall=43.026 lce_wall=1525.786 write_wall=7.788 lf_steps=0 cache_hits=0
SLIM_PHASE query-chunks wall=7.143 cumulative=1612.455 peak_rss_kib=12545648
SLIM_PROGRESS runs=231800832/397723010 resolve_wall=43.216 lce_wall=1531.930 write_wall=7.824 lf_steps=0 cache_hits=0
SLIM_PHASE query-chunks wall=6.370 cumulative=1618.825 peak_rss_kib=12545648
SLIM_PROGRESS runs=232849408/397723010 resolve_wall=43.403 lce_wall=1537.985 write_wall=7.860 lf_steps=0 cache_hits=0
SLIM_PHASE query-chunks wall=6.278 cumulative=1625.103 peak_rss_kib=12545648
SLIM_PROGRESS runs=233897984/397723010 resolve_wall=43.588 lce_wall=1544.001 write_wall=7.897 lf_steps=0 cache_hits=0
SLIM_PHASE query-chunks wall=6.239 cumulative=1631.341 peak_rss_kib=12553836
SLIM_PROGRESS runs=234946560/397723010 resolve_wall=43.770 lce_wall=1550.464 write_wall=7.933 lf_steps=0 cache_hits=0
SLIM_PHASE query-chunks wall=6.680 cumulative=1638.021 peak_rss_kib=12562024
SLIM_PROGRESS runs=235995136/397723010 resolve_wall=43.956 lce_wall=1556.903 write_wall=7.967 lf_steps=0 cache_hits=0
SLIM_PHASE query-chunks wall=6.660 cumulative=1644.681 peak_rss_kib=12568168
SLIM_PROGRESS runs=237043712/397723010 resolve_wall=44.150 lce_wall=1563.361 write_wall=7.998 lf_steps=0 cache_hits=0
SLIM_PHASE query-chunks wall=6.683 cumulative=1651.364 peak_rss_kib=12576360
SLIM_PROGRESS runs=238092288/397723010 resolve_wall=44.341 lce_wall=1569.694 write_wall=8.032 lf_steps=0 cache_hits=0
SLIM_PHASE query-chunks wall=6.558 cumulative=1657.922 peak_rss_kib=12582504
SLIM_PROGRESS runs=239140864/397723010 resolve_wall=44.535 lce_wall=1576.357 write_wall=8.065 lf_steps=0 cache_hits=0
SLIM_PHASE query-chunks wall=6.891 cumulative=1664.813 peak_rss_kib=12586600
SLIM_PROGRESS runs=240189440/397723010 resolve_wall=44.723 lce_wall=1583.043 write_wall=8.102 lf_steps=0 cache_hits=0
SLIM_PHASE query-chunks wall=6.911 cumulative=1671.724 peak_rss_kib=12594792
SLIM_PROGRESS runs=241238016/397723010 resolve_wall=44.909 lce_wall=1589.333 write_wall=8.139 lf_steps=0 cache_hits=0
SLIM_PHASE query-chunks wall=6.512 cumulative=1678.236 peak_rss_kib=12602984
SLIM_PROGRESS runs=242286592/397723010 resolve_wall=45.087 lce_wall=1595.803 write_wall=8.174 lf_steps=0 cache_hits=0
SLIM_PHASE query-chunks wall=6.685 cumulative=1684.921 peak_rss_kib=12611176
SLIM_PROGRESS runs=243335168/397723010 resolve_wall=45.281 lce_wall=1603.337 write_wall=8.207 lf_steps=0 cache_hits=0
SLIM_PHASE query-chunks wall=7.761 cumulative=1692.682 peak_rss_kib=12615272
SLIM_PROGRESS runs=244383744/397723010 resolve_wall=45.468 lce_wall=1610.878 write_wall=8.243 lf_steps=0 cache_hits=0
SLIM_PHASE query-chunks wall=7.764 cumulative=1700.446 peak_rss_kib=12625512
SLIM_PROGRESS runs=245432320/397723010 resolve_wall=45.659 lce_wall=1618.413 write_wall=8.281 lf_steps=0 cache_hits=0
SLIM_PHASE query-chunks wall=7.764 cumulative=1708.210 peak_rss_kib=12631656
SLIM_PROGRESS runs=246480896/397723010 resolve_wall=45.857 lce_wall=1625.711 write_wall=8.322 lf_steps=0 cache_hits=0
SLIM_PHASE query-chunks wall=7.538 cumulative=1715.747 peak_rss_kib=12639848
SLIM_PROGRESS runs=247529472/397723010 resolve_wall=46.046 lce_wall=1632.628 write_wall=8.367 lf_steps=0 cache_hits=0
SLIM_PHASE query-chunks wall=7.151 cumulative=1722.898 peak_rss_kib=12658276
SLIM_PROGRESS runs=248578048/397723010 resolve_wall=46.247 lce_wall=1639.626 write_wall=8.402 lf_steps=0 cache_hits=0
SLIM_PHASE query-chunks wall=7.234 cumulative=1730.132 peak_rss_kib=12664420
SLIM_PROGRESS runs=249626624/397723010 resolve_wall=46.448 lce_wall=1646.802 write_wall=8.442 lf_steps=0 cache_hits=0
SLIM_PHASE query-chunks wall=7.417 cumulative=1737.550 peak_rss_kib=12678756
SLIM_PROGRESS runs=250675200/397723010 resolve_wall=46.657 lce_wall=1654.342 write_wall=8.486 lf_steps=0 cache_hits=0
SLIM_PHASE query-chunks wall=7.792 cumulative=1745.342 peak_rss_kib=12688996
SLIM_PROGRESS runs=251723776/397723010 resolve_wall=46.865 lce_wall=1661.436 write_wall=8.530 lf_steps=0 cache_hits=0
SLIM_PHASE query-chunks wall=7.346 cumulative=1752.689 peak_rss_kib=12699236
SLIM_PROGRESS runs=252772352/397723010 resolve_wall=47.086 lce_wall=1668.748 write_wall=8.569 lf_steps=0 cache_hits=0
SLIM_PHASE query-chunks wall=7.573 cumulative=1760.261 peak_rss_kib=12703332
SLIM_PROGRESS runs=253820928/397723010 resolve_wall=47.292 lce_wall=1675.905 write_wall=8.607 lf_steps=0 cache_hits=0
SLIM_PHASE query-chunks wall=7.400 cumulative=1767.662 peak_rss_kib=12711524
SLIM_PROGRESS runs=254869504/397723010 resolve_wall=47.503 lce_wall=1683.355 write_wall=8.648 lf_steps=0 cache_hits=0
SLIM_PHASE query-chunks wall=7.704 cumulative=1775.365 peak_rss_kib=12725860
SLIM_PROGRESS runs=255918080/397723010 resolve_wall=47.714 lce_wall=1690.636 write_wall=8.689 lf_steps=0 cache_hits=0
SLIM_PHASE query-chunks wall=7.533 cumulative=1782.898 peak_rss_kib=12734052
SLIM_PROGRESS runs=256966656/397723010 resolve_wall=47.915 lce_wall=1698.126 write_wall=8.727 lf_steps=0 cache_hits=0
SLIM_PHASE query-chunks wall=7.729 cumulative=1790.627 peak_rss_kib=12742244
SLIM_PROGRESS runs=258015232/397723010 resolve_wall=48.115 lce_wall=1706.526 write_wall=8.783 lf_steps=0 cache_hits=0
SLIM_PHASE query-chunks wall=8.656 cumulative=1799.283 peak_rss_kib=12746340
SLIM_PROGRESS runs=259063808/397723010 resolve_wall=48.358 lce_wall=1714.992 write_wall=8.831 lf_steps=0 cache_hits=0
SLIM_PHASE query-chunks wall=8.758 cumulative=1808.041 peak_rss_kib=12748388
SLIM_PROGRESS runs=260112384/397723010 resolve_wall=48.603 lce_wall=1722.927 write_wall=8.886 lf_steps=0 cache_hits=0
SLIM_PHASE query-chunks wall=8.235 cumulative=1816.276 peak_rss_kib=12758628
SLIM_PROGRESS runs=261160960/397723010 resolve_wall=48.831 lce_wall=1730.672 write_wall=8.937 lf_steps=0 cache_hits=0
SLIM_PHASE query-chunks wall=8.024 cumulative=1824.300 peak_rss_kib=12762596
SLIM_PROGRESS runs=262209536/397723010 resolve_wall=49.047 lce_wall=1737.637 write_wall=8.974 lf_steps=0 cache_hits=0
SLIM_PHASE query-chunks wall=7.218 cumulative=1831.518 peak_rss_kib=12762596
SLIM_PROGRESS runs=263258112/397723010 resolve_wall=49.232 lce_wall=1744.281 write_wall=9.011 lf_steps=0 cache_hits=0
SLIM_PHASE query-chunks wall=6.867 cumulative=1838.386 peak_rss_kib=12768740
SLIM_PROGRESS runs=264306688/397723010 resolve_wall=49.408 lce_wall=1750.588 write_wall=9.048 lf_steps=0 cache_hits=0
SLIM_PHASE query-chunks wall=6.519 cumulative=1844.904 peak_rss_kib=12772836
SLIM_PROGRESS runs=265355264/397723010 resolve_wall=49.594 lce_wall=1756.820 write_wall=9.083 lf_steps=0 cache_hits=0
SLIM_PHASE query-chunks wall=6.454 cumulative=1851.358 peak_rss_kib=12781028
SLIM_PROGRESS runs=266403840/397723010 resolve_wall=49.783 lce_wall=1762.835 write_wall=9.118 lf_steps=0 cache_hits=0
SLIM_PHASE query-chunks wall=6.239 cumulative=1857.597 peak_rss_kib=12793316
SLIM_PROGRESS runs=267452416/397723010 resolve_wall=49.976 lce_wall=1769.037 write_wall=9.152 lf_steps=0 cache_hits=0
SLIM_PHASE query-chunks wall=6.430 cumulative=1864.027 peak_rss_kib=12801508
SLIM_PROGRESS runs=268500992/397723010 resolve_wall=50.166 lce_wall=1774.932 write_wall=9.189 lf_steps=0 cache_hits=0
SLIM_PHASE query-chunks wall=6.121 cumulative=1870.148 peak_rss_kib=12811748
SLIM_PROGRESS runs=269549568/397723010 resolve_wall=50.365 lce_wall=1780.551 write_wall=9.222 lf_steps=0 cache_hits=0
SLIM_PHASE query-chunks wall=5.851 cumulative=1875.999 peak_rss_kib=12815844
SLIM_PROGRESS runs=270598144/397723010 resolve_wall=50.555 lce_wall=1786.231 write_wall=9.260 lf_steps=0 cache_hits=0
SLIM_PHASE query-chunks wall=5.908 cumulative=1881.907 peak_rss_kib=12817892
SLIM_PROGRESS runs=271646720/397723010 resolve_wall=50.747 lce_wall=1792.633 write_wall=9.296 lf_steps=0 cache_hits=0
SLIM_PHASE query-chunks wall=6.631 cumulative=1888.538 peak_rss_kib=12825872
SLIM_PROGRESS runs=272695296/397723010 resolve_wall=50.951 lce_wall=1799.763 write_wall=9.334 lf_steps=0 cache_hits=0
SLIM_PHASE query-chunks wall=7.372 cumulative=1895.910 peak_rss_kib=12829968
SLIM_PROGRESS runs=273743872/397723010 resolve_wall=51.219 lce_wall=1807.025 write_wall=9.369 lf_steps=0 cache_hits=0
SLIM_PHASE query-chunks wall=7.565 cumulative=1903.476 peak_rss_kib=12838160
SLIM_PROGRESS runs=274792448/397723010 resolve_wall=51.427 lce_wall=1813.749 write_wall=9.408 lf_steps=0 cache_hits=0
SLIM_PHASE query-chunks wall=6.971 cumulative=1910.446 peak_rss_kib=12844304
SLIM_PROGRESS runs=275841024/397723010 resolve_wall=51.644 lce_wall=1821.063 write_wall=9.443 lf_steps=0 cache_hits=0
SLIM_PHASE query-chunks wall=7.567 cumulative=1918.014 peak_rss_kib=12848400
SLIM_PROGRESS runs=276889600/397723010 resolve_wall=51.845 lce_wall=1827.213 write_wall=9.477 lf_steps=0 cache_hits=0
SLIM_PHASE query-chunks wall=6.384 cumulative=1924.398 peak_rss_kib=12854544
SLIM_PROGRESS runs=277938176/397723010 resolve_wall=52.038 lce_wall=1834.041 write_wall=9.510 lf_steps=0 cache_hits=0
SLIM_PHASE query-chunks wall=7.054 cumulative=1931.452 peak_rss_kib=12872976
SLIM_PROGRESS runs=278986752/397723010 resolve_wall=52.223 lce_wall=1840.695 write_wall=9.542 lf_steps=0 cache_hits=0
SLIM_PHASE query-chunks wall=6.871 cumulative=1938.322 peak_rss_kib=12881168
SLIM_PROGRESS runs=280035328/397723010 resolve_wall=52.403 lce_wall=1846.971 write_wall=9.577 lf_steps=0 cache_hits=0
SLIM_PHASE query-chunks wall=6.492 cumulative=1944.815 peak_rss_kib=12893456
SLIM_PROGRESS runs=281083904/397723010 resolve_wall=52.584 lce_wall=1853.215 write_wall=9.612 lf_steps=0 cache_hits=0
SLIM_PHASE query-chunks wall=6.460 cumulative=1951.275 peak_rss_kib=12897552
SLIM_PROGRESS runs=282132480/397723010 resolve_wall=52.763 lce_wall=1859.514 write_wall=9.649 lf_steps=0 cache_hits=0
SLIM_PHASE query-chunks wall=6.515 cumulative=1957.789 peak_rss_kib=12909840
SLIM_PROGRESS runs=283181056/397723010 resolve_wall=52.952 lce_wall=1866.820 write_wall=9.684 lf_steps=0 cache_hits=0
SLIM_PHASE query-chunks wall=7.530 cumulative=1965.320 peak_rss_kib=12924176
SLIM_PROGRESS runs=284229632/397723010 resolve_wall=53.148 lce_wall=1873.522 write_wall=9.718 lf_steps=0 cache_hits=0
SLIM_PHASE query-chunks wall=6.932 cumulative=1972.252 peak_rss_kib=12934416
SLIM_PROGRESS runs=285278208/397723010 resolve_wall=53.335 lce_wall=1879.867 write_wall=9.751 lf_steps=0 cache_hits=0
SLIM_PHASE query-chunks wall=6.564 cumulative=1978.816 peak_rss_kib=12944656
SLIM_PROGRESS runs=286326784/397723010 resolve_wall=53.520 lce_wall=1886.212 write_wall=9.783 lf_steps=0 cache_hits=0
SLIM_PHASE query-chunks wall=6.563 cumulative=1985.379 peak_rss_kib=12950800
SLIM_PROGRESS runs=287375360/397723010 resolve_wall=53.705 lce_wall=1892.533 write_wall=9.818 lf_steps=0 cache_hits=0
SLIM_PHASE query-chunks wall=6.541 cumulative=1991.921 peak_rss_kib=12967184
SLIM_PROGRESS runs=288423936/397723010 resolve_wall=53.890 lce_wall=1898.609 write_wall=9.853 lf_steps=0 cache_hits=0
SLIM_PHASE query-chunks wall=6.296 cumulative=1998.216 peak_rss_kib=12971280
SLIM_PROGRESS runs=289472512/397723010 resolve_wall=54.084 lce_wall=1904.643 write_wall=9.890 lf_steps=0 cache_hits=0
SLIM_PHASE query-chunks wall=6.265 cumulative=2004.481 peak_rss_kib=12975376
SLIM_PROGRESS runs=290521088/397723010 resolve_wall=54.275 lce_wall=1910.569 write_wall=9.923 lf_steps=0 cache_hits=0
SLIM_PHASE query-chunks wall=6.151 cumulative=2010.632 peak_rss_kib=12985616
SLIM_PROGRESS runs=291569664/397723010 resolve_wall=54.465 lce_wall=1916.545 write_wall=9.959 lf_steps=0 cache_hits=0
SLIM_PHASE query-chunks wall=6.202 cumulative=2016.834 peak_rss_kib=12995856
SLIM_PROGRESS runs=292618240/397723010 resolve_wall=54.659 lce_wall=1922.638 write_wall=9.992 lf_steps=0 cache_hits=0
SLIM_PHASE query-chunks wall=6.321 cumulative=2023.155 peak_rss_kib=13002000
SLIM_PROGRESS runs=293666816/397723010 resolve_wall=54.857 lce_wall=1928.710 write_wall=10.028 lf_steps=0 cache_hits=0
SLIM_PHASE query-chunks wall=6.306 cumulative=2029.460 peak_rss_kib=13008144
SLIM_PROGRESS runs=294715392/397723010 resolve_wall=55.060 lce_wall=1934.918 write_wall=10.062 lf_steps=0 cache_hits=0
SLIM_PHASE query-chunks wall=6.445 cumulative=2035.905 peak_rss_kib=13014280
SLIM_PROGRESS runs=295763968/397723010 resolve_wall=55.268 lce_wall=1941.210 write_wall=10.097 lf_steps=0 cache_hits=0
SLIM_PHASE query-chunks wall=6.535 cumulative=2042.441 peak_rss_kib=13020424
SLIM_PROGRESS runs=296812544/397723010 resolve_wall=55.470 lce_wall=1947.382 write_wall=10.133 lf_steps=0 cache_hits=0
SLIM_PHASE query-chunks wall=6.410 cumulative=2048.851 peak_rss_kib=13030664
SLIM_PROGRESS runs=297861120/397723010 resolve_wall=55.664 lce_wall=1953.751 write_wall=10.168 lf_steps=0 cache_hits=0
SLIM_PHASE query-chunks wall=6.598 cumulative=2055.449 peak_rss_kib=13036808
SLIM_PROGRESS runs=298909696/397723010 resolve_wall=55.859 lce_wall=1960.024 write_wall=10.203 lf_steps=0 cache_hits=0
SLIM_PHASE query-chunks wall=6.504 cumulative=2061.952 peak_rss_kib=13040904
SLIM_PROGRESS runs=299958272/397723010 resolve_wall=56.057 lce_wall=1966.269 write_wall=10.238 lf_steps=0 cache_hits=0
SLIM_PHASE query-chunks wall=6.478 cumulative=2068.431 peak_rss_kib=13047048
SLIM_PROGRESS runs=301006848/397723010 resolve_wall=56.249 lce_wall=1972.656 write_wall=10.274 lf_steps=0 cache_hits=0
SLIM_PHASE query-chunks wall=6.616 cumulative=2075.046 peak_rss_kib=13059336
SLIM_PROGRESS runs=302055424/397723010 resolve_wall=56.433 lce_wall=1978.798 write_wall=10.308 lf_steps=0 cache_hits=0
SLIM_PHASE query-chunks wall=6.360 cumulative=2081.406 peak_rss_kib=13069576
SLIM_PROGRESS runs=303104000/397723010 resolve_wall=56.653 lce_wall=1985.245 write_wall=10.338 lf_steps=0 cache_hits=0
SLIM_PHASE query-chunks wall=6.697 cumulative=2088.103 peak_rss_kib=13075720
SLIM_PROGRESS runs=304152576/397723010 resolve_wall=56.846 lce_wall=1991.479 write_wall=10.373 lf_steps=0 cache_hits=0
SLIM_PHASE query-chunks wall=6.461 cumulative=2094.565 peak_rss_kib=13081864
SLIM_PROGRESS runs=305201152/397723010 resolve_wall=57.039 lce_wall=1997.535 write_wall=10.409 lf_steps=0 cache_hits=0
SLIM_PHASE query-chunks wall=6.285 cumulative=2100.849 peak_rss_kib=13090056
SLIM_PROGRESS runs=306249728/397723010 resolve_wall=57.236 lce_wall=2003.585 write_wall=10.445 lf_steps=0 cache_hits=0
SLIM_PHASE query-chunks wall=6.285 cumulative=2107.134 peak_rss_kib=13100296
SLIM_PROGRESS runs=307298304/397723010 resolve_wall=57.438 lce_wall=2009.749 write_wall=10.480 lf_steps=0 cache_hits=0
SLIM_PHASE query-chunks wall=6.401 cumulative=2113.535 peak_rss_kib=13104392
SLIM_PROGRESS runs=308346880/397723010 resolve_wall=57.646 lce_wall=2016.078 write_wall=10.517 lf_steps=0 cache_hits=0
SLIM_PHASE query-chunks wall=6.574 cumulative=2120.108 peak_rss_kib=13112584
SLIM_PROGRESS runs=309395456/397723010 resolve_wall=57.854 lce_wall=2022.355 write_wall=10.551 lf_steps=0 cache_hits=0
SLIM_PHASE query-chunks wall=6.519 cumulative=2126.627 peak_rss_kib=13126920
SLIM_PROGRESS runs=310444032/397723010 resolve_wall=58.048 lce_wall=2028.782 write_wall=10.586 lf_steps=0 cache_hits=0
SLIM_PHASE query-chunks wall=6.656 cumulative=2133.284 peak_rss_kib=13128968
SLIM_PROGRESS runs=311492608/397723010 resolve_wall=58.240 lce_wall=2035.142 write_wall=10.624 lf_steps=0 cache_hits=0
SLIM_PHASE query-chunks wall=6.591 cumulative=2139.875 peak_rss_kib=13128968
SLIM_PROGRESS runs=312541184/397723010 resolve_wall=58.431 lce_wall=2041.546 write_wall=10.668 lf_steps=0 cache_hits=0
SLIM_PHASE query-chunks wall=6.639 cumulative=2146.514 peak_rss_kib=13128968
SLIM_PROGRESS runs=313589760/397723010 resolve_wall=58.628 lce_wall=2048.324 write_wall=10.703 lf_steps=0 cache_hits=0
SLIM_PHASE query-chunks wall=7.010 cumulative=2153.524 peak_rss_kib=13128968
SLIM_PROGRESS runs=314638336/397723010 resolve_wall=58.820 lce_wall=2054.805 write_wall=10.739 lf_steps=0 cache_hits=0
SLIM_PHASE query-chunks wall=6.709 cumulative=2160.233 peak_rss_kib=13128968
SLIM_PROGRESS runs=315686912/397723010 resolve_wall=59.010 lce_wall=2061.415 write_wall=10.773 lf_steps=0 cache_hits=0
SLIM_PHASE query-chunks wall=6.833 cumulative=2167.066 peak_rss_kib=13128968
SLIM_PROGRESS runs=316735488/397723010 resolve_wall=59.210 lce_wall=2068.489 write_wall=10.812 lf_steps=0 cache_hits=0
SLIM_PHASE query-chunks wall=7.313 cumulative=2174.379 peak_rss_kib=13128968
SLIM_PROGRESS runs=317784064/397723010 resolve_wall=59.403 lce_wall=2075.155 write_wall=10.848 lf_steps=0 cache_hits=0
SLIM_PHASE query-chunks wall=6.895 cumulative=2181.274 peak_rss_kib=13128968
SLIM_PROGRESS runs=318832640/397723010 resolve_wall=59.586 lce_wall=2081.445 write_wall=10.884 lf_steps=0 cache_hits=0
SLIM_PHASE query-chunks wall=6.510 cumulative=2187.784 peak_rss_kib=13128968
SLIM_PROGRESS runs=319881216/397723010 resolve_wall=59.762 lce_wall=2087.705 write_wall=10.918 lf_steps=0 cache_hits=0
SLIM_PHASE query-chunks wall=6.470 cumulative=2194.254 peak_rss_kib=13128968
SLIM_PROGRESS runs=320929792/397723010 resolve_wall=59.944 lce_wall=2094.333 write_wall=10.956 lf_steps=0 cache_hits=0
SLIM_PHASE query-chunks wall=6.848 cumulative=2201.103 peak_rss_kib=13128968
SLIM_PROGRESS runs=321978368/397723010 resolve_wall=60.127 lce_wall=2100.520 write_wall=10.994 lf_steps=0 cache_hits=0
SLIM_PHASE query-chunks wall=6.408 cumulative=2207.511 peak_rss_kib=13128968
SLIM_PROGRESS runs=323026944/397723010 resolve_wall=60.306 lce_wall=2106.623 write_wall=11.032 lf_steps=0 cache_hits=0
SLIM_PHASE query-chunks wall=6.320 cumulative=2213.831 peak_rss_kib=13128968
SLIM_PROGRESS runs=324075520/397723010 resolve_wall=60.503 lce_wall=2113.077 write_wall=11.069 lf_steps=0 cache_hits=0
SLIM_PHASE query-chunks wall=6.687 cumulative=2220.518 peak_rss_kib=13128968
SLIM_PROGRESS runs=325124096/397723010 resolve_wall=60.702 lce_wall=2119.422 write_wall=11.106 lf_steps=0 cache_hits=0
SLIM_PHASE query-chunks wall=6.582 cumulative=2227.100 peak_rss_kib=13128968
SLIM_PROGRESS runs=326172672/397723010 resolve_wall=60.890 lce_wall=2125.823 write_wall=11.144 lf_steps=0 cache_hits=0
SLIM_PHASE query-chunks wall=6.626 cumulative=2233.727 peak_rss_kib=13128968
SLIM_PROGRESS runs=327221248/397723010 resolve_wall=61.076 lce_wall=2132.371 write_wall=11.183 lf_steps=0 cache_hits=0
SLIM_PHASE query-chunks wall=6.774 cumulative=2240.501 peak_rss_kib=13128968
SLIM_PROGRESS runs=328269824/397723010 resolve_wall=61.283 lce_wall=2139.476 write_wall=11.221 lf_steps=0 cache_hits=0
SLIM_PHASE query-chunks wall=7.350 cumulative=2247.851 peak_rss_kib=13128968
SLIM_PROGRESS runs=329318400/397723010 resolve_wall=61.483 lce_wall=2146.107 write_wall=11.258 lf_steps=0 cache_hits=0
SLIM_PHASE query-chunks wall=6.867 cumulative=2254.718 peak_rss_kib=13128968
SLIM_PROGRESS runs=330366976/397723010 resolve_wall=61.698 lce_wall=2152.832 write_wall=11.294 lf_steps=0 cache_hits=0
SLIM_PHASE query-chunks wall=6.977 cumulative=2261.695 peak_rss_kib=13128968
SLIM_PROGRESS runs=331415552/397723010 resolve_wall=61.894 lce_wall=2159.758 write_wall=11.331 lf_steps=0 cache_hits=0
SLIM_PHASE query-chunks wall=7.159 cumulative=2268.854 peak_rss_kib=13128968
SLIM_PROGRESS runs=332464128/397723010 resolve_wall=62.090 lce_wall=2167.447 write_wall=11.370 lf_steps=0 cache_hits=0
SLIM_PHASE query-chunks wall=7.924 cumulative=2276.778 peak_rss_kib=13128968
SLIM_PROGRESS runs=333512704/397723010 resolve_wall=62.281 lce_wall=2174.236 write_wall=11.410 lf_steps=0 cache_hits=0
SLIM_PHASE query-chunks wall=7.020 cumulative=2283.798 peak_rss_kib=13128968
SLIM_PROGRESS runs=334561280/397723010 resolve_wall=62.492 lce_wall=2182.445 write_wall=11.462 lf_steps=0 cache_hits=0
SLIM_PHASE query-chunks wall=8.473 cumulative=2292.271 peak_rss_kib=13128968
SLIM_PROGRESS runs=335609856/397723010 resolve_wall=62.691 lce_wall=2189.412 write_wall=11.506 lf_steps=0 cache_hits=0
SLIM_PHASE query-chunks wall=7.210 cumulative=2299.481 peak_rss_kib=13128968
SLIM_PROGRESS runs=336658432/397723010 resolve_wall=62.882 lce_wall=2195.872 write_wall=11.545 lf_steps=0 cache_hits=0
SLIM_PHASE query-chunks wall=6.691 cumulative=2306.172 peak_rss_kib=13128968
SLIM_PROGRESS runs=337707008/397723010 resolve_wall=63.074 lce_wall=2202.134 write_wall=11.580 lf_steps=0 cache_hits=0
SLIM_PHASE query-chunks wall=6.489 cumulative=2312.661 peak_rss_kib=13128968
SLIM_PROGRESS runs=338755584/397723010 resolve_wall=63.274 lce_wall=2208.919 write_wall=11.617 lf_steps=0 cache_hits=0
SLIM_PHASE query-chunks wall=7.022 cumulative=2319.682 peak_rss_kib=13128968
SLIM_PROGRESS runs=339804160/397723010 resolve_wall=63.460 lce_wall=2215.372 write_wall=11.652 lf_steps=0 cache_hits=0
SLIM_PHASE query-chunks wall=6.674 cumulative=2326.356 peak_rss_kib=13128968
SLIM_PROGRESS runs=340852736/397723010 resolve_wall=63.647 lce_wall=2221.527 write_wall=11.688 lf_steps=0 cache_hits=0
SLIM_PHASE query-chunks wall=6.379 cumulative=2332.735 peak_rss_kib=13128968
SLIM_PROGRESS runs=341901312/397723010 resolve_wall=63.832 lce_wall=2227.771 write_wall=11.721 lf_steps=0 cache_hits=0
SLIM_PHASE query-chunks wall=6.462 cumulative=2339.197 peak_rss_kib=13128968
SLIM_PROGRESS runs=342949888/397723010 resolve_wall=64.017 lce_wall=2233.608 write_wall=11.755 lf_steps=0 cache_hits=0
SLIM_PHASE query-chunks wall=6.056 cumulative=2345.253 peak_rss_kib=13128968
SLIM_PROGRESS runs=343998464/397723010 resolve_wall=64.208 lce_wall=2239.588 write_wall=11.797 lf_steps=0 cache_hits=0
SLIM_PHASE query-chunks wall=6.213 cumulative=2351.466 peak_rss_kib=13128968
SLIM_PROGRESS runs=345047040/397723010 resolve_wall=64.391 lce_wall=2245.765 write_wall=11.845 lf_steps=0 cache_hits=0
SLIM_PHASE query-chunks wall=6.409 cumulative=2357.874 peak_rss_kib=13128968
SLIM_PROGRESS runs=346095616/397723010 resolve_wall=64.580 lce_wall=2251.916 write_wall=11.888 lf_steps=0 cache_hits=0
SLIM_PHASE query-chunks wall=6.383 cumulative=2364.258 peak_rss_kib=13128968
SLIM_PROGRESS runs=347144192/397723010 resolve_wall=64.769 lce_wall=2257.550 write_wall=11.925 lf_steps=0 cache_hits=0
SLIM_PHASE query-chunks wall=5.861 cumulative=2370.119 peak_rss_kib=13128968
SLIM_PROGRESS runs=348192768/397723010 resolve_wall=64.964 lce_wall=2263.232 write_wall=11.962 lf_steps=0 cache_hits=0
SLIM_PHASE query-chunks wall=5.913 cumulative=2376.032 peak_rss_kib=13128968
SLIM_PROGRESS runs=349241344/397723010 resolve_wall=65.162 lce_wall=2268.820 write_wall=11.996 lf_steps=0 cache_hits=0
SLIM_PHASE query-chunks wall=5.820 cumulative=2381.852 peak_rss_kib=13128968
SLIM_PROGRESS runs=350289920/397723010 resolve_wall=65.359 lce_wall=2274.300 write_wall=12.032 lf_steps=0 cache_hits=0
SLIM_PHASE query-chunks wall=5.714 cumulative=2387.566 peak_rss_kib=13128968
SLIM_PROGRESS runs=351338496/397723010 resolve_wall=65.555 lce_wall=2279.792 write_wall=12.070 lf_steps=0 cache_hits=0
SLIM_PHASE query-chunks wall=5.725 cumulative=2393.291 peak_rss_kib=13128968
SLIM_PROGRESS runs=352387072/397723010 resolve_wall=65.751 lce_wall=2285.358 write_wall=12.106 lf_steps=0 cache_hits=0
SLIM_PHASE query-chunks wall=5.799 cumulative=2399.090 peak_rss_kib=13128968
SLIM_PROGRESS runs=353435648/397723010 resolve_wall=65.949 lce_wall=2291.129 write_wall=12.142 lf_steps=0 cache_hits=0
SLIM_PHASE query-chunks wall=6.005 cumulative=2405.096 peak_rss_kib=13128968
SLIM_PROGRESS runs=354484224/397723010 resolve_wall=66.149 lce_wall=2296.882 write_wall=12.178 lf_steps=0 cache_hits=0
SLIM_PHASE query-chunks wall=5.988 cumulative=2411.083 peak_rss_kib=13128968
SLIM_PROGRESS runs=355532800/397723010 resolve_wall=66.349 lce_wall=2302.627 write_wall=12.214 lf_steps=0 cache_hits=0
SLIM_PHASE query-chunks wall=5.981 cumulative=2417.064 peak_rss_kib=13128968
SLIM_PROGRESS runs=356581376/397723010 resolve_wall=66.546 lce_wall=2308.544 write_wall=12.250 lf_steps=0 cache_hits=0
SLIM_PHASE query-chunks wall=6.151 cumulative=2423.215 peak_rss_kib=13128968
SLIM_PROGRESS runs=357629952/397723010 resolve_wall=66.723 lce_wall=2314.139 write_wall=12.285 lf_steps=0 cache_hits=0
SLIM_PHASE query-chunks wall=5.807 cumulative=2429.022 peak_rss_kib=13128968
SLIM_PROGRESS runs=358678528/397723010 resolve_wall=66.896 lce_wall=2319.581 write_wall=12.319 lf_steps=0 cache_hits=0
SLIM_PHASE query-chunks wall=5.650 cumulative=2434.672 peak_rss_kib=13128968
SLIM_PROGRESS runs=359727104/397723010 resolve_wall=67.069 lce_wall=2325.091 write_wall=12.353 lf_steps=0 cache_hits=0
SLIM_PHASE query-chunks wall=5.717 cumulative=2440.390 peak_rss_kib=13128968
SLIM_PROGRESS runs=360775680/397723010 resolve_wall=67.245 lce_wall=2330.657 write_wall=12.389 lf_steps=0 cache_hits=0
SLIM_PHASE query-chunks wall=5.778 cumulative=2446.167 peak_rss_kib=13128968
SLIM_PROGRESS runs=361824256/397723010 resolve_wall=67.426 lce_wall=2336.370 write_wall=12.423 lf_steps=0 cache_hits=0
SLIM_PHASE query-chunks wall=5.929 cumulative=2452.096 peak_rss_kib=13128968
SLIM_PROGRESS runs=362872832/397723010 resolve_wall=67.604 lce_wall=2341.800 write_wall=12.458 lf_steps=0 cache_hits=0
SLIM_PHASE query-chunks wall=5.641 cumulative=2457.737 peak_rss_kib=13128968
SLIM_PROGRESS runs=363921408/397723010 resolve_wall=67.788 lce_wall=2347.279 write_wall=12.492 lf_steps=0 cache_hits=0
SLIM_PHASE query-chunks wall=5.698 cumulative=2463.435 peak_rss_kib=13130956
SLIM_PROGRESS runs=364969984/397723010 resolve_wall=67.968 lce_wall=2352.978 write_wall=12.526 lf_steps=0 cache_hits=0
SLIM_PHASE query-chunks wall=5.914 cumulative=2469.349 peak_rss_kib=13135052
SLIM_PROGRESS runs=366018560/397723010 resolve_wall=68.160 lce_wall=2358.992 write_wall=12.560 lf_steps=0 cache_hits=0
SLIM_PHASE query-chunks wall=6.240 cumulative=2475.589 peak_rss_kib=13147340
SLIM_PROGRESS runs=367067136/397723010 resolve_wall=68.351 lce_wall=2364.829 write_wall=12.592 lf_steps=0 cache_hits=0
SLIM_PHASE query-chunks wall=6.060 cumulative=2481.650 peak_rss_kib=13155532
SLIM_PROGRESS runs=368115712/397723010 resolve_wall=68.545 lce_wall=2370.812 write_wall=12.626 lf_steps=0 cache_hits=0
SLIM_PHASE query-chunks wall=6.210 cumulative=2487.860 peak_rss_kib=13165772
SLIM_PROGRESS runs=369164288/397723010 resolve_wall=68.734 lce_wall=2376.790 write_wall=12.663 lf_steps=0 cache_hits=0
SLIM_PHASE query-chunks wall=6.203 cumulative=2494.063 peak_rss_kib=13173964
SLIM_PROGRESS runs=370212864/397723010 resolve_wall=68.929 lce_wall=2382.851 write_wall=12.698 lf_steps=0 cache_hits=0
SLIM_PHASE query-chunks wall=6.292 cumulative=2500.355 peak_rss_kib=13182148
SLIM_PROGRESS runs=371261440/397723010 resolve_wall=69.116 lce_wall=2388.996 write_wall=12.734 lf_steps=0 cache_hits=0
SLIM_PHASE query-chunks wall=6.368 cumulative=2506.723 peak_rss_kib=13184196
SLIM_PROGRESS runs=372310016/397723010 resolve_wall=69.309 lce_wall=2395.004 write_wall=12.770 lf_steps=0 cache_hits=0
SLIM_PHASE query-chunks wall=6.237 cumulative=2512.960 peak_rss_kib=13196484
SLIM_PROGRESS runs=373358592/397723010 resolve_wall=69.517 lce_wall=2401.496 write_wall=12.808 lf_steps=0 cache_hits=0
SLIM_PHASE query-chunks wall=6.739 cumulative=2519.699 peak_rss_kib=13200580
SLIM_PROGRESS runs=374407168/397723010 resolve_wall=69.717 lce_wall=2408.435 write_wall=12.850 lf_steps=0 cache_hits=0
SLIM_PHASE query-chunks wall=7.181 cumulative=2526.879 peak_rss_kib=13212868
SLIM_PROGRESS runs=375455744/397723010 resolve_wall=69.929 lce_wall=2415.611 write_wall=12.892 lf_steps=0 cache_hits=0
SLIM_PHASE query-chunks wall=7.431 cumulative=2534.311 peak_rss_kib=13219012
SLIM_PROGRESS runs=376504320/397723010 resolve_wall=70.135 lce_wall=2422.602 write_wall=12.930 lf_steps=0 cache_hits=0
SLIM_PHASE query-chunks wall=7.236 cumulative=2541.547 peak_rss_kib=13229184
SLIM_PROGRESS runs=377552896/397723010 resolve_wall=70.331 lce_wall=2429.315 write_wall=12.967 lf_steps=0 cache_hits=0
SLIM_PHASE query-chunks wall=6.945 cumulative=2548.491 peak_rss_kib=13241472
SLIM_PROGRESS runs=378601472/397723010 resolve_wall=70.520 lce_wall=2435.404 write_wall=13.001 lf_steps=0 cache_hits=0
SLIM_PHASE query-chunks wall=6.312 cumulative=2554.804 peak_rss_kib=13249664
SLIM_PROGRESS runs=379650048/397723010 resolve_wall=70.709 lce_wall=2441.704 write_wall=13.038 lf_steps=0 cache_hits=0
SLIM_PHASE query-chunks wall=6.525 cumulative=2561.329 peak_rss_kib=13251712
SLIM_PROGRESS runs=380698624/397723010 resolve_wall=70.889 lce_wall=2447.788 write_wall=13.073 lf_steps=0 cache_hits=0
SLIM_PHASE query-chunks wall=6.300 cumulative=2567.629 peak_rss_kib=13259792
SLIM_PROGRESS runs=381747200/397723010 resolve_wall=71.085 lce_wall=2453.641 write_wall=13.109 lf_steps=0 cache_hits=0
SLIM_PHASE query-chunks wall=6.085 cumulative=2573.714 peak_rss_kib=13263888
SLIM_PROGRESS runs=382795776/397723010 resolve_wall=71.294 lce_wall=2459.533 write_wall=13.144 lf_steps=0 cache_hits=0
SLIM_PHASE query-chunks wall=6.137 cumulative=2579.851 peak_rss_kib=13274128
SLIM_PROGRESS runs=383844352/397723010 resolve_wall=71.502 lce_wall=2465.421 write_wall=13.180 lf_steps=0 cache_hits=0
SLIM_PHASE query-chunks wall=6.132 cumulative=2585.982 peak_rss_kib=13286416
SLIM_PROGRESS runs=384892928/397723010 resolve_wall=71.699 lce_wall=2471.273 write_wall=13.216 lf_steps=0 cache_hits=0
SLIM_PHASE query-chunks wall=6.084 cumulative=2592.067 peak_rss_kib=13294608
SLIM_PROGRESS runs=385941504/397723010 resolve_wall=71.903 lce_wall=2477.717 write_wall=13.251 lf_steps=0 cache_hits=0
SLIM_PHASE query-chunks wall=6.684 cumulative=2598.750 peak_rss_kib=13302800
SLIM_PROGRESS runs=386990080/397723010 resolve_wall=72.117 lce_wall=2484.392 write_wall=13.289 lf_steps=0 cache_hits=0
SLIM_PHASE query-chunks wall=6.928 cumulative=2605.679 peak_rss_kib=13310992
SLIM_PROGRESS runs=388038656/397723010 resolve_wall=72.311 lce_wall=2490.583 write_wall=13.325 lf_steps=0 cache_hits=0
SLIM_PHASE query-chunks wall=6.420 cumulative=2612.099 peak_rss_kib=13317136
SLIM_PROGRESS runs=389087232/397723010 resolve_wall=72.523 lce_wall=2497.008 write_wall=13.359 lf_steps=0 cache_hits=0
SLIM_PHASE query-chunks wall=6.671 cumulative=2618.770 peak_rss_kib=13319184
SLIM_PROGRESS runs=390135808/397723010 resolve_wall=72.728 lce_wall=2503.775 write_wall=13.394 lf_steps=0 cache_hits=0
SLIM_PHASE query-chunks wall=7.007 cumulative=2625.778 peak_rss_kib=13327320
SLIM_PROGRESS runs=391184384/397723010 resolve_wall=72.939 lce_wall=2509.931 write_wall=13.429 lf_steps=0 cache_hits=0
SLIM_PHASE query-chunks wall=6.402 cumulative=2632.180 peak_rss_kib=13335512
SLIM_PROGRESS runs=392232960/397723010 resolve_wall=73.148 lce_wall=2515.603 write_wall=13.465 lf_steps=0 cache_hits=0
SLIM_PHASE query-chunks wall=5.917 cumulative=2638.096 peak_rss_kib=13345752
SLIM_PROGRESS runs=393281536/397723010 resolve_wall=73.357 lce_wall=2521.580 write_wall=13.501 lf_steps=0 cache_hits=0
SLIM_PHASE query-chunks wall=6.222 cumulative=2644.319 peak_rss_kib=13351896
SLIM_PROGRESS runs=394330112/397723010 resolve_wall=73.567 lce_wall=2526.935 write_wall=13.535 lf_steps=0 cache_hits=0
SLIM_PHASE query-chunks wall=5.599 cumulative=2649.918 peak_rss_kib=13353944
SLIM_PROGRESS runs=395378688/397723010 resolve_wall=73.777 lce_wall=2531.571 write_wall=13.568 lf_steps=0 cache_hits=0
SLIM_PHASE query-chunks wall=4.879 cumulative=2654.797 peak_rss_kib=13360084
SLIM_PROGRESS runs=396427264/397723010 resolve_wall=73.987 lce_wall=2535.140 write_wall=13.602 lf_steps=0 cache_hits=0
SLIM_PHASE query-chunks wall=3.813 cumulative=2658.610 peak_rss_kib=13370324
SLIM_PROGRESS runs=397475840/397723010 resolve_wall=74.195 lce_wall=2539.682 write_wall=13.637 lf_steps=0 cache_hits=0
SLIM_PHASE query-chunks wall=4.786 cumulative=2663.395 peak_rss_kib=13380564
SLIM_PHASE queries+stream-write-final wall=0.720 cumulative=2664.116 peak_rss_kib=13384660
SLIM_FP parse tau=1 bytes=85191896 queries=21121946 verified_symbols=82789868 hash_probes=12688596 mean_verified=3.919613657 max_verified=1051 max_requested_lce=1050 verification_work=85983804 hash_probe_charges=50754384 suffix_symbol_reads=0 total_work=0 total_limit=18446744073709551615 verification_limit=18446744073709551615 probe_limit=18446744073709551615
SLIM_FP dict tau=24 bytes=389196544 queries=530408605 verified_symbols=7709345486 hash_probes=654876387 mean_verified=14.534729289 max_verified=19120 max_requested_lce=19119 verification_work=10040552445 hash_probe_charges=2619505548 suffix_symbol_reads=30127058235 total_work=0 total_limit=18446744073709551615 verification_limit=18446744073709551615 probe_limit=18446744073709551615
SLIM_QUERY_PHASE resolve_wall=74.241902 resolve_peak_kib=13384660 lce_wall=2540.346528 lce_peak_kib=13384660 write_wall=13.645723 write_peak_kib=13384660
SLIM_SEEDS queries=511831565 mean_verified_phrases=0.161752173 max_verified_phrases=1051 (includes_zero_parse_work_seeds; boundary_included)
SLIM_RESOLVE walks=0 steps=0 max=0 anchor=0 failed=0 cache_hits=0
SLIM_BOUNDARY_RESOLVE head_direct=397723010 tail_direct=511831549 head_lf_steps=0
