PASS parser: 15 valid cases, 25 malformed cases
{"check": "oracle-plain", "passed": true, "returncode": 0, "stderr": "ENDPOINT_PASS raw_n=25 raw_r=15 n=15 k=1 r=13 padding_rows=10 cyclic_seam_certified=1\n", "n": 15, "raw_runs": 15, "cyclic_runs": 13}
{"check": "oracle-plain-no-invalid-output", "passed": true}
{"check": "oracle-legacy-newline", "passed": true, "returncode": 0, "stderr": "ENDPOINT_PASS raw_n=25 raw_r=15 n=15 k=1 r=13 padding_rows=10 cyclic_seam_certified=1\n", "n": 15, "raw_runs": 15, "cyclic_runs": 13}
{"check": "oracle-legacy-newline-no-invalid-output", "passed": true}
{"check": "oracle-repetitive", "passed": true, "returncode": 0, "stderr": "ENDPOINT_PASS raw_n=331 raw_r=7 n=321 k=1 r=5 padding_rows=10 cyclic_seam_certified=1\n", "n": 321, "raw_runs": 7, "cyclic_runs": 5}
{"check": "oracle-repetitive-no-invalid-output", "passed": true}
{"check": "oracle-HOR-nested", "passed": true, "returncode": 0, "stderr": "ENDPOINT_PASS raw_n=445 raw_r=18 n=435 k=1 r=16 padding_rows=10 cyclic_seam_certified=1\n", "n": 435, "raw_runs": 18, "cyclic_runs": 16}
{"check": "oracle-HOR-nested-no-invalid-output", "passed": true}
{"check": "oracle-multi-string", "passed": false, "returncode": 1, "stderr": "FATAL: cyclic seam repair required: terminal predecessors precede SA=0; padding removal is not cyclic-T order\n", "n": 2003, "raw_runs": 1517, "cyclic_runs": 1515}
{"check": "oracle-multi-string-no-invalid-output", "passed": true}
{"check": "oracle-seam-aperiodic", "passed": false, "returncode": 1, "stderr": "FATAL: cyclic seam repair required: terminal predecessors precede SA=0; padding removal is not cyclic-T order\n", "n": 257, "raw_runs": 6, "cyclic_runs": 2}
{"check": "oracle-seam-aperiodic-no-invalid-output", "passed": true}
{"check": "oracle-seam-periodic", "passed": false, "returncode": 1, "stderr": "FATAL: cyclic seam repair required: terminal predecessors precede SA=0; padding removal is not cyclic-T order\n", "n": 256, "raw_runs": 7, "cyclic_runs": 4}
{"check": "oracle-seam-periodic-no-invalid-output", "passed": true}
{"check": "oracle-seam-periodic-no-separator", "passed": false, "returncode": 1, "stderr": "FATAL: cyclic seam repair required: terminal predecessors precede SA=0; padding removal is not cyclic-T order\n", "n": 192, "raw_runs": 6, "cyclic_runs": 2}
{"check": "oracle-seam-periodic-no-separator-no-invalid-output", "passed": true}
{"check": "seam-lower-bound-8", "passed": false, "n": 17, "raw_runs": 6, "changed_rows": 8, "backwards_row_relocations": 7}
{"check": "seam-lower-bound-32", "passed": false, "n": 65, "raw_runs": 6, "changed_rows": 32, "backwards_row_relocations": 31}
{"check": "seam-lower-bound-128", "passed": false, "n": 257, "raw_runs": 6, "changed_rows": 128, "backwards_row_relocations": 127}
{"check": "seam-lower-bound-512", "passed": false, "n": 1025, "raw_runs": 6, "changed_rows": 512, "backwards_row_relocations": 511}
