[2026-09-27 15:40:12.975] [info] Using 8 bytes for computing SA of the dictionary
[2026-09-27 15:40:12.975] [info] Using 2 bytes for storing SA of the dictionary
[2026-09-27 15:40:12.975] [info] Elapsed time (s): 0.00023715
[2026-09-27 15:40:12.975] [info] Using 1 bytes for DA of the dictionary
[2026-09-27 15:40:12.975] [info] Elapsed time (s): 2.091e-05
[2026-09-27 15:40:12.975] [info] Using 2 bytes for ISA of the dictionary
[2026-09-27 15:40:12.975] [info] Elapsed time (s): 1.803e-05
[2026-09-27 15:40:12.975] [info] Using 2 bytes for LCP of the dictionary
[2026-09-27 15:40:12.975] [info] Elapsed time (s): 4.345e-05
[2026-09-27 15:40:12.975] [info] Using 1 bytes for colex id and inverse colex id array of the dictionary
[2026-09-27 15:40:12.976] [info] Elapsed time (s): 1.326e-05
[2026-09-27 15:40:12.976] [info] Using 8 bytes for computing SA of the dictionary
[2026-09-27 15:40:12.976] [info] Using 1 bytes for storing SA of the dictionary
[2026-09-27 15:40:12.976] [info] Elapsed time (s): 8.67e-06
[2026-09-27 15:40:12.976] [info] Using 1 bytes for DA of the dictionary
[2026-09-27 15:40:12.976] [info] Elapsed time (s): 2.12e-06
[2026-09-27 15:40:12.976] [info] Using 1 bytes for ISA of the dictionary
[2026-09-27 15:40:12.976] [info] Elapsed time (s): 1.88e-06
[2026-09-27 15:40:12.976] [info] Using 1 bytes for LCP of the dictionary
[2026-09-27 15:40:12.976] [info] Elapsed time (s): 2.17e-06
[2026-09-27 15:40:12.976] [info] Computing RMQ over LCP of dictionary
[2026-09-27 15:40:12.976] [info] Elapsed time (s): 1.254e-05
[2026-09-27 15:40:12.976] [info] Using 1 bytes for colex DA of the dictionary
[2026-09-27 15:40:12.976] [info] Using 1 bytes for colex id and inverse colex id array of the dictionary
[2026-09-27 15:40:12.976] [info] Elapsed time (s): 1.119e-05
[2026-09-27 15:40:12.976] [info] Using 8 bytes for computing SA of the parsing
[2026-09-27 15:40:12.976] [info] Using 1 bytes for storing SA of the parsing
[2026-09-27 15:40:12.976] [info] Elapsed time (s): 5.58e-06
[2026-09-27 15:40:12.976] [info] Computing b_p
[2026-09-27 15:40:12.976] [info] Computing b_bwt and M of the parsing
[2026-09-27 15:40:12.976] [info] Computing inverted list of BWT(P)
[2026-09-27 15:40:12.976] [info] Using 1 bytes for storing the inverted list of the BWT of the parse
[2026-09-27 15:40:12.976] [info] Precomputing d lengths
[2026-09-27 15:40:12.976] [info] Precomputing d lengths
[2026-09-27 15:40:12.976] [info] Creating v table
[2026-09-27 15:40:12.976] [info] Creating E arrays
[2026-09-27 15:40:12.976] [info] Computing chunks for parallel execution. Total input size: 2013. Requested chunks: 1
[2026-09-27 15:40:12.976] [info] BWT ranges divided in 1 chunks.
[2026-09-27 15:40:12.977] [info] Chunk 1/1 completed
[2026-09-27 15:40:12.977] [info] Completed rle string merge
[2026-09-27 15:40:12.978] [info] Processed: 0 Skipped: 0
[2026-09-27 15:40:12.978] [info] Chunk 1/1 completed
[2026-09-27 15:40:12.978] [info] Writing out sa values at run heads
[2026-09-27 15:40:12.979] [info] Done
