[2026-09-27 15:40:12.832] [info] Using 8 bytes for computing SA of the dictionary
[2026-09-27 15:40:12.833] [info] Using 2 bytes for storing SA of the dictionary
[2026-09-27 15:40:12.833] [info] Elapsed time (s): 0.000327041
[2026-09-27 15:40:12.833] [info] Using 1 bytes for DA of the dictionary
[2026-09-27 15:40:12.833] [info] Elapsed time (s): 2.236e-05
[2026-09-27 15:40:12.833] [info] Using 2 bytes for ISA of the dictionary
[2026-09-27 15:40:12.833] [info] Elapsed time (s): 1.804e-05
[2026-09-27 15:40:12.833] [info] Using 2 bytes for LCP of the dictionary
[2026-09-27 15:40:12.833] [info] Elapsed time (s): 4.38e-05
[2026-09-27 15:40:12.833] [info] Using 1 bytes for colex id and inverse colex id array of the dictionary
[2026-09-27 15:40:12.833] [info] Elapsed time (s): 1.409e-05
[2026-09-27 15:40:12.833] [info] Using 8 bytes for computing SA of the dictionary
[2026-09-27 15:40:12.833] [info] Using 1 bytes for storing SA of the dictionary
[2026-09-27 15:40:12.833] [info] Elapsed time (s): 9.2e-06
[2026-09-27 15:40:12.833] [info] Using 1 bytes for DA of the dictionary
[2026-09-27 15:40:12.833] [info] Elapsed time (s): 2.05e-06
[2026-09-27 15:40:12.833] [info] Using 1 bytes for ISA of the dictionary
[2026-09-27 15:40:12.833] [info] Elapsed time (s): 1.84e-06
[2026-09-27 15:40:12.833] [info] Using 1 bytes for LCP of the dictionary
[2026-09-27 15:40:12.833] [info] Elapsed time (s): 2.2e-06
[2026-09-27 15:40:12.833] [info] Computing RMQ over LCP of dictionary
[2026-09-27 15:40:12.833] [info] Elapsed time (s): 8.38e-06
[2026-09-27 15:40:12.833] [info] Using 1 bytes for colex DA of the dictionary
[2026-09-27 15:40:12.833] [info] Using 1 bytes for colex id and inverse colex id array of the dictionary
[2026-09-27 15:40:12.833] [info] Elapsed time (s): 1.278e-05
[2026-09-27 15:40:12.833] [info] Using 8 bytes for computing SA of the parsing
[2026-09-27 15:40:12.833] [info] Using 1 bytes for storing SA of the parsing
[2026-09-27 15:40:12.833] [info] Elapsed time (s): 5.88e-06
[2026-09-27 15:40:12.833] [info] Computing b_p
[2026-09-27 15:40:12.833] [info] Computing b_bwt and M of the parsing
[2026-09-27 15:40:12.833] [info] Computing inverted list of BWT(P)
[2026-09-27 15:40:12.833] [info] Using 1 bytes for storing the inverted list of the BWT of the parse
[2026-09-27 15:40:12.833] [info] Precomputing d lengths
[2026-09-27 15:40:12.833] [info] Precomputing d lengths
[2026-09-27 15:40:12.833] [info] Creating v table
[2026-09-27 15:40:12.833] [info] Creating E arrays
[2026-09-27 15:40:12.833] [info] Computing chunks for parallel execution. Total input size: 2013. Requested chunks: 1
[2026-09-27 15:40:12.833] [info] BWT ranges divided in 1 chunks.
[2026-09-27 15:40:12.834] [info] Chunk 1/1 completed
[2026-09-27 15:40:12.834] [info] Completed rle string merge
[2026-09-27 15:40:12.835] [info] Processed: 0 Skipped: 0
[2026-09-27 15:40:12.835] [info] Chunk 1/1 completed
[2026-09-27 15:40:12.835] [info] Writing out sa values at run heads
[2026-09-27 15:40:12.836] [info] Done
