PASS parser: 15 valid cases, 25 malformed cases
{"check": "oracle-plain", "passed": true, "returncode": 0, "stderr": "ENDPOINT_PASS raw_n=25 raw_r=15 n=15 k=1 r=13 padding_rows=10 cyclic_seam_certified=1\n", "n": 15, "raw_runs": 15, "cyclic_runs": 13}
{"check": "oracle-plain-no-invalid-output", "passed": true}
{"check": "oracle-legacy-newline", "passed": true, "returncode": 0, "stderr": "ENDPOINT_PASS raw_n=25 raw_r=15 n=15 k=1 r=13 padding_rows=10 cyclic_seam_certified=1\n", "n": 15, "raw_runs": 15, "cyclic_runs": 13}
{"check": "oracle-legacy-newline-no-invalid-output", "passed": true}
{"check": "oracle-repetitive", "passed": true, "returncode": 0, "stderr": "ENDPOINT_PASS raw_n=331 raw_r=7 n=321 k=1 r=5 padding_rows=10 cyclic_seam_certified=1\n", "n": 321, "raw_runs": 7, "cyclic_runs": 5}
{"check": "oracle-repetitive-no-invalid-output", "passed": true}
{"check": "oracle-HOR-nested", "passed": true, "returncode": 0, "stderr": "ENDPOINT_PASS raw_n=445 raw_r=18 n=435 k=1 r=16 padding_rows=10 cyclic_seam_certified=1\n", "n": 435, "raw_runs": 18, "cyclic_runs": 16}
{"check": "oracle-HOR-nested-no-invalid-output", "passed": true}
{"check": "oracle-multi-string", "passed": false, "returncode": 1, "stderr": "FATAL: cyclic seam repair required: terminal predecessors precede SA=0; padding removal is not cyclic-T order\n", "n": 2003, "raw_runs": 1517, "cyclic_runs": 1515}
{"check": "oracle-multi-string-no-invalid-output", "passed": true}
{"check": "oracle-seam-aperiodic", "passed": false, "returncode": 1, "stderr": "FATAL: cyclic seam repair required: terminal predecessors precede SA=0; padding removal is not cyclic-T order\n", "n": 257, "raw_runs": 6, "cyclic_runs": 2}
{"check": "oracle-seam-aperiodic-no-invalid-output", "passed": true}
{"check": "oracle-seam-periodic", "passed": false, "returncode": 1, "stderr": "FATAL: cyclic seam repair required: terminal predecessors precede SA=0; padding removal is not cyclic-T order\n", "n": 256, "raw_runs": 7, "cyclic_runs": 4}
{"check": "oracle-seam-periodic-no-invalid-output", "passed": true}
{"check": "oracle-seam-periodic-no-separator", "passed": false, "returncode": 1, "stderr": "FATAL: cyclic seam repair required: terminal predecessors precede SA=0; padding removal is not cyclic-T order\n", "n": 192, "raw_runs": 6, "cyclic_runs": 2}
{"check": "oracle-seam-periodic-no-separator-no-invalid-output", "passed": true}
{"check": "seam-lower-bound-8", "passed": true, "n": 17, "raw_runs": 6, "changed_rows": 8, "backwards_row_relocations": 7}
{"check": "seam-lower-bound-32", "passed": true, "n": 65, "raw_runs": 6, "changed_rows": 32, "backwards_row_relocations": 31}
{"check": "seam-lower-bound-128", "passed": true, "n": 257, "raw_runs": 6, "changed_rows": 128, "backwards_row_relocations": 127}
{"check": "seam-lower-bound-512", "passed": true, "n": 1025, "raw_runs": 6, "changed_rows": 512, "backwards_row_relocations": 511}
{"check": "sep-text-publication", "passed": false, "command": ["/tmp/sxi-sep-8xat6poa/xsa-target/release/xsa", "build", "--text", "/tmp/sxi-repair-o4aGmN/full-gates/control.txt", "-o", "/tmp/sxi-repair-o4aGmN/full-gates/sep-text.sxi", "--threads", "2", "--scratch", "/tmp/sxi-repair-o4aGmN/full-gates", "--log-dir", "bit6/sxi_logs/sep-convention/repair"], "stderr": "xsa build: work=/tmp/sxi-repair-o4aGmN/full-gates/xsa-build-37_0sku8 log=/tmp/sxgc-laneV/bit6/sxi_logs/sep-convention/repair/sep-text-xsa-build-37_0sku8.jsonl\nxsa build: endpoints failed (1); see /tmp/sxgc-laneV/bit6/sxi_logs/sep-convention/repair/sep-text-xsa-build-37_0sku8.endpoints.log; no final SXI published\nxsa: error: build: pipeline failed: exit status: 1\n"}
{"check": "raw-text-as-is", "passed": true}
{"check": "sep-fasta-publication", "passed": false, "command": ["/tmp/sxi-sep-8xat6poa/xsa-target/release/xsa", "build", "--fasta", "/tmp/sxi-repair-o4aGmN/full-gates/fasta", "-o", "/tmp/sxi-repair-o4aGmN/full-gates/sep-fasta.sxi", "--threads", "2", "--scratch", "/tmp/sxi-repair-o4aGmN/full-gates", "--log-dir", "bit6/sxi_logs/sep-convention/repair", "--expect-heads", "/tmp/sxi-repair-o4aGmN/full-gates/xsa-build-37_0sku8/fresh.head_sa", "--expect-ri4", "/tmp/sxi-repair-o4aGmN/full-gates/xsa-build-37_0sku8/fresh.ri4"], "stderr": "xsa build: work=/tmp/sxi-repair-o4aGmN/full-gates/xsa-build-krzx04ji log=/tmp/sxgc-laneV/bit6/sxi_logs/sep-convention/repair/sep-fasta-xsa-build-krzx04ji.jsonl\nprepare-fasta: record=1 name=0 sequence_bytes=666 collection_bytes=667\nprepare-fasta: record=2 name=1 sequence_bytes=667 collection_bytes=1335\nprepare-fasta: record=3 name=2 sequence_bytes=667 collection_bytes=2003\nxsa build: endpoints failed (1); see /tmp/sxgc-laneV/bit6/sxi_logs/sep-convention/repair/sep-fasta-xsa-build-krzx04ji.endpoints.log; no final SXI published\nxsa: error: build: pipeline failed: exit status: 1\n"}
{"check": "fasta-materialized-bytes", "passed": true}
{"check": "fasta-endpoint-byte-gates", "passed": false}
{"check": "fasta-core-members", "passed": false}
{"check": "sep-fastq-publication", "passed": false, "command": ["/tmp/sxi-sep-8xat6poa/xsa-target/release/xsa", "build", "--fastq", "/tmp/sxi-repair-o4aGmN/full-gates/fastq", "-o", "/tmp/sxi-repair-o4aGmN/full-gates/sep-fastq.sxi", "--threads", "2", "--scratch", "/tmp/sxi-repair-o4aGmN/full-gates", "--log-dir", "bit6/sxi_logs/sep-convention/repair", "--expect-heads", "/tmp/sxi-repair-o4aGmN/full-gates/xsa-build-37_0sku8/fresh.head_sa", "--expect-ri4", "/tmp/sxi-repair-o4aGmN/full-gates/xsa-build-37_0sku8/fresh.ri4"], "stderr": "xsa build: work=/tmp/sxi-repair-o4aGmN/full-gates/xsa-build-hazux4m0 log=/tmp/sxgc-laneV/bit6/sxi_logs/sep-convention/repair/sep-fastq-xsa-build-hazux4m0.jsonl\nprepare-fastq: record=1 name=0 sequence_bytes=666 collection_bytes=667\nprepare-fastq: record=2 name=1 sequence_bytes=667 collection_bytes=1335\nprepare-fastq: record=3 name=2 sequence_bytes=667 collection_bytes=2003\nxsa build: endpoints failed (1); see /tmp/sxgc-laneV/bit6/sxi_logs/sep-convention/repair/sep-fastq-xsa-build-hazux4m0.endpoints.log; no final SXI published\nxsa: error: build: pipeline failed: exit status: 1\n"}
{"check": "fastq-materialized-bytes", "passed": true}
{"check": "fastq-endpoint-byte-gates", "passed": false}
{"check": "fastq-core-members", "passed": false}
{"check": "producer-padded-oracle.ssa", "passed": true}
{"check": "producer-padded-oracle.ssa_t", "passed": true}
{"check": "independent-cyclic-order", "passed": false, "reason": "adapter rejected unsafe frame"}
{"check": "reserved-fasta", "passed": true, "command": ["/tmp/sxi-sep-8xat6poa/xsa-target/release/xsa", "build", "--fasta", "/tmp/sxi-repair-o4aGmN/full-gates/reserved.fasta", "-o", "/tmp/sxi-repair-o4aGmN/full-gates/reserved-fasta.sxi", "--threads", "2", "--scratch", "/tmp/sxi-repair-o4aGmN/full-gates", "--log-dir", "bit6/sxi_logs/sep-convention/repair"]}
{"check": "reserved-fastq", "passed": true, "command": ["/tmp/sxi-sep-8xat6poa/xsa-target/release/xsa", "build", "--fastq", "/tmp/sxi-repair-o4aGmN/full-gates/reserved.fastq", "-o", "/tmp/sxi-repair-o4aGmN/full-gates/reserved-fastq.sxi", "--threads", "2", "--scratch", "/tmp/sxi-repair-o4aGmN/full-gates", "--log-dir", "bit6/sxi_logs/sep-convention/repair"]}
{"check": "reserved-agc", "passed": true, "command": ["/tmp/sxi-sep-8xat6poa/xsa-target/release/xsa", "build", "--agc", "/tmp/sxi-sep-8xat6poa/reserved.agc", "-o", "/tmp/sxi-repair-o4aGmN/full-gates/reserved-agc.sxi", "--threads", "2", "--scratch", "/tmp/sxi-repair-o4aGmN/full-gates", "--log-dir", "bit6/sxi_logs/sep-convention/repair"]}
{"check": "sep-agc-publication", "passed": false, "command": ["/tmp/sxi-sep-8xat6poa/xsa-target/release/xsa", "build", "--agc", "/tmp/laneV/agc-test/tiny.agc", "-o", "/tmp/sxi-repair-o4aGmN/full-gates/sep-agc.sxi", "--threads", "2", "--scratch", "/tmp/sxi-repair-o4aGmN/full-gates", "--log-dir", "bit6/sxi_logs/sep-convention/repair"], "stderr": "xsa build: work=/tmp/sxi-repair-o4aGmN/full-gates/xsa-build-kakbh8iz log=/tmp/sxgc-laneV/bit6/sxi_logs/sep-convention/repair/sep-agc-xsa-build-kakbh8iz.jsonl\nxsa build: write failed (1); see /tmp/sxgc-laneV/bit6/sxi_logs/sep-convention/repair/sep-agc-xsa-build-kakbh8iz.write.log; no final SXI published\nxsa: error: build: pipeline failed: exit status: 1\n"}
{"check": "sep-agc-text-publication", "passed": false, "command": ["/tmp/sxi-sep-8xat6poa/xsa-target/release/xsa", "build", "--text", "/tmp/sxi-repair-o4aGmN/full-gates/xsa-build-kakbh8iz/collection.txt", "-o", "/tmp/sxi-repair-o4aGmN/full-gates/sep-agc-text.sxi", "--threads", "2", "--scratch", "/tmp/sxi-repair-o4aGmN/full-gates", "--log-dir", "bit6/sxi_logs/sep-convention/repair", "--expect-heads", "/tmp/sxi-repair-o4aGmN/full-gates/xsa-build-kakbh8iz/fresh.head_sa", "--expect-ri4", "/tmp/sxi-repair-o4aGmN/full-gates/xsa-build-kakbh8iz/fresh.ri4"], "stderr": "xsa build: work=/tmp/sxi-repair-o4aGmN/full-gates/xsa-build-yw07a_w3 log=/tmp/sxgc-laneV/bit6/sxi_logs/sep-convention/repair/sep-agc-text-xsa-build-yw07a_w3.jsonl\nxsa build: write failed (1); see /tmp/sxgc-laneV/bit6/sxi_logs/sep-convention/repair/sep-agc-text-xsa-build-yw07a_w3.write.log; no final SXI published\nxsa: error: build: pipeline failed: exit status: 1\n"}
{"check": "agc-endpoint-byte-gates", "passed": true}
{"check": "agc-core-members", "passed": false}
{"check": "agc-flat-separator-and-offsets", "passed": true}
{"check": "agc-revlines-separator-and-offsets", "passed": true}
{"check": "agc-reverse-separator-and-offsets", "passed": true}
