Loaded archive with 235 samples
Sample names: ["AAA#0", "AAB#0", "AAC#0", "AAC#1", "AAC#2", "AAR#0", "ABA#0", "ABH#0", "ACA#0", "ACH#0", "ADE#0", "ADI#0", "ADM#0", "ADM#1", "ADM#2", "ADQ#0", "ADS#0", "AEG#0", "AEH#0", "AEL#0", "AEL#1", "AEL#2", "AFH#0", "AFI#0", "AGA_1a#0", "AGK#0", "AHG#0", "AHL#0", "AIC#0", "AIE#0", "AIF#0", "AIF#1", "AIF#2", "AIG#0", "AIS#0", "AIS#1", "AIS#2", "AKH_1a#0", "AKR#0", "AKR#1", "AKR#2", "ALH_1b#0", "ALI#0", "ALH_1c#0", "ALI#1", "ALI#2", "ALS_1a#0", "AMH_1a#0", "AMM_1a#0", "AMP_1a#0", "ANE#0", "ANL#0", "ANL#3", "ANL#4", "ANM#0", "ANM#3", "ANM#4", "APG#0", "AQG_2a#0", "ASB#0", "ASB#1", "ASB#2", "ASG#0", "ASN#0", "ASN#1", "ASN#2", "ATM_1a#0", "ATV#0", "ATV#3", "ATV#4", "AVB#0", "AVI_1a#0", "AVN#0", "AVN#3", "AVN#4", "BAD#0", "BAD#3", "BAD#4", "BAF#0", "BAF#1", "BAF#2", "BAG_1a#0", "BAH#0", "BAI_1a#0", "BAK_1a#0", "BAL_1a#0", "BAM#0", "BAP_1a#0", "BAQ_1a#0", "BBF#0", "BBF#1", "BBF#2", "BBL#0", "BBM_1a#0", "BBT#0", "BBT#3", "BBT#4", "BCE_3a#0", "BCN#0", "BDC_1c#0", "BDF_1d#0", "BDH_1b#0", "BDM_1a#0", "BDN_1c#0", "BEM#0", "BEM#3", "BEM#4", "BFH#0", "BFH#1", "BFH#2", "BFP_1a#0", "BGN_3a#0", "BGP_1a#0", "BHH#0", "BJ4#0", "BLD_1a#0", "BMB#0", "BMC_2a#0", "BPG#0", "BPK#0", "BPK#1", "BPK#2", "BTE#0", "BTE#3", "BTE#4", "BY4742#0", "CAS_1a#0", "CBK#0", "CBM#0", "CBM#1", "CBM#2", "CBS432#0", "CBS7001#0", "CCC_1a#0", "CCN#0", "CCQ_1a#0", "CCT_1a#0", "CDA#0", "CDG_1a#0", "CDN_1a#0", "CEI_1a#0", "CEL_1a#0", "CENPK1137D#0", "CEQ_1a#0", "CFA#0", "CFC#0", "CFC#3", "CFC#4", "CFF#1", "CFF#0", "CFF#2", "CFS#0", "CGH_1#0", "CGH_1#3", "CGH_1#4", "CGH_3#0", "CGH_3#3", "CGH_3#4", "CHS_3a#0", "CIC#0", "CIC#1", "CIC#2", "CIH#1", "CIH#0", "CIH#2", "CKB#0", "CKB#1", "CKB#2", "CL216#0", "CL450#0", "CLL#0", "CLL#1", "CLL#2", "CLN#0", "CMF#0", "CMF#1", "CMF#2", "CNB_1a#0", "CNT#0", "CNT#1", "CNT#2", "CPA_1a#0", "CPG_1a#0", "CPI_1c#0", "CPS#0", "CPS#3", "CPS#4", "CQI_4a#0", "CQS_1a#0", "CR85#0", "CRB_1a#0", "CRE#0", "CRE#3", "CRE#4", "CRL#0", "DBVPG6044#0", "DBVPG6765#0", "DG1768#0", "EM14S013B#0", "H6#0", "HLJ1#0", "HN1#0", "IFO1802#0", "IFO1815#0", "JXXY161#0", "L1374#0", "LL2011_012#0", "LL2012_001#0", "LL2012_016#0", "MSH604#0", "N44#0", "NCYC3947#0", "NCYC3962#0", "R23#0", "RM11#0", "S288C#0", "SGDref#0", "SK1#0", "SX2#0", "UFRJ50816#0", "UWOPS034614#0", "UWOPS052272#0", "UWOPS837873#0", "UWOPS919171#0", "W303#0", "WX20#0", "XXYS14#0", "Y12#0", "Y55#0", "YGL3210#0", "YPS128#0", "YPS138#0", "YPS606#0", "ZP591#0", "FM1318#0"]
[1/235] sample AAA#0: streamed 12157122 bytes, 17 contigs
[2/235] sample AAB#0: streamed 24304920 bytes, 34 contigs
[3/235] sample AAC#0: streamed 36362286 bytes, 51 contigs
[4/235] sample AAC#1: streamed 48207265 bytes, 67 contigs
[5/235] sample AAC#2: streamed 59829626 bytes, 83 contigs
[6/235] sample AAR#0: streamed 71834630 bytes, 100 contigs
[7/235] sample ABA#0: streamed 84032922 bytes, 117 contigs
[8/235] sample ABH#0: streamed 96023981 bytes, 134 contigs
[9/235] sample ACA#0: streamed 108401570 bytes, 151 contigs
[10/235] sample ACH#0: streamed 120646000 bytes, 168 contigs
[11/235] sample ADE#0: streamed 132519291 bytes, 185 contigs
[12/235] sample ADI#0: streamed 145525381 bytes, 202 contigs
[13/235] sample ADM#0: streamed 157477087 bytes, 219 contigs
[14/235] sample ADM#1: streamed 168711144 bytes, 314 contigs
[15/235] sample ADM#2: streamed 179641467 bytes, 471 contigs
[16/235] sample ADQ#0: streamed 191535322 bytes, 488 contigs
[17/235] sample ADS#0: streamed 203308806 bytes, 505 contigs
[18/235] sample AEG#0: streamed 215358594 bytes, 522 contigs
[19/235] sample AEH#0: streamed 227541482 bytes, 539 contigs
[20/235] sample AEL#0: streamed 239707680 bytes, 557 contigs
[21/235] sample AEL#1: streamed 251580269 bytes, 578 contigs
[22/235] sample AEL#2: streamed 263072807 bytes, 610 contigs
[23/235] sample AFH#0: streamed 275239470 bytes, 627 contigs
[24/235] sample AFI#0: streamed 287206702 bytes, 644 contigs
[25/235] sample AGA_1a#0: streamed 299049288 bytes, 661 contigs
[26/235] sample AGK#0: streamed 311209946 bytes, 678 contigs
[27/235] sample AHG#0: streamed 323132748 bytes, 695 contigs
[28/235] sample AHL#0: streamed 335283453 bytes, 712 contigs
[29/235] sample AIC#0: streamed 347237164 bytes, 729 contigs
[30/235] sample AIE#0: streamed 359252959 bytes, 746 contigs
[31/235] sample AIF#0: streamed 371457709 bytes, 764 contigs
[32/235] sample AIF#1: streamed 383240417 bytes, 781 contigs
[33/235] sample AIF#2: streamed 394852693 bytes, 797 contigs
[34/235] sample AIG#0: streamed 406887504 bytes, 814 contigs
[35/235] sample AIS#0: streamed 419008435 bytes, 831 contigs
[36/235] sample AIS#1: streamed 431031353 bytes, 847 contigs
[37/235] sample AIS#2: streamed 442474425 bytes, 863 contigs
[38/235] sample AKH_1a#0: streamed 454363229 bytes, 880 contigs
[39/235] sample AKR#0: streamed 466281904 bytes, 897 contigs
[40/235] sample AKR#1: streamed 477859464 bytes, 938 contigs
[41/235] sample AKR#2: streamed 488968210 bytes, 1001 contigs
[42/235] sample ALH_1b#0: streamed 501020131 bytes, 1018 contigs
[43/235] sample ALI#0: streamed 513356974 bytes, 1036 contigs
[44/235] sample ALH_1c#0: streamed 525148147 bytes, 1052 contigs
[45/235] sample ALI#1: streamed 537042593 bytes, 1068 contigs
[46/235] sample ALI#2: streamed 548982361 bytes, 1084 contigs
[47/235] sample ALS_1a#0: streamed 561135601 bytes, 1101 contigs
[48/235] sample AMH_1a#0: streamed 573398181 bytes, 1118 contigs
[49/235] sample AMM_1a#0: streamed 586153110 bytes, 1135 contigs
[50/235] sample AMP_1a#0: streamed 598618560 bytes, 1152 contigs
[51/235] sample ANE#0: streamed 610578598 bytes, 1169 contigs
[52/235] sample ANL#0: streamed 622442199 bytes, 1186 contigs
[53/235] sample ANL#3: streamed 664583720 bytes, 1371 contigs
[54/235] sample ANL#4: streamed 706725241 bytes, 1556 contigs
[55/235] sample ANM#0: streamed 718755535 bytes, 1573 contigs
[56/235] sample ANM#3: streamed 775855388 bytes, 1970 contigs
[57/235] sample ANM#4: streamed 832955241 bytes, 2367 contigs
[58/235] sample APG#0: streamed 845141826 bytes, 2384 contigs
[59/235] sample AQG_2a#0: streamed 857259143 bytes, 2401 contigs
[60/235] sample ASB#0: streamed 869282151 bytes, 2417 contigs
[61/235] sample ASB#1: streamed 881580897 bytes, 2433 contigs
[62/235] sample ASB#2: streamed 893659623 bytes, 2449 contigs
[63/235] sample ASG#0: streamed 905554277 bytes, 2465 contigs
[64/235] sample ASN#0: streamed 917462282 bytes, 2482 contigs
[65/235] sample ASN#1: streamed 929200692 bytes, 2518 contigs
[66/235] sample ASN#2: streamed 940651161 bytes, 2579 contigs
[67/235] sample ATM_1a#0: streamed 952642099 bytes, 2596 contigs
[68/235] sample ATV#0: streamed 964694221 bytes, 2613 contigs
[69/235] sample ATV#3: streamed 997539919 bytes, 2910 contigs
[70/235] sample ATV#4: streamed 1030385617 bytes, 3207 contigs
[71/235] sample AVB#0: streamed 1042375416 bytes, 3224 contigs
[72/235] sample AVI_1a#0: streamed 1054471846 bytes, 3241 contigs
[73/235] sample AVN#0: streamed 1066341087 bytes, 3258 contigs
[74/235] sample AVN#3: streamed 1097742517 bytes, 3469 contigs
[75/235] sample AVN#4: streamed 1129143947 bytes, 3680 contigs
[76/235] sample BAD#0: streamed 1141305739 bytes, 3697 contigs
[77/235] sample BAD#3: streamed 1155184338 bytes, 3826 contigs
[78/235] sample BAD#4: streamed 1169062937 bytes, 3955 contigs
[79/235] sample BAF#0: streamed 1181172763 bytes, 3973 contigs
[80/235] sample BAF#1: streamed 1193212298 bytes, 3995 contigs
[81/235] sample BAF#2: streamed 1205230525 bytes, 4016 contigs
[82/235] sample BAG_1a#0: streamed 1217371462 bytes, 4033 contigs
[83/235] sample BAH#0: streamed 1229310857 bytes, 4050 contigs
[84/235] sample BAI_1a#0: streamed 1241258648 bytes, 4067 contigs
[85/235] sample BAK_1a#0: streamed 1253166791 bytes, 4084 contigs
[86/235] sample BAL_1a#0: streamed 1265213680 bytes, 4101 contigs
[87/235] sample BAM#0: streamed 1277452196 bytes, 4118 contigs
[88/235] sample BAP_1a#0: streamed 1289767735 bytes, 4135 contigs
[89/235] sample BAQ_1a#0: streamed 1301810286 bytes, 4152 contigs
[90/235] sample BBF#0: streamed 1314139645 bytes, 4169 contigs
[91/235] sample BBF#1: streamed 1326515809 bytes, 4185 contigs
[92/235] sample BBF#2: streamed 1338297323 bytes, 4201 contigs
[93/235] sample BBL#0: streamed 1350377153 bytes, 4218 contigs
[94/235] sample BBM_1a#0: streamed 1362399049 bytes, 4235 contigs
[95/235] sample BBT#0: streamed 1374702838 bytes, 4252 contigs
[96/235] sample BBT#3: streamed 1411076582 bytes, 4332 contigs
[97/235] sample BBT#4: streamed 1447450326 bytes, 4412 contigs
[98/235] sample BCE_3a#0: streamed 1459379211 bytes, 4429 contigs
[99/235] sample BCN#0: streamed 1471335244 bytes, 4446 contigs
[100/235] sample BDC_1c#0: streamed 1483556286 bytes, 4463 contigs
[101/235] sample BDF_1d#0: streamed 1495756379 bytes, 4480 contigs
[102/235] sample BDH_1b#0: streamed 1507846999 bytes, 4496 contigs
[103/235] sample BDM_1a#0: streamed 1520183678 bytes, 4513 contigs
[104/235] sample BDN_1c#0: streamed 1531941671 bytes, 4530 contigs
[105/235] sample BEM#0: streamed 1543896350 bytes, 4547 contigs
[106/235] sample BEM#3: streamed 1579735643 bytes, 4758 contigs
[107/235] sample BEM#4: streamed 1615574936 bytes, 4969 contigs
[108/235] sample BFH#0: streamed 1627804700 bytes, 4986 contigs
[109/235] sample BFH#1: streamed 1639839427 bytes, 5002 contigs
[110/235] sample BFH#2: streamed 1651749974 bytes, 5018 contigs
[111/235] sample BFP_1a#0: streamed 1663711065 bytes, 5035 contigs
[112/235] sample BGN_3a#0: streamed 1675860379 bytes, 5052 contigs
[113/235] sample BGP_1a#0: streamed 1687866146 bytes, 5069 contigs
[114/235] sample BHH#0: streamed 1699939882 bytes, 5086 contigs
[115/235] sample BJ4#0: streamed 1711911177 bytes, 5103 contigs
[116/235] sample BLD_1a#0: streamed 1723816214 bytes, 5120 contigs
[117/235] sample BMB#0: streamed 1735721253 bytes, 5137 contigs
[118/235] sample BMC_2a#0: streamed 1747627690 bytes, 5154 contigs
[119/235] sample BPG#0: streamed 1759807883 bytes, 5171 contigs
[120/235] sample BPK#0: streamed 1771565845 bytes, 5188 contigs
[121/235] sample BPK#1: streamed 1783625967 bytes, 5207 contigs
[122/235] sample BPK#2: streamed 1795030985 bytes, 5231 contigs
[123/235] sample BTE#0: streamed 1807216716 bytes, 5248 contigs
[124/235] sample BTE#3: streamed 1854958205 bytes, 5399 contigs
[125/235] sample BTE#4: streamed 1902699694 bytes, 5550 contigs
[126/235] sample BY4742#0: streamed 1914865178 bytes, 5566 contigs
[127/235] sample CAS_1a#0: streamed 1926876075 bytes, 5583 contigs
[128/235] sample CBK#0: streamed 1939212444 bytes, 5600 contigs
[129/235] sample CBM#0: streamed 1951269752 bytes, 5617 contigs
[130/235] sample CBM#1: streamed 1961598538 bytes, 5861 contigs
[131/235] sample CBM#2: streamed 1971582084 bytes, 6108 contigs
[132/235] sample CBS432#0: streamed 1983674911 bytes, 6125 contigs
[133/235] sample CBS7001#0: streamed 1995643925 bytes, 6141 contigs
[134/235] sample CCC_1a#0: streamed 2007581723 bytes, 6158 contigs
[135/235] sample CCN#0: streamed 2019545794 bytes, 6175 contigs
[136/235] sample CCQ_1a#0: streamed 2031577999 bytes, 6192 contigs
[137/235] sample CCT_1a#0: streamed 2044020962 bytes, 6209 contigs
[138/235] sample CDA#0: streamed 2056210707 bytes, 6226 contigs
[139/235] sample CDG_1a#0: streamed 2068487281 bytes, 6243 contigs
[140/235] sample CDN_1a#0: streamed 2080445626 bytes, 6260 contigs
[141/235] sample CEI_1a#0: streamed 2092529242 bytes, 6277 contigs
[142/235] sample CEL_1a#0: streamed 2104498042 bytes, 6294 contigs
[143/235] sample CENPK1137D#0: streamed 2116772548 bytes, 6311 contigs
[144/235] sample CEQ_1a#0: streamed 2128838117 bytes, 6328 contigs
[145/235] sample CFA#0: streamed 2140749803 bytes, 6345 contigs
[146/235] sample CFC#0: streamed 2152689425 bytes, 6362 contigs
[147/235] sample CFC#3: streamed 2174021622 bytes, 6636 contigs
[148/235] sample CFC#4: streamed 2195353819 bytes, 6910 contigs
[149/235] sample CFF#1: streamed 2206676197 bytes, 7081 contigs
[150/235] sample CFF#0: streamed 2218832044 bytes, 7098 contigs
[151/235] sample CFF#2: streamed 2229620000 bytes, 7263 contigs
[152/235] sample CFS#0: streamed 2241538776 bytes, 7280 contigs
[153/235] sample CGH_1#0: streamed 2253724395 bytes, 7297 contigs
[154/235] sample CGH_1#3: streamed 2282520564 bytes, 7406 contigs
[155/235] sample CGH_1#4: streamed 2311316733 bytes, 7515 contigs
[156/235] sample CGH_3#0: streamed 2323199189 bytes, 7532 contigs
[157/235] sample CGH_3#3: streamed 2333281578 bytes, 7558 contigs
[158/235] sample CGH_3#4: streamed 2343363967 bytes, 7584 contigs
[159/235] sample CHS_3a#0: streamed 2355493433 bytes, 7601 contigs
[160/235] sample CIC#0: streamed 2367537436 bytes, 7618 contigs
[161/235] sample CIC#1: streamed 2378740174 bytes, 7806 contigs
[162/235] sample CIC#2: streamed 2389477022 bytes, 8014 contigs
[163/235] sample CIH#1: streamed 2401405300 bytes, 8063 contigs
[164/235] sample CIH#0: streamed 2413401422 bytes, 8081 contigs
[165/235] sample CIH#2: streamed 2425188519 bytes, 8178 contigs
[166/235] sample CKB#0: streamed 2437111128 bytes, 8195 contigs
[167/235] sample CKB#1: streamed 2448623716 bytes, 8212 contigs
[168/235] sample CKB#2: streamed 2459505168 bytes, 8241 contigs
[169/235] sample CL216#0: streamed 2471317049 bytes, 8258 contigs
[170/235] sample CL450#0: streamed 2483222823 bytes, 8275 contigs
[171/235] sample CLL#0: streamed 2495219676 bytes, 8292 contigs
[172/235] sample CLL#1: streamed 2507036045 bytes, 8321 contigs
[173/235] sample CLL#2: streamed 2517664668 bytes, 8411 contigs
[174/235] sample CLN#0: streamed 2529722635 bytes, 8428 contigs
[175/235] sample CMF#0: streamed 2541778431 bytes, 8445 contigs
[176/235] sample CMF#1: streamed 2553772010 bytes, 8462 contigs
[177/235] sample CMF#2: streamed 2564907937 bytes, 8478 contigs
[178/235] sample CNB_1a#0: streamed 2577110094 bytes, 8495 contigs
[179/235] sample CNT#0: streamed 2589437158 bytes, 8513 contigs
[180/235] sample CNT#1: streamed 2601564127 bytes, 8541 contigs
[181/235] sample CNT#2: streamed 2613123477 bytes, 8586 contigs
[182/235] sample CPA_1a#0: streamed 2625518177 bytes, 8603 contigs
[183/235] sample CPG_1a#0: streamed 2637697538 bytes, 8620 contigs
[184/235] sample CPI_1c#0: streamed 2649819757 bytes, 8637 contigs
[185/235] sample CPS#0: streamed 2662140387 bytes, 8655 contigs
[186/235] sample CPS#3: streamed 2693626576 bytes, 8788 contigs
[187/235] sample CPS#4: streamed 2725112765 bytes, 8921 contigs
[188/235] sample CQI_4a#0: streamed 2736957093 bytes, 8938 contigs
[189/235] sample CQS_1a#0: streamed 2749113844 bytes, 8955 contigs
[190/235] sample CR85#0: streamed 2760965282 bytes, 8972 contigs
[191/235] sample CRB_1a#0: streamed 2772915738 bytes, 8989 contigs
[192/235] sample CRE#0: streamed 2785052227 bytes, 9007 contigs
[193/235] sample CRE#3: streamed 2816962398 bytes, 9111 contigs
[194/235] sample CRE#4: streamed 2848872569 bytes, 9215 contigs
[195/235] sample CRL#0: streamed 2860911799 bytes, 9232 contigs
[196/235] sample DBVPG6044#0: streamed 2872950950 bytes, 9249 contigs
[197/235] sample DBVPG6765#0: streamed 2884845877 bytes, 9266 contigs
[198/235] sample DG1768#0: streamed 2896777945 bytes, 9283 contigs
[199/235] sample EM14S013B#0: streamed 2908668642 bytes, 9300 contigs
[200/235] sample H6#0: streamed 2920227522 bytes, 9317 contigs
[201/235] sample HLJ1#0: streamed 2932008328 bytes, 9334 contigs
[202/235] sample HN1#0: streamed 2943907055 bytes, 9351 contigs
[203/235] sample IFO1802#0: streamed 2955212273 bytes, 9367 contigs
[204/235] sample IFO1815#0: streamed 2966662412 bytes, 9383 contigs
[205/235] sample JXXY161#0: streamed 2978426641 bytes, 9400 contigs
[206/235] sample L1374#0: streamed 2990483354 bytes, 9417 contigs
[207/235] sample LL2011_012#0: streamed 3002457986 bytes, 9433 contigs
[208/235] sample LL2012_001#0: streamed 3014329951 bytes, 9449 contigs
[209/235] sample LL2012_016#0: streamed 3026359584 bytes, 9465 contigs
[210/235] sample MSH604#0: streamed 3038204892 bytes, 9481 contigs
[211/235] sample N44#0: streamed 3050086546 bytes, 9498 contigs
[212/235] sample NCYC3947#0: streamed 3062003945 bytes, 9515 contigs
[213/235] sample NCYC3962#0: streamed 3073867342 bytes, 9532 contigs
[214/235] sample R23#0: streamed 3085763999 bytes, 9548 contigs
[215/235] sample RM11#0: streamed 3097531811 bytes, 9564 contigs
[216/235] sample S288C#0: streamed 3109774770 bytes, 9581 contigs
[217/235] sample SGDref#0: streamed 3121931892 bytes, 9598 contigs
[218/235] sample SK1#0: streamed 3134079832 bytes, 9615 contigs
[219/235] sample SX2#0: streamed 3146076934 bytes, 9632 contigs
[220/235] sample UFRJ50816#0: streamed 3158291620 bytes, 9649 contigs
[221/235] sample UWOPS034614#0: streamed 3170113162 bytes, 9666 contigs
[222/235] sample UWOPS052272#0: streamed 3182005503 bytes, 9683 contigs
[223/235] sample UWOPS837873#0: streamed 3194022264 bytes, 9700 contigs
[224/235] sample UWOPS919171#0: streamed 3205952070 bytes, 9717 contigs
[225/235] sample W303#0: streamed 3218222799 bytes, 9734 contigs
[226/235] sample WX20#0: streamed 3230266712 bytes, 9750 contigs
[227/235] sample XXYS14#0: streamed 3241993796 bytes, 9767 contigs
[228/235] sample Y12#0: streamed 3253957828 bytes, 9784 contigs
[229/235] sample Y55#0: streamed 3265749586 bytes, 9800 contigs
[230/235] sample YGL3210#0: streamed 3277958603 bytes, 9817 contigs
[231/235] sample YPS128#0: streamed 3289946573 bytes, 9834 contigs
[232/235] sample YPS138#0: streamed 3301829708 bytes, 9851 contigs
[233/235] sample YPS606#0: streamed 3313857184 bytes, 9868 contigs
[234/235] sample ZP591#0: streamed 3325058898 bytes, 9884 contigs
[235/235] sample FM1318#0: streamed 3336986759 bytes, 9901 contigs
TOTAL 3336986759
revlines collection: 3336986759 bytes, 9901 strings
text: /tmp/sxi-repair-o4aGmN/yeast235/xsa-build-kfclgrq6/collection.txt
names: /tmp/sxi-repair-o4aGmN/yeast235/xsa-build-kfclgrq6/collection.txt.names.tsv
