[2026-09-27 15:47:25.653] [info] Current Configuration:
; PFP++

; Text file to parse.
text="/tmp/sxi-repair-o4aGmN/yeast235/xsa-build-kfclgrq6/collection.txt"

; Output prefix.
out-prefix="/tmp/sxi-repair-o4aGmN/yeast235/xsa-build-kfclgrq6/parse"

; Sliding window size.
window-size=10

; Modulo used during parsing.
modulo=100

; Number of threads.
threads=2

; Temporary files directory.
tmp-dir="/tmp/sxi-repair-o4aGmN/yeast235/xsa-build-kfclgrq6"

; Also output compressed the dictionary.
compress-dictionary=false

; Use reference parse to avoid re-parsing.
use-vcf-acceleration=false

; Print out csv containing stats.
print-statistics=false

; Output count for each dictionary phrase.
output-occurrences=false

; Output sai array.
output-sai=false

; Output last array.
output-last=false

; Convert all non ACGT characters from a VCF or FASTA file to N.
acgt-only=false

; Verbose output.
verbose=false

; Version number.
version=false

[2026-09-27 15:47:25.653] [info] Parsing /tmp/sxi-repair-o4aGmN/yeast235/xsa-build-kfclgrq6/collection.txt
[2026-09-27 15:48:32.641] [info] Main parser: Replacing hash values with ranks.
[2026-09-27 15:48:53.079] [info] Main parser: writing dictionary on disk NOT COMPRESSED
[2026-09-27 15:48:54.276] [info] No properties requested.
[2026-09-27 15:48:54.276] [info] Main parser: closed
[2026-09-27 15:48:54.715] [info] Parser Text -	Parse size: 34133784	Dic Size: 3159359 Dic Total Length: 510234940
[Disk Write (bytes): 922999708]
