[2026-09-30 13:05:33.588] [info] Current Configuration:
; PFP++

; Text file to parse.
text="bit6/sxi_logs/bcr/synthetic.txt"

; Read -t as AGC: archive order, uppercase reversed contigs, 0x1e separators.
agc=false

; Output prefix.
out-prefix="bit6/sxi_logs/bcr/pfp"

; Sliding window size.
window-size=10

; Modulo used during parsing.
modulo=100

; Number of threads.
threads=2

; Temporary files directory.
tmp-dir="bit6/sxi_logs/bcr"

; Also output compressed the dictionary.
compress-dictionary=false

; Use reference parse to avoid re-parsing.
use-vcf-acceleration=false

; Print out csv containing stats.
print-statistics=false

; Output count for each dictionary phrase.
output-occurrences=false

; Output sai array.
output-sai=false

; Output last array.
output-last=false

; Convert all non ACGT characters from a VCF or FASTA file to N.
acgt-only=false

; Verbose output.
verbose=false

; Version number.
version=false

[2026-09-30 13:05:33.588] [info] Parsing bit6/sxi_logs/bcr/synthetic.txt
[2026-09-30 13:05:33.589] [info] Main parser: Replacing hash values with ranks.
[2026-09-30 13:05:33.589] [info] Main parser: writing dictionary on disk NOT COMPRESSED
[2026-09-30 13:05:33.589] [info] No properties requested.
[2026-09-30 13:05:33.589] [info] Main parser: closed
[2026-09-30 13:05:33.589] [info] Parser Text -	Parse size: 131	Dic Size: 72 Dic Total Length: 6659
[Disk Write (bytes): 8304]
