[2026-09-30 13:05:33.604] [info] Using 8 bytes for computing SA of the dictionary
[2026-09-30 13:05:33.604] [info] Using 2 bytes for storing SA of the dictionary
[2026-09-30 13:05:33.604] [info] Elapsed time (s): 0.000635241
[2026-09-30 13:05:33.604] [info] Using 1 bytes for DA of the dictionary
[2026-09-30 13:05:33.604] [info] Elapsed time (s): 5.848e-05
[2026-09-30 13:05:33.604] [info] Using 2 bytes for ISA of the dictionary
[2026-09-30 13:05:33.605] [info] Elapsed time (s): 6.483e-05
[2026-09-30 13:05:33.605] [info] Using 2 bytes for LCP of the dictionary
[2026-09-30 13:05:33.605] [info] Elapsed time (s): 0.00011389
[2026-09-30 13:05:33.605] [info] Using 1 bytes for colex id and inverse colex id array of the dictionary
[2026-09-30 13:05:33.605] [info] Elapsed time (s): 7.349e-05
[2026-09-30 13:05:33.605] [info] Using 8 bytes for computing SA of the dictionary
[2026-09-30 13:05:33.605] [info] Using 1 bytes for storing SA of the dictionary
[2026-09-30 13:05:33.605] [info] Elapsed time (s): 2.895e-05
[2026-09-30 13:05:33.605] [info] Using 1 bytes for DA of the dictionary
[2026-09-30 13:05:33.605] [info] Elapsed time (s): 3.4e-06
[2026-09-30 13:05:33.605] [info] Using 1 bytes for ISA of the dictionary
[2026-09-30 13:05:33.605] [info] Elapsed time (s): 2.7e-06
[2026-09-30 13:05:33.605] [info] Using 1 bytes for LCP of the dictionary
[2026-09-30 13:05:33.605] [info] Elapsed time (s): 4.23e-06
[2026-09-30 13:05:33.605] [info] Computing RMQ over LCP of dictionary
[2026-09-30 13:05:33.605] [info] Elapsed time (s): 9.37e-06
[2026-09-30 13:05:33.605] [info] Using 1 bytes for colex DA of the dictionary
[2026-09-30 13:05:33.605] [info] Using 1 bytes for colex id and inverse colex id array of the dictionary
[2026-09-30 13:05:33.605] [info] Elapsed time (s): 2.496e-05
[2026-09-30 13:05:33.605] [info] Using 8 bytes for computing SA of the parsing
[2026-09-30 13:05:33.605] [info] Using 1 bytes for storing SA of the parsing
[2026-09-30 13:05:33.605] [info] Elapsed time (s): 6.14e-06
[2026-09-30 13:05:33.605] [info] Computing b_p
[2026-09-30 13:05:33.605] [info] Computing b_bwt and M of the parsing
[2026-09-30 13:05:33.605] [info] Computing inverted list of BWT(P)
[2026-09-30 13:05:33.605] [info] Using 1 bytes for storing the inverted list of the BWT of the parse
[2026-09-30 13:05:33.605] [info] Precomputing d lengths
[2026-09-30 13:05:33.605] [info] Precomputing d lengths
[2026-09-30 13:05:33.605] [info] Creating v table
[2026-09-30 13:05:33.605] [info] Creating E arrays
[2026-09-30 13:05:33.605] [info] Computing chunks for parallel execution. Total input size: 9715. Requested chunks: 1
[2026-09-30 13:05:33.606] [info] BWT ranges divided in 1 chunks.
[2026-09-30 13:05:33.608] [info] Chunk 1/1 completed
[2026-09-30 13:05:33.608] [info] Completed rle string merge
[2026-09-30 13:05:33.613] [info] Processed: 4068 Skipped: 476
[2026-09-30 13:05:33.613] [info] Chunk 1/1 completed
[2026-09-30 13:05:33.613] [info] Writing out sa values at run heads
[2026-09-30 13:05:33.614] [info] Done
