[2026-09-28 11:37:45.521] [info] Using 8 bytes for computing SA of the dictionary
[2026-09-28 11:37:45.521] [info] Using 2 bytes for storing SA of the dictionary
[2026-09-28 11:37:45.521] [info] Elapsed time (s): 8.167e-05
[2026-09-28 11:37:45.521] [info] Using 1 bytes for DA of the dictionary
[2026-09-28 11:37:45.521] [info] Elapsed time (s): 6.34e-06
[2026-09-28 11:37:45.521] [info] Using 2 bytes for ISA of the dictionary
[2026-09-28 11:37:45.521] [info] Elapsed time (s): 5.28e-06
[2026-09-28 11:37:45.521] [info] Using 1 bytes for LCP of the dictionary
[2026-09-28 11:37:45.521] [info] Elapsed time (s): 7.71e-06
[2026-09-28 11:37:45.521] [info] Using 1 bytes for colex id and inverse colex id array of the dictionary
[2026-09-28 11:37:45.521] [info] Elapsed time (s): 4.84e-06
[2026-09-28 11:37:45.521] [info] Using 8 bytes for computing SA of the dictionary
[2026-09-28 11:37:45.521] [info] Using 1 bytes for storing SA of the dictionary
[2026-09-28 11:37:45.521] [info] Elapsed time (s): 1.235e-05
[2026-09-28 11:37:45.521] [info] Using 1 bytes for DA of the dictionary
[2026-09-28 11:37:45.521] [info] Elapsed time (s): 3.51e-06
[2026-09-28 11:37:45.521] [info] Using 1 bytes for ISA of the dictionary
[2026-09-28 11:37:45.521] [info] Elapsed time (s): 2.58e-06
[2026-09-28 11:37:45.521] [info] Using 1 bytes for LCP of the dictionary
[2026-09-28 11:37:45.521] [info] Elapsed time (s): 3.45e-06
[2026-09-28 11:37:45.521] [info] Computing RMQ over LCP of dictionary
[2026-09-28 11:37:45.521] [info] Elapsed time (s): 6.54e-06
[2026-09-28 11:37:45.521] [info] Using 1 bytes for colex DA of the dictionary
[2026-09-28 11:37:45.521] [info] Using 1 bytes for colex id and inverse colex id array of the dictionary
[2026-09-28 11:37:45.521] [info] Elapsed time (s): 1.714e-05
[2026-09-28 11:37:45.521] [info] Using 8 bytes for computing SA of the parsing
[2026-09-28 11:37:45.521] [info] Using 1 bytes for storing SA of the parsing
[2026-09-28 11:37:45.521] [info] Elapsed time (s): 4.21e-06
[2026-09-28 11:37:45.521] [info] Computing b_p
[2026-09-28 11:37:45.521] [info] Computing b_bwt and M of the parsing
[2026-09-28 11:37:45.521] [info] Computing inverted list of BWT(P)
[2026-09-28 11:37:45.521] [info] Using 1 bytes for storing the inverted list of the BWT of the parse
[2026-09-28 11:37:45.521] [info] Precomputing d lengths
[2026-09-28 11:37:45.521] [info] Precomputing d lengths
[2026-09-28 11:37:45.521] [info] Creating v table
[2026-09-28 11:37:45.521] [info] Creating E arrays
[2026-09-28 11:37:45.521] [info] Computing chunks for parallel execution. Total input size: 18013. Requested chunks: 1
[2026-09-28 11:37:45.521] [info] BWT ranges divided in 1 chunks.
[2026-09-28 11:37:45.521] [info] Chunk 1/1 completed
[2026-09-28 11:37:45.521] [info] Completed rle string merge
[2026-09-28 11:37:45.525] [info] Processed: 14012 Skipped: 3678
[2026-09-28 11:37:45.525] [info] Chunk 1/1 completed
[2026-09-28 11:37:45.525] [info] Writing out sa values at run heads
[2026-09-28 11:37:45.525] [info] Done
