[2026-09-28 11:40:21.250] [info] Using 8 bytes for computing SA of the dictionary
[2026-09-28 11:40:21.250] [info] Using 2 bytes for storing SA of the dictionary
[2026-09-28 11:40:21.250] [info] Elapsed time (s): 8.535e-05
[2026-09-28 11:40:21.250] [info] Using 1 bytes for DA of the dictionary
[2026-09-28 11:40:21.250] [info] Elapsed time (s): 6.26e-06
[2026-09-28 11:40:21.250] [info] Using 2 bytes for ISA of the dictionary
[2026-09-28 11:40:21.250] [info] Elapsed time (s): 5.27e-06
[2026-09-28 11:40:21.250] [info] Using 1 bytes for LCP of the dictionary
[2026-09-28 11:40:21.250] [info] Elapsed time (s): 7.63e-06
[2026-09-28 11:40:21.250] [info] Using 1 bytes for colex id and inverse colex id array of the dictionary
[2026-09-28 11:40:21.250] [info] Elapsed time (s): 6.09e-06
[2026-09-28 11:40:21.250] [info] Using 8 bytes for computing SA of the dictionary
[2026-09-28 11:40:21.250] [info] Using 1 bytes for storing SA of the dictionary
[2026-09-28 11:40:21.250] [info] Elapsed time (s): 1.482e-05
[2026-09-28 11:40:21.250] [info] Using 1 bytes for DA of the dictionary
[2026-09-28 11:40:21.250] [info] Elapsed time (s): 4.06e-06
[2026-09-28 11:40:21.250] [info] Using 1 bytes for ISA of the dictionary
[2026-09-28 11:40:21.250] [info] Elapsed time (s): 3.12e-06
[2026-09-28 11:40:21.250] [info] Using 1 bytes for LCP of the dictionary
[2026-09-28 11:40:21.250] [info] Elapsed time (s): 3.98e-06
[2026-09-28 11:40:21.250] [info] Computing RMQ over LCP of dictionary
[2026-09-28 11:40:21.250] [info] Elapsed time (s): 8.61e-06
[2026-09-28 11:40:21.250] [info] Using 1 bytes for colex DA of the dictionary
[2026-09-28 11:40:21.250] [info] Using 1 bytes for colex id and inverse colex id array of the dictionary
[2026-09-28 11:40:21.250] [info] Elapsed time (s): 2.1231e-05
[2026-09-28 11:40:21.250] [info] Using 8 bytes for computing SA of the parsing
[2026-09-28 11:40:21.250] [info] Using 1 bytes for storing SA of the parsing
[2026-09-28 11:40:21.250] [info] Elapsed time (s): 5.21e-06
[2026-09-28 11:40:21.250] [info] Computing b_p
[2026-09-28 11:40:21.250] [info] Computing b_bwt and M of the parsing
[2026-09-28 11:40:21.250] [info] Computing inverted list of BWT(P)
[2026-09-28 11:40:21.250] [info] Using 1 bytes for storing the inverted list of the BWT of the parse
[2026-09-28 11:40:21.250] [info] Precomputing d lengths
[2026-09-28 11:40:21.250] [info] Precomputing d lengths
[2026-09-28 11:40:21.250] [info] Creating v table
[2026-09-28 11:40:21.250] [info] Creating E arrays
[2026-09-28 11:40:21.250] [info] Computing chunks for parallel execution. Total input size: 18013. Requested chunks: 1
[2026-09-28 11:40:21.250] [info] BWT ranges divided in 1 chunks.
[2026-09-28 11:40:21.250] [info] Chunk 1/1 completed
[2026-09-28 11:40:21.250] [info] Completed rle string merge
[2026-09-28 11:40:21.254] [info] Processed: 14012 Skipped: 3678
[2026-09-28 11:40:21.254] [info] Chunk 1/1 completed
[2026-09-28 11:40:21.254] [info] Writing out sa values at run heads
[2026-09-28 11:40:21.254] [info] Done
