[2026-09-28 11:40:21.678] [info] Using 8 bytes for computing SA of the dictionary
[2026-09-28 11:40:21.680] [info] Using 2 bytes for storing SA of the dictionary
[2026-09-28 11:40:21.680] [info] Elapsed time (s): 0.001681203
[2026-09-28 11:40:21.680] [info] Using 1 bytes for DA of the dictionary
[2026-09-28 11:40:21.680] [info] Elapsed time (s): 0.0001987
[2026-09-28 11:40:21.680] [info] Using 2 bytes for ISA of the dictionary
[2026-09-28 11:40:21.680] [info] Elapsed time (s): 0.0001854
[2026-09-28 11:40:21.680] [info] Using 2 bytes for LCP of the dictionary
[2026-09-28 11:40:21.681] [info] Elapsed time (s): 0.000472181
[2026-09-28 11:40:21.681] [info] Using 1 bytes for colex id and inverse colex id array of the dictionary
[2026-09-28 11:40:21.681] [info] Elapsed time (s): 0.00012766
[2026-09-28 11:40:21.681] [info] Using 8 bytes for computing SA of the dictionary
[2026-09-28 11:40:21.681] [info] Using 2 bytes for storing SA of the dictionary
[2026-09-28 11:40:21.681] [info] Elapsed time (s): 3.15e-05
[2026-09-28 11:40:21.681] [info] Using 1 bytes for DA of the dictionary
[2026-09-28 11:40:21.681] [info] Elapsed time (s): 4.7e-06
[2026-09-28 11:40:21.681] [info] Using 2 bytes for ISA of the dictionary
[2026-09-28 11:40:21.681] [info] Elapsed time (s): 4.08e-06
[2026-09-28 11:40:21.681] [info] Using 1 bytes for LCP of the dictionary
[2026-09-28 11:40:21.681] [info] Elapsed time (s): 5.03e-06
[2026-09-28 11:40:21.681] [info] Computing RMQ over LCP of dictionary
[2026-09-28 11:40:21.681] [info] Elapsed time (s): 1.163e-05
[2026-09-28 11:40:21.681] [info] Using 1 bytes for colex DA of the dictionary
[2026-09-28 11:40:21.681] [info] Using 1 bytes for colex id and inverse colex id array of the dictionary
[2026-09-28 11:40:21.681] [info] Elapsed time (s): 3.998e-05
[2026-09-28 11:40:21.681] [info] Using 8 bytes for computing SA of the parsing
[2026-09-28 11:40:21.681] [info] Using 1 bytes for storing SA of the parsing
[2026-09-28 11:40:21.681] [info] Elapsed time (s): 6.05e-06
[2026-09-28 11:40:21.681] [info] Computing b_p
[2026-09-28 11:40:21.681] [info] Computing b_bwt and M of the parsing
[2026-09-28 11:40:21.681] [info] Computing inverted list of BWT(P)
[2026-09-28 11:40:21.681] [info] Using 1 bytes for storing the inverted list of the BWT of the parse
[2026-09-28 11:40:21.681] [info] Precomputing d lengths
[2026-09-28 11:40:21.681] [info] Precomputing d lengths
[2026-09-28 11:40:21.681] [info] Creating v table
[2026-09-28 11:40:21.681] [info] Creating E arrays
[2026-09-28 11:40:21.681] [info] Computing chunks for parallel execution. Total input size: 20016. Requested chunks: 1
[2026-09-28 11:40:21.686] [info] BWT ranges divided in 1 chunks.
[2026-09-28 11:40:21.693] [info] Chunk 1/1 completed
[2026-09-28 11:40:21.694] [info] Completed rle string merge
[2026-09-28 11:40:21.710] [info] Processed: 3 Skipped: 0
[2026-09-28 11:40:21.710] [info] Chunk 1/1 completed
[2026-09-28 11:40:21.710] [info] Writing out sa values at run heads
[2026-09-28 11:40:21.711] [info] Done
