[2026-09-28 11:40:21.937] [info] Using 8 bytes for computing SA of the dictionary
[2026-09-28 11:40:21.939] [info] Using 2 bytes for storing SA of the dictionary
[2026-09-28 11:40:21.939] [info] Elapsed time (s): 0.001679422
[2026-09-28 11:40:21.939] [info] Using 1 bytes for DA of the dictionary
[2026-09-28 11:40:21.939] [info] Elapsed time (s): 0.00020422
[2026-09-28 11:40:21.939] [info] Using 2 bytes for ISA of the dictionary
[2026-09-28 11:40:21.939] [info] Elapsed time (s): 0.000184621
[2026-09-28 11:40:21.939] [info] Using 2 bytes for LCP of the dictionary
[2026-09-28 11:40:21.940] [info] Elapsed time (s): 0.00047741
[2026-09-28 11:40:21.940] [info] Using 1 bytes for colex id and inverse colex id array of the dictionary
[2026-09-28 11:40:21.940] [info] Elapsed time (s): 0.000128061
[2026-09-28 11:40:21.940] [info] Using 8 bytes for computing SA of the dictionary
[2026-09-28 11:40:21.940] [info] Using 2 bytes for storing SA of the dictionary
[2026-09-28 11:40:21.940] [info] Elapsed time (s): 3.117e-05
[2026-09-28 11:40:21.940] [info] Using 1 bytes for DA of the dictionary
[2026-09-28 11:40:21.940] [info] Elapsed time (s): 4.46e-06
[2026-09-28 11:40:21.940] [info] Using 2 bytes for ISA of the dictionary
[2026-09-28 11:40:21.940] [info] Elapsed time (s): 4.03e-06
[2026-09-28 11:40:21.940] [info] Using 1 bytes for LCP of the dictionary
[2026-09-28 11:40:21.940] [info] Elapsed time (s): 5.1e-06
[2026-09-28 11:40:21.940] [info] Computing RMQ over LCP of dictionary
[2026-09-28 11:40:21.940] [info] Elapsed time (s): 1.128e-05
[2026-09-28 11:40:21.940] [info] Using 1 bytes for colex DA of the dictionary
[2026-09-28 11:40:21.940] [info] Using 1 bytes for colex id and inverse colex id array of the dictionary
[2026-09-28 11:40:21.940] [info] Elapsed time (s): 3.954e-05
[2026-09-28 11:40:21.940] [info] Using 8 bytes for computing SA of the parsing
[2026-09-28 11:40:21.940] [info] Using 1 bytes for storing SA of the parsing
[2026-09-28 11:40:21.940] [info] Elapsed time (s): 5.8e-06
[2026-09-28 11:40:21.940] [info] Computing b_p
[2026-09-28 11:40:21.940] [info] Computing b_bwt and M of the parsing
[2026-09-28 11:40:21.940] [info] Computing inverted list of BWT(P)
[2026-09-28 11:40:21.940] [info] Using 1 bytes for storing the inverted list of the BWT of the parse
[2026-09-28 11:40:21.940] [info] Precomputing d lengths
[2026-09-28 11:40:21.940] [info] Precomputing d lengths
[2026-09-28 11:40:21.940] [info] Creating v table
[2026-09-28 11:40:21.940] [info] Creating E arrays
[2026-09-28 11:40:21.940] [info] Computing chunks for parallel execution. Total input size: 20016. Requested chunks: 1
[2026-09-28 11:40:21.945] [info] BWT ranges divided in 1 chunks.
[2026-09-28 11:40:21.951] [info] Chunk 1/1 completed
[2026-09-28 11:40:21.952] [info] Completed rle string merge
[2026-09-28 11:40:21.969] [info] Processed: 3 Skipped: 0
[2026-09-28 11:40:21.969] [info] Chunk 1/1 completed
[2026-09-28 11:40:21.969] [info] Writing out sa values at run heads
[2026-09-28 11:40:21.969] [info] Done
