[2026-09-28 11:37:46.084] [info] Current Configuration:
; PFP++

; Text file to parse.
text="/tmp/sxi-stream/battery-reviewed/xsa-build-8750fzot/collection.fifo"

; Output prefix.
out-prefix="/tmp/sxi-stream/battery-reviewed/xsa-build-8750fzot/parse"

; Sliding window size.
window-size=10

; Modulo used during parsing.
modulo=100

; Number of threads.
threads=2

; Temporary files directory.
tmp-dir="/tmp/sxi-stream/battery-reviewed/xsa-build-8750fzot"

; Also output compressed the dictionary.
compress-dictionary=false

; Use reference parse to avoid re-parsing.
use-vcf-acceleration=false

; Print out csv containing stats.
print-statistics=false

; Output count for each dictionary phrase.
output-occurrences=false

; Output sai array.
output-sai=false

; Output last array.
output-last=false

; Convert all non ACGT characters from a VCF or FASTA file to N.
acgt-only=false

; Verbose output.
verbose=false

; Version number.
version=false

[2026-09-28 11:37:46.131] [info] Parsing /tmp/sxi-stream/battery-reviewed/xsa-build-8750fzot/collection.fifo
[2026-09-28 11:37:46.135] [info] Main parser: Replacing hash values with ranks.
[2026-09-28 11:37:46.135] [info] Main parser: writing dictionary on disk NOT COMPRESSED
[2026-09-28 11:37:46.135] [info] No properties requested.
[2026-09-28 11:37:46.135] [info] Main parser: closed
[2026-09-28 11:37:46.135] [info] Parser Text -	Parse size: 205	Dic Size: 205 Dic Total Length: 22057
[Disk Write (bytes): 24723]
