PHI_META n=7 intervals=7 offset=58 bits_per_interval=7 image_bytes=168 threads=2
PHI_PHASE decode-images elapsed=0.000231 peak_kib=12288
PHI_PHASE sort-images elapsed=0.000256 peak_kib=12288
PHI_PHASE validate-permutation elapsed=0.000259 peak_kib=12288
RI4_META n=7 runs=5 sample_width=3
PHI_PROGRESS heads=5/5
PHI_PHASE query elapsed=0.005179 peak_kib=12288
PHI_PHASE complete elapsed=0.005259 peak_kib=12288
PHI_PASS all_values_in_range=1 permutation_validated=1 lf_steps=0 heads=5
PHI_META n=6 intervals=6 offset=58 bits_per_interval=7 image_bytes=144 threads=2
PHI_PHASE decode-images elapsed=0.000144 peak_kib=12288
PHI_PHASE sort-images elapsed=0.000165 peak_kib=12288
PHI_PHASE validate-permutation elapsed=0.000169 peak_kib=12288
RI4_META n=6 runs=2 sample_width=3
PHI_PROGRESS heads=2/2
PHI_PHASE query elapsed=0.004445 peak_kib=12288
PHI_PHASE complete elapsed=0.004473 peak_kib=12288
PHI_PASS all_values_in_range=1 permutation_validated=1 lf_steps=0 heads=2
PHI_META n=1 intervals=1 offset=58 bits_per_interval=3 image_bytes=24 threads=2
PHI_PHASE decode-images elapsed=0.000168 peak_kib=12288
PHI_PHASE sort-images elapsed=0.000190 peak_kib=12288
PHI_PHASE validate-permutation elapsed=0.000194 peak_kib=12288
RI4_META n=1 runs=1 sample_width=1
PHI_PROGRESS heads=1/1
PHI_PHASE query elapsed=0.004623 peak_kib=12288
PHI_PHASE complete elapsed=0.004649 peak_kib=12288
PHI_PASS all_values_in_range=1 permutation_validated=1 lf_steps=0 heads=1
PHI_META n=9 intervals=9 offset=58 bits_per_interval=9 image_bytes=216 threads=2
PHI_PHASE decode-images elapsed=0.000226 peak_kib=12288
PHI_PHASE sort-images elapsed=0.000245 peak_kib=12288
PHI_PHASE validate-permutation elapsed=0.000248 peak_kib=12288
RI4_META n=9 runs=5 sample_width=4
PHI_PROGRESS heads=5/5
PHI_PHASE query elapsed=0.004266 peak_kib=12288
PHI_PHASE complete elapsed=0.004289 peak_kib=12288
PHI_PASS all_values_in_range=1 permutation_validated=1 lf_steps=0 heads=5
PASS: four tiny pilot Phi inversions; front-end mode fails before file access
