[2026-09-28 11:40:16.674] [info] Using 8 bytes for computing SA of the dictionary
[2026-09-28 11:40:16.676] [info] Using 2 bytes for storing SA of the dictionary
[2026-09-28 11:40:16.676] [info] Elapsed time (s): 0.001656242
[2026-09-28 11:40:16.676] [info] Using 1 bytes for DA of the dictionary
[2026-09-28 11:40:16.676] [info] Elapsed time (s): 0.000216781
[2026-09-28 11:40:16.676] [info] Using 2 bytes for ISA of the dictionary
[2026-09-28 11:40:16.676] [info] Elapsed time (s): 0.00018516
[2026-09-28 11:40:16.676] [info] Using 2 bytes for LCP of the dictionary
[2026-09-28 11:40:16.677] [info] Elapsed time (s): 0.000475141
[2026-09-28 11:40:16.677] [info] Using 1 bytes for colex id and inverse colex id array of the dictionary
[2026-09-28 11:40:16.677] [info] Elapsed time (s): 0.0001297
[2026-09-28 11:40:16.677] [info] Using 8 bytes for computing SA of the dictionary
[2026-09-28 11:40:16.677] [info] Using 2 bytes for storing SA of the dictionary
[2026-09-28 11:40:16.677] [info] Elapsed time (s): 3.525e-05
[2026-09-28 11:40:16.677] [info] Using 1 bytes for DA of the dictionary
[2026-09-28 11:40:16.677] [info] Elapsed time (s): 4.94e-06
[2026-09-28 11:40:16.677] [info] Using 2 bytes for ISA of the dictionary
[2026-09-28 11:40:16.677] [info] Elapsed time (s): 4.6e-06
[2026-09-28 11:40:16.677] [info] Using 1 bytes for LCP of the dictionary
[2026-09-28 11:40:16.677] [info] Elapsed time (s): 5.9e-06
[2026-09-28 11:40:16.677] [info] Computing RMQ over LCP of dictionary
[2026-09-28 11:40:16.677] [info] Elapsed time (s): 1.301e-05
[2026-09-28 11:40:16.677] [info] Using 1 bytes for colex DA of the dictionary
[2026-09-28 11:40:16.677] [info] Using 1 bytes for colex id and inverse colex id array of the dictionary
[2026-09-28 11:40:16.677] [info] Elapsed time (s): 4.714e-05
[2026-09-28 11:40:16.677] [info] Using 8 bytes for computing SA of the parsing
[2026-09-28 11:40:16.677] [info] Using 1 bytes for storing SA of the parsing
[2026-09-28 11:40:16.677] [info] Elapsed time (s): 6.42e-06
[2026-09-28 11:40:16.677] [info] Computing b_p
[2026-09-28 11:40:16.677] [info] Computing b_bwt and M of the parsing
[2026-09-28 11:40:16.677] [info] Computing inverted list of BWT(P)
[2026-09-28 11:40:16.677] [info] Using 1 bytes for storing the inverted list of the BWT of the parse
[2026-09-28 11:40:16.677] [info] Precomputing d lengths
[2026-09-28 11:40:16.677] [info] Precomputing d lengths
[2026-09-28 11:40:16.677] [info] Creating v table
[2026-09-28 11:40:16.677] [info] Creating E arrays
[2026-09-28 11:40:16.677] [info] Computing chunks for parallel execution. Total input size: 20013. Requested chunks: 1
[2026-09-28 11:40:16.682] [info] BWT ranges divided in 1 chunks.
[2026-09-28 11:40:16.689] [info] Chunk 1/1 completed
[2026-09-28 11:40:16.690] [info] Completed rle string merge
[2026-09-28 11:40:16.706] [info] Processed: 4 Skipped: 0
[2026-09-28 11:40:16.706] [info] Chunk 1/1 completed
[2026-09-28 11:40:16.706] [info] Writing out sa values at run heads
[2026-09-28 11:40:16.707] [info] Done
