[2026-09-28 11:40:17.187] [info] Current Configuration:
; PFP++

; Text file to parse.
text="/tmp/sxi-stream/battery-final-source/xsa-build-eq0pg4q2/collection.txt"

; Output prefix.
out-prefix="/tmp/sxi-stream/battery-final-source/xsa-build-eq0pg4q2/parse"

; Sliding window size.
window-size=10

; Modulo used during parsing.
modulo=100

; Number of threads.
threads=2

; Temporary files directory.
tmp-dir="/tmp/sxi-stream/battery-final-source/xsa-build-eq0pg4q2"

; Also output compressed the dictionary.
compress-dictionary=false

; Use reference parse to avoid re-parsing.
use-vcf-acceleration=false

; Print out csv containing stats.
print-statistics=false

; Output count for each dictionary phrase.
output-occurrences=false

; Output sai array.
output-sai=false

; Output last array.
output-last=false

; Convert all non ACGT characters from a VCF or FASTA file to N.
acgt-only=false

; Verbose output.
verbose=false

; Version number.
version=false

[2026-09-28 11:40:17.188] [info] Parsing /tmp/sxi-stream/battery-final-source/xsa-build-eq0pg4q2/collection.txt
[2026-09-28 11:40:17.191] [info] Main parser: Replacing hash values with ranks.
[2026-09-28 11:40:17.192] [info] Main parser: writing dictionary on disk NOT COMPRESSED
[2026-09-28 11:40:17.192] [info] No properties requested.
[2026-09-28 11:40:17.192] [info] Main parser: closed
[2026-09-28 11:40:17.192] [info] Parser Text -	Parse size: 1961	Dic Size: 1961 Dic Total Length: 219614
[Disk Write (bytes): 245108]
