[2026-09-28 11:40:16.527] [info] Using 8 bytes for computing SA of the dictionary
[2026-09-28 11:40:16.527] [info] Using 2 bytes for storing SA of the dictionary
[2026-09-28 11:40:16.527] [info] Elapsed time (s): 0.00023373
[2026-09-28 11:40:16.527] [info] Using 1 bytes for DA of the dictionary
[2026-09-28 11:40:16.527] [info] Elapsed time (s): 2.128e-05
[2026-09-28 11:40:16.527] [info] Using 2 bytes for ISA of the dictionary
[2026-09-28 11:40:16.527] [info] Elapsed time (s): 1.831e-05
[2026-09-28 11:40:16.527] [info] Using 2 bytes for LCP of the dictionary
[2026-09-28 11:40:16.527] [info] Elapsed time (s): 4.39e-05
[2026-09-28 11:40:16.527] [info] Using 1 bytes for colex id and inverse colex id array of the dictionary
[2026-09-28 11:40:16.527] [info] Elapsed time (s): 1.387e-05
[2026-09-28 11:40:16.527] [info] Using 8 bytes for computing SA of the dictionary
[2026-09-28 11:40:16.527] [info] Using 1 bytes for storing SA of the dictionary
[2026-09-28 11:40:16.527] [info] Elapsed time (s): 7.57e-06
[2026-09-28 11:40:16.527] [info] Using 1 bytes for DA of the dictionary
[2026-09-28 11:40:16.527] [info] Elapsed time (s): 2.15e-06
[2026-09-28 11:40:16.527] [info] Using 1 bytes for ISA of the dictionary
[2026-09-28 11:40:16.527] [info] Elapsed time (s): 1.93e-06
[2026-09-28 11:40:16.527] [info] Using 1 bytes for LCP of the dictionary
[2026-09-28 11:40:16.527] [info] Elapsed time (s): 2.24e-06
[2026-09-28 11:40:16.527] [info] Computing RMQ over LCP of dictionary
[2026-09-28 11:40:16.527] [info] Elapsed time (s): 5.04e-06
[2026-09-28 11:40:16.527] [info] Using 1 bytes for colex DA of the dictionary
[2026-09-28 11:40:16.527] [info] Using 1 bytes for colex id and inverse colex id array of the dictionary
[2026-09-28 11:40:16.527] [info] Elapsed time (s): 1.02e-05
[2026-09-28 11:40:16.527] [info] Using 8 bytes for computing SA of the parsing
[2026-09-28 11:40:16.527] [info] Using 1 bytes for storing SA of the parsing
[2026-09-28 11:40:16.527] [info] Elapsed time (s): 4.32e-06
[2026-09-28 11:40:16.527] [info] Computing b_p
[2026-09-28 11:40:16.527] [info] Computing b_bwt and M of the parsing
[2026-09-28 11:40:16.527] [info] Computing inverted list of BWT(P)
[2026-09-28 11:40:16.527] [info] Using 1 bytes for storing the inverted list of the BWT of the parse
[2026-09-28 11:40:16.527] [info] Precomputing d lengths
[2026-09-28 11:40:16.527] [info] Precomputing d lengths
[2026-09-28 11:40:16.527] [info] Creating v table
[2026-09-28 11:40:16.527] [info] Creating E arrays
[2026-09-28 11:40:16.527] [info] Computing chunks for parallel execution. Total input size: 2013. Requested chunks: 1
[2026-09-28 11:40:16.527] [info] BWT ranges divided in 1 chunks.
[2026-09-28 11:40:16.528] [info] Chunk 1/1 completed
[2026-09-28 11:40:16.529] [info] Completed rle string merge
[2026-09-28 11:40:16.530] [info] Processed: 0 Skipped: 0
[2026-09-28 11:40:16.530] [info] Chunk 1/1 completed
[2026-09-28 11:40:16.530] [info] Writing out sa values at run heads
[2026-09-28 11:40:16.530] [info] Done
