[2026-09-28 11:33:47.510] [info] Using 8 bytes for computing SA of the dictionary
[2026-09-28 11:33:47.525] [info] Using 3 bytes for storing SA of the dictionary
[2026-09-28 11:33:47.526] [info] Elapsed time (s): 0.015636352
[2026-09-28 11:33:47.526] [info] Using 2 bytes for DA of the dictionary
[2026-09-28 11:33:47.528] [info] Elapsed time (s): 0.002288953
[2026-09-28 11:33:47.528] [info] Using 3 bytes for ISA of the dictionary
[2026-09-28 11:33:47.531] [info] Elapsed time (s): 0.002614224
[2026-09-28 11:33:47.531] [info] Using 2 bytes for LCP of the dictionary
[2026-09-28 11:33:47.538] [info] Elapsed time (s): 0.00701979
[2026-09-28 11:33:47.538] [info] Using 2 bytes for colex id and inverse colex id array of the dictionary
[2026-09-28 11:33:47.540] [info] Elapsed time (s): 0.001404422
[2026-09-28 11:33:47.540] [info] Using 8 bytes for computing SA of the dictionary
[2026-09-28 11:33:47.540] [info] Using 2 bytes for storing SA of the dictionary
[2026-09-28 11:33:47.540] [info] Elapsed time (s): 0.000218821
[2026-09-28 11:33:47.540] [info] Using 1 bytes for DA of the dictionary
[2026-09-28 11:33:47.540] [info] Elapsed time (s): 2.648e-05
[2026-09-28 11:33:47.540] [info] Using 2 bytes for ISA of the dictionary
[2026-09-28 11:33:47.540] [info] Elapsed time (s): 2.314e-05
[2026-09-28 11:33:47.540] [info] Using 1 bytes for LCP of the dictionary
[2026-09-28 11:33:47.540] [info] Elapsed time (s): 2.979e-05
[2026-09-28 11:33:47.540] [info] Computing RMQ over LCP of dictionary
[2026-09-28 11:33:47.540] [info] Elapsed time (s): 6.151e-05
[2026-09-28 11:33:47.540] [info] Using 1 bytes for colex DA of the dictionary
[2026-09-28 11:33:47.540] [info] Using 1 bytes for colex id and inverse colex id array of the dictionary
[2026-09-28 11:33:47.540] [info] Elapsed time (s): 0.0003006
[2026-09-28 11:33:47.540] [info] Using 8 bytes for computing SA of the parsing
[2026-09-28 11:33:47.540] [info] Using 1 bytes for storing SA of the parsing
[2026-09-28 11:33:47.540] [info] Elapsed time (s): 1.359e-05
[2026-09-28 11:33:47.540] [info] Computing b_p
[2026-09-28 11:33:47.540] [info] Computing b_bwt and M of the parsing
[2026-09-28 11:33:47.541] [info] Computing inverted list of BWT(P)
[2026-09-28 11:33:47.541] [info] Using 1 bytes for storing the inverted list of the BWT of the parse
[2026-09-28 11:33:47.541] [info] Precomputing d lengths
[2026-09-28 11:33:47.541] [info] Precomputing d lengths
[2026-09-28 11:33:47.541] [info] Creating v table
[2026-09-28 11:33:47.541] [info] Creating E arrays
[2026-09-28 11:33:47.541] [info] Computing chunks for parallel execution. Total input size: 200013. Requested chunks: 1
[2026-09-28 11:33:47.548] [info] BWT ranges divided in 1 chunks.
[2026-09-28 11:33:47.569] [info] Chunk 1/1 completed
[2026-09-28 11:33:47.575] [info] Completed rle string merge
[2026-09-28 11:33:47.686] [info] Processed: 234 Skipped: 2
[2026-09-28 11:33:47.686] [info] Chunk 1/1 completed
[2026-09-28 11:33:47.686] [info] Writing out sa values at run heads
[2026-09-28 11:33:47.689] [info] Done
