[2026-09-28 11:33:46.510] [info] Current Configuration:
; PFP++

; Integers file to parse.
int32t="/tmp/sxi-stream/battery/xsa-build-yzi1tjnw/parse.parse"

; Sliding window size.
window-size=5

; Modulo used during parsing.
modulo=11

; Number of threads.
threads=2

; Temporary files directory.
tmp-dir="/tmp/sxi-stream/battery/xsa-build-yzi1tjnw"

; Also output compressed the dictionary.
compress-dictionary=false

; Use reference parse to avoid re-parsing.
use-vcf-acceleration=false

; Print out csv containing stats.
print-statistics=false

; Output count for each dictionary phrase.
output-occurrences=false

; Output sai array.
output-sai=false

; Output last array.
output-last=false

; Convert all non ACGT characters from a VCF or FASTA file to N.
acgt-only=false

; Verbose output.
verbose=false

; Version number.
version=false

[2026-09-28 11:33:46.510] [info] Parsing /tmp/sxi-stream/battery/xsa-build-yzi1tjnw/parse.parse
[2026-09-28 11:33:46.510] [info] Main parser: Replacing hash values with ranks.
[2026-09-28 11:33:46.510] [info] Main parser: writing dictionary on disk NOT COMPRESSED
[2026-09-28 11:33:46.510] [info] No properties requested.
[2026-09-28 11:33:46.510] [info] Main parser: closed
[2026-09-28 11:33:46.510] [info] Parser Integers -	Parse size: 27	Dic Size: 27 Dic Total Length: 1396
[Disk Write (bytes): 1832]
