[2026-09-28 11:35:14.976] [info] Using 8 bytes for computing SA of the dictionary
[2026-09-28 11:35:14.976] [info] Using 2 bytes for storing SA of the dictionary
[2026-09-28 11:35:14.976] [info] Elapsed time (s): 0.000244351
[2026-09-28 11:35:14.976] [info] Using 1 bytes for DA of the dictionary
[2026-09-28 11:35:14.976] [info] Elapsed time (s): 2.23e-05
[2026-09-28 11:35:14.976] [info] Using 2 bytes for ISA of the dictionary
[2026-09-28 11:35:14.976] [info] Elapsed time (s): 1.841e-05
[2026-09-28 11:35:14.976] [info] Using 2 bytes for LCP of the dictionary
[2026-09-28 11:35:14.976] [info] Elapsed time (s): 4.45e-05
[2026-09-28 11:35:14.976] [info] Using 1 bytes for colex id and inverse colex id array of the dictionary
[2026-09-28 11:35:14.976] [info] Elapsed time (s): 1.572e-05
[2026-09-28 11:35:14.976] [info] Using 8 bytes for computing SA of the dictionary
[2026-09-28 11:35:14.976] [info] Using 1 bytes for storing SA of the dictionary
[2026-09-28 11:35:14.976] [info] Elapsed time (s): 8.08e-06
[2026-09-28 11:35:14.976] [info] Using 1 bytes for DA of the dictionary
[2026-09-28 11:35:14.976] [info] Elapsed time (s): 2.1e-06
[2026-09-28 11:35:14.976] [info] Using 1 bytes for ISA of the dictionary
[2026-09-28 11:35:14.976] [info] Elapsed time (s): 1.83e-06
[2026-09-28 11:35:14.976] [info] Using 1 bytes for LCP of the dictionary
[2026-09-28 11:35:14.976] [info] Elapsed time (s): 2.31e-06
[2026-09-28 11:35:14.976] [info] Computing RMQ over LCP of dictionary
[2026-09-28 11:35:14.976] [info] Elapsed time (s): 6.03e-06
[2026-09-28 11:35:14.976] [info] Using 1 bytes for colex DA of the dictionary
[2026-09-28 11:35:14.976] [info] Using 1 bytes for colex id and inverse colex id array of the dictionary
[2026-09-28 11:35:14.976] [info] Elapsed time (s): 1.136e-05
[2026-09-28 11:35:14.976] [info] Using 8 bytes for computing SA of the parsing
[2026-09-28 11:35:14.976] [info] Using 1 bytes for storing SA of the parsing
[2026-09-28 11:35:14.976] [info] Elapsed time (s): 4.9e-06
[2026-09-28 11:35:14.976] [info] Computing b_p
[2026-09-28 11:35:14.976] [info] Computing b_bwt and M of the parsing
[2026-09-28 11:35:14.976] [info] Computing inverted list of BWT(P)
[2026-09-28 11:35:14.976] [info] Using 1 bytes for storing the inverted list of the BWT of the parse
[2026-09-28 11:35:14.976] [info] Precomputing d lengths
[2026-09-28 11:35:14.976] [info] Precomputing d lengths
[2026-09-28 11:35:14.976] [info] Creating v table
[2026-09-28 11:35:14.976] [info] Creating E arrays
[2026-09-28 11:35:14.976] [info] Computing chunks for parallel execution. Total input size: 2013. Requested chunks: 1
[2026-09-28 11:35:14.976] [info] BWT ranges divided in 1 chunks.
[2026-09-28 11:35:14.977] [info] Chunk 1/1 completed
[2026-09-28 11:35:14.977] [info] Completed rle string merge
[2026-09-28 11:35:14.979] [info] Processed: 0 Skipped: 0
[2026-09-28 11:35:14.979] [info] Chunk 1/1 completed
[2026-09-28 11:35:14.979] [info] Writing out sa values at run heads
[2026-09-28 11:35:14.979] [info] Done
