[2026-09-28 11:35:15.169] [info] Using 8 bytes for computing SA of the dictionary
[2026-09-28 11:35:15.169] [info] Using 2 bytes for storing SA of the dictionary
[2026-09-28 11:35:15.169] [info] Elapsed time (s): 0.00022416
[2026-09-28 11:35:15.169] [info] Using 1 bytes for DA of the dictionary
[2026-09-28 11:35:15.169] [info] Elapsed time (s): 2.1361e-05
[2026-09-28 11:35:15.169] [info] Using 2 bytes for ISA of the dictionary
[2026-09-28 11:35:15.169] [info] Elapsed time (s): 1.85e-05
[2026-09-28 11:35:15.169] [info] Using 2 bytes for LCP of the dictionary
[2026-09-28 11:35:15.169] [info] Elapsed time (s): 4.421e-05
[2026-09-28 11:35:15.169] [info] Using 1 bytes for colex id and inverse colex id array of the dictionary
[2026-09-28 11:35:15.169] [info] Elapsed time (s): 1.467e-05
[2026-09-28 11:35:15.169] [info] Using 8 bytes for computing SA of the dictionary
[2026-09-28 11:35:15.169] [info] Using 1 bytes for storing SA of the dictionary
[2026-09-28 11:35:15.169] [info] Elapsed time (s): 8e-06
[2026-09-28 11:35:15.169] [info] Using 1 bytes for DA of the dictionary
[2026-09-28 11:35:15.169] [info] Elapsed time (s): 2.32e-06
[2026-09-28 11:35:15.169] [info] Using 1 bytes for ISA of the dictionary
[2026-09-28 11:35:15.169] [info] Elapsed time (s): 1.88e-06
[2026-09-28 11:35:15.169] [info] Using 1 bytes for LCP of the dictionary
[2026-09-28 11:35:15.169] [info] Elapsed time (s): 2.21e-06
[2026-09-28 11:35:15.169] [info] Computing RMQ over LCP of dictionary
[2026-09-28 11:35:15.169] [info] Elapsed time (s): 5.65e-06
[2026-09-28 11:35:15.169] [info] Using 1 bytes for colex DA of the dictionary
[2026-09-28 11:35:15.169] [info] Using 1 bytes for colex id and inverse colex id array of the dictionary
[2026-09-28 11:35:15.169] [info] Elapsed time (s): 1.093e-05
[2026-09-28 11:35:15.169] [info] Using 8 bytes for computing SA of the parsing
[2026-09-28 11:35:15.169] [info] Using 1 bytes for storing SA of the parsing
[2026-09-28 11:35:15.169] [info] Elapsed time (s): 4.9e-06
[2026-09-28 11:35:15.169] [info] Computing b_p
[2026-09-28 11:35:15.170] [info] Computing b_bwt and M of the parsing
[2026-09-28 11:35:15.170] [info] Computing inverted list of BWT(P)
[2026-09-28 11:35:15.170] [info] Using 1 bytes for storing the inverted list of the BWT of the parse
[2026-09-28 11:35:15.170] [info] Precomputing d lengths
[2026-09-28 11:35:15.170] [info] Precomputing d lengths
[2026-09-28 11:35:15.170] [info] Creating v table
[2026-09-28 11:35:15.170] [info] Creating E arrays
[2026-09-28 11:35:15.170] [info] Computing chunks for parallel execution. Total input size: 2013. Requested chunks: 1
[2026-09-28 11:35:15.170] [info] BWT ranges divided in 1 chunks.
[2026-09-28 11:35:15.170] [info] Chunk 1/1 completed
[2026-09-28 11:35:15.171] [info] Completed rle string merge
[2026-09-28 11:35:15.172] [info] Processed: 0 Skipped: 0
[2026-09-28 11:35:15.172] [info] Chunk 1/1 completed
[2026-09-28 11:35:15.172] [info] Writing out sa values at run heads
[2026-09-28 11:35:15.172] [info] Done
