[2026-09-28 11:40:16.925] [info] Using 8 bytes for computing SA of the dictionary
[2026-09-28 11:40:16.927] [info] Using 2 bytes for storing SA of the dictionary
[2026-09-28 11:40:16.927] [info] Elapsed time (s): 0.001660162
[2026-09-28 11:40:16.927] [info] Using 1 bytes for DA of the dictionary
[2026-09-28 11:40:16.927] [info] Elapsed time (s): 0.000200001
[2026-09-28 11:40:16.927] [info] Using 2 bytes for ISA of the dictionary
[2026-09-28 11:40:16.927] [info] Elapsed time (s): 0.00018659
[2026-09-28 11:40:16.927] [info] Using 2 bytes for LCP of the dictionary
[2026-09-28 11:40:16.928] [info] Elapsed time (s): 0.00046373
[2026-09-28 11:40:16.928] [info] Using 1 bytes for colex id and inverse colex id array of the dictionary
[2026-09-28 11:40:16.928] [info] Elapsed time (s): 0.000113401
[2026-09-28 11:40:16.928] [info] Using 8 bytes for computing SA of the dictionary
[2026-09-28 11:40:16.928] [info] Using 2 bytes for storing SA of the dictionary
[2026-09-28 11:40:16.928] [info] Elapsed time (s): 2.916e-05
[2026-09-28 11:40:16.928] [info] Using 1 bytes for DA of the dictionary
[2026-09-28 11:40:16.928] [info] Elapsed time (s): 4.24e-06
[2026-09-28 11:40:16.928] [info] Using 2 bytes for ISA of the dictionary
[2026-09-28 11:40:16.928] [info] Elapsed time (s): 3.88e-06
[2026-09-28 11:40:16.928] [info] Using 1 bytes for LCP of the dictionary
[2026-09-28 11:40:16.928] [info] Elapsed time (s): 4.97e-06
[2026-09-28 11:40:16.928] [info] Computing RMQ over LCP of dictionary
[2026-09-28 11:40:16.928] [info] Elapsed time (s): 1.046e-05
[2026-09-28 11:40:16.928] [info] Using 1 bytes for colex DA of the dictionary
[2026-09-28 11:40:16.928] [info] Using 1 bytes for colex id and inverse colex id array of the dictionary
[2026-09-28 11:40:16.928] [info] Elapsed time (s): 4.025e-05
[2026-09-28 11:40:16.928] [info] Using 8 bytes for computing SA of the parsing
[2026-09-28 11:40:16.928] [info] Using 1 bytes for storing SA of the parsing
[2026-09-28 11:40:16.928] [info] Elapsed time (s): 5.51e-06
[2026-09-28 11:40:16.928] [info] Computing b_p
[2026-09-28 11:40:16.928] [info] Computing b_bwt and M of the parsing
[2026-09-28 11:40:16.928] [info] Computing inverted list of BWT(P)
[2026-09-28 11:40:16.928] [info] Using 1 bytes for storing the inverted list of the BWT of the parse
[2026-09-28 11:40:16.928] [info] Precomputing d lengths
[2026-09-28 11:40:16.928] [info] Precomputing d lengths
[2026-09-28 11:40:16.928] [info] Creating v table
[2026-09-28 11:40:16.928] [info] Creating E arrays
[2026-09-28 11:40:16.928] [info] Computing chunks for parallel execution. Total input size: 20013. Requested chunks: 1
[2026-09-28 11:40:16.932] [info] BWT ranges divided in 1 chunks.
[2026-09-28 11:40:16.938] [info] Chunk 1/1 completed
[2026-09-28 11:40:16.939] [info] Completed rle string merge
[2026-09-28 11:40:16.953] [info] Processed: 4 Skipped: 0
[2026-09-28 11:40:16.953] [info] Chunk 1/1 completed
[2026-09-28 11:40:16.953] [info] Writing out sa values at run heads
[2026-09-28 11:40:16.953] [info] Done
