[2026-09-28 11:33:46.108] [info] Using 8 bytes for computing SA of the dictionary
[2026-09-28 11:33:46.108] [info] Using 2 bytes for storing SA of the dictionary
[2026-09-28 11:33:46.108] [info] Elapsed time (s): 0.000220021
[2026-09-28 11:33:46.108] [info] Using 1 bytes for DA of the dictionary
[2026-09-28 11:33:46.108] [info] Elapsed time (s): 2.142e-05
[2026-09-28 11:33:46.108] [info] Using 2 bytes for ISA of the dictionary
[2026-09-28 11:33:46.108] [info] Elapsed time (s): 1.857e-05
[2026-09-28 11:33:46.108] [info] Using 2 bytes for LCP of the dictionary
[2026-09-28 11:33:46.108] [info] Elapsed time (s): 4.393e-05
[2026-09-28 11:33:46.108] [info] Using 1 bytes for colex id and inverse colex id array of the dictionary
[2026-09-28 11:33:46.108] [info] Elapsed time (s): 1.462e-05
[2026-09-28 11:33:46.108] [info] Using 8 bytes for computing SA of the dictionary
[2026-09-28 11:33:46.108] [info] Using 1 bytes for storing SA of the dictionary
[2026-09-28 11:33:46.108] [info] Elapsed time (s): 8.18e-06
[2026-09-28 11:33:46.108] [info] Using 1 bytes for DA of the dictionary
[2026-09-28 11:33:46.108] [info] Elapsed time (s): 2.07e-06
[2026-09-28 11:33:46.108] [info] Using 1 bytes for ISA of the dictionary
[2026-09-28 11:33:46.108] [info] Elapsed time (s): 1.88e-06
[2026-09-28 11:33:46.108] [info] Using 1 bytes for LCP of the dictionary
[2026-09-28 11:33:46.108] [info] Elapsed time (s): 2.2e-06
[2026-09-28 11:33:46.108] [info] Computing RMQ over LCP of dictionary
[2026-09-28 11:33:46.108] [info] Elapsed time (s): 7.58e-06
[2026-09-28 11:33:46.108] [info] Using 1 bytes for colex DA of the dictionary
[2026-09-28 11:33:46.108] [info] Using 1 bytes for colex id and inverse colex id array of the dictionary
[2026-09-28 11:33:46.108] [info] Elapsed time (s): 1.057e-05
[2026-09-28 11:33:46.108] [info] Using 8 bytes for computing SA of the parsing
[2026-09-28 11:33:46.108] [info] Using 1 bytes for storing SA of the parsing
[2026-09-28 11:33:46.108] [info] Elapsed time (s): 4.69e-06
[2026-09-28 11:33:46.108] [info] Computing b_p
[2026-09-28 11:33:46.108] [info] Computing b_bwt and M of the parsing
[2026-09-28 11:33:46.108] [info] Computing inverted list of BWT(P)
[2026-09-28 11:33:46.108] [info] Using 1 bytes for storing the inverted list of the BWT of the parse
[2026-09-28 11:33:46.108] [info] Precomputing d lengths
[2026-09-28 11:33:46.108] [info] Precomputing d lengths
[2026-09-28 11:33:46.108] [info] Creating v table
[2026-09-28 11:33:46.108] [info] Creating E arrays
[2026-09-28 11:33:46.108] [info] Computing chunks for parallel execution. Total input size: 2013. Requested chunks: 1
[2026-09-28 11:33:46.109] [info] BWT ranges divided in 1 chunks.
[2026-09-28 11:33:46.109] [info] Chunk 1/1 completed
[2026-09-28 11:33:46.109] [info] Completed rle string merge
[2026-09-28 11:33:46.111] [info] Processed: 0 Skipped: 0
[2026-09-28 11:33:46.111] [info] Chunk 1/1 completed
[2026-09-28 11:33:46.111] [info] Writing out sa values at run heads
[2026-09-28 11:33:46.111] [info] Done
