[2026-09-28 11:40:16.332] [info] Using 8 bytes for computing SA of the dictionary
[2026-09-28 11:40:16.332] [info] Using 2 bytes for storing SA of the dictionary
[2026-09-28 11:40:16.332] [info] Elapsed time (s): 0.000217061
[2026-09-28 11:40:16.332] [info] Using 1 bytes for DA of the dictionary
[2026-09-28 11:40:16.332] [info] Elapsed time (s): 2.13e-05
[2026-09-28 11:40:16.332] [info] Using 2 bytes for ISA of the dictionary
[2026-09-28 11:40:16.332] [info] Elapsed time (s): 1.864e-05
[2026-09-28 11:40:16.332] [info] Using 2 bytes for LCP of the dictionary
[2026-09-28 11:40:16.332] [info] Elapsed time (s): 4.439e-05
[2026-09-28 11:40:16.332] [info] Using 1 bytes for colex id and inverse colex id array of the dictionary
[2026-09-28 11:40:16.332] [info] Elapsed time (s): 1.424e-05
[2026-09-28 11:40:16.332] [info] Using 8 bytes for computing SA of the dictionary
[2026-09-28 11:40:16.332] [info] Using 1 bytes for storing SA of the dictionary
[2026-09-28 11:40:16.332] [info] Elapsed time (s): 7.74e-06
[2026-09-28 11:40:16.332] [info] Using 1 bytes for DA of the dictionary
[2026-09-28 11:40:16.332] [info] Elapsed time (s): 2.07e-06
[2026-09-28 11:40:16.332] [info] Using 1 bytes for ISA of the dictionary
[2026-09-28 11:40:16.332] [info] Elapsed time (s): 1.85e-06
[2026-09-28 11:40:16.332] [info] Using 1 bytes for LCP of the dictionary
[2026-09-28 11:40:16.332] [info] Elapsed time (s): 2.24e-06
[2026-09-28 11:40:16.332] [info] Computing RMQ over LCP of dictionary
[2026-09-28 11:40:16.332] [info] Elapsed time (s): 5.71e-06
[2026-09-28 11:40:16.332] [info] Using 1 bytes for colex DA of the dictionary
[2026-09-28 11:40:16.332] [info] Using 1 bytes for colex id and inverse colex id array of the dictionary
[2026-09-28 11:40:16.332] [info] Elapsed time (s): 1.062e-05
[2026-09-28 11:40:16.332] [info] Using 8 bytes for computing SA of the parsing
[2026-09-28 11:40:16.332] [info] Using 1 bytes for storing SA of the parsing
[2026-09-28 11:40:16.332] [info] Elapsed time (s): 4.62e-06
[2026-09-28 11:40:16.332] [info] Computing b_p
[2026-09-28 11:40:16.332] [info] Computing b_bwt and M of the parsing
[2026-09-28 11:40:16.332] [info] Computing inverted list of BWT(P)
[2026-09-28 11:40:16.332] [info] Using 1 bytes for storing the inverted list of the BWT of the parse
[2026-09-28 11:40:16.332] [info] Precomputing d lengths
[2026-09-28 11:40:16.332] [info] Precomputing d lengths
[2026-09-28 11:40:16.332] [info] Creating v table
[2026-09-28 11:40:16.332] [info] Creating E arrays
[2026-09-28 11:40:16.332] [info] Computing chunks for parallel execution. Total input size: 2013. Requested chunks: 1
[2026-09-28 11:40:16.333] [info] BWT ranges divided in 1 chunks.
[2026-09-28 11:40:16.333] [info] Chunk 1/1 completed
[2026-09-28 11:40:16.333] [info] Completed rle string merge
[2026-09-28 11:40:16.335] [info] Processed: 0 Skipped: 0
[2026-09-28 11:40:16.335] [info] Chunk 1/1 completed
[2026-09-28 11:40:16.335] [info] Writing out sa values at run heads
[2026-09-28 11:40:16.335] [info] Done
