[2026-09-28 11:33:45.916] [info] Using 8 bytes for computing SA of the dictionary
[2026-09-28 11:33:45.916] [info] Using 2 bytes for storing SA of the dictionary
[2026-09-28 11:33:45.916] [info] Elapsed time (s): 0.00021728
[2026-09-28 11:33:45.916] [info] Using 1 bytes for DA of the dictionary
[2026-09-28 11:33:45.916] [info] Elapsed time (s): 2.126e-05
[2026-09-28 11:33:45.916] [info] Using 2 bytes for ISA of the dictionary
[2026-09-28 11:33:45.916] [info] Elapsed time (s): 1.86e-05
[2026-09-28 11:33:45.916] [info] Using 2 bytes for LCP of the dictionary
[2026-09-28 11:33:45.916] [info] Elapsed time (s): 4.386e-05
[2026-09-28 11:33:45.916] [info] Using 1 bytes for colex id and inverse colex id array of the dictionary
[2026-09-28 11:33:45.916] [info] Elapsed time (s): 1.405e-05
[2026-09-28 11:33:45.916] [info] Using 8 bytes for computing SA of the dictionary
[2026-09-28 11:33:45.916] [info] Using 1 bytes for storing SA of the dictionary
[2026-09-28 11:33:45.916] [info] Elapsed time (s): 7.89e-06
[2026-09-28 11:33:45.916] [info] Using 1 bytes for DA of the dictionary
[2026-09-28 11:33:45.916] [info] Elapsed time (s): 2.1e-06
[2026-09-28 11:33:45.916] [info] Using 1 bytes for ISA of the dictionary
[2026-09-28 11:33:45.916] [info] Elapsed time (s): 1.87e-06
[2026-09-28 11:33:45.916] [info] Using 1 bytes for LCP of the dictionary
[2026-09-28 11:33:45.916] [info] Elapsed time (s): 2.25e-06
[2026-09-28 11:33:45.916] [info] Computing RMQ over LCP of dictionary
[2026-09-28 11:33:45.916] [info] Elapsed time (s): 4.91e-06
[2026-09-28 11:33:45.916] [info] Using 1 bytes for colex DA of the dictionary
[2026-09-28 11:33:45.916] [info] Using 1 bytes for colex id and inverse colex id array of the dictionary
[2026-09-28 11:33:45.916] [info] Elapsed time (s): 1.063e-05
[2026-09-28 11:33:45.916] [info] Using 8 bytes for computing SA of the parsing
[2026-09-28 11:33:45.916] [info] Using 1 bytes for storing SA of the parsing
[2026-09-28 11:33:45.916] [info] Elapsed time (s): 4.68e-06
[2026-09-28 11:33:45.916] [info] Computing b_p
[2026-09-28 11:33:45.916] [info] Computing b_bwt and M of the parsing
[2026-09-28 11:33:45.916] [info] Computing inverted list of BWT(P)
[2026-09-28 11:33:45.916] [info] Using 1 bytes for storing the inverted list of the BWT of the parse
[2026-09-28 11:33:45.916] [info] Precomputing d lengths
[2026-09-28 11:33:45.916] [info] Precomputing d lengths
[2026-09-28 11:33:45.916] [info] Creating v table
[2026-09-28 11:33:45.916] [info] Creating E arrays
[2026-09-28 11:33:45.916] [info] Computing chunks for parallel execution. Total input size: 2013. Requested chunks: 1
[2026-09-28 11:33:45.917] [info] BWT ranges divided in 1 chunks.
[2026-09-28 11:33:45.917] [info] Chunk 1/1 completed
[2026-09-28 11:33:45.917] [info] Completed rle string merge
[2026-09-28 11:33:45.919] [info] Processed: 0 Skipped: 0
[2026-09-28 11:33:45.919] [info] Chunk 1/1 completed
[2026-09-28 11:33:45.919] [info] Writing out sa values at run heads
[2026-09-28 11:33:45.919] [info] Done
