[2026-09-28 11:37:41.276] [info] Using 8 bytes for computing SA of the dictionary
[2026-09-28 11:37:41.278] [info] Using 2 bytes for storing SA of the dictionary
[2026-09-28 11:37:41.278] [info] Elapsed time (s): 0.001649033
[2026-09-28 11:37:41.278] [info] Using 1 bytes for DA of the dictionary
[2026-09-28 11:37:41.278] [info] Elapsed time (s): 0.00020894
[2026-09-28 11:37:41.278] [info] Using 2 bytes for ISA of the dictionary
[2026-09-28 11:37:41.278] [info] Elapsed time (s): 0.00018502
[2026-09-28 11:37:41.278] [info] Using 2 bytes for LCP of the dictionary
[2026-09-28 11:37:41.278] [info] Elapsed time (s): 0.000464051
[2026-09-28 11:37:41.278] [info] Using 1 bytes for colex id and inverse colex id array of the dictionary
[2026-09-28 11:37:41.279] [info] Elapsed time (s): 0.00012938
[2026-09-28 11:37:41.279] [info] Using 8 bytes for computing SA of the dictionary
[2026-09-28 11:37:41.279] [info] Using 2 bytes for storing SA of the dictionary
[2026-09-28 11:37:41.279] [info] Elapsed time (s): 3.565e-05
[2026-09-28 11:37:41.279] [info] Using 1 bytes for DA of the dictionary
[2026-09-28 11:37:41.279] [info] Elapsed time (s): 4.96e-06
[2026-09-28 11:37:41.279] [info] Using 2 bytes for ISA of the dictionary
[2026-09-28 11:37:41.279] [info] Elapsed time (s): 4.6e-06
[2026-09-28 11:37:41.279] [info] Using 1 bytes for LCP of the dictionary
[2026-09-28 11:37:41.279] [info] Elapsed time (s): 5.81e-06
[2026-09-28 11:37:41.279] [info] Computing RMQ over LCP of dictionary
[2026-09-28 11:37:41.279] [info] Elapsed time (s): 1.266e-05
[2026-09-28 11:37:41.279] [info] Using 1 bytes for colex DA of the dictionary
[2026-09-28 11:37:41.279] [info] Using 1 bytes for colex id and inverse colex id array of the dictionary
[2026-09-28 11:37:41.279] [info] Elapsed time (s): 4.72e-05
[2026-09-28 11:37:41.279] [info] Using 8 bytes for computing SA of the parsing
[2026-09-28 11:37:41.279] [info] Using 1 bytes for storing SA of the parsing
[2026-09-28 11:37:41.279] [info] Elapsed time (s): 6.44e-06
[2026-09-28 11:37:41.279] [info] Computing b_p
[2026-09-28 11:37:41.279] [info] Computing b_bwt and M of the parsing
[2026-09-28 11:37:41.279] [info] Computing inverted list of BWT(P)
[2026-09-28 11:37:41.279] [info] Using 1 bytes for storing the inverted list of the BWT of the parse
[2026-09-28 11:37:41.279] [info] Precomputing d lengths
[2026-09-28 11:37:41.279] [info] Precomputing d lengths
[2026-09-28 11:37:41.279] [info] Creating v table
[2026-09-28 11:37:41.279] [info] Creating E arrays
[2026-09-28 11:37:41.279] [info] Computing chunks for parallel execution. Total input size: 20013. Requested chunks: 1
[2026-09-28 11:37:41.284] [info] BWT ranges divided in 1 chunks.
[2026-09-28 11:37:41.291] [info] Chunk 1/1 completed
[2026-09-28 11:37:41.291] [info] Completed rle string merge
[2026-09-28 11:37:41.308] [info] Processed: 4 Skipped: 0
[2026-09-28 11:37:41.308] [info] Chunk 1/1 completed
[2026-09-28 11:37:41.308] [info] Writing out sa values at run heads
[2026-09-28 11:37:41.309] [info] Done
