[2026-09-28 11:37:40.875] [info] Using 8 bytes for computing SA of the dictionary
[2026-09-28 11:37:40.875] [info] Using 2 bytes for storing SA of the dictionary
[2026-09-28 11:37:40.875] [info] Elapsed time (s): 0.00022636
[2026-09-28 11:37:40.875] [info] Using 1 bytes for DA of the dictionary
[2026-09-28 11:37:40.875] [info] Elapsed time (s): 2.1111e-05
[2026-09-28 11:37:40.875] [info] Using 2 bytes for ISA of the dictionary
[2026-09-28 11:37:40.875] [info] Elapsed time (s): 1.827e-05
[2026-09-28 11:37:40.875] [info] Using 2 bytes for LCP of the dictionary
[2026-09-28 11:37:40.875] [info] Elapsed time (s): 4.446e-05
[2026-09-28 11:37:40.875] [info] Using 1 bytes for colex id and inverse colex id array of the dictionary
[2026-09-28 11:37:40.875] [info] Elapsed time (s): 1.407e-05
[2026-09-28 11:37:40.875] [info] Using 8 bytes for computing SA of the dictionary
[2026-09-28 11:37:40.875] [info] Using 1 bytes for storing SA of the dictionary
[2026-09-28 11:37:40.875] [info] Elapsed time (s): 7.37e-06
[2026-09-28 11:37:40.875] [info] Using 1 bytes for DA of the dictionary
[2026-09-28 11:37:40.875] [info] Elapsed time (s): 2.04e-06
[2026-09-28 11:37:40.875] [info] Using 1 bytes for ISA of the dictionary
[2026-09-28 11:37:40.875] [info] Elapsed time (s): 1.8e-06
[2026-09-28 11:37:40.875] [info] Using 1 bytes for LCP of the dictionary
[2026-09-28 11:37:40.875] [info] Elapsed time (s): 2.28e-06
[2026-09-28 11:37:40.875] [info] Computing RMQ over LCP of dictionary
[2026-09-28 11:37:40.875] [info] Elapsed time (s): 7.3e-06
[2026-09-28 11:37:40.875] [info] Using 1 bytes for colex DA of the dictionary
[2026-09-28 11:37:40.875] [info] Using 1 bytes for colex id and inverse colex id array of the dictionary
[2026-09-28 11:37:40.875] [info] Elapsed time (s): 1.011e-05
[2026-09-28 11:37:40.875] [info] Using 8 bytes for computing SA of the parsing
[2026-09-28 11:37:40.875] [info] Using 1 bytes for storing SA of the parsing
[2026-09-28 11:37:40.875] [info] Elapsed time (s): 4.43e-06
[2026-09-28 11:37:40.875] [info] Computing b_p
[2026-09-28 11:37:40.875] [info] Computing b_bwt and M of the parsing
[2026-09-28 11:37:40.875] [info] Computing inverted list of BWT(P)
[2026-09-28 11:37:40.875] [info] Using 1 bytes for storing the inverted list of the BWT of the parse
[2026-09-28 11:37:40.875] [info] Precomputing d lengths
[2026-09-28 11:37:40.875] [info] Precomputing d lengths
[2026-09-28 11:37:40.875] [info] Creating v table
[2026-09-28 11:37:40.875] [info] Creating E arrays
[2026-09-28 11:37:40.875] [info] Computing chunks for parallel execution. Total input size: 2013. Requested chunks: 1
[2026-09-28 11:37:40.875] [info] BWT ranges divided in 1 chunks.
[2026-09-28 11:37:40.876] [info] Chunk 1/1 completed
[2026-09-28 11:37:40.876] [info] Completed rle string merge
[2026-09-28 11:37:40.877] [info] Processed: 0 Skipped: 0
[2026-09-28 11:37:40.877] [info] Chunk 1/1 completed
[2026-09-28 11:37:40.877] [info] Writing out sa values at run heads
[2026-09-28 11:37:40.878] [info] Done
