ri4: n=20003 k=1 R=14975
SLIM_PHASE ri4-load wall=0.000 cumulative=0.000 peak_rss_kib=2048
SLIM_HEAD_SA bytes=119800 rows=14975 mmap=1
SLIM_PHASE dict-read wall=0.000 cumulative=0.000 peak_rss_kib=2048
SLIM_PHASE dict-boundaries wall=0.000 cumulative=0.001 peak_rss_kib=2048
SLIM_STRING_ENDS count=1 bytes=8 from_parse_dict=1 cyclic=1
SLIM_PHASE parse+boundaries wall=0.000 cumulative=0.001 peak_rss_kib=2048
SLIM_PHASE parse-fingerprints wall=0.000 cumulative=0.001 peak_rss_kib=2048
SLIM_PHASE dict-fingerprints wall=0.000 cumulative=0.001 peak_rss_kib=2048
SLIM_STRUCT n=20013 P=213 D=22357 phrases=213 parse_bytes=856 bd_bytes=510 bp_bytes=510 dict_resident=0 dict_cache_per_thread=262144 no_SA_ISA_LCP_RMQ=1 no_M_b_bwt_w_wt=1
SLIM_PHASE lce-build-total wall=0.000 cumulative=0.001 peak_rss_kib=2048
SLIM_PHASE lf-build wall=0.000 cumulative=0.001 peak_rss_kib=2048
SLIM_RI runs=74875 starts=119800 samples=28080 lf_capacity=185392
SLIM_PROGRESS runs=14975/14975 resolve_wall=0.001 lce_wall=0.007 write_wall=0.000 lf_steps=0 cache_hits=0
SLIM_PHASE query-chunks wall=0.010 cumulative=0.011 peak_rss_kib=4096
SLIM_PHASE queries+stream-write-final wall=0.000 cumulative=0.011 peak_rss_kib=4096
SLIM_FP parse tau=1 bytes=1720 queries=1 verified_symbols=1 hash_probes=0 mean_verified=1.000000000 max_verified=1
SLIM_FP dict tau=12 bytes=14912 queries=18793 verified_symbols=137234 hash_probes=45 mean_verified=7.302399830 max_verified=17
SLIM_QUERY_PHASE resolve_wall=0.000915 resolve_peak_kib=4096 lce_wall=0.007265 lce_peak_kib=4096 write_wall=0.000374 write_peak_kib=4096
SLIM_SEEDS queries=18792 mean_verified_phrases=0.000053214 max_verified_phrases=1 (includes_zero_parse_work_seeds; boundary_included)
SLIM_RESOLVE walks=0 steps=0 max=0 anchor=0 failed=0 cache_hits=0
SLIM_BOUNDARY_RESOLVE head_direct=14975 tail_direct=18791 head_lf_steps=0
