[2026-09-28 11:35:16.597] [info] Using 8 bytes for computing SA of the dictionary
[2026-09-28 11:35:16.612] [info] Using 3 bytes for storing SA of the dictionary
[2026-09-28 11:35:16.613] [info] Elapsed time (s): 0.016334984
[2026-09-28 11:35:16.613] [info] Using 2 bytes for DA of the dictionary
[2026-09-28 11:35:16.615] [info] Elapsed time (s): 0.002216313
[2026-09-28 11:35:16.615] [info] Using 3 bytes for ISA of the dictionary
[2026-09-28 11:35:16.618] [info] Elapsed time (s): 0.002611274
[2026-09-28 11:35:16.618] [info] Using 2 bytes for LCP of the dictionary
[2026-09-28 11:35:16.625] [info] Elapsed time (s): 0.00715287
[2026-09-28 11:35:16.625] [info] Using 2 bytes for colex id and inverse colex id array of the dictionary
[2026-09-28 11:35:16.627] [info] Elapsed time (s): 0.001417032
[2026-09-28 11:35:16.627] [info] Using 8 bytes for computing SA of the dictionary
[2026-09-28 11:35:16.627] [info] Using 2 bytes for storing SA of the dictionary
[2026-09-28 11:35:16.627] [info] Elapsed time (s): 0.000221691
[2026-09-28 11:35:16.627] [info] Using 1 bytes for DA of the dictionary
[2026-09-28 11:35:16.627] [info] Elapsed time (s): 2.83e-05
[2026-09-28 11:35:16.627] [info] Using 2 bytes for ISA of the dictionary
[2026-09-28 11:35:16.627] [info] Elapsed time (s): 2.333e-05
[2026-09-28 11:35:16.627] [info] Using 1 bytes for LCP of the dictionary
[2026-09-28 11:35:16.627] [info] Elapsed time (s): 2.973e-05
[2026-09-28 11:35:16.627] [info] Computing RMQ over LCP of dictionary
[2026-09-28 11:35:16.627] [info] Elapsed time (s): 6.248e-05
[2026-09-28 11:35:16.627] [info] Using 1 bytes for colex DA of the dictionary
[2026-09-28 11:35:16.627] [info] Using 1 bytes for colex id and inverse colex id array of the dictionary
[2026-09-28 11:35:16.627] [info] Elapsed time (s): 0.00030389
[2026-09-28 11:35:16.627] [info] Using 8 bytes for computing SA of the parsing
[2026-09-28 11:35:16.627] [info] Using 1 bytes for storing SA of the parsing
[2026-09-28 11:35:16.627] [info] Elapsed time (s): 1.384e-05
[2026-09-28 11:35:16.627] [info] Computing b_p
[2026-09-28 11:35:16.627] [info] Computing b_bwt and M of the parsing
[2026-09-28 11:35:16.628] [info] Computing inverted list of BWT(P)
[2026-09-28 11:35:16.628] [info] Using 1 bytes for storing the inverted list of the BWT of the parse
[2026-09-28 11:35:16.628] [info] Precomputing d lengths
[2026-09-28 11:35:16.628] [info] Precomputing d lengths
[2026-09-28 11:35:16.628] [info] Creating v table
[2026-09-28 11:35:16.628] [info] Creating E arrays
[2026-09-28 11:35:16.628] [info] Computing chunks for parallel execution. Total input size: 200013. Requested chunks: 1
[2026-09-28 11:35:16.635] [info] BWT ranges divided in 1 chunks.
[2026-09-28 11:35:16.657] [info] Chunk 1/1 completed
[2026-09-28 11:35:16.663] [info] Completed rle string merge
[2026-09-28 11:35:16.787] [info] Processed: 234 Skipped: 2
[2026-09-28 11:35:16.787] [info] Chunk 1/1 completed
[2026-09-28 11:35:16.787] [info] Writing out sa values at run heads
[2026-09-28 11:35:16.791] [info] Done
