[2026-09-28 11:37:41.563] [info] Using 8 bytes for computing SA of the dictionary
[2026-09-28 11:37:41.578] [info] Using 3 bytes for storing SA of the dictionary
[2026-09-28 11:37:41.579] [info] Elapsed time (s): 0.016253504
[2026-09-28 11:37:41.580] [info] Using 2 bytes for DA of the dictionary
[2026-09-28 11:37:41.582] [info] Elapsed time (s): 0.002245703
[2026-09-28 11:37:41.582] [info] Using 3 bytes for ISA of the dictionary
[2026-09-28 11:37:41.584] [info] Elapsed time (s): 0.002592314
[2026-09-28 11:37:41.584] [info] Using 2 bytes for LCP of the dictionary
[2026-09-28 11:37:41.591] [info] Elapsed time (s): 0.00700314
[2026-09-28 11:37:41.591] [info] Using 2 bytes for colex id and inverse colex id array of the dictionary
[2026-09-28 11:37:41.593] [info] Elapsed time (s): 0.001420442
[2026-09-28 11:37:41.593] [info] Using 8 bytes for computing SA of the dictionary
[2026-09-28 11:37:41.593] [info] Using 2 bytes for storing SA of the dictionary
[2026-09-28 11:37:41.593] [info] Elapsed time (s): 0.00021173
[2026-09-28 11:37:41.593] [info] Using 1 bytes for DA of the dictionary
[2026-09-28 11:37:41.593] [info] Elapsed time (s): 2.658e-05
[2026-09-28 11:37:41.593] [info] Using 2 bytes for ISA of the dictionary
[2026-09-28 11:37:41.593] [info] Elapsed time (s): 2.289e-05
[2026-09-28 11:37:41.593] [info] Using 1 bytes for LCP of the dictionary
[2026-09-28 11:37:41.593] [info] Elapsed time (s): 2.993e-05
[2026-09-28 11:37:41.593] [info] Computing RMQ over LCP of dictionary
[2026-09-28 11:37:41.593] [info] Elapsed time (s): 6.368e-05
[2026-09-28 11:37:41.593] [info] Using 1 bytes for colex DA of the dictionary
[2026-09-28 11:37:41.593] [info] Using 1 bytes for colex id and inverse colex id array of the dictionary
[2026-09-28 11:37:41.594] [info] Elapsed time (s): 0.000299531
[2026-09-28 11:37:41.594] [info] Using 8 bytes for computing SA of the parsing
[2026-09-28 11:37:41.594] [info] Using 1 bytes for storing SA of the parsing
[2026-09-28 11:37:41.594] [info] Elapsed time (s): 1.289e-05
[2026-09-28 11:37:41.594] [info] Computing b_p
[2026-09-28 11:37:41.594] [info] Computing b_bwt and M of the parsing
[2026-09-28 11:37:41.594] [info] Computing inverted list of BWT(P)
[2026-09-28 11:37:41.594] [info] Using 1 bytes for storing the inverted list of the BWT of the parse
[2026-09-28 11:37:41.594] [info] Precomputing d lengths
[2026-09-28 11:37:41.594] [info] Precomputing d lengths
[2026-09-28 11:37:41.594] [info] Creating v table
[2026-09-28 11:37:41.594] [info] Creating E arrays
[2026-09-28 11:37:41.594] [info] Computing chunks for parallel execution. Total input size: 200013. Requested chunks: 1
[2026-09-28 11:37:41.602] [info] BWT ranges divided in 1 chunks.
[2026-09-28 11:37:41.623] [info] Chunk 1/1 completed
[2026-09-28 11:37:41.628] [info] Completed rle string merge
[2026-09-28 11:37:41.752] [info] Processed: 234 Skipped: 2
[2026-09-28 11:37:41.752] [info] Chunk 1/1 completed
[2026-09-28 11:37:41.752] [info] Writing out sa values at run heads
[2026-09-28 11:37:41.755] [info] Done
