[2026-09-28 11:35:15.318] [info] Using 8 bytes for computing SA of the dictionary
[2026-09-28 11:35:15.320] [info] Using 2 bytes for storing SA of the dictionary
[2026-09-28 11:35:15.320] [info] Elapsed time (s): 0.001653302
[2026-09-28 11:35:15.320] [info] Using 1 bytes for DA of the dictionary
[2026-09-28 11:35:15.320] [info] Elapsed time (s): 0.00019875
[2026-09-28 11:35:15.320] [info] Using 2 bytes for ISA of the dictionary
[2026-09-28 11:35:15.320] [info] Elapsed time (s): 0.000186141
[2026-09-28 11:35:15.320] [info] Using 2 bytes for LCP of the dictionary
[2026-09-28 11:35:15.321] [info] Elapsed time (s): 0.00047329
[2026-09-28 11:35:15.321] [info] Using 1 bytes for colex id and inverse colex id array of the dictionary
[2026-09-28 11:35:15.321] [info] Elapsed time (s): 0.00013035
[2026-09-28 11:35:15.321] [info] Using 8 bytes for computing SA of the dictionary
[2026-09-28 11:35:15.321] [info] Using 2 bytes for storing SA of the dictionary
[2026-09-28 11:35:15.321] [info] Elapsed time (s): 3.465e-05
[2026-09-28 11:35:15.321] [info] Using 1 bytes for DA of the dictionary
[2026-09-28 11:35:15.321] [info] Elapsed time (s): 4.97e-06
[2026-09-28 11:35:15.321] [info] Using 2 bytes for ISA of the dictionary
[2026-09-28 11:35:15.321] [info] Elapsed time (s): 4.67e-06
[2026-09-28 11:35:15.321] [info] Using 1 bytes for LCP of the dictionary
[2026-09-28 11:35:15.321] [info] Elapsed time (s): 5.77e-06
[2026-09-28 11:35:15.321] [info] Computing RMQ over LCP of dictionary
[2026-09-28 11:35:15.321] [info] Elapsed time (s): 1.27e-05
[2026-09-28 11:35:15.321] [info] Using 1 bytes for colex DA of the dictionary
[2026-09-28 11:35:15.321] [info] Using 1 bytes for colex id and inverse colex id array of the dictionary
[2026-09-28 11:35:15.321] [info] Elapsed time (s): 4.725e-05
[2026-09-28 11:35:15.321] [info] Using 8 bytes for computing SA of the parsing
[2026-09-28 11:35:15.321] [info] Using 1 bytes for storing SA of the parsing
[2026-09-28 11:35:15.321] [info] Elapsed time (s): 6.92e-06
[2026-09-28 11:35:15.321] [info] Computing b_p
[2026-09-28 11:35:15.321] [info] Computing b_bwt and M of the parsing
[2026-09-28 11:35:15.321] [info] Computing inverted list of BWT(P)
[2026-09-28 11:35:15.321] [info] Using 1 bytes for storing the inverted list of the BWT of the parse
[2026-09-28 11:35:15.321] [info] Precomputing d lengths
[2026-09-28 11:35:15.321] [info] Precomputing d lengths
[2026-09-28 11:35:15.321] [info] Creating v table
[2026-09-28 11:35:15.321] [info] Creating E arrays
[2026-09-28 11:35:15.321] [info] Computing chunks for parallel execution. Total input size: 20013. Requested chunks: 1
[2026-09-28 11:35:15.326] [info] BWT ranges divided in 1 chunks.
[2026-09-28 11:35:15.333] [info] Chunk 1/1 completed
[2026-09-28 11:35:15.334] [info] Completed rle string merge
[2026-09-28 11:35:15.350] [info] Processed: 4 Skipped: 0
[2026-09-28 11:35:15.350] [info] Chunk 1/1 completed
[2026-09-28 11:35:15.350] [info] Writing out sa values at run heads
[2026-09-28 11:35:15.350] [info] Done
