[2026-09-28 11:37:45.135] [info] Using 8 bytes for computing SA of the dictionary
[2026-09-28 11:37:45.135] [info] Using 2 bytes for storing SA of the dictionary
[2026-09-28 11:37:45.135] [info] Elapsed time (s): 9.007e-05
[2026-09-28 11:37:45.135] [info] Using 1 bytes for DA of the dictionary
[2026-09-28 11:37:45.135] [info] Elapsed time (s): 6.32e-06
[2026-09-28 11:37:45.135] [info] Using 2 bytes for ISA of the dictionary
[2026-09-28 11:37:45.135] [info] Elapsed time (s): 5.33e-06
[2026-09-28 11:37:45.135] [info] Using 1 bytes for LCP of the dictionary
[2026-09-28 11:37:45.135] [info] Elapsed time (s): 7.81e-06
[2026-09-28 11:37:45.135] [info] Using 1 bytes for colex id and inverse colex id array of the dictionary
[2026-09-28 11:37:45.135] [info] Elapsed time (s): 5.34e-06
[2026-09-28 11:37:45.135] [info] Using 8 bytes for computing SA of the dictionary
[2026-09-28 11:37:45.135] [info] Using 1 bytes for storing SA of the dictionary
[2026-09-28 11:37:45.135] [info] Elapsed time (s): 1.219e-05
[2026-09-28 11:37:45.135] [info] Using 1 bytes for DA of the dictionary
[2026-09-28 11:37:45.135] [info] Elapsed time (s): 3.38e-06
[2026-09-28 11:37:45.135] [info] Using 1 bytes for ISA of the dictionary
[2026-09-28 11:37:45.135] [info] Elapsed time (s): 2.6e-06
[2026-09-28 11:37:45.135] [info] Using 1 bytes for LCP of the dictionary
[2026-09-28 11:37:45.135] [info] Elapsed time (s): 3.44e-06
[2026-09-28 11:37:45.135] [info] Computing RMQ over LCP of dictionary
[2026-09-28 11:37:45.135] [info] Elapsed time (s): 6.87e-06
[2026-09-28 11:37:45.135] [info] Using 1 bytes for colex DA of the dictionary
[2026-09-28 11:37:45.135] [info] Using 1 bytes for colex id and inverse colex id array of the dictionary
[2026-09-28 11:37:45.135] [info] Elapsed time (s): 1.737e-05
[2026-09-28 11:37:45.135] [info] Using 8 bytes for computing SA of the parsing
[2026-09-28 11:37:45.135] [info] Using 1 bytes for storing SA of the parsing
[2026-09-28 11:37:45.135] [info] Elapsed time (s): 4.44e-06
[2026-09-28 11:37:45.135] [info] Computing b_p
[2026-09-28 11:37:45.135] [info] Computing b_bwt and M of the parsing
[2026-09-28 11:37:45.135] [info] Computing inverted list of BWT(P)
[2026-09-28 11:37:45.135] [info] Using 1 bytes for storing the inverted list of the BWT of the parse
[2026-09-28 11:37:45.135] [info] Precomputing d lengths
[2026-09-28 11:37:45.135] [info] Precomputing d lengths
[2026-09-28 11:37:45.135] [info] Creating v table
[2026-09-28 11:37:45.135] [info] Creating E arrays
[2026-09-28 11:37:45.135] [info] Computing chunks for parallel execution. Total input size: 18013. Requested chunks: 1
[2026-09-28 11:37:45.135] [info] BWT ranges divided in 1 chunks.
[2026-09-28 11:37:45.136] [info] Chunk 1/1 completed
[2026-09-28 11:37:45.136] [info] Completed rle string merge
[2026-09-28 11:37:45.139] [info] Processed: 14012 Skipped: 3678
[2026-09-28 11:37:45.139] [info] Chunk 1/1 completed
[2026-09-28 11:37:45.139] [info] Writing out sa values at run heads
[2026-09-28 11:37:45.139] [info] Done
