[2026-09-28 11:35:19.746] [info] Using 8 bytes for computing SA of the dictionary
[2026-09-28 11:35:19.746] [info] Using 2 bytes for storing SA of the dictionary
[2026-09-28 11:35:19.746] [info] Elapsed time (s): 0.00012556
[2026-09-28 11:35:19.746] [info] Using 1 bytes for DA of the dictionary
[2026-09-28 11:35:19.746] [info] Elapsed time (s): 6.37e-06
[2026-09-28 11:35:19.746] [info] Using 2 bytes for ISA of the dictionary
[2026-09-28 11:35:19.746] [info] Elapsed time (s): 5.42e-06
[2026-09-28 11:35:19.746] [info] Using 1 bytes for LCP of the dictionary
[2026-09-28 11:35:19.746] [info] Elapsed time (s): 8.04e-06
[2026-09-28 11:35:19.746] [info] Using 1 bytes for colex id and inverse colex id array of the dictionary
[2026-09-28 11:35:19.746] [info] Elapsed time (s): 6.15e-06
[2026-09-28 11:35:19.746] [info] Using 8 bytes for computing SA of the dictionary
[2026-09-28 11:35:19.746] [info] Using 1 bytes for storing SA of the dictionary
[2026-09-28 11:35:19.746] [info] Elapsed time (s): 1.256e-05
[2026-09-28 11:35:19.746] [info] Using 1 bytes for DA of the dictionary
[2026-09-28 11:35:19.746] [info] Elapsed time (s): 3.46e-06
[2026-09-28 11:35:19.746] [info] Using 1 bytes for ISA of the dictionary
[2026-09-28 11:35:19.746] [info] Elapsed time (s): 2.6e-06
[2026-09-28 11:35:19.746] [info] Using 1 bytes for LCP of the dictionary
[2026-09-28 11:35:19.746] [info] Elapsed time (s): 3.45e-06
[2026-09-28 11:35:19.746] [info] Computing RMQ over LCP of dictionary
[2026-09-28 11:35:19.746] [info] Elapsed time (s): 7.43e-06
[2026-09-28 11:35:19.746] [info] Using 1 bytes for colex DA of the dictionary
[2026-09-28 11:35:19.746] [info] Using 1 bytes for colex id and inverse colex id array of the dictionary
[2026-09-28 11:35:19.746] [info] Elapsed time (s): 1.827e-05
[2026-09-28 11:35:19.746] [info] Using 8 bytes for computing SA of the parsing
[2026-09-28 11:35:19.746] [info] Using 1 bytes for storing SA of the parsing
[2026-09-28 11:35:19.746] [info] Elapsed time (s): 4.89e-06
[2026-09-28 11:35:19.746] [info] Computing b_p
[2026-09-28 11:35:19.746] [info] Computing b_bwt and M of the parsing
[2026-09-28 11:35:19.746] [info] Computing inverted list of BWT(P)
[2026-09-28 11:35:19.746] [info] Using 1 bytes for storing the inverted list of the BWT of the parse
[2026-09-28 11:35:19.746] [info] Precomputing d lengths
[2026-09-28 11:35:19.746] [info] Precomputing d lengths
[2026-09-28 11:35:19.746] [info] Creating v table
[2026-09-28 11:35:19.746] [info] Creating E arrays
[2026-09-28 11:35:19.746] [info] Computing chunks for parallel execution. Total input size: 18013. Requested chunks: 1
[2026-09-28 11:35:19.746] [info] BWT ranges divided in 1 chunks.
[2026-09-28 11:35:19.746] [info] Chunk 1/1 completed
[2026-09-28 11:35:19.746] [info] Completed rle string merge
[2026-09-28 11:35:19.750] [info] Processed: 14012 Skipped: 3678
[2026-09-28 11:35:19.750] [info] Chunk 1/1 completed
[2026-09-28 11:35:19.750] [info] Writing out sa values at run heads
[2026-09-28 11:35:19.750] [info] Done
