[2026-09-28 11:35:20.355] [info] Current Configuration:
; PFP++

; Text file to parse.
text="/tmp/sxi-stream/battery-final/xsa-build-5jqfli75/collection.fifo"

; Output prefix.
out-prefix="/tmp/sxi-stream/battery-final/xsa-build-5jqfli75/parse"

; Sliding window size.
window-size=10

; Modulo used during parsing.
modulo=100

; Number of threads.
threads=2

; Temporary files directory.
tmp-dir="/tmp/sxi-stream/battery-final/xsa-build-5jqfli75"

; Also output compressed the dictionary.
compress-dictionary=false

; Use reference parse to avoid re-parsing.
use-vcf-acceleration=false

; Print out csv containing stats.
print-statistics=false

; Output count for each dictionary phrase.
output-occurrences=false

; Output sai array.
output-sai=false

; Output last array.
output-last=false

; Convert all non ACGT characters from a VCF or FASTA file to N.
acgt-only=false

; Verbose output.
verbose=false

; Version number.
version=false

[2026-09-28 11:35:20.402] [info] Parsing /tmp/sxi-stream/battery-final/xsa-build-5jqfli75/collection.fifo
[2026-09-28 11:35:20.405] [error] A sequence doesn't have w DOLLAR at the end!
[Disk Write (bytes): 0]
