   Compiling crossbeam-utils v0.8.23
   Compiling libc v0.2.189
   Compiling crossbeam-epoch v0.9.21
   Compiling crossbeam-deque v0.8.8
   Compiling cfg-if v1.0.5
   Compiling crc32fast v1.5.2
   Compiling rayon-core v1.13.0
   Compiling getrandom v0.4.3
   Compiling rustix v1.1.5
   Compiling zmij v1.0.23
   Compiling serde_core v1.0.229
   Compiling simd-adler32 v0.3.10
   Compiling linux-raw-sys v0.12.1
   Compiling adler2 v2.0.1
   Compiling bitflags v2.13.2
   Compiling serde_json v1.0.151
   Compiling memchr v2.8.3
   Compiling fastrand v2.5.0
   Compiling chunked_transfer v1.5.0
   Compiling httpdate v1.0.3
   Compiling log v0.4.34
   Compiling itoa v1.0.18
   Compiling either v1.18.0
   Compiling once_cell v1.21.4
   Compiling ascii v1.1.0
   Compiling miniz_oxide v0.9.1
   Compiling tiny_http v0.12.0
   Compiling flate2 v1.1.10
   Compiling memmap2 v0.9.11
   Compiling rayon v1.12.0
   Compiling tempfile v3.27.0
   Compiling xsa v0.1.0 (/tmp/sxgc-laneV/xsa)
warning: variable does not need to be mutable
   --> src/main.rs:584:9
    |
584 |     let mut next_rng = |mut x: u64| -> u64 {
    |         ----^^^^^^^^
    |         |
    |         help: remove this `mut`
    |
    = note: `#[warn(unused_mut)]` (part of `#[warn(unused)]`) on by default

warning: value assigned to `tanchor` is never read
   --> src/main.rs:636:31
    |
636 |             let mut tanchor = 0u64;
    |                               ^^^^ this value is reassigned later and never used
...
644 |                         tanchor = r;
    |                         ----------- `tanchor` is overwritten here before the previous value is read
    |
    = note: `#[warn(unused_assignments)]` (part of `#[warn(unused)]`) on by default

warning: value assigned to `tsample` is never read
   --> src/main.rs:637:31
    |
637 |             let mut tsample = 0u64;
    |                               ^^^^ this value is reassigned later and never used
...
645 |                         tsample = idx.sa.get(r);
    |                         ----------------------- `tsample` is overwritten here before the previous value is read

warning: variable does not need to be mutable
   --> src/main.rs:790:9
    |
790 |     let mut read_flat = |flatf: &mut File, pos: u64, want: usize| -> Vec<u8> {
    |         ----^^^^^^^^^
    |         |
    |         help: remove this `mut`

warning: field `bits` is never read
   --> src/main.rs:128:5
    |
127 | struct PackedSa {
    |        -------- field in this struct
128 |     bits: u64,          // total size IN BITS
    |     ^^^^
    |
    = note: `#[warn(dead_code)]` (part of `#[warn(unused)]`) on by default

warning: method `s_at` is never used
   --> src/main.rs:338:8
    |
202 | impl Ri4 {
    | -------- method in this implementation
...
338 |     fn s_at(&self, j: u64) -> u64 {
    |        ^^^^

warning: `xsa` (bin "xsa") generated 6 warnings (run `cargo fix --bin "xsa" -p xsa` to apply 2 suggestions)
    Finished `release` profile [optimized] target(s) in 5.09s
