[2026-09-28 11:34:31.319] [info] Current Configuration:
; PFP++

; Text file to parse.
text="/tmp/sxi-stream/yeast/xsa-build-2a91j_w3/collection.fifo"

; Output prefix.
out-prefix="/tmp/sxi-stream/yeast/xsa-build-2a91j_w3/parse"

; Sliding window size.
window-size=10

; Modulo used during parsing.
modulo=100

; Number of threads.
threads=8

; Temporary files directory.
tmp-dir="/tmp/sxi-stream/yeast/xsa-build-2a91j_w3"

; Also output compressed the dictionary.
compress-dictionary=false

; Use reference parse to avoid re-parsing.
use-vcf-acceleration=false

; Print out csv containing stats.
print-statistics=false

; Output count for each dictionary phrase.
output-occurrences=false

; Output sai array.
output-sai=false

; Output last array.
output-last=false

; Convert all non ACGT characters from a VCF or FASTA file to N.
acgt-only=false

; Verbose output.
verbose=false

; Version number.
version=false

[2026-09-28 11:34:31.366] [info] Parsing /tmp/sxi-stream/yeast/xsa-build-2a91j_w3/collection.fifo
[2026-09-28 11:36:29.316] [info] Main parser: Replacing hash values with ranks.
[2026-09-28 11:36:41.586] [info] Main parser: writing dictionary on disk NOT COMPRESSED
[2026-09-28 11:36:42.573] [info] No properties requested.
[2026-09-28 11:36:42.574] [info] Main parser: closed
[2026-09-28 11:36:42.924] [info] Parser Text -	Parse size: 34133784	Dic Size: 3159359 Dic Total Length: 510234940
[Disk Write (bytes): 922999708]
