[2026-09-28 11:36:43.813] [info] Current Configuration:
; PFP++

; Integers file to parse.
int32t="/tmp/sxi-stream/yeast/xsa-build-2a91j_w3/parse.parse"

; Sliding window size.
window-size=5

; Modulo used during parsing.
modulo=11

; Number of threads.
threads=8

; Temporary files directory.
tmp-dir="/tmp/sxi-stream/yeast/xsa-build-2a91j_w3"

; Also output compressed the dictionary.
compress-dictionary=false

; Use reference parse to avoid re-parsing.
use-vcf-acceleration=false

; Print out csv containing stats.
print-statistics=false

; Output count for each dictionary phrase.
output-occurrences=false

; Output sai array.
output-sai=false

; Output last array.
output-last=false

; Convert all non ACGT characters from a VCF or FASTA file to N.
acgt-only=false

; Verbose output.
verbose=false

; Version number.
version=false

[2026-09-28 11:36:43.813] [info] Parsing /tmp/sxi-stream/yeast/xsa-build-2a91j_w3/parse.parse
[2026-09-28 11:36:45.289] [info] Main parser: Replacing hash values with ranks.
[2026-09-28 11:36:46.884] [info] Main parser: writing dictionary on disk NOT COMPRESSED
[2026-09-28 11:36:47.213] [info] No properties requested.
[2026-09-28 11:36:47.213] [info] Main parser: closed
[2026-09-28 11:36:47.328] [info] Parser Integers -	Parse size: 3083086	Dic Size: 1317105 Dic Total Length: 97533768
[Disk Write (bytes): 139799224]
