[2026-09-28 12:02:29.034] [info] Current Configuration:
; PFP++

; Text file to parse.
text="/tmp/sxi-stream/yeast/xsa-build-gpvh5hug/collection.txt"

; Output prefix.
out-prefix="/tmp/sxi-stream/yeast/xsa-build-gpvh5hug/parse"

; Sliding window size.
window-size=10

; Modulo used during parsing.
modulo=100

; Number of threads.
threads=8

; Temporary files directory.
tmp-dir="/tmp/sxi-stream/yeast/xsa-build-gpvh5hug"

; Also output compressed the dictionary.
compress-dictionary=false

; Use reference parse to avoid re-parsing.
use-vcf-acceleration=false

; Print out csv containing stats.
print-statistics=false

; Output count for each dictionary phrase.
output-occurrences=false

; Output sai array.
output-sai=false

; Output last array.
output-last=false

; Convert all non ACGT characters from a VCF or FASTA file to N.
acgt-only=false

; Verbose output.
verbose=false

; Version number.
version=false

[2026-09-28 12:02:29.034] [info] Parsing /tmp/sxi-stream/yeast/xsa-build-gpvh5hug/collection.txt
[2026-09-28 12:03:23.633] [info] Main parser: Replacing hash values with ranks.
[2026-09-28 12:03:35.943] [info] Main parser: writing dictionary on disk NOT COMPRESSED
[2026-09-28 12:03:36.878] [info] No properties requested.
[2026-09-28 12:03:36.878] [info] Main parser: closed
[2026-09-28 12:03:37.221] [info] Parser Text -	Parse size: 34133784	Dic Size: 3159359 Dic Total Length: 510234940
[Disk Write (bytes): 922999708]
