[2026-09-29 14:46:13.751] [info] Current Configuration:
; PFP++

; Text file to parse.
text="/home/erikg/yeast/yeast235.agc"

; Read -t as AGC: archive order, uppercase reversed contigs, 0x1e separators.
agc=true

; Output prefix.
out-prefix="/home/erikg/worktrees/sxgc/pi-worktree-de16a986-97f3-45c4-a7ca-fe2df3a51aa3-s0-0/bit6/sxi_logs/parsed-space/yeast-parser-checked/parse"

; Sliding window size.
window-size=10

; Modulo used during parsing.
modulo=100

; Number of threads.
threads=1

; Temporary files directory.
tmp-dir="/mnt/nvme2n1/erikg/sxgc-parsed-space-de16a986-yeast-parser-checked"

; Also output compressed the dictionary.
compress-dictionary=false

; Use reference parse to avoid re-parsing.
use-vcf-acceleration=false

; Print out csv containing stats.
print-statistics=false

; Output count for each dictionary phrase.
output-occurrences=false

; Output sai array.
output-sai=false

; Output last array.
output-last=false

; Convert all non ACGT characters from a VCF or FASTA file to N.
acgt-only=false

; Verbose output.
verbose=false

; Version number.
version=false

[2026-09-29 14:46:15.081] [info] Parsing /home/erikg/yeast/yeast235.agc
[2026-09-29 14:50:29.895] [info] Main parser: Replacing hash values with ranks.
[2026-09-29 14:51:10.062] [info] EXTERNAL_PHRASES phrases=3159359 phrase_disk_bytes=510234940 metadata_disk_bytes=176924104 bucket_bytes=8388608 order_bytes=75824616 shards=16
[2026-09-29 14:54:13.145] [info] Main parser: writing dictionary on disk NOT COMPRESSED
[2026-09-29 14:54:22.780] [info] No properties requested.
[2026-09-29 14:54:22.780] [info] Main parser: closed
[2026-09-29 14:54:22.780] [info] Parser Text -	Parse size: 34133784	Dic Size: 3159359 Dic Total Length: 510234940
[Disk Write (bytes): 922999708]
