r0	0	2	2
r1	0	7	7
r2	10	13	13
r3	0	2	2
r4	3	8	8
r5	5	7	16
r5	9	16	16
r6	0	4	12
r6	6	12	12
r7	6	10	10
r8	0	5	7
r9	6	9	14
r10	5	15	15
r11	0	3	9
r11	6	9	9
r12	7	12	14
r13	0	4	15
r13	8	13	15
r14	0	5	7
r16	2	6	13
r16	8	10	13
r17	0	4	4
r18	6	10	10
r19	0	2	6
r20	0	3	9
r20	5	7	9
r21	0	3	11
r21	5	8	11
r23	0	5	13
r24	0	4	4
r25	12	17	17
r27	0	7	15
r27	10	12	15
r29	0	3	12
r29	5	9	12
r30	5	13	13
r31	0	3	8
r31	6	8	8
r32	4	6	11
r32	8	11	11
r34	0	2	10
r34	4	10	10
r36	0	6	10
r37	0	2	11
r37	4	11	11
r39	6	8	8
r40	3	6	8
r41	2	4	4
r43	0	2	14
r43	5	7	14
r44	0	5	16
r44	8	10	16
r45	0	6	16
r45	10	12	16
r46	0	5	14
r46	8	10	14
r47	0	4	4
r48	0	6	16
r48	14	16	16
r49	0	3	9
