0	0	1	11	1:+:16	2:+:12	1:+:8	1:+:17	2:+:13	2:+:4	1:+:9	1:-:20	1:-:18	1:-:15	1:-:14
0	0	2	9	2:+:8	2:+:6	1:+:0	0:-:3	1:-:11	1:-:6	1:-:4	1:-:2	0:-:0
0	1	2	8	0:+:5	2:+:10	2:+:11	2:-:3	2:-:2	0:-:2	2:-:1	2:-:0
0	1	3	2	1:+:19	2:-:4
0	1	4	1	2:-:12
0	1	5	1	1:-:7
0	1	6	1	1:+:13
0	2	3	14	0:+:4	1:+:18	1:+:12	1:+:15	1:+:7	1:+:5	1:+:3	0:+:1	2:-:8	2:-:6	1:-:0	1:-:16	2:-:12	1:-:8
0	2	7	1	1:-:13
0	3	4	15	1:+:20	0:+:4	1:+:18	1:+:12	1:+:14	1:+:5	1:+:3	0:+:1	2:-:8	2:-:6	1:-:0	1:-:17	2:-:13	2:-:4	1:-:9
0	3	7	1	1:+:7
0	4	5	15	2:+:8	2:+:6	1:+:0	1:+:17	2:+:13	2:+:4	1:+:9	1:-:20	0:-:4	1:-:18	1:-:12	1:-:14	1:-:5	1:-:3	0:-:1
0	4	7	1	2:+:12
0	5	6	14	2:+:8	2:+:6	1:+:0	1:+:16	2:+:12	1:+:8	0:-:4	1:-:18	1:-:12	1:-:15	1:-:7	1:-:5	1:-:3	0:-:1
0	5	7	2	2:+:4	1:-:19
0	6	7	8	2:+:3	2:+:2	0:+:2	2:+:1	2:+:0	0:-:5	2:-:10	2:-:11
0	6	8	9	0:+:3	1:+:11	1:+:6	1:+:4	1:+:2	0:+:0	2:-:8	2:-:6	1:-:0
0	7	8	7	1:+:20	1:+:18	1:+:15	1:-:16	2:-:12	1:-:8	2:-:4
0	7	9	4	1:+:14	1:-:16	2:-:12	1:-:8
0	8	9	11	1:+:20	1:+:7	1:+:14	1:+:5	1:+:3	0:+:1	2:-:8	1:-:0	1:-:17	2:-:13	1:-:9
0	8	10	5	0:+:4	1:+:18	1:+:12	2:-:5	2:-:3
0	9	10	12	2:+:9	2:+:10	1:+:1	2:-:14	0:-:3	1:-:11	1:-:2	0:-:0	2:-:2	1:-:10	2:-:1	2:-:0
0	9	11	5	2:+:7	2:+:11	1:-:5	1:-:3	0:-:1
0	10	11	13	2:+:6	1:+:0	1:+:16	1:+:8	2:+:13	2:+:4	1:+:9	1:-:20	0:-:4	1:-:12	1:-:15	1:-:7	1:-:14
0	10	12	2	1:+:17	1:-:17
0	11	12	14	1:+:20	0:+:4	1:+:12	1:+:14	1:+:5	1:+:3	0:+:1	2:-:8	2:-:6	1:-:0	2:-:12	2:-:13	2:-:4	1:-:9
0	11	13	3	1:+:15	1:+:7	1:-:15
0	11	15	1	1:-:5
0	12	13	8	2:+:12	1:+:17	2:+:13	2:+:4	1:+:9	1:-:20	1:-:18	1:-:14
0	12	14	6	2:+:8	1:+:0	0:-:3	1:-:11	1:-:2	0:-:0
0	12	15	2	2:+:6	1:-:3
0	13	14	11	0:+:5	2:+:10	1:+:19	1:+:13	2:-:14	2:-:5	2:-:3	2:-:2	1:-:10	2:-:1	2:-:0
0	13	15	2	2:+:11	0:-:1
0	14	15	15	2:+:6	1:+:0	1:+:16	1:+:8	1:+:17	2:+:13	2:+:4	1:+:9	1:-:20	0:-:4	1:-:18	1:-:12	1:-:15	1:-:7	1:-:14
1	0	1	13	2:+:14	2:+:5	2:+:3	2:+:2	0:+:2	1:+:10	2:+:1	2:+:0	0:-:5	2:-:10	2:-:11	1:-:19	1:-:13
1	0	2	5	0:+:3	1:+:11	1:+:6	2:-:6	1:-:0
1	0	3	4	1:+:4	1:+:2	0:+:0	2:-:7
1	1	2	10	1:+:20	1:+:18	1:+:15	1:+:14	1:-:16	1:-:8	1:-:17	2:-:13	2:-:4	1:-:9
1	1	3	1	2:-:11
1	2	3	17	2:+:14	2:+:5	2:+:3	0:+:3	1:+:11	1:+:2	0:+:0	2:+:2	1:+:10	2:+:1	2:+:0	0:-:5	2:-:9	2:-:10	1:-:19	1:-:13	1:-:1
1	3	4	20	0:+:5	2:+:9	2:+:10	2:+:7	2:+:11	1:+:19	1:+:13	2:-:14	2:-:5	2:-:3	0:-:3	1:-:11	1:-:6	1:-:4	0:-:0	2:-:2	0:-:2	1:-:10	2:-:1	2:-:0
1	3	5	2	1:+:1	1:-:1
1	4	5	13	2:+:14	2:+:5	2:+:3	0:+:3	1:+:11	1:+:6	1:+:4	0:+:0	0:-:5	2:-:9	2:-:7	1:-:19	1:-:13
1	4	6	6	0:+:2	1:+:10	2:+:1	2:+:0	2:-:9	2:-:10
1	4	7	1	2:+:2
1	5	6	11	2:+:14	1:+:6	1:+:4	1:+:2	0:+:0	0:+:2	1:+:10	2:+:0	2:-:7	2:-:11	1:-:1
1	5	7	3	2:+:5	0:-:4	1:-:12
1	5	9	1	1:-:16
1	6	7	14	2:+:8	1:+:0	1:+:16	2:+:12	1:+:8	2:+:13	1:+:9	1:-:20	1:-:15	1:-:7	1:-:14	1:-:5	1:-:3	0:-:1
1	6	8	1	1:+:17
1	7	8	15	1:+:20	0:+:4	1:+:12	1:+:15	1:+:7	1:+:5	1:+:3	0:+:1	2:-:8	2:-:6	1:-:0	1:-:16	2:-:12	1:-:8	2:-:4
1	7	9	3	1:+:14	2:-:12	1:-:8
1	8	9	11	1:+:20	1:+:7	1:+:14	1:+:5	1:+:3	0:+:1	2:-:8	1:-:0	1:-:17	2:-:13	1:-:9
1	8	10	5	0:+:4	1:+:18	1:+:12	2:-:5	2:-:3
1	9	10	12	2:+:9	2:+:10	1:+:1	2:-:14	0:-:3	1:-:11	1:-:2	0:-:0	2:-:2	1:-:10	2:-:1	2:-:0
1	9	11	4	2:+:7	1:-:5	1:-:3	0:-:1
1	9	12	1	2:+:11
1	10	11	12	2:+:6	1:+:0	1:+:17	2:+:13	2:+:4	1:+:9	1:-:20	0:-:4	1:-:18	1:-:12	1:-:7	1:-:14
1	10	12	3	1:+:16	1:+:8	1:-:14
1	11	12	12	2:+:8	2:+:6	1:+:0	2:+:4	1:-:20	0:-:4	1:-:18	1:-:12	1:-:7	1:-:5	1:-:3	0:-:1
1	11	13	1	1:+:16
1	11	14	3	2:+:12	1:+:8	1:-:13
1	12	13	14	2:+:8	2:+:6	1:+:0	1:+:16	2:+:12	1:+:8	0:-:4	1:-:18	1:-:12	1:-:15	1:-:7	1:-:5	1:-:3	0:-:1
1	12	14	2	2:+:4	1:-:19
1	13	14	17	2:+:3	0:+:3	1:+:11	1:+:6	1:+:4	1:+:2	0:+:0	2:+:2	0:+:2	2:+:1	2:+:0	0:-:5	2:-:9	2:-:10	2:-:7	2:-:11	1:-:1
1	14	15	22	0:+:5	2:+:9	2:+:10	2:+:7	2:+:11	1:+:19	1:+:13	1:+:1	2:-:14	2:-:5	2:-:3	0:-:3	1:-:11	1:-:6	1:-:4	1:-:2	0:-:0	2:-:2	0:-:2	1:-:10	2:-:1	2:-:0
2	0	1	15	1:+:20	0:+:4	1:+:18	1:+:12	1:+:15	1:+:7	1:+:14	2:-:6	1:-:0	1:-:16	1:-:8	1:-:17	2:-:13	2:-:4	1:-:9
2	0	2	2	0:+:1	2:-:11
2	0	3	2	1:+:3	2:-:6
2	0	4	1	1:+:5
2	1	2	11	2:+:14	2:+:5	2:+:3	2:+:2	1:+:10	2:+:1	2:+:0	0:-:5	2:-:10	1:-:19	1:-:13
2	1	3	6	0:+:3	1:+:11	1:+:2	0:+:0	2:-:8	1:-:0
2	2	3	8	1:+:20	1:+:18	1:+:14	2:-:12	1:-:17	2:-:13	2:-:4	1:-:9
2	2	4	3	1:+:15	1:-:15	1:-:7
2	3	4	11	2:+:8	2:+:6	1:+:0	2:+:12	1:+:17	0:-:4	1:-:18	1:-:12	1:-:5	1:-:3	0:-:1
2	3	5	5	2:+:13	2:+:4	1:+:9	1:-:19	1:-:13
2	4	5	8	2:+:3	2:+:2	0:+:2	2:+:1	2:+:0	0:-:5	2:-:10	2:-:11
2	4	6	6	1:+:6	1:+:4	1:+:2	0:+:0	2:-:8	1:-:0
2	4	7	3	0:+:3	1:+:11	2:-:5
2	5	6	9	1:+:20	1:+:15	1:+:14	1:-:16	2:-:12	1:-:8	1:-:17	2:-:13	1:-:9
2	5	7	1	1:+:18
2	5	8	1	2:-:2
2	6	7	11	2:+:7	2:+:11	1:+:1	2:-:14	1:-:6	1:-:4	1:-:2	0:-:0	0:-:2	1:-:10	2:-:0
2	6	8	4	2:+:9	1:-:10	2:-:1	2:-:0
2	6	9	2	2:+:10	0:-:1
2	7	8	12	0:+:5	2:+:9	1:+:19	1:+:13	1:+:1	2:-:14	2:-:5	2:-:3	0:-:3	1:-:11	1:-:2	0:-:0
2	7	9	3	2:+:7	1:-:5	1:-:3
2	8	9	13	2:+:6	1:+:0	1:+:16	1:+:8	2:+:13	2:+:4	1:+:9	1:-:20	0:-:4	1:-:12	1:-:15	1:-:7	1:-:14
2	8	10	1	1:+:17
2	8	11	1	1:-:16
2	9	10	15	1:+:20	0:+:4	1:+:12	1:+:15	1:+:7	1:+:5	1:+:3	0:+:1	2:-:8	2:-:6	1:-:0	1:-:16	2:-:12	1:-:8	2:-:4
2	9	11	3	1:+:14	2:-:12	1:-:8
2	10	11	11	1:+:20	1:+:7	1:+:14	1:+:5	1:+:3	0:+:1	2:-:8	1:-:0	1:-:17	2:-:13	1:-:9
2	10	12	5	0:+:4	1:+:18	1:+:12	2:-:5	2:-:3
2	11	12	12	2:+:9	2:+:10	1:+:1	2:-:14	0:-:3	1:-:11	1:-:2	0:-:0	2:-:2	1:-:10	2:-:1	2:-:0
2	11	13	4	2:+:7	1:-:5	1:-:3	0:-:1
2	11	14	1	2:+:11
2	12	13	12	2:+:6	1:+:0	1:+:17	2:+:13	2:+:4	1:+:9	1:-:20	0:-:4	1:-:18	1:-:12	1:-:7	1:-:14
2	12	14	2	1:+:8	1:-:14
2	12	15	1	1:+:16
2	13	14	15	2:+:8	2:+:6	1:+:0	1:+:16	2:+:12	1:+:8	2:+:4	1:-:20	0:-:4	1:-:12	1:-:15	1:-:7	1:-:5	1:-:3	0:-:1
2	13	15	1	1:-:17
2	14	15	18	1:+:20	0:+:4	1:+:12	1:+:15	1:+:7	1:+:14	1:+:5	1:+:3	0:+:1	2:-:8	2:-:6	1:-:0	1:-:16	2:-:12	1:-:8	2:-:13	2:-:4	1:-:9
3	0	1	18	2:+:8	2:+:6	1:+:0	1:+:16	2:+:12	1:+:8	2:+:13	2:+:4	1:+:9	1:-:20	0:-:4	1:-:12	1:-:15	1:-:7	1:-:14	1:-:5	1:-:3	0:-:1
3	0	2	2	1:+:17	1:-:17
3	1	2	14	1:+:20	0:+:4	1:+:12	1:+:14	1:+:5	1:+:3	0:+:1	2:-:8	2:-:6	1:-:0	2:-:12	2:-:13	2:-:4	1:-:9
3	1	3	1	1:-:7
3	1	4	1	1:+:15
3	1	5	1	1:+:7
3	1	6	1	1:-:12
3	2	3	15	2:+:8	2:+:6	1:+:0	1:+:17	2:+:13	2:+:4	1:+:9	1:-:20	0:-:4	1:-:18	1:-:12	1:-:14	1:-:5	1:-:3	0:-:1
3	2	5	1	2:+:12
3	3	4	14	2:+:8	2:+:6	1:+:0	1:+:16	2:+:12	1:+:8	0:-:4	1:-:18	1:-:12	1:-:15	1:-:7	1:-:5	1:-:3	0:-:1
3	3	6	2	2:+:4	1:-:18
3	4	5	15	0:+:3	1:+:11	1:+:6	1:+:4	1:+:2	0:+:0	2:+:2	0:+:2	2:+:1	2:+:0	2:-:9	2:-:10	2:-:7	2:-:11	1:-:1
3	4	6	1	0:-:4
3	4	7	1	2:+:3
3	5	6	11	2:+:8	1:+:0	1:+:16	2:+:12	1:+:8	1:+:17	1:-:15	1:-:7	1:-:5	1:-:3	0:-:1
3	5	7	3	2:+:13	1:-:19	1:-:13
3	5	8	1	1:+:9
3	6	7	11	2:+:3	0:+:3	1:+:11	1:+:6	1:+:4	1:+:2	0:+:0	0:-:5	2:-:9	2:-:7	1:-:1
3	6	8	6	2:+:2	0:+:2	2:+:1	2:+:0	2:-:9	2:-:10
3	7	8	15	2:+:14	2:+:5	1:+:6	1:+:4	1:+:2	0:+:0	0:+:2	1:+:10	2:+:0	0:-:5	2:-:7	2:-:11	1:-:19	1:-:13	1:-:1
3	8	9	20	0:+:5	2:+:9	2:+:10	2:+:7	2:+:11	1:+:19	1:+:13	2:-:14	2:-:5	2:-:3	0:-:3	1:-:11	1:-:6	1:-:4	0:-:0	2:-:2	0:-:2	1:-:10	2:-:1	2:-:0
3	8	10	2	1:+:1	1:-:1
3	9	10	15	2:+:14	0:+:3	1:+:11	1:+:6	1:+:4	0:+:0	2:+:2	0:+:2	1:+:10	2:+:1	2:+:0	2:-:9	2:-:10	2:-:7	2:-:11
3	9	11	4	2:+:5	2:+:3	0:-:4	1:-:12
3	9	15	1	1:-:14
3	10	11	14	2:+:8	1:+:0	1:+:16	2:+:12	1:+:8	2:+:13	1:+:9	1:-:20	1:-:15	1:-:7	1:-:14	1:-:5	1:-:3	0:-:1
3	10	12	1	1:+:17
3	11	12	15	1:+:20	0:+:4	1:+:12	1:+:15	1:+:7	1:+:5	1:+:3	0:+:1	2:-:8	2:-:6	1:-:0	1:-:16	2:-:12	1:-:8	2:-:4
3	11	13	1	2:-:12
3	11	14	1	1:-:7
3	11	15	1	1:+:14
3	12	13	15	1:+:20	0:+:4	1:+:18	1:+:12	1:+:14	1:+:5	1:+:3	0:+:1	2:-:8	2:-:6	1:-:0	1:-:17	2:-:13	2:-:4	1:-:9
3	12	15	1	1:+:7
3	13	14	15	2:+:8	2:+:6	1:+:0	1:+:17	2:+:13	2:+:4	1:+:9	1:-:20	0:-:4	1:-:18	1:-:12	1:-:14	1:-:5	1:-:3	0:-:1
3	13	15	1	2:+:12
3	14	15	16	2:+:8	2:+:6	1:+:0	1:+:16	2:+:12	1:+:8	2:+:4	1:-:20	0:-:4	1:-:18	1:-:12	1:-:15	1:-:7	1:-:5	1:-:3	0:-:1
4	0	1	15	0:+:5	2:+:7	2:+:11	1:+:19	1:+:13	1:+:1	2:-:14	2:-:5	1:-:6	1:-:4	1:-:2	0:-:0	0:-:2	1:-:10	2:-:0
4	0	2	4	2:+:10	0:-:2	1:-:10	2:-:0
4	0	3	3	2:+:9	2:-:1	2:-:0
4	1	2	11	0:+:5	2:+:7	1:+:19	1:+:13	1:+:1	2:-:14	2:-:5	1:-:6	1:-:4	1:-:2	0:-:0
4	1	3	3	2:+:9	2:-:2	0:-:2
4	1	5	1	1:-:8
4	2	3	11	0:+:5	2:+:9	2:+:7	1:+:1	2:-:3	0:-:3	1:-:11	1:-:6	1:-:4	1:-:2	0:-:0
4	2	4	2	1:+:19	2:-:4
4	2	5	2	1:+:13	2:-:12
4	3	4	14	0:+:4	1:+:18	1:+:12	1:+:15	1:+:7	1:+:5	1:+:3	0:+:1	2:-:8	2:-:6	1:-:0	1:-:16	2:-:12	1:-:8
4	3	5	1	1:-:16
4	4	5	12	1:+:20	0:+:4	1:+:18	1:+:12	1:+:7	1:+:5	1:+:3	0:+:1	2:-:8	2:-:6	1:-:0	2:-:4
4	4	6	3	1:+:14	1:-:16	1:-:8
4	4	8	1	2:-:10
4	5	6	12	1:+:20	0:+:4	1:+:18	1:+:12	1:+:7	1:+:14	2:-:6	1:-:0	1:-:17	2:-:13	2:-:4	1:-:9
4	5	7	3	1:+:5	1:+:3	2:-:7
4	5	9	1	0:+:1
4	6	7	12	2:+:14	2:+:5	2:+:3	0:+:3	1:+:11	1:+:2	0:+:0	0:-:5	2:-:9	1:-:19	1:-:13	1:-:1
4	6	8	3	2:+:2	2:+:1	2:+:0
4	6	9	1	1:+:10
4	6	10	1	2:-:7
4	7	8	9	2:+:14	2:+:5	0:+:2	1:+:10	2:+:0	0:-:5	2:-:11	1:-:19	1:-:13
4	7	9	3	1:+:6	2:-:6	1:-:0
4	7	10	3	1:+:4	1:+:2	0:+:0
4	8	9	10	1:+:20	1:+:18	1:+:15	1:+:14	1:-:16	1:-:8	1:-:17	2:-:13	2:-:4	1:-:9
4	8	10	1	2:-:11
4	9	10	12	2:+:14	0:+:3	1:+:11	1:+:2	0:+:0	2:+:2	1:+:10	2:+:1	2:+:0	2:-:9	2:-:10	1:-:1
4	9	11	4	2:+:5	0:-:4	1:-:18	1:-:12
4	9	15	1	2:+:3
4	10	11	11	2:+:8	1:+:0	1:+:16	2:+:12	1:+:8	1:+:17	1:-:15	1:-:7	1:-:5	1:-:3	0:-:1
4	10	12	2	2:+:13	1:+:9
4	10	13	1	1:-:18
4	10	14	1	1:-:11
4	11	12	15	0:+:3	1:+:11	1:+:6	1:+:4	1:+:2	0:+:0	2:+:2	0:+:2	2:+:1	2:+:0	2:-:9	2:-:10	2:-:7	2:-:11	1:-:1
4	11	13	1	2:+:3
4	11	14	1	0:-:3
4	12	13	9	1:+:16	2:+:12	1:+:8	1:+:17	2:+:13	1:+:9	1:-:20	1:-:15	1:-:14
4	12	14	4	2:+:8	1:+:0	1:-:2	0:-:0
4	12	15	2	1:-:5	1:-:3
4	13	14	11	0:+:5	2:+:10	1:+:19	1:+:13	2:-:14	2:-:5	2:-:3	2:-:2	1:-:10	2:-:1	2:-:0
4	13	15	2	2:+:11	0:-:1
4	14	15	15	2:+:6	1:+:0	1:+:16	1:+:8	1:+:17	2:+:13	2:+:4	1:+:9	1:-:20	0:-:4	1:-:18	1:-:12	1:-:15	1:-:7	1:-:14
