0	0	1	12	0:+:19	1:+:0	2:+:5	0:+:18	0:+:15	1:+:2	2:+:7	1:-:10	1:-:3	2:-:8	1:-:9	0:-:5
0	0	2	8	0:+:16	2:+:2	2:-:9	0:-:0	1:-:5	0:-:3	0:-:8	1:-:16
0	0	3	2	1:+:13	1:-:19
0	0	4	1	0:+:11
0	1	2	16	2:+:4	0:+:14	0:+:10	2:+:1	1:+:8	1:+:18	2:-:11	1:-:22	1:-:11	1:-:4	0:-:2	1:-:1	2:-:6	1:-:12	2:-:0	1:-:7
0	1	3	5	0:+:6	1:+:19	0:-:6	1:-:14	0:-:12
0	2	3	19	2:+:11	1:+:22	1:+:11	1:+:4	0:+:2	1:+:1	2:+:6	1:+:12	2:+:9	0:+:0	1:+:5	0:+:3	0:+:8	1:+:16	2:-:4	0:-:17	0:-:10	1:-:18	2:-:3
0	2	4	4	2:+:0	0:-:13	2:-:0	1:-:7
0	2	5	1	1:+:7
0	3	4	24	0:+:6	1:+:14	1:+:19	0:+:12	2:+:4	0:+:17	0:+:10	1:+:18	2:+:3	2:-:11	1:-:22	1:-:11	1:-:4	0:-:2	0:-:7	1:-:15	1:-:12	2:-:9	1:-:20	0:-:0	1:-:5	0:-:3	0:-:8	1:-:16
0	3	5	2	1:-:0	2:-:5
0	4	5	20	2:+:10	1:+:21	1:+:10	1:+:3	0:+:1	2:+:8	1:+:6	0:+:4	0:+:5	0:+:9	1:+:17	0:-:19	0:-:18	0:-:15	1:-:2	2:-:7	1:-:13	0:-:11	0:-:16	2:-:2
0	5	6	12	0:+:19	1:+:0	2:+:5	0:+:18	0:+:15	1:+:2	2:+:7	1:-:10	1:-:3	2:-:8	1:-:9	0:-:5
0	5	7	6	1:+:13	0:+:11	0:+:16	2:-:9	1:-:20	0:-:0
0	5	8	5	2:+:2	1:-:4	0:-:2	0:-:7	1:-:15
0	6	7	19	0:+:6	1:+:19	2:+:4	0:+:14	0:+:10	2:+:1	1:+:8	2:-:11	1:-:22	1:-:11	1:-:4	0:-:2	0:-:7	1:-:15	1:-:1	2:-:6	0:-:13	2:-:0	1:-:7
0	6	8	2	1:+:18	1:-:11
0	7	8	18	0:+:6	1:+:14	0:+:12	0:+:17	0:+:14	0:+:10	2:+:1	1:+:8	2:-:11	1:-:22	1:-:1	2:-:6	2:-:9	1:-:20	0:-:0	0:-:13	2:-:0	1:-:7
0	7	9	3	1:+:18	0:-:7	1:-:15
0	7	10	3	2:+:3	1:-:10	1:-:3
0	7	11	1	0:-:0
0	8	9	17	0:+:6	1:+:14	0:+:12	1:+:8	1:+:18	2:+:3	1:-:1	2:-:6	1:-:12	1:-:20	0:-:0	1:-:5	0:-:3	0:-:8	1:-:16	0:-:13	2:-:0
0	8	10	3	0:+:17	0:+:14	2:-:8
0	8	11	5	0:+:10	2:+:1	2:-:9	1:-:20	1:-:5
0	9	10	6	0:+:19	1:+:0	1:+:2	2:+:7	1:-:9	0:-:5
0	9	11	5	1:+:13	0:+:16	0:-:3	0:-:8	1:-:16
0	10	11	18	0:+:6	1:+:19	2:+:4	0:+:14	0:+:10	2:+:1	1:+:18	2:-:11	1:-:22	1:-:11	1:-:4	0:-:2	0:-:7	1:-:15	1:-:12	0:-:13	2:-:0	1:-:7
0	10	12	2	1:-:0	2:-:5
0	10	14	1	1:+:8
0	11	12	17	2:+:10	1:+:21	1:+:10	1:+:3	0:+:1	2:+:8	1:+:6	0:+:5	0:+:9	1:+:17	0:-:18	0:-:15	1:-:2	2:-:7	1:-:13	0:-:11	2:-:2
0	11	13	1	0:+:4
0	11	14	1	0:-:14
0	11	15	1	0:-:16
0	12	13	10	1:+:9	0:+:4	0:+:9	1:+:17	0:-:19	1:-:0	1:-:2	2:-:7	1:-:13	0:-:16
0	12	14	8	2:+:10	1:+:21	1:+:3	0:+:1	1:+:6	2:-:4	0:-:10	2:-:1
0	12	15	1	2:+:8
0	13	14	11	0:+:7	1:+:15	1:+:1	2:+:6	1:+:12	0:+:13	2:+:0	0:-:6	1:-:19	1:-:8	1:-:18
0	13	15	9	1:+:20	0:+:0	1:+:5	0:+:3	0:+:8	1:+:16	1:-:13	0:-:11	2:-:2
0	14	15	12	1:+:10	1:+:3	2:+:8	1:+:9	0:+:5	0:-:19	1:-:0	2:-:5	0:-:18	0:-:15	1:-:2	2:-:7
1	0	1	20	0:+:19	0:+:18	0:+:15	1:+:2	2:+:7	1:+:13	0:+:11	0:+:16	2:+:2	2:-:10	1:-:21	1:-:10	1:-:3	0:-:1	2:-:8	1:-:6	0:-:4	0:-:5	0:-:9	1:-:17
1	0	2	1	1:-:8
1	0	3	2	1:+:0	2:+:5
1	1	2	25	2:+:11	1:+:22	1:+:11	1:+:4	0:+:2	0:+:7	1:+:15	2:+:9	1:+:20	0:+:0	1:+:5	0:+:3	0:+:8	1:+:16	0:+:13	2:+:0	1:+:7	1:-:14	1:-:19	0:-:12	2:-:4	0:-:17	0:-:14	2:-:1	2:-:3
1	1	3	3	1:+:12	0:-:9	1:-:17
1	1	4	1	0:-:4
1	2	3	14	0:+:19	1:+:0	2:+:5	0:+:11	0:+:16	2:+:2	2:-:10	1:-:21	1:-:3	0:-:1	2:-:8	1:-:6	1:-:9	0:-:4
1	2	4	2	0:+:18	0:+:15
1	2	5	1	1:-:8
1	3	4	17	0:+:18	0:+:15	1:+:2	2:+:7	1:+:13	0:+:11	2:+:2	2:-:10	1:-:21	1:-:10	1:-:3	0:-:1	2:-:8	1:-:6	0:-:5	0:-:9	1:-:17
1	3	5	2	1:+:0	2:+:5
1	4	5	22	2:+:11	1:+:22	1:+:12	2:+:9	1:+:20	0:+:0	1:+:5	0:+:3	0:+:8	1:+:16	0:+:13	2:+:0	1:+:7	0:-:6	1:-:14	0:-:12	0:-:17	0:-:14	0:-:10	2:-:1	1:-:18	2:-:3
1	4	6	7	1:+:11	1:+:4	0:+:2	0:+:7	1:+:15	1:-:18	2:-:3
1	5	6	18	2:+:11	1:+:22	1:+:1	2:+:6	2:+:9	1:+:20	0:+:0	0:+:13	2:+:0	1:+:7	0:-:6	1:-:14	0:-:12	0:-:17	0:-:14	0:-:10	2:-:1	1:-:8
1	5	7	7	1:+:11	1:+:4	0:+:2	0:+:7	1:+:15	1:-:18	2:-:3
1	6	7	19	2:+:11	1:+:22	1:+:11	1:+:4	0:+:2	0:+:7	1:+:15	1:+:1	2:+:6	2:+:9	1:+:20	0:+:0	0:-:6	1:-:14	1:-:19	0:-:12	2:-:4	0:-:17	0:-:10
1	6	8	6	0:+:13	2:+:0	1:+:7	0:-:13	2:-:0	1:-:7
1	7	8	19	0:+:6	1:+:14	1:+:19	0:+:12	2:+:4	0:+:17	0:+:10	2:-:11	1:-:22	1:-:11	1:-:4	0:-:2	0:-:7	1:-:15	1:-:1	2:-:6	2:-:9	1:-:20	0:-:0
1	7	9	7	1:+:18	2:+:3	1:-:11	1:-:4	0:-:2	0:-:7	1:-:15
1	8	9	22	0:+:6	1:+:14	0:+:12	0:+:17	0:+:14	0:+:10	2:+:1	1:+:18	2:+:3	2:-:11	1:-:22	1:-:12	2:-:9	1:-:20	0:-:0	1:-:5	0:-:3	0:-:8	1:-:16	0:-:13	2:-:0	1:-:7
1	8	10	2	1:+:8	1:-:0
1	8	11	1	2:-:4
1	9	10	9	0:+:4	0:+:5	0:+:9	1:+:17	0:-:19	1:-:2	2:-:7	1:-:13	0:-:16
1	9	11	9	2:+:10	1:+:21	1:+:10	1:+:3	0:+:1	1:+:6	0:-:14	0:-:10	2:-:1
1	9	12	1	0:-:16
1	9	13	1	2:+:8
1	10	11	11	0:+:7	1:+:15	1:+:1	2:+:6	1:+:12	0:+:13	2:+:0	0:-:6	1:-:19	1:-:8	1:-:18
1	10	12	4	0:+:3	0:+:8	1:+:16	1:-:13
1	10	13	3	1:+:20	0:+:0	0:-:10
1	10	14	2	1:+:5	2:-:0
1	11	12	6	1:+:9	0:+:5	0:-:19	1:-:0	1:-:2	2:-:7
1	11	13	5	1:+:10	1:+:3	2:+:8	2:-:4	0:-:17
1	11	14	1	0:-:13
1	12	13	17	0:+:7	1:+:15	1:+:1	2:+:6	1:+:12	1:+:20	0:+:0	1:+:5	0:+:3	0:+:8	1:+:16	0:-:6	1:-:14	1:-:19	0:-:12	1:-:18	2:-:3
1	12	15	3	0:+:13	2:+:0	1:-:6
1	13	14	17	0:+:6	1:+:14	1:+:19	0:+:12	1:+:18	2:+:3	0:-:7	1:-:15	1:-:1	2:-:6	1:-:12	1:-:20	0:-:0	1:-:5	0:-:3	0:-:8	1:-:16
1	13	15	9	2:+:4	0:+:17	0:+:10	2:-:10	1:-:21	1:-:10	1:-:3	0:-:1	2:-:8
1	14	15	11	0:+:19	1:+:0	1:+:2	2:+:7	1:+:13	0:+:16	1:-:9	0:-:4	0:-:5	0:-:9	1:-:17
2	0	1	11	1:+:9	0:+:4	0:+:5	0:+:9	1:+:17	0:-:19	1:-:0	1:-:2	2:-:7	1:-:13	0:-:16
2	0	2	9	2:+:10	1:+:21	1:+:10	1:+:3	0:+:1	2:+:8	2:-:4	0:-:17	0:-:10
2	0	3	3	1:+:6	0:-:13	2:-:0
2	1	2	17	0:+:7	1:+:15	1:+:1	2:+:6	1:+:12	1:+:20	0:+:0	1:+:5	0:+:3	0:+:8	1:+:16	0:-:6	1:-:14	1:-:19	0:-:12	1:-:18	2:-:3
2	1	3	3	0:+:13	2:+:0	1:-:7
2	2	3	19	0:+:6	1:+:14	1:+:19	0:+:12	2:+:4	0:+:17	0:+:10	2:-:11	1:-:22	1:-:11	1:-:4	0:-:2	0:-:7	1:-:15	1:-:1	2:-:6	2:-:9	1:-:20	0:-:0
2	2	4	4	2:+:3	1:-:11	1:-:4	0:-:2
2	2	5	3	1:+:18	0:-:6	1:-:14
2	3	4	20	0:+:17	0:+:14	0:+:10	2:+:1	1:+:8	1:+:18	2:+:3	2:-:11	1:-:22	1:-:1	2:-:6	1:-:12	2:-:9	0:-:0	1:-:5	0:-:3	0:-:8	1:-:16	2:-:0	1:-:7
2	3	5	4	0:+:6	1:+:14	1:-:19	0:-:12
2	3	6	1	0:+:12
2	4	5	19	2:+:11	1:+:22	1:+:11	1:+:4	0:+:2	1:+:1	2:+:6	1:+:12	2:+:9	0:+:0	1:+:5	0:+:3	0:+:8	1:+:16	2:-:4	0:-:17	0:-:10	1:-:18	2:-:3
2	4	6	4	2:+:0	1:+:7	2:-:0	1:-:7
2	4	8	1	0:-:11
2	5	6	19	2:+:4	0:+:17	0:+:10	1:+:18	2:+:3	2:-:11	1:-:22	1:-:11	1:-:4	0:-:2	1:-:1	2:-:6	1:-:12	2:-:9	0:-:0	1:-:5	0:-:3	0:-:8	1:-:16
2	5	7	5	0:+:6	1:+:14	0:+:12	0:-:6	1:-:19
2	5	8	1	1:+:19
2	5	9	1	1:-:12
2	6	7	16	2:+:11	1:+:22	1:+:11	1:+:4	0:+:2	1:+:1	2:+:6	1:+:12	2:+:0	1:+:7	2:-:4	0:-:14	0:-:10	2:-:1	1:-:8	1:-:18
2	6	8	6	2:+:9	0:+:0	1:+:5	0:+:3	0:-:16	2:-:2
2	6	9	2	0:+:8	1:+:16
2	7	8	9	1:+:10	1:+:3	2:+:8	1:+:9	0:-:19	1:-:0	2:-:5	0:-:18	0:-:15
2	7	9	1	0:+:5
2	7	10	2	1:-:0	2:-:5
2	8	9	25	1:+:14	1:+:19	0:+:12	2:+:4	0:+:17	0:+:14	2:+:1	2:+:3	2:-:11	1:-:22	1:-:11	1:-:4	0:-:2	0:-:7	1:-:15	2:-:9	1:-:20	0:-:0	1:-:5	0:-:3	0:-:8	1:-:16	0:-:13	2:-:0	1:-:7
2	8	14	1	1:+:8
2	9	10	17	2:+:10	1:+:21	1:+:10	1:+:3	0:+:1	2:+:8	1:+:6	0:+:5	0:+:9	1:+:17	0:-:18	0:-:15	1:-:2	2:-:7	1:-:13	0:-:11	2:-:2
2	9	11	1	0:+:4
2	9	12	2	0:-:17	0:-:14
2	10	11	10	1:+:9	0:+:4	0:+:9	1:+:17	0:-:19	1:-:0	1:-:2	2:-:7	1:-:13	0:-:16
2	10	12	6	2:+:10	1:+:21	2:+:8	1:+:6	0:-:10	2:-:1
2	10	13	3	1:+:3	0:+:1	2:-:3
2	11	12	17	1:+:1	2:+:6	1:+:12	1:+:20	0:+:0	1:+:5	0:+:3	0:+:8	1:+:16	0:+:13	2:+:0	0:-:6	1:-:14	0:-:12	1:-:8	1:-:18	2:-:3
2	11	13	2	0:+:7	1:+:15
2	11	14	1	1:-:17
2	12	13	21	2:+:11	1:+:22	1:+:11	1:+:4	0:+:2	0:+:7	1:+:15	2:+:9	1:+:20	0:+:0	0:+:13	2:+:0	1:+:7	1:-:14	1:-:19	0:-:12	2:-:4	0:-:17	0:-:14	2:-:1	1:-:8
2	12	14	4	1:+:1	2:+:6	0:-:5	0:-:9
2	13	14	14	0:+:19	0:+:18	0:+:15	0:+:11	0:+:16	2:+:2	2:-:10	1:-:21	1:-:10	1:-:3	0:-:1	2:-:8	1:-:6	0:-:4
2	13	15	3	1:+:0	2:+:5	1:-:8
2	14	15	29	2:+:11	1:+:22	1:+:11	1:+:4	0:+:2	0:+:7	1:+:15	1:+:12	2:+:9	1:+:20	0:+:0	1:+:5	0:+:3	0:+:8	1:+:16	0:+:13	2:+:0	1:+:7	0:-:6	1:-:14	1:-:19	0:-:12	2:-:4	0:-:17	0:-:14	0:-:10	2:-:1	1:-:18	2:-:3
3	0	1	29	0:+:6	1:+:14	1:+:19	0:+:12	2:+:4	0:+:17	0:+:14	0:+:10	2:+:1	1:+:18	2:+:3	2:-:11	1:-:22	1:-:11	1:-:4	0:-:2	0:-:7	1:-:15	1:-:12	2:-:9	1:-:20	0:-:0	1:-:5	0:-:3	0:-:8	1:-:16	0:-:13	2:-:0	1:-:7
3	0	2	3	1:+:8	1:-:0	2:-:5
3	1	2	14	2:+:10	1:+:21	1:+:10	1:+:3	0:+:1	2:+:8	1:+:6	0:+:4	0:-:19	0:-:18	0:-:15	0:-:11	0:-:16	2:-:2
3	1	3	5	0:+:5	1:+:17	1:-:1	2:-:6	1:-:12
3	1	6	1	0:+:9
3	2	3	15	1:+:14	1:+:19	0:+:12	1:+:8	2:+:3	0:-:7	1:-:15	1:-:20	0:-:0	1:-:5	0:-:3	0:-:8	1:-:16	0:-:13	2:-:0
3	2	4	6	2:+:4	0:+:17	0:+:14	1:-:10	1:-:3	2:-:8
3	2	5	4	2:+:1	2:-:9	0:-:0	1:-:5
3	2	6	1	1:-:19
3	3	4	6	0:+:19	1:+:0	1:+:2	2:+:7	1:-:9	0:-:5
3	3	5	4	0:+:16	0:-:3	0:-:8	1:-:16
3	3	6	1	1:+:13
3	4	5	16	2:+:4	0:+:14	0:+:10	2:+:1	1:+:8	1:+:18	2:-:11	1:-:22	1:-:11	1:-:4	0:-:2	1:-:1	2:-:6	1:-:12	2:-:0	1:-:7
3	4	6	2	0:+:6	0:-:6
3	4	7	3	1:+:19	1:-:13	0:-:11
3	5	6	16	2:+:11	1:+:22	1:+:11	1:+:4	0:+:2	1:+:1	2:+:6	1:+:12	2:+:0	1:+:7	2:-:4	0:-:14	0:-:10	2:-:1	1:-:8	1:-:18
3	5	7	6	2:+:9	0:+:0	1:+:5	0:+:8	1:+:16	2:-:2
3	5	8	1	0:+:3
3	5	9	1	0:-:14
3	6	7	10	1:+:10	1:+:3	2:+:8	0:+:5	1:-:0	2:-:5	0:-:18	0:-:15	1:-:2	2:-:7
3	6	9	1	1:+:9
3	6	10	1	0:-:16
3	7	8	10	1:+:9	0:+:4	0:+:9	1:+:17	0:-:19	1:-:0	1:-:2	2:-:7	1:-:13	0:-:16
3	7	9	8	2:+:10	1:+:21	1:+:3	0:+:1	1:+:6	2:-:4	0:-:10	2:-:1
3	7	10	1	2:+:8
3	8	9	11	0:+:7	1:+:15	1:+:1	2:+:6	1:+:12	0:+:13	2:+:0	0:-:6	1:-:19	1:-:8	1:-:18
3	8	10	6	1:+:20	0:+:0	1:+:5	0:+:3	0:-:11	2:-:2
3	8	11	2	1:+:16	1:-:12
3	8	12	1	0:+:8
3	9	10	9	1:+:10	1:+:3	2:+:8	1:+:9	0:-:19	1:-:0	2:-:5	0:-:18	0:-:15
3	9	11	3	0:+:5	1:-:1	2:-:6
3	10	11	15	1:+:14	1:+:19	0:+:12	1:+:8	2:+:3	0:-:7	1:-:15	1:-:20	0:-:0	1:-:5	0:-:3	0:-:8	1:-:16	0:-:13	2:-:0
3	10	12	8	2:+:4	2:+:1	2:-:10	1:-:21	1:-:3	0:-:1	2:-:8	1:-:6
3	10	13	3	0:+:17	0:+:14	1:-:9
3	11	12	10	0:+:19	1:+:0	1:+:2	2:+:7	1:+:13	0:+:16	1:-:9	0:-:4	0:-:9	1:-:17
3	11	13	1	0:-:4
3	12	13	15	1:+:0	2:+:5	1:+:2	2:+:7	1:+:13	0:+:11	2:+:2	2:-:10	1:-:21	1:-:3	0:-:1	2:-:8	1:-:6	0:-:9	1:-:17
3	12	14	4	0:+:18	0:+:15	1:-:9	0:-:4
3	13	14	15	1:+:0	2:+:5	1:+:2	2:+:7	1:+:13	0:+:11	2:+:2	2:-:10	1:-:21	1:-:3	0:-:1	2:-:8	1:-:6	0:-:9	1:-:17
3	13	15	4	0:+:18	0:+:15	1:-:9	0:-:4
3	14	15	19	1:+:0	2:+:5	0:+:18	0:+:15	1:+:2	2:+:7	1:+:13	0:+:11	2:+:2	2:-:10	1:-:21	1:-:10	1:-:3	0:-:1	2:-:8	1:-:6	0:-:5	0:-:9	1:-:17
4	0	1	19	0:+:19	1:+:0	2:+:5	1:+:2	2:+:7	1:+:13	0:+:11	0:+:16	2:+:2	2:-:10	1:-:21	1:-:3	0:-:1	2:-:8	1:-:6	1:-:9	0:-:4	0:-:9	1:-:17
4	0	2	3	0:+:18	0:+:15	0:-:4
4	0	3	1	1:-:8
4	1	2	17	0:+:18	0:+:15	1:+:2	2:+:7	1:+:13	0:+:11	2:+:2	2:-:10	1:-:21	1:-:10	1:-:3	0:-:1	2:-:8	1:-:6	0:-:5	0:-:9	1:-:17
4	1	3	2	1:+:0	2:+:5
4	2	3	22	2:+:11	1:+:22	1:+:12	2:+:9	1:+:20	0:+:0	1:+:5	0:+:3	0:+:8	1:+:16	0:+:13	2:+:0	1:+:7	0:-:6	1:-:14	0:-:12	0:-:17	0:-:14	0:-:10	2:-:1	1:-:18	2:-:3
4	2	4	2	1:+:11	1:-:18
4	2	5	4	1:+:4	0:+:7	1:+:15	2:-:2
4	2	6	1	0:+:2
4	3	4	19	2:+:11	1:+:22	1:+:11	1:+:4	0:+:2	0:+:7	1:+:15	1:+:1	2:+:6	0:+:13	2:+:0	1:+:7	0:-:6	1:-:19	2:-:4	0:-:14	0:-:10	2:-:1	1:-:8
4	3	5	5	2:+:9	1:+:20	0:+:0	1:-:13	0:-:11
4	3	6	1	0:-:15
4	4	5	10	1:+:10	1:+:3	2:+:8	0:+:5	1:-:0	2:-:5	0:-:18	0:-:15	1:-:2	2:-:7
4	4	6	2	1:+:9	0:-:18
4	5	6	15	2:+:10	1:+:21	1:+:3	0:+:1	2:+:8	1:+:6	0:+:9	1:+:17	1:-:0	2:-:5	1:-:2	2:-:7	1:-:13	0:-:11	2:-:2
4	5	7	4	1:+:9	0:+:4	0:-:18	0:-:15
4	6	7	15	2:+:10	1:+:21	1:+:3	0:+:1	2:+:8	1:+:6	0:+:9	1:+:17	1:-:0	2:-:5	1:-:2	2:-:7	1:-:13	0:-:11	2:-:2
4	6	8	4	1:+:9	0:+:4	0:-:18	0:-:15
4	7	8	15	2:+:10	1:+:21	1:+:3	0:+:1	2:+:8	1:+:6	0:+:9	1:+:17	1:-:0	2:-:5	1:-:2	2:-:7	1:-:13	0:-:11	2:-:2
4	7	9	4	1:+:9	0:+:4	0:-:18	0:-:15
4	8	9	19	2:+:10	1:+:21	1:+:3	0:+:1	2:+:8	1:+:6	1:+:9	0:+:4	0:+:9	1:+:17	0:-:19	1:-:0	2:-:5	1:-:2	2:-:7	1:-:13	0:-:11	0:-:16	2:-:2
4	9	10	20	0:+:19	0:+:18	0:+:15	1:+:2	2:+:7	1:+:13	0:+:11	0:+:16	2:+:2	2:-:10	1:-:21	1:-:10	1:-:3	0:-:1	2:-:8	1:-:6	0:-:4	0:-:5	0:-:9	1:-:17
4	9	11	1	1:-:8
4	9	12	2	1:+:0	2:+:5
4	10	11	25	2:+:11	1:+:22	1:+:11	1:+:4	0:+:2	0:+:7	1:+:15	2:+:9	1:+:20	0:+:0	1:+:5	0:+:3	0:+:8	1:+:16	0:+:13	2:+:0	1:+:7	1:-:14	1:-:19	0:-:12	2:-:4	0:-:17	0:-:14	2:-:1	2:-:3
4	10	12	3	1:+:12	0:-:9	1:-:17
4	10	13	1	0:-:4
4	11	12	14	0:+:19	1:+:0	2:+:5	0:+:11	0:+:16	2:+:2	2:-:10	1:-:21	1:-:3	0:-:1	2:-:8	1:-:6	1:-:9	0:-:4
4	11	13	3	0:+:18	0:+:15	1:-:9
4	12	13	15	1:+:0	2:+:5	0:+:18	0:+:15	1:+:13	0:+:11	2:+:2	2:-:10	1:-:21	1:-:10	0:-:1	1:-:6	0:-:5	0:-:9	1:-:17
4	12	14	4	1:+:2	2:+:7	1:-:2	2:-:7
4	13	14	15	2:+:10	1:+:21	1:+:10	0:+:1	1:+:6	0:+:5	0:+:9	1:+:17	1:-:0	2:-:5	0:-:18	0:-:15	1:-:13	0:-:11	2:-:2
4	13	15	4	1:+:9	0:+:4	0:-:18	0:-:15
4	14	15	19	2:+:10	1:+:21	1:+:3	0:+:1	2:+:8	1:+:6	1:+:9	0:+:4	0:+:9	1:+:17	0:-:19	1:-:0	2:-:5	1:-:2	2:-:7	1:-:13	0:-:11	0:-:16	2:-:2
