0	0	2	6	2:+:1	1:+:7
0	2	5	1	1:-:4
0	4	6	2	1:+:2	1:-:2
0	5	8	1	1:+:4
0	7	9	2	1:+:5	0:-:11
0	9	11	6	0:+:16	1:+:10
0	10	12	2	0:+:6	0:-:6
0	11	13	2	1:+:2	1:-:2
0	12	14	2	0:+:6	0:-:6
0	13	15	6	2:+:1	1:+:7
1	0	3	1	0:+:11
1	1	4	1	0:-:11
1	2	5	1	1:+:5
1	3	6	1	0:+:13
1	4	7	2	1:+:1	1:-:2
1	6	12	1	0:-:5
1	11	13	2	0:+:12	0:-:12
1	13	15	5	2:+:0	1:+:0
2	0	3	1	2:-:0
2	3	6	1	0:-:11
2	5	9	1	0:-:9
2	7	11	1	1:-:4
2	9	13	1	0:-:0
2	12	15	1	0:-:5
3	0	3	1	1:-:5
3	2	5	1	0:+:11
3	4	8	1	2:+:2
3	6	9	1	2:+:3
3	7	10	1	0:-:13
3	8	11	2	1:+:9	0:-:8
3	10	12	2	0:+:6	0:-:6
3	11	13	2	1:+:2	1:-:2
3	12	15	1	0:-:12
4	0	3	2	0:+:2	0:+:4
4	1	4	2	2:+:2	0:-:14
4	2	6	1	0:-:5
4	5	7	2	0:+:12	0:-:12
4	7	10	1	2:+:0
4	8	11	2	0:+:8	1:-:9
4	10	12	2	1:+:2	1:-:2
4	11	13	4	1:+:9	0:-:9
4	12	15	1	2:+:0
