0	0	2	7	2:+:16	0:+:14
0	1	3	2	2:+:5	2:-:5
0	2	5	2	2:+:7	2:-:2
0	4	6	1	0:+:8
0	5	9	1	2:-:13
0	7	10	2	1:+:10	0:-:11
0	8	11	1	0:-:8
0	10	13	1	0:-:9
0	11	14	2	1:+:11	1:-:6
0	12	15	2	1:+:6	1:-:11
1	0	4	1	0:+:6
1	3	5	6	2:+:1	1:+:5
1	4	7	1	0:-:7
1	5	10	1	2:+:12
1	7	14	1	1:-:9
1	12	15	2	2:+:0	2:-:1
2	0	2	1	0:-:8
2	1	3	6	1:+:12	0:+:0
2	2	4	1	0:+:8
2	3	6	1	1:+:5
2	5	7	1	0:+:8
2	6	8	1	0:+:8
2	7	9	1	0:+:8
2	8	11	2	2:+:1	2:-:0
2	9	13	1	1:-:0
2	10	14	2	2:+:6	2:-:2
2	13	15	1	0:+:8
3	0	2	1	0:-:8
3	1	5	1	0:+:4
3	3	6	2	0:+:1	0:-:2
3	4	8	1	2:-:1
3	7	9	1	0:-:8
3	8	11	1	0:-:9
3	9	12	2	1:+:11	1:-:6
3	10	14	1	1:+:6
3	12	15	3	2:+:15	0:+:13
4	0	3	2	2:+:0	2:-:1
4	2	5	1	0:-:7
4	3	6	2	0:+:14	2:+:12
4	4	7	2	2:+:4	2:-:5
4	6	10	1	0:-:9
4	9	12	1	0:-:4
4	10	13	1	0:+:10
4	12	15	2	2:+:5	2:-:4
