0	0	1	20	1:+:5	2:+:11	0:+:24	2:+:3	0:+:5	0:+:3	1:+:1	0:+:21	1:+:3	2:+:9	0:+:17	2:+:8	0:+:16	0:-:26	0:-:10	0:-:14	2:-:0	2:-:5	0:-:23	0:-:2
0	0	2	3	0:+:8	0:+:18	0:-:18
0	0	3	1	0:-:7
0	1	2	12	0:+:26	0:+:10	0:+:14	0:+:23	0:+:2	1:-:5	2:-:11	0:-:24	0:-:3	2:-:9	0:-:17	2:-:8
0	1	3	6	2:+:0	2:+:5	2:-:2	0:-:4	1:-:0	1:-:2
0	1	4	2	0:-:19	0:-:14
0	2	3	8	0:+:13	0:+:22	0:-:25	2:-:4	0:-:1	0:-:0	0:-:6	0:-:12
0	2	4	4	1:+:4	2:+:10	2:+:7	0:-:10
0	3	4	12	0:+:8	0:+:18	0:+:24	2:+:3	0:+:5	0:+:3	1:+:1	0:+:17	0:+:16	0:-:9	2:-:0	0:-:23
0	3	5	5	0:+:21	1:+:3	2:+:9	0:-:25	2:-:4
0	3	6	1	0:-:0
0	4	5	12	0:+:13	2:+:1	2:+:7	0:-:0	0:-:11	0:-:6	2:-:2	0:-:4	1:-:0	0:-:20	1:-:2	0:-:15
0	4	6	2	2:+:6	0:-:11
0	4	7	1	0:-:5
0	5	6	11	2:+:1	2:+:6	1:+:4	2:+:10	0:-:1	0:-:12	0:-:7	2:-:2	1:-:0	0:-:20	0:-:15
0	5	7	6	0:+:13	0:+:22	0:-:24	2:-:3	0:-:3	1:-:1
0	6	7	13	0:+:26	0:+:10	0:+:19	2:+:0	2:+:5	0:+:2	1:-:5	2:-:11	0:-:8	0:-:21	1:-:3	2:-:8	0:-:16
0	6	8	3	0:+:9	2:-:8	0:-:16
0	6	9	1	0:-:16
0	7	8	17	0:+:26	0:+:19	0:+:14	2:+:0	2:+:5	0:+:23	0:+:2	1:-:5	2:-:11	0:-:8	0:-:24	2:-:3	0:-:5	0:-:3	1:-:1	0:-:21	1:-:3
0	7	9	2	0:+:9	2:-:8
0	7	10	1	0:-:16
0	8	9	17	0:+:26	0:+:19	0:+:14	2:+:0	2:+:5	0:+:23	0:+:2	1:-:5	2:-:11	0:-:8	0:-:24	2:-:3	0:-:5	0:-:3	1:-:1	0:-:21	1:-:3
0	8	10	3	0:+:9	0:-:17	2:-:8
0	9	10	16	0:+:26	0:+:9	0:+:19	0:+:14	2:+:0	2:+:5	1:-:5	2:-:11	0:-:8	0:-:18	2:-:3	0:-:5	1:-:1	0:-:21	1:-:3	2:-:9
0	9	11	1	0:-:2
0	9	12	2	0:+:23	0:-:22
0	9	13	1	0:+:2
0	10	11	16	1:+:5	2:+:11	0:+:8	0:+:18	0:+:21	1:+:3	2:+:9	0:+:17	2:+:8	0:+:16	0:-:26	0:-:9	0:-:10	0:-:19	2:-:0	2:-:5
0	10	12	3	2:+:3	0:+:5	0:-:13
0	10	14	1	1:+:1
0	11	12	7	0:+:1	0:+:0	0:+:11	0:+:12	1:-:4	2:-:10	2:-:7
0	11	13	5	0:+:7	2:+:2	1:+:0	0:+:15	2:-:0
0	11	14	2	0:+:20	2:-:4
0	12	13	12	1:+:5	2:+:11	0:+:18	0:+:24	0:+:3	0:+:17	2:+:8	0:-:9	0:-:10	0:-:19	0:-:14	0:-:23
0	12	14	3	2:+:9	0:-:25	0:-:1
0	13	14	13	0:+:13	2:+:6	2:+:7	0:-:0	0:-:11	0:-:6	0:-:12	0:-:7	0:-:4	1:-:0	0:-:20	1:-:2	0:-:15
0	13	15	2	2:+:1	2:-:1
0	14	15	19	0:+:25	2:+:4	0:+:1	0:+:0	0:+:11	0:+:6	0:+:12	0:+:7	0:+:4	1:+:0	0:+:20	1:+:2	0:+:15	0:-:13	0:-:22	2:-:6	1:-:4	2:-:10	2:-:7
1	0	1	14	2:+:1	2:+:6	1:+:4	2:+:10	2:+:7	0:-:1	0:-:0	0:-:11	0:-:12	0:-:7	2:-:2	1:-:0	0:-:20	0:-:15
1	0	2	4	0:+:13	2:-:3	0:-:5	1:-:1
1	0	3	2	0:+:22	0:-:23
1	0	4	1	0:-:1
1	1	2	16	0:+:26	0:+:9	0:+:10	0:+:19	2:+:0	2:+:5	1:-:5	2:-:11	0:-:8	0:-:18	0:-:21	1:-:3	2:-:9	0:-:17	2:-:8	0:-:16
1	1	3	1	0:+:2
1	2	3	15	1:+:5	2:+:11	0:+:8	0:+:18	2:+:3	0:+:5	1:+:1	0:+:17	2:+:8	0:+:16	0:-:9	0:-:10	0:-:19	0:-:14	2:-:0
1	2	4	2	1:+:3	2:+:9
1	2	5	2	0:+:21	0:-:24
1	2	6	1	2:-:2
1	3	4	11	2:+:1	2:+:6	2:+:7	0:-:0	0:-:11	0:-:12	0:-:7	2:-:2	1:-:0	0:-:20	0:-:15
1	3	5	2	0:+:13	0:-:3
1	3	6	1	1:-:0
1	3	7	1	0:-:3
1	4	5	11	0:+:26	0:+:9	0:+:10	0:+:19	0:+:2	1:-:5	2:-:11	0:-:18	2:-:9	0:-:17	2:-:8
1	4	6	5	2:+:0	2:+:5	0:-:7	0:-:20	0:-:15
1	4	7	1	1:-:1
1	5	6	7	1:+:4	2:+:10	2:+:7	0:-:1	0:-:0	0:-:11	0:-:12
1	5	7	5	0:+:13	0:+:22	0:-:24	2:-:3	0:-:5
1	6	7	13	0:+:26	0:+:10	0:+:19	2:+:0	2:+:5	0:+:2	1:-:5	2:-:11	0:-:8	0:-:21	1:-:3	2:-:8	0:-:16
1	6	8	3	0:+:9	2:-:8	0:-:16
1	6	9	1	0:-:16
1	7	8	17	0:+:26	0:+:19	0:+:14	2:+:0	2:+:5	0:+:23	0:+:2	1:-:5	2:-:11	0:-:8	0:-:24	2:-:3	0:-:5	0:-:3	1:-:1	0:-:21	1:-:3
1	7	9	2	0:+:9	2:-:8
1	7	10	1	0:-:16
1	8	9	17	0:+:26	0:+:19	0:+:14	2:+:0	2:+:5	0:+:23	0:+:2	1:-:5	2:-:11	0:-:8	0:-:24	2:-:3	0:-:5	0:-:3	1:-:1	0:-:21	1:-:3
1	8	10	3	0:+:9	0:-:17	2:-:8
1	9	10	16	0:+:26	0:+:9	0:+:19	0:+:14	2:+:0	2:+:5	1:-:5	2:-:11	0:-:8	0:-:18	2:-:3	0:-:5	1:-:1	0:-:21	1:-:3	2:-:9
1	9	11	1	0:-:2
1	9	12	3	0:+:23	0:+:2	0:-:22
1	10	11	16	1:+:5	2:+:11	0:+:8	0:+:18	0:+:21	1:+:3	2:+:9	0:+:17	2:+:8	0:+:16	0:-:26	0:-:9	0:-:10	0:-:19	2:-:0	2:-:5
1	10	12	3	2:+:3	1:+:1	0:-:13
1	10	13	1	0:+:5
1	11	12	11	0:+:1	0:+:12	0:+:7	2:+:2	1:+:0	0:+:20	0:+:15	2:-:1	2:-:6	1:-:4	2:-:10
1	11	13	2	0:+:0	2:-:6
1	11	15	1	0:+:11
1	12	13	16	0:+:25	2:+:4	0:+:0	0:+:11	0:+:6	2:+:2	0:+:4	1:+:0	0:+:20	1:+:2	0:+:15	0:-:22	2:-:1	1:-:4	2:-:10	2:-:7
1	12	14	1	0:-:12
1	13	14	13	2:+:1	2:+:6	1:+:4	2:+:10	2:+:7	0:-:1	0:-:0	0:-:11	0:-:7	2:-:2	1:-:0	0:-:20	0:-:15
1	13	15	6	0:+:22	0:-:24	2:-:3	0:-:5	0:-:3	1:-:1
1	14	15	17	0:+:26	0:+:9	0:+:10	0:+:19	2:+:0	2:+:5	0:+:2	1:-:5	2:-:11	0:-:8	0:-:18	0:-:21	1:-:3	2:-:9	0:-:17	2:-:8	0:-:16
2	0	1	15	0:+:13	0:+:22	2:+:1	2:+:6	0:-:25	2:-:4	0:-:1	0:-:0	0:-:6	0:-:12	0:-:7	2:-:2	0:-:4	1:-:0	1:-:2
2	0	2	5	1:+:4	2:+:10	2:+:7	0:-:10	0:-:14
2	0	4	1	0:-:17
2	1	2	15	0:+:24	2:+:3	0:+:5	0:+:3	1:+:1	0:+:21	1:+:3	2:+:9	0:+:17	0:+:16	0:-:26	2:-:0	2:-:5	0:-:23	0:-:2
2	1	3	2	0:+:18	0:-:8
2	1	4	1	0:+:8
2	2	3	18	0:+:26	0:+:10	0:+:14	2:+:0	2:+:5	0:+:23	0:+:2	1:-:5	2:-:11	0:-:24	2:-:3	0:-:5	0:-:3	1:-:1	0:-:21	1:-:3	2:-:8	0:-:16
2	2	4	1	2:-:8
2	2	5	1	0:-:15
2	3	4	12	0:+:26	0:+:9	0:+:19	0:+:14	0:+:23	0:+:2	1:-:5	2:-:11	0:-:18	0:-:24	0:-:3	2:-:9
2	3	5	6	2:+:0	2:+:5	0:-:7	2:-:2	1:-:0	0:-:20
2	3	6	1	1:-:1
2	3	8	1	0:-:1
2	4	5	7	1:+:4	2:+:10	2:+:7	0:-:1	0:-:0	0:-:11	0:-:12
2	4	6	3	0:+:13	2:-:3	0:-:5
2	4	7	2	0:+:22	0:-:23
2	5	6	16	0:+:26	0:+:9	0:+:10	0:+:19	2:+:0	2:+:5	1:-:5	2:-:11	0:-:8	0:-:18	0:-:21	1:-:3	2:-:9	0:-:17	2:-:8	0:-:16
2	5	7	1	0:+:2
2	6	7	15	1:+:5	2:+:11	0:+:8	0:+:18	2:+:3	0:+:5	1:+:1	0:+:17	2:+:8	0:+:16	0:-:9	0:-:10	0:-:19	0:-:14	2:-:0
2	6	8	3	0:+:21	0:-:25	2:-:4
2	6	9	2	1:+:3	2:+:9
2	7	8	11	0:+:13	2:+:1	2:+:6	0:-:0	0:-:6	0:-:12	0:-:7	2:-:2	0:-:4	1:-:0	1:-:2
2	7	9	4	2:+:7	0:-:10	0:-:19	0:-:14
2	8	9	12	0:+:8	0:+:18	0:+:24	2:+:3	0:+:5	0:+:3	1:+:1	0:+:17	0:+:16	0:-:9	2:-:0	0:-:23
2	8	10	3	1:+:3	2:+:9	0:-:1
2	8	11	2	0:+:21	0:-:24
2	8	13	1	2:-:1
2	9	10	11	2:+:1	2:+:6	2:+:7	0:-:0	0:-:11	0:-:12	0:-:7	2:-:2	1:-:0	0:-:20	0:-:15
2	9	11	2	0:+:13	0:-:3
2	9	12	2	0:-:4	1:-:0
2	10	11	11	0:+:26	0:+:9	0:+:10	0:+:19	0:+:2	1:-:5	2:-:11	0:-:18	2:-:9	0:-:17	2:-:8
2	10	12	5	2:+:5	0:-:7	0:-:20	1:-:2	0:-:15
2	10	13	1	2:+:0
2	11	12	12	0:+:13	0:+:22	1:+:4	2:+:10	2:+:7	0:-:25	2:-:4	0:-:1	0:-:0	0:-:11	0:-:6	0:-:12
2	12	13	15	0:+:25	2:+:4	0:+:1	0:+:12	0:+:7	0:+:4	1:+:0	0:+:20	1:+:2	0:+:15	0:-:13	0:-:22	2:-:6	1:-:4	2:-:10
2	12	14	2	0:+:0	0:+:11
2	12	15	2	0:+:6	2:-:5
2	13	14	10	0:+:25	2:+:4	0:+:0	0:+:11	0:+:6	0:-:13	0:-:22	1:-:4	2:-:10	2:-:7
2	13	15	7	2:+:2	0:+:4	1:+:0	0:+:20	1:+:2	0:+:15	2:-:0
2	14	15	15	1:+:5	2:+:11	0:+:18	0:+:24	0:+:3	2:+:9	0:+:17	2:+:8	0:-:26	0:-:9	0:-:10	0:-:19	0:-:14	0:-:23	0:-:2
3	0	1	15	0:+:26	0:+:9	0:+:10	0:+:19	0:+:14	0:+:23	0:+:2	1:-:5	2:-:11	0:-:18	0:-:24	0:-:3	2:-:9	0:-:17	2:-:8
3	0	2	7	2:+:0	2:+:5	0:-:7	2:-:2	0:-:4	1:-:0	1:-:2
3	0	3	1	0:-:14
3	0	4	1	0:-:18
3	1	2	8	0:+:13	0:+:22	0:-:25	2:-:4	0:-:1	0:-:0	0:-:6	0:-:12
3	1	3	4	1:+:4	2:+:10	2:+:7	0:-:10
3	2	3	15	0:+:24	2:+:3	0:+:5	0:+:3	1:+:1	0:+:21	1:+:3	2:+:9	0:+:17	0:+:16	0:-:26	2:-:0	2:-:5	0:-:23	0:-:2
3	2	4	2	0:+:8	0:+:18
3	2	5	1	0:-:7
3	3	4	12	0:+:26	0:+:10	0:+:14	0:+:23	0:+:2	1:-:5	2:-:11	0:-:24	0:-:3	2:-:9	0:-:17	2:-:8
3	3	5	6	2:+:0	2:+:5	2:-:2	0:-:4	1:-:0	1:-:2
3	3	6	2	0:-:19	0:-:14
3	4	5	8	0:+:13	0:+:22	0:-:25	2:-:4	0:-:1	0:-:0	0:-:6	0:-:12
3	4	6	4	1:+:4	2:+:10	2:+:7	0:-:10
3	5	6	12	0:+:8	0:+:18	0:+:24	2:+:3	0:+:5	0:+:3	1:+:1	0:+:17	0:+:16	0:-:9	2:-:0	0:-:23
3	5	7	3	1:+:3	2:+:9	0:-:1
3	5	8	3	0:+:21	0:-:24	2:-:3
3	6	7	11	2:+:1	2:+:6	2:+:7	0:-:0	0:-:11	0:-:12	0:-:7	2:-:2	1:-:0	0:-:20	0:-:15
3	6	8	4	0:+:13	0:-:5	0:-:3	1:-:1
3	7	8	13	0:+:26	0:+:10	0:+:19	2:+:0	2:+:5	0:+:2	1:-:5	2:-:11	0:-:8	0:-:21	1:-:3	2:-:8	0:-:16
3	7	9	3	0:+:9	0:-:17	2:-:8
3	7	10	1	0:-:15
3	8	9	12	0:+:26	0:+:9	0:+:19	0:+:14	0:+:23	0:+:2	1:-:5	2:-:11	0:-:18	0:-:24	0:-:3	2:-:9
3	8	10	6	2:+:0	2:+:5	0:-:7	2:-:2	1:-:0	0:-:20
3	8	11	1	0:-:3
3	8	12	1	1:-:0
3	9	10	7	1:+:4	2:+:10	2:+:7	0:-:1	0:-:0	0:-:11	0:-:12
3	9	11	3	0:+:13	0:+:22	0:-:24
3	9	12	2	2:-:2	0:-:4
3	10	11	11	0:+:26	0:+:9	0:+:10	0:+:19	0:+:2	1:-:5	2:-:11	0:-:18	2:-:9	0:-:17	2:-:8
3	10	12	4	2:+:0	0:-:20	1:-:2	0:-:15
3	10	13	1	0:-:6
3	10	15	1	2:+:5
3	11	12	10	0:+:13	0:+:22	1:+:4	2:+:10	2:+:7	0:-:25	2:-:4	0:-:0	0:-:11	0:-:6
3	11	13	1	0:-:0
3	11	15	1	0:-:9
3	12	13	13	0:+:13	0:+:22	2:+:1	2:+:6	0:-:25	2:-:4	0:-:1	0:-:12	0:-:7	2:-:2	0:-:4	1:-:0	1:-:2
3	12	14	4	1:+:4	2:+:10	0:-:19	0:-:14
3	13	14	16	0:+:8	0:+:18	0:+:24	2:+:3	0:+:5	0:+:3	1:+:1	0:+:21	1:+:3	2:+:9	0:-:26	0:-:9	2:-:0	2:-:5	0:-:23	0:-:2
3	13	15	2	0:+:17	0:+:16
3	14	15	20	1:+:5	2:+:11	0:+:8	0:+:24	2:+:3	0:+:5	0:+:3	1:+:1	0:+:21	1:+:3	2:+:8	0:+:16	0:-:26	0:-:10	0:-:19	0:-:14	2:-:0	2:-:5	0:-:23	0:-:2
4	0	1	12	0:+:25	2:+:4	0:+:1	0:+:0	0:+:11	0:+:6	0:+:12	0:-:13	0:-:22	1:-:4	2:-:10	2:-:7
4	0	2	6	0:+:7	2:+:2	0:+:4	1:+:0	0:+:15	2:-:0
4	0	3	1	1:+:2
4	0	4	2	0:+:20	2:-:3
4	1	2	12	1:+:5	2:+:11	0:+:18	0:+:24	0:+:3	0:+:17	2:+:8	0:-:9	0:-:10	0:-:19	0:-:14	0:-:23
4	1	3	2	2:+:9	0:-:1
4	1	4	1	0:-:24
4	2	3	11	2:+:1	2:+:6	2:+:7	0:-:0	0:-:11	0:-:12	0:-:7	2:-:2	1:-:0	0:-:20	0:-:15
4	2	4	4	0:+:13	0:-:5	0:-:3	1:-:1
4	3	4	13	0:+:26	0:+:10	0:+:19	2:+:0	2:+:5	0:+:2	1:-:5	2:-:11	0:-:8	0:-:21	1:-:3	2:-:8	0:-:16
4	3	5	2	0:-:17	0:-:16
4	3	7	2	0:+:9	2:-:6
4	4	5	16	0:+:26	0:+:9	2:+:0	2:+:5	0:+:23	0:+:2	0:-:8	0:-:18	0:-:24	2:-:3	0:-:5	0:-:3	1:-:1	0:-:21	1:-:3	2:-:9
4	4	6	4	0:+:19	0:+:14	1:-:4	2:-:10
4	5	6	13	0:+:25	2:+:4	0:+:1	0:+:12	0:+:7	2:+:2	0:+:4	1:+:0	1:+:2	0:-:13	0:-:22	2:-:1	2:-:6
4	5	7	2	0:+:0	0:+:6
4	6	7	13	0:+:25	2:+:4	2:+:2	0:+:4	1:+:0	0:+:20	1:+:2	0:+:15	0:-:13	0:-:22	2:-:1	1:-:4	2:-:10
4	6	8	3	0:+:11	0:+:6	2:-:6
4	6	9	1	0:+:0
4	7	8	12	0:+:0	0:+:11	0:+:6	2:+:2	0:+:4	1:+:0	0:+:20	1:+:2	0:+:15	0:-:13	2:-:1	2:-:7
4	7	9	5	0:+:25	2:+:4	0:-:21	1:-:3	2:-:9
4	8	9	12	0:+:9	2:+:0	0:+:23	0:-:8	0:-:18	0:-:24	2:-:3	0:-:5	0:-:3	1:-:1	0:-:17	0:-:16
4	8	10	4	0:+:10	0:+:19	0:+:14	2:-:7
4	8	11	2	1:-:3	2:-:9
4	9	10	11	0:+:0	0:+:6	0:+:12	0:+:7	2:+:2	0:+:4	1:+:0	1:+:2	0:-:13	2:-:1	2:-:6
4	9	11	4	0:+:25	2:+:4	0:+:1	0:-:21
4	10	11	12	0:+:9	2:+:0	0:+:23	0:-:8	0:-:18	0:-:24	2:-:3	0:-:5	0:-:3	1:-:1	0:-:17	0:-:16
4	10	12	4	0:+:19	0:+:14	1:-:4	2:-:10
4	10	13	2	0:+:10	2:-:6
4	11	12	13	0:+:25	2:+:4	0:+:1	0:+:12	0:+:7	2:+:2	0:+:4	1:+:0	1:+:2	0:-:13	0:-:22	2:-:1	2:-:6
4	11	13	2	0:+:0	0:+:6
4	12	13	13	0:+:25	2:+:4	2:+:2	0:+:4	1:+:0	0:+:20	1:+:2	0:+:15	0:-:13	0:-:22	2:-:1	1:-:4	2:-:10
4	12	14	4	0:+:0	0:+:11	0:+:6	2:-:6
4	13	14	13	0:+:25	2:+:4	2:+:2	0:+:4	1:+:0	0:+:20	1:+:2	0:+:15	0:-:13	0:-:22	2:-:1	1:-:4	2:-:10
4	13	15	4	0:+:0	0:+:11	0:+:6	2:-:6
4	14	15	17	0:+:25	2:+:4	0:+:0	0:+:11	0:+:6	2:+:2	0:+:4	1:+:0	0:+:20	1:+:2	0:+:15	0:-:13	0:-:22	2:-:1	1:-:4	2:-:10	2:-:7
