0	0	1	14	1:+:9	0:+:4	2:+:2	1:+:12	0:+:0	1:+:6	1:-:13	1:-:3	2:-:9	0:-:1	2:-:1	1:-:7	0:-:9	0:-:11
0	0	2	7	2:+:16	0:+:14	2:+:12	0:-:5	1:-:4	2:-:10	0:-:7
0	1	2	22	0:+:16	1:+:16	1:+:8	0:+:3	2:+:15	0:+:13	1:+:2	2:+:8	2:+:0	0:+:10	2:+:4	2:+:14	0:+:12	1:+:1	1:-:10	1:-:14	1:-:11	1:-:15	0:-:2	2:-:7	2:-:3	1:-:0
0	1	3	2	2:+:5	2:-:5
0	2	3	19	1:+:10	1:+:14	1:+:11	0:+:5	1:+:4	2:+:10	0:+:7	0:-:16	2:-:17	1:-:8	2:-:15	0:-:13	1:-:2	2:-:0	0:-:10	0:-:15	2:-:14	0:-:12	2:-:13
0	2	4	8	1:+:15	0:+:2	2:+:3	1:+:0	1:-:15	0:-:2	2:-:7	1:-:0
0	2	5	2	2:+:7	2:-:2
0	3	4	16	0:+:16	2:+:17	2:+:5	1:+:8	2:+:15	0:+:13	0:+:15	2:+:14	0:+:12	2:+:13	1:-:14	2:-:6	1:-:11	1:-:4	2:-:10	0:-:7
0	3	5	5	1:+:2	2:+:0	0:+:10	1:-:9	0:-:4
0	4	5	13	1:+:13	0:+:6	0:+:1	1:+:5	2:+:11	1:+:7	0:+:9	1:-:12	0:-:0	1:-:6	2:-:16	0:-:14	2:-:12
0	4	6	1	0:+:8
0	5	6	11	2:+:1	1:+:5	2:+:11	0:+:8	1:+:7	0:+:11	2:-:2	1:-:12	0:-:0	1:-:6	2:-:12
0	5	7	6	1:+:3	2:+:9	0:+:6	0:+:1	1:-:8	0:-:3
0	5	8	2	1:+:13	0:-:12
0	5	9	1	2:-:13
0	6	7	16	1:+:11	0:+:5	1:+:15	2:+:7	2:+:3	1:+:0	2:-:17	1:-:16	2:-:8	2:-:0	0:-:10	0:-:15	2:-:4	0:-:12	1:-:1	2:-:13
0	6	8	6	1:+:10	2:+:6	0:-:15	2:-:4	1:-:1	2:-:13
0	7	8	14	0:+:5	1:+:4	2:+:10	0:+:7	0:+:2	2:+:3	1:+:0	2:-:17	1:-:16	1:-:8	0:-:3	2:-:8	2:-:0	0:-:10
0	7	9	6	1:+:14	2:+:6	0:-:15	2:-:4	2:-:14	1:-:1
0	7	10	2	1:+:10	0:-:11
0	8	9	20	1:+:10	1:+:14	2:+:6	0:+:5	1:+:4	2:+:10	0:+:7	0:+:2	2:+:3	1:+:0	0:-:16	2:-:17	1:-:16	2:-:5	0:-:3	2:-:15	0:-:13	1:-:2	2:-:8	2:-:0
0	8	10	1	1:-:7
0	8	11	1	0:-:8
0	9	10	17	1:+:9	0:+:4	2:+:2	0:+:0	1:+:6	2:+:16	0:+:14	2:+:12	1:-:13	1:-:3	2:-:9	0:-:6	0:-:1	2:-:1	1:-:5	2:-:11	0:-:8
0	10	11	13	1:+:12	0:+:0	1:+:6	2:+:16	0:+:14	2:+:12	1:-:13	0:-:6	0:-:1	1:-:5	2:-:11	1:-:7	0:-:9
0	10	12	6	1:+:9	0:+:4	2:+:2	1:-:2	2:-:8	2:-:0
0	10	13	1	0:-:9
0	11	12	21	1:+:14	2:+:6	1:+:4	2:+:10	0:+:7	1:+:15	0:+:2	2:+:7	1:+:0	0:-:16	2:-:17	1:-:16	2:-:5	0:-:3	2:-:15	0:-:13	0:-:15	2:-:4	2:-:14	1:-:1	2:-:13
0	11	13	1	0:-:11
0	11	14	2	1:+:11	1:-:6
0	12	13	13	1:+:9	0:+:4	2:+:2	2:+:16	0:+:14	2:+:12	1:-:3	2:-:9	0:-:6	2:-:1	1:-:5	2:-:11	0:-:8
0	12	14	2	0:+:0	0:-:0
0	12	15	2	1:+:6	1:-:11
0	13	14	13	1:+:3	2:+:9	0:+:6	2:+:1	1:+:5	2:+:11	0:+:8	1:-:9	0:-:4	2:-:2	2:-:16	0:-:14	2:-:12
0	13	15	2	0:+:9	0:+:11
0	14	15	27	0:+:16	2:+:17	1:+:16	2:+:5	0:+:3	2:+:15	0:+:13	1:+:2	2:+:8	2:+:0	0:+:15	2:+:4	2:+:14	1:+:1	2:+:13	1:-:10	1:-:14	2:-:6	0:-:5	1:-:4	2:-:10	0:-:7	1:-:15	0:-:2	2:-:7	2:-:3	1:-:0
1	0	1	12	2:+:1	1:+:5	2:+:11	0:+:8	1:+:7	0:+:9	0:+:11	2:-:2	1:-:12	0:-:0	1:-:6	2:-:12
1	0	2	6	1:+:13	0:+:1	1:-:8	0:-:3	2:-:15	0:-:13
1	0	3	2	1:+:3	2:+:9
1	0	4	1	0:+:6
1	1	2	18	1:+:10	2:+:6	1:+:11	1:+:15	2:+:7	2:+:3	1:+:0	0:-:16	1:-:16	2:-:5	1:-:2	2:-:8	2:-:0	0:-:10	2:-:4	2:-:14	0:-:12	1:-:1
1	1	3	4	0:+:5	2:-:16	0:-:14	2:-:12
1	2	3	14	1:+:13	1:+:3	2:+:9	0:+:1	2:+:1	1:+:7	0:+:9	0:+:11	1:-:9	0:-:4	2:-:2	1:-:12	0:-:0	1:-:6
1	3	4	14	1:+:13	1:+:3	2:+:9	0:+:6	0:+:1	0:+:8	1:+:7	0:+:11	1:-:9	0:-:4	1:-:12	0:-:0	2:-:16	0:-:14
1	3	5	6	2:+:1	1:+:5	2:+:11	2:-:1	1:-:5	2:-:11
1	4	5	14	1:+:9	0:+:4	1:+:12	0:+:0	2:+:16	0:+:14	1:-:13	1:-:3	2:-:9	0:-:6	0:-:1	0:-:8	1:-:7	0:-:11
1	4	7	1	0:-:7
1	5	6	14	1:+:9	0:+:4	2:+:2	1:+:12	0:+:0	1:+:6	1:-:13	1:-:3	2:-:9	0:-:1	2:-:1	1:-:7	0:-:9	0:-:11
1	5	7	4	2:+:16	0:-:5	1:-:4	2:-:10
1	5	8	1	0:+:14
1	5	10	1	2:+:12
1	6	7	17	0:+:16	1:+:16	2:+:5	1:+:8	0:+:3	2:+:15	0:+:13	1:+:2	2:+:8	2:+:0	0:+:10	1:-:10	1:-:14	2:-:6	0:-:2	2:-:3	1:-:0
1	6	8	7	2:+:4	2:+:14	0:+:12	1:+:1	1:-:10	1:-:14	2:-:6
1	7	8	14	2:+:17	1:+:16	1:+:8	0:+:3	2:+:8	2:+:0	0:+:10	0:-:5	1:-:4	2:-:10	0:-:7	0:-:2	2:-:3	1:-:0
1	7	9	6	0:+:15	2:+:4	1:+:1	2:+:13	1:-:10	2:-:6
1	7	10	1	0:+:12
1	7	14	1	1:-:9
1	8	9	16	2:+:17	1:+:16	2:+:8	2:+:0	0:+:10	0:+:15	2:+:4	0:+:12	1:+:1	2:+:13	1:-:11	0:-:5	1:-:15	2:-:7	2:-:3	1:-:0
1	8	10	5	1:+:8	0:+:3	1:-:3	2:-:9	0:-:6
1	8	11	1	0:-:0
1	9	10	8	2:+:2	2:+:12	2:-:1	1:-:5	2:-:11	0:-:8	0:-:9	0:-:11
1	9	11	3	1:+:12	0:+:0	1:-:6
1	9	12	1	1:+:6
1	10	11	13	1:+:3	2:+:9	0:+:6	2:+:1	1:+:5	2:+:11	0:+:8	1:-:9	0:-:4	2:-:2	2:-:16	0:-:14	2:-:12
1	10	12	1	0:+:9
1	10	13	1	0:+:11
1	11	12	20	0:+:16	2:+:17	1:+:16	2:+:5	0:+:3	2:+:15	0:+:13	1:+:2	2:+:8	2:+:0	1:-:10	1:-:14	2:-:6	0:-:5	1:-:4	2:-:10	0:-:7	0:-:2	2:-:3	1:-:0
1	11	13	6	0:+:15	2:+:4	2:+:14	2:+:13	1:-:14	2:-:6
1	11	14	1	1:+:1
1	12	13	17	2:+:17	1:+:16	1:+:8	0:+:3	0:+:15	2:+:4	0:+:12	1:+:1	2:+:13	1:-:11	1:-:4	2:-:10	0:-:7	1:-:15	0:-:2	2:-:7	1:-:0
1	12	14	3	2:+:8	0:+:10	0:-:4
1	12	15	2	2:+:0	2:-:1
1	13	14	10	1:+:13	0:+:6	0:+:1	0:+:8	1:+:7	0:+:9	1:-:12	0:-:0	2:-:16	0:-:14
1	13	15	4	1:+:5	2:+:11	1:-:5	2:-:11
1	14	15	15	1:+:9	0:+:4	1:+:12	0:+:0	2:+:16	0:+:14	1:-:13	1:-:3	2:-:9	0:-:6	0:-:1	0:-:8	1:-:7	0:-:9	0:-:11
2	0	1	20	1:+:9	0:+:4	2:+:2	1:+:12	0:+:0	1:+:6	2:+:16	0:+:14	2:+:12	1:-:13	1:-:3	2:-:9	0:-:6	0:-:1	2:-:1	1:-:5	2:-:11	0:-:8	1:-:7	0:-:11
2	0	2	1	0:-:8
2	1	2	14	1:+:9	0:+:4	2:+:2	2:+:16	0:+:14	2:+:12	1:-:3	2:-:9	0:-:6	2:-:1	1:-:5	2:-:11	0:-:9	0:-:11
2	1	3	6	1:+:12	0:+:0	1:+:6	1:-:12	0:-:0	1:-:6
2	2	3	14	1:+:3	2:+:9	0:+:6	2:+:1	1:+:5	2:+:11	0:+:9	0:+:11	1:-:9	0:-:4	2:-:2	2:-:16	0:-:14	2:-:12
2	2	4	1	0:+:8
2	3	4	14	1:+:13	1:+:3	2:+:9	0:+:6	0:+:1	0:+:8	1:+:7	0:+:11	1:-:9	0:-:4	1:-:12	0:-:0	2:-:16	0:-:14
2	3	5	5	2:+:1	2:+:11	2:-:1	1:-:5	2:-:11
2	3	6	1	1:+:5
2	4	5	10	1:+:9	0:+:4	2:+:16	0:+:14	1:-:3	2:-:9	0:-:6	0:-:8	0:-:9	0:-:11
2	4	6	5	1:+:12	0:+:0	1:-:12	0:-:0	1:-:6
2	5	6	14	1:+:3	2:+:9	0:+:6	2:+:1	1:+:5	2:+:11	0:+:9	0:+:11	1:-:9	0:-:4	2:-:2	2:-:16	0:-:14	2:-:12
2	5	7	1	0:+:8
2	6	7	19	1:+:13	1:+:3	2:+:9	0:+:6	0:+:1	2:+:1	1:+:5	2:+:11	1:+:7	0:+:11	1:-:9	0:-:4	2:-:2	1:-:12	0:-:0	1:-:6	2:-:16	0:-:14	2:-:12
2	6	8	1	0:+:8
2	7	8	19	1:+:13	1:+:3	2:+:9	0:+:6	0:+:1	2:+:1	1:+:5	2:+:11	1:+:7	0:+:11	1:-:9	0:-:4	2:-:2	1:-:12	0:-:0	1:-:6	2:-:16	0:-:14	2:-:12
2	7	9	1	0:+:8
2	8	9	14	1:+:13	1:+:3	2:+:9	0:+:6	0:+:1	0:+:8	1:+:7	0:+:11	1:-:9	0:-:4	1:-:12	0:-:0	2:-:16	0:-:14
2	8	10	4	1:+:5	2:+:11	1:-:5	2:-:11
2	8	11	2	2:+:1	2:-:0
2	9	10	10	1:+:12	0:+:0	2:+:16	0:+:14	1:-:13	0:-:6	0:-:1	0:-:8	1:-:7	0:-:9
2	9	11	3	0:+:4	2:-:8	0:-:10
2	9	12	1	1:+:9
2	9	13	1	1:-:0
2	10	11	17	1:+:11	1:+:4	2:+:10	0:+:7	1:+:15	0:+:2	2:+:7	1:+:0	2:-:17	1:-:16	1:-:8	0:-:3	0:-:15	2:-:4	0:-:12	1:-:1	2:-:13
2	10	12	4	0:-:15	2:-:14	0:-:12	2:-:13
2	10	13	1	1:+:14
2	10	14	2	2:+:6	2:-:2
2	11	12	16	1:+:10	1:+:14	2:+:6	0:+:5	1:+:4	2:+:10	0:+:7	0:-:16	2:-:17	2:-:5	1:-:8	2:-:15	0:-:13	1:-:2	2:-:0	0:-:10
2	11	13	6	0:+:2	2:+:3	1:+:0	1:-:15	0:-:2	2:-:7
2	12	13	16	0:+:16	2:+:17	2:+:5	1:+:8	2:+:15	0:+:13	0:+:15	2:+:14	0:+:12	2:+:13	1:-:14	2:-:6	1:-:11	1:-:4	2:-:10	0:-:7
2	12	14	5	1:+:2	2:+:0	0:+:10	1:-:9	0:-:4
2	13	14	13	1:+:13	0:+:6	0:+:1	1:+:5	2:+:11	1:+:7	0:+:9	1:-:12	0:-:0	1:-:6	2:-:16	0:-:14	2:-:12
2	13	15	1	0:+:8
2	14	15	20	1:+:13	1:+:3	2:+:9	0:+:6	0:+:1	2:+:1	1:+:5	2:+:11	0:+:8	1:+:7	0:+:11	1:-:9	0:-:4	2:-:2	1:-:12	0:-:0	1:-:6	2:-:16	0:-:14	2:-:12
3	0	1	20	1:+:9	0:+:4	2:+:2	1:+:12	0:+:0	1:+:6	2:+:16	0:+:14	2:+:12	1:-:13	1:-:3	2:-:9	0:-:6	0:-:1	2:-:1	1:-:5	2:-:11	0:-:8	1:-:7	0:-:11
3	0	2	1	0:-:8
3	1	2	13	1:+:12	0:+:0	1:+:6	2:+:16	0:+:14	2:+:12	1:-:13	0:-:6	0:-:1	1:-:5	2:-:11	1:-:7	0:-:9
3	1	3	6	1:+:9	2:+:2	1:-:2	2:-:8	2:-:0	0:-:10
3	1	5	1	0:+:4
3	2	3	18	1:+:14	2:+:6	1:+:11	1:+:15	0:+:2	2:+:7	1:+:0	0:-:16	1:-:16	2:-:5	1:-:8	0:-:3	2:-:15	0:-:13	2:-:4	2:-:14	0:-:12	1:-:1
3	2	4	4	1:+:4	2:+:10	0:+:7	2:-:12
3	2	5	2	2:-:15	0:-:13
3	3	4	8	2:+:1	1:+:7	0:+:9	0:+:11	2:-:2	1:-:12	0:-:0	1:-:6
3	3	5	4	1:+:13	1:+:3	2:+:9	1:-:8
3	3	6	2	0:+:1	0:-:2
3	4	5	14	1:+:10	2:+:6	1:+:11	0:+:5	0:-:16	2:-:17	2:-:5	1:-:2	2:-:0	0:-:10	0:-:15	2:-:14	0:-:12	2:-:13
3	4	6	6	1:+:15	2:+:3	1:+:0	1:-:15	2:-:7	1:-:0
3	4	7	1	2:+:7
3	4	8	1	2:-:1
3	5	6	16	0:+:16	2:+:17	2:+:5	1:+:8	2:+:15	0:+:13	0:+:15	2:+:14	0:+:12	2:+:13	1:-:14	2:-:6	1:-:11	1:-:4	2:-:10	0:-:7
3	5	7	4	1:+:2	0:+:10	1:-:9	0:-:4
3	5	8	1	2:+:0
3	6	7	10	1:+:13	0:+:6	0:+:1	0:+:8	1:+:7	0:+:9	1:-:12	0:-:0	2:-:16	0:-:14
3	6	8	4	1:+:5	2:+:11	1:-:5	2:-:11
3	7	8	14	1:+:9	0:+:4	1:+:12	0:+:0	2:+:16	0:+:14	1:-:13	1:-:3	2:-:9	0:-:6	0:-:1	0:-:8	1:-:7	0:-:11
3	7	9	1	0:-:8
3	8	9	13	1:+:12	0:+:0	1:+:6	2:+:16	0:+:14	2:+:12	1:-:13	0:-:6	0:-:1	1:-:5	2:-:11	1:-:7	0:-:9
3	8	10	6	1:+:9	0:+:4	2:+:2	1:-:2	2:-:8	2:-:0
3	8	11	1	0:-:9
3	9	10	21	1:+:14	2:+:6	1:+:4	2:+:10	0:+:7	1:+:15	0:+:2	2:+:7	1:+:0	0:-:16	2:-:17	1:-:16	2:-:5	0:-:3	2:-:15	0:-:13	0:-:15	2:-:4	2:-:14	1:-:1	2:-:13
3	9	11	1	0:-:11
3	9	12	2	1:+:11	1:-:6
3	10	11	13	1:+:9	0:+:4	2:+:2	2:+:16	0:+:14	2:+:12	1:-:3	2:-:9	0:-:6	2:-:1	1:-:5	2:-:11	0:-:8
3	10	12	2	0:+:0	0:-:0
3	10	13	1	1:-:11
3	10	14	1	1:+:6
3	11	12	13	1:+:3	2:+:9	0:+:6	2:+:1	1:+:5	2:+:11	0:+:8	1:-:9	0:-:4	2:-:2	2:-:16	0:-:14	2:-:12
3	11	13	2	0:+:9	0:+:11
3	12	13	19	0:+:16	2:+:17	1:+:16	2:+:5	1:+:2	2:+:8	2:+:0	0:+:15	2:+:4	2:+:14	1:+:1	2:+:13	1:-:10	2:-:6	0:-:5	1:-:15	2:-:7	2:-:3	1:-:0
3	12	14	5	0:+:3	1:-:13	1:-:3	2:-:9	0:-:1
3	12	15	3	2:+:15	0:+:13	0:-:5
3	13	14	8	2:+:2	1:+:12	0:+:0	1:+:6	2:-:1	1:-:7	0:-:9	0:-:11
3	13	15	4	2:+:12	1:-:4	2:-:10	0:-:7
3	14	15	24	0:+:16	1:+:16	2:+:5	1:+:8	0:+:3	2:+:15	0:+:13	1:+:2	2:+:8	2:+:0	0:+:10	2:+:4	2:+:14	0:+:12	1:+:1	1:-:10	1:-:14	2:-:6	1:-:11	1:-:15	0:-:2	2:-:7	2:-:3	1:-:0
4	0	1	24	0:+:16	2:+:17	1:+:16	2:+:5	1:+:8	0:+:3	2:+:15	0:+:13	0:+:15	2:+:4	2:+:14	0:+:12	1:+:1	2:+:13	1:-:14	2:-:6	1:-:11	1:-:4	2:-:10	0:-:7	1:-:15	0:-:2	2:-:7	1:-:0
4	0	2	5	1:+:2	2:+:8	0:+:10	1:-:9	0:-:4
4	0	3	2	2:+:0	2:-:1
4	1	2	10	1:+:13	0:+:6	0:+:1	0:+:8	1:+:7	0:+:9	1:-:12	0:-:0	2:-:16	0:-:14
4	1	3	4	1:+:5	2:+:11	1:-:5	2:-:11
4	2	3	14	1:+:9	0:+:4	1:+:12	0:+:0	2:+:16	0:+:14	1:-:13	1:-:3	2:-:9	0:-:6	0:-:1	0:-:8	1:-:7	0:-:11
4	2	5	1	0:-:7
4	3	4	14	1:+:9	0:+:4	2:+:2	1:+:12	0:+:0	1:+:6	1:-:13	1:-:3	2:-:9	0:-:1	2:-:1	1:-:7	0:-:9	0:-:11
4	3	5	4	2:+:16	0:-:5	1:-:4	2:-:10
4	3	6	2	0:+:14	2:+:12
4	4	5	17	0:+:16	1:+:16	2:+:5	1:+:8	0:+:3	2:+:15	0:+:13	1:+:2	2:+:8	2:+:0	0:+:10	1:-:10	1:-:14	2:-:6	0:-:2	2:-:3	1:-:0
4	4	6	5	2:+:14	0:+:12	1:+:1	1:-:10	1:-:14
4	4	7	2	2:+:4	2:-:5
4	5	6	22	2:+:17	1:+:16	1:+:8	0:+:3	2:+:8	2:+:0	0:+:10	0:+:15	2:+:4	0:+:12	1:+:1	2:+:13	1:-:11	0:-:5	1:-:4	2:-:10	0:-:7	1:-:15	0:-:2	2:-:7	2:-:3	1:-:0
4	6	7	25	1:+:10	1:+:14	0:+:5	1:+:4	2:+:10	0:+:7	1:+:15	0:+:2	2:+:7	2:+:3	1:+:0	0:-:16	2:-:17	1:-:16	0:-:3	2:-:15	0:-:13	1:-:2	2:-:8	2:-:0	0:-:15	2:-:4	2:-:14	1:-:1	2:-:13
4	6	8	3	1:+:11	1:-:7	0:-:9
4	6	10	1	0:-:9
4	7	8	11	0:+:0	1:+:6	2:+:16	0:+:14	2:+:12	1:-:13	0:-:6	0:-:1	1:-:5	2:-:11	0:-:8
4	7	9	6	1:+:9	0:+:4	2:+:2	1:-:2	2:-:8	2:-:0
4	8	9	21	1:+:14	2:+:6	1:+:4	2:+:10	0:+:7	1:+:15	0:+:2	2:+:7	1:+:0	0:-:16	2:-:17	1:-:16	2:-:5	0:-:3	2:-:15	0:-:13	0:-:15	2:-:4	2:-:14	1:-:1	2:-:13
4	8	10	3	1:+:11	1:-:7	0:-:11
4	9	10	10	1:+:9	0:+:4	2:+:2	0:+:0	1:+:6	1:-:13	1:-:3	2:-:9	0:-:1	2:-:1
4	9	11	6	2:+:16	0:+:14	2:+:12	1:-:4	2:-:10	0:-:7
4	9	12	1	0:-:4
4	10	11	18	0:+:16	1:+:16	2:+:5	1:+:8	0:+:3	2:+:15	0:+:13	2:+:4	2:+:14	0:+:12	1:+:1	1:-:14	2:-:6	1:-:11	1:-:15	0:-:2	2:-:7	1:-:0
4	10	12	5	1:+:2	2:+:8	2:+:0	1:-:9	2:-:2
4	10	13	1	0:+:10
4	11	12	11	1:+:13	0:+:6	0:+:1	1:+:5	2:+:11	0:+:8	0:-:0	1:-:6	2:-:16	0:-:14	2:-:12
4	11	13	3	1:+:7	0:+:9	1:-:11
4	12	13	25	0:+:16	2:+:17	1:+:16	0:+:3	2:+:15	0:+:13	1:+:2	2:+:8	2:+:0	0:+:15	2:+:4	2:+:14	1:+:1	2:+:13	1:-:10	1:-:14	0:-:5	1:-:4	2:-:10	0:-:7	1:-:15	0:-:2	2:-:7	2:-:3	1:-:0
4	12	15	2	2:+:5	2:-:4
4	13	14	22	1:+:11	0:+:5	1:+:4	2:+:10	0:+:7	1:+:15	0:+:2	2:+:7	2:+:3	1:+:0	2:-:17	1:-:16	1:-:8	0:-:3	2:-:8	2:-:0	0:-:10	0:-:15	2:-:4	0:-:12	1:-:1	2:-:13
4	13	15	7	1:+:10	1:+:14	0:-:15	2:-:14	0:-:12	1:-:1	2:-:13
4	14	15	22	1:+:10	1:+:14	2:+:6	0:+:5	1:+:4	2:+:10	0:+:7	0:+:2	2:+:3	1:+:0	0:-:16	2:-:17	1:-:16	2:-:5	1:-:8	0:-:3	2:-:15	0:-:13	1:-:2	2:-:8	2:-:0	0:-:10
