0	0	1	25	1:+:12	1:+:4	0:+:9	1:+:11	1:+:3	0:+:4	2:+:1	0:+:11	1:+:0	2:-:18	1:-:19	0:-:0	2:-:5	2:-:17	1:-:18	2:-:16	2:-:15	0:-:2	1:-:8	1:-:14	0:-:3	2:-:0	2:-:11	1:-:9	1:-:15
0	0	2	8	0:+:5	2:+:13	1:+:6	2:+:9	0:-:5	2:-:13	1:-:6	2:-:9
0	1	2	21	2:+:18	1:+:19	0:+:0	2:+:5	2:+:17	1:+:18	2:+:16	2:+:15	0:+:2	1:+:8	1:+:14	2:+:11	1:+:9	1:+:15	1:-:12	1:-:4	0:-:9	1:-:11	1:-:3	0:-:11	1:-:0
0	1	3	3	0:+:3	0:-:3	2:-:0
0	1	4	1	2:+:0
0	2	3	24	1:+:12	1:+:4	0:+:9	0:+:5	2:+:13	1:+:6	2:+:9	1:+:11	1:+:3	2:-:18	1:-:19	0:-:6	0:-:0	2:-:17	1:-:18	2:-:16	2:-:15	2:-:14	1:-:7	2:-:10	1:-:8	2:-:11	1:-:9	1:-:15
0	2	4	4	0:+:11	1:+:0	2:-:4	0:-:1
0	2	5	1	1:-:12
0	3	4	15	0:+:14	2:+:12	2:+:8	1:+:10	1:+:2	1:+:16	2:+:7	1:-:20	0:-:16	0:-:15	2:-:3	0:-:7	0:-:8	0:-:13	2:-:6
0	3	5	2	1:+:17	1:-:4
0	3	6	1	0:-:8
0	4	5	24	2:+:18	1:+:19	0:+:6	0:+:0	2:+:5	2:+:17	2:+:16	2:+:15	2:+:14	1:+:7	0:+:2	2:+:10	1:+:8	1:+:14	0:+:3	2:+:0	0:-:5	2:-:13	2:-:9	1:-:11	1:-:3	0:-:4	2:-:1	1:-:0
0	4	6	3	1:+:15	1:-:5	0:-:10
0	4	7	1	2:+:11
0	4	9	1	1:+:9
0	5	6	12	0:+:14	2:+:2	0:+:12	1:+:17	2:+:7	1:+:1	0:-:16	0:-:15	2:-:3	2:-:4	1:-:13	0:-:13
0	5	7	4	2:+:8	0:-:6	0:-:0	2:-:5
0	5	9	2	1:+:2	1:-:17
0	6	7	15	1:+:12	1:+:4	0:+:9	0:+:5	1:+:6	2:+:1	0:+:11	1:+:0	1:-:18	2:-:14	1:-:7	0:-:2	2:-:10	1:-:14	2:-:0
0	6	8	10	0:+:4	2:-:17	2:-:16	2:-:15	2:-:14	1:-:7	0:-:2	2:-:10	1:-:8	1:-:14
0	7	8	19	2:+:13	1:+:6	2:+:9	1:+:11	1:+:3	0:+:4	2:+:1	0:+:11	1:+:0	2:-:18	1:-:19	0:-:6	0:-:0	2:-:5	0:-:3	2:-:0	2:-:11	1:-:9	1:-:15
0	7	9	1	0:+:9
0	8	9	16	1:+:20	0:+:16	0:+:15	2:+:3	0:+:7	2:+:4	0:+:1	0:+:8	2:-:2	0:-:12	2:-:12	2:-:8	1:-:10	1:-:2	1:-:16	1:-:1
0	8	10	3	0:+:13	2:+:6	0:-:13
0	8	11	1	2:-:5
0	9	10	13	2:+:2	0:+:12	1:+:17	1:+:16	1:+:1	0:-:16	0:-:15	2:-:3	2:-:4	1:-:13	0:-:8	1:-:5	0:-:10
0	9	11	4	2:+:12	2:+:8	0:-:6	0:-:0
0	9	12	3	1:+:10	1:+:2	1:-:18
0	10	11	15	1:+:12	1:+:4	0:+:9	0:+:5	1:+:6	2:+:1	0:+:11	1:+:0	1:-:18	2:-:14	1:-:7	0:-:2	2:-:10	1:-:14	2:-:0
0	10	12	8	0:+:4	2:-:17	2:-:16	2:-:15	2:-:14	1:-:7	2:-:10	1:-:8
0	10	13	1	0:-:1
0	10	14	1	1:-:12
0	11	12	16	0:+:9	2:+:13	1:+:6	2:+:9	1:+:11	1:+:3	0:+:4	2:-:18	1:-:19	0:-:6	0:-:0	0:-:3	2:-:0	2:-:11	1:-:9	1:-:15
0	11	13	4	2:+:1	0:+:11	1:+:0	2:-:4
0	12	13	15	0:+:14	2:+:12	2:+:8	1:+:10	1:+:2	1:+:16	2:+:7	1:-:20	0:-:16	0:-:15	2:-:3	0:-:7	0:-:8	0:-:13	2:-:6
0	12	14	3	1:+:17	1:-:4	0:-:9
0	13	14	21	2:+:18	2:+:17	2:+:16	2:+:15	2:+:14	1:+:7	0:+:2	2:+:10	1:+:8	1:+:14	0:+:3	2:+:0	2:+:11	1:+:9	1:+:15	0:-:5	1:-:6	0:-:4	2:-:1	0:-:11	1:-:0
0	13	15	8	1:+:19	0:+:6	0:+:0	2:+:5	2:-:12	2:-:8	1:-:10	1:-:2
0	14	15	16	0:+:16	0:+:15	2:+:3	2:+:4	1:+:13	0:+:8	1:+:5	0:+:10	0:+:13	0:-:14	2:-:2	0:-:12	1:-:17	1:-:16	2:-:7	1:-:1
1	0	1	16	0:+:14	2:+:2	0:+:12	1:+:17	1:+:16	2:+:7	1:+:1	0:-:16	0:-:15	2:-:3	2:-:4	1:-:13	0:-:8	1:-:5	0:-:10	0:-:13
1	0	2	7	2:+:12	2:+:8	1:+:10	1:+:2	1:-:19	0:-:6	0:-:0
1	0	4	1	2:-:3
1	1	2	20	1:+:12	1:+:4	0:+:9	0:+:5	1:+:6	0:+:4	2:-:18	2:-:17	1:-:18	2:-:16	2:-:15	2:-:14	1:-:7	2:-:10	1:-:8	0:-:3	2:-:0	2:-:11	1:-:9	1:-:15
1	1	3	4	2:+:1	0:+:11	0:-:1	1:-:13
1	1	4	1	1:+:0
1	2	3	14	0:+:14	1:+:17	2:+:12	2:+:8	1:+:10	1:+:2	1:-:20	0:-:15	2:-:3	0:-:7	1:-:5	0:-:10	0:-:13	2:-:6
1	2	4	3	2:+:7	0:-:15	0:-:7
1	2	5	1	1:+:16
1	3	4	15	0:+:14	2:+:2	0:+:12	2:+:12	1:+:10	1:+:16	2:+:7	1:+:1	1:-:20	0:-:16	2:-:4	0:-:1	0:-:8	0:-:13	2:-:6
1	3	5	3	1:-:12	1:-:4	0:-:9
1	4	5	21	2:+:18	2:+:17	2:+:16	2:+:15	2:+:14	1:+:7	0:+:2	2:+:10	1:+:8	1:+:14	0:+:3	2:+:0	2:+:11	1:+:9	1:+:15	0:-:5	1:-:6	0:-:4	2:-:1	0:-:11	1:-:0
1	4	6	6	1:+:19	0:+:6	0:+:0	2:+:5	2:-:8	1:-:2
1	4	7	2	2:-:11	1:-:9
1	5	6	12	0:+:16	0:+:15	2:+:3	2:+:4	1:+:13	0:+:13	0:-:14	2:-:2	0:-:12	1:-:17	2:-:7	1:-:1
1	5	7	3	0:+:8	0:+:10	1:-:15
1	5	8	1	1:+:5
1	6	7	20	1:+:12	1:+:4	1:+:11	1:+:3	0:+:4	2:+:1	1:+:0	2:-:18	1:-:19	0:-:0	2:-:5	2:-:17	1:-:18	2:-:16	2:-:15	0:-:2	1:-:8	1:-:14	0:-:3	2:-:0
1	6	8	6	0:+:5	2:+:13	2:+:9	0:-:5	2:-:13	2:-:9
1	6	9	1	1:-:5
1	7	8	20	2:+:18	1:+:19	0:+:0	2:+:5	2:+:17	1:+:18	2:+:16	2:+:15	0:+:2	1:+:8	1:+:14	0:+:3	2:+:0	1:-:12	1:-:4	1:-:11	1:-:3	0:-:4	2:-:1	1:-:0
1	7	9	3	2:+:11	1:+:9	0:-:10
1	7	10	1	0:-:7
1	7	11	1	1:+:15
1	8	9	14	0:+:14	2:+:2	0:+:12	1:+:17	2:+:8	1:+:2	1:-:20	0:-:15	2:-:3	0:-:7	0:-:1	1:-:13	0:-:13	2:-:6
1	8	10	4	2:+:7	1:+:1	0:-:15	2:-:3
1	9	10	15	0:+:14	2:+:2	0:+:12	2:+:12	1:+:10	1:+:16	2:+:7	1:+:1	1:-:20	0:-:16	2:-:4	0:-:1	0:-:8	0:-:13	2:-:6
1	9	11	2	1:-:12	1:-:4
1	9	12	1	0:-:8
1	10	11	24	2:+:18	1:+:19	0:+:6	0:+:0	2:+:5	2:+:17	2:+:16	2:+:15	2:+:14	1:+:7	0:+:2	2:+:10	1:+:8	1:+:14	0:+:3	2:+:0	0:-:5	2:-:13	2:-:9	1:-:11	1:-:3	0:-:4	2:-:1	1:-:0
1	10	12	5	2:+:11	1:+:9	1:+:15	1:-:5	0:-:10
1	11	12	12	1:+:17	2:+:8	1:+:2	2:+:7	1:+:1	1:-:20	0:-:16	0:-:7	2:-:4	0:-:1	1:-:13	2:-:6
1	11	13	4	0:+:14	2:+:2	2:-:2	0:-:12
1	11	14	2	0:+:12	0:-:13
1	12	13	16	1:+:20	0:+:16	0:+:7	2:+:4	0:+:1	1:+:13	0:+:8	1:+:5	0:+:10	1:-:17	2:-:12	2:-:8	1:-:10	1:-:2	1:-:16	1:-:1
1	12	14	2	2:+:6	2:-:6
1	13	14	16	2:+:2	0:+:12	2:+:12	2:+:8	1:+:10	1:+:2	1:+:16	1:+:1	1:-:20	0:-:16	0:-:15	2:-:3	0:-:7	2:-:4	0:-:1	0:-:8
1	13	15	4	1:+:17	1:-:12	1:-:4	0:-:9
1	14	15	29	2:+:18	1:+:19	0:+:6	0:+:0	2:+:5	2:+:17	2:+:16	2:+:15	2:+:14	1:+:7	0:+:2	2:+:10	1:+:8	1:+:14	0:+:3	2:+:0	2:+:11	1:+:9	1:+:15	0:-:5	2:-:13	1:-:6	2:-:9	1:-:11	1:-:3	0:-:4	2:-:1	0:-:11	1:-:0
2	0	1	25	2:+:18	2:+:17	1:+:18	2:+:16	2:+:15	2:+:14	1:+:7	0:+:2	2:+:10	1:+:8	1:+:14	0:+:3	2:+:0	2:+:11	1:+:9	1:+:15	1:-:12	1:-:4	0:-:9	0:-:5	1:-:6	0:-:4	2:-:1	0:-:11	1:-:0
2	0	2	6	1:+:19	0:+:6	0:+:0	2:+:5	2:-:8	1:-:2
2	0	4	1	1:-:8
2	0	5	1	2:-:9
2	1	2	12	0:+:16	0:+:15	2:+:3	2:+:4	1:+:13	0:+:13	0:-:14	2:-:2	0:-:12	1:-:17	2:-:7	1:-:1
2	1	3	3	0:+:8	1:+:5	0:+:10
2	1	4	1	1:-:14
2	2	3	17	1:+:12	1:+:4	0:+:5	2:+:13	2:+:9	2:+:1	1:+:0	0:-:6	0:-:0	2:-:5	1:-:18	2:-:14	1:-:7	0:-:2	2:-:10	1:-:14	2:-:0
2	2	4	7	1:+:11	1:+:3	2:-:17	1:-:18	2:-:16	2:-:15	0:-:2
2	2	5	3	0:+:4	2:-:13	1:-:6
2	3	4	16	0:+:9	1:+:11	1:+:3	0:+:4	2:+:1	0:+:11	1:+:0	2:-:18	1:-:19	0:-:0	2:-:5	0:-:3	2:-:0	2:-:11	1:-:9	1:-:15
2	3	5	4	2:+:13	1:+:6	2:+:9	0:-:5
2	4	5	21	2:+:18	1:+:19	0:+:0	2:+:5	2:+:17	1:+:18	2:+:16	2:+:15	0:+:2	1:+:8	1:+:14	2:+:11	1:+:9	1:+:15	1:-:12	1:-:4	0:-:9	1:-:11	1:-:3	0:-:11	1:-:0
2	4	6	2	2:+:0	2:-:0
2	4	7	2	0:+:3	0:-:2
2	5	6	18	1:+:12	1:+:4	0:+:9	0:+:5	2:+:13	1:+:6	2:+:9	0:+:11	1:+:0	0:-:6	0:-:0	2:-:5	1:-:18	2:-:14	1:-:7	0:-:2	2:-:10	1:-:14
2	5	7	8	2:-:17	2:-:16	2:-:15	2:-:14	1:-:7	2:-:10	1:-:8	1:-:14
2	5	8	3	1:+:11	1:+:3	1:-:17
2	6	7	19	2:+:13	1:+:6	2:+:9	1:+:11	1:+:3	0:+:4	2:+:1	0:+:11	1:+:0	2:-:18	1:-:19	0:-:6	0:-:0	2:-:5	0:-:3	2:-:0	2:-:11	1:-:9	1:-:15
2	6	8	1	0:+:9
2	7	8	16	1:+:20	0:+:16	0:+:15	2:+:3	0:+:7	2:+:4	0:+:1	0:+:8	2:-:2	0:-:12	2:-:12	2:-:8	1:-:10	1:-:2	1:-:16	1:-:1
2	7	9	3	0:+:13	0:-:13	2:-:6
2	7	10	1	2:+:6
2	8	9	15	2:+:2	0:+:12	1:+:17	2:+:12	2:+:8	1:+:10	1:+:2	1:-:20	0:-:15	2:-:3	0:-:7	0:-:1	1:-:13	1:-:5	0:-:10
2	8	10	4	1:+:1	0:-:15	2:-:3	0:-:7
2	8	11	1	1:+:16
2	9	10	15	0:+:14	2:+:2	0:+:12	2:+:12	1:+:10	1:+:16	2:+:7	1:+:1	1:-:20	0:-:16	2:-:4	0:-:1	0:-:8	0:-:13	2:-:6
2	9	11	2	1:-:12	1:-:4
2	9	12	1	0:-:8
2	10	11	24	2:+:18	1:+:19	0:+:6	0:+:0	2:+:5	2:+:17	2:+:16	2:+:15	2:+:14	1:+:7	0:+:2	2:+:10	1:+:8	1:+:14	0:+:3	2:+:0	0:-:5	2:-:13	2:-:9	1:-:11	1:-:3	0:-:4	2:-:1	1:-:0
2	10	12	5	2:+:11	1:+:9	1:+:15	1:-:5	0:-:10
2	11	12	12	1:+:17	2:+:8	1:+:2	2:+:7	1:+:1	1:-:20	0:-:16	0:-:7	2:-:4	0:-:1	1:-:13	2:-:6
2	11	13	4	0:+:14	2:+:2	0:+:12	0:-:14
2	11	14	1	2:-:1
2	11	15	1	0:-:10
2	12	13	14	1:+:20	0:+:16	0:+:7	0:+:8	1:+:5	0:+:10	2:+:6	1:-:17	2:-:12	2:-:8	1:-:10	1:-:2	1:-:16	2:-:7
2	12	14	4	2:+:4	0:+:1	1:+:13	1:-:0
2	13	14	22	2:+:18	1:+:19	0:+:6	0:+:0	2:+:17	1:+:18	2:+:16	2:+:15	2:+:14	1:+:7	2:+:10	1:+:8	0:+:3	2:+:0	1:-:12	1:-:4	0:-:5	2:-:13	2:-:9	1:-:11	1:-:3	0:-:4
2	13	15	5	2:+:11	1:+:9	1:+:15	0:-:8	1:-:5
2	14	15	18	0:+:14	2:+:2	0:+:12	1:+:17	2:+:8	1:+:2	2:+:7	1:+:1	1:-:20	0:-:16	0:-:15	2:-:3	0:-:7	2:-:4	0:-:1	1:-:13	0:-:13	2:-:6
3	0	1	29	0:+:5	2:+:13	1:+:6	2:+:9	1:+:11	1:+:3	0:+:4	2:+:1	0:+:11	1:+:0	2:-:18	1:-:19	0:-:6	0:-:0	2:-:5	2:-:17	2:-:16	2:-:15	2:-:14	1:-:7	0:-:2	2:-:10	1:-:8	1:-:14	0:-:3	2:-:0	2:-:11	1:-:9	1:-:15
3	0	2	4	1:+:12	1:+:4	0:+:9	1:-:17
3	1	2	16	1:+:20	0:+:16	0:+:15	2:+:3	0:+:7	2:+:4	0:+:1	0:+:8	2:-:2	0:-:12	2:-:12	2:-:8	1:-:10	1:-:2	1:-:16	1:-:1
3	1	3	3	0:+:13	2:+:6	0:-:13
3	1	5	1	2:-:4
3	2	3	13	2:+:2	0:+:12	1:+:17	1:+:16	1:+:1	0:-:16	0:-:15	2:-:3	2:-:4	1:-:13	0:-:8	1:-:5	0:-:10
3	2	4	7	2:+:12	2:+:8	1:+:10	1:+:2	1:-:19	0:-:6	0:-:0
3	3	4	20	1:+:12	1:+:4	0:+:9	0:+:5	1:+:6	0:+:4	2:-:18	2:-:17	1:-:18	2:-:16	2:-:15	2:-:14	1:-:7	2:-:10	1:-:8	0:-:3	2:-:0	2:-:11	1:-:9	1:-:15
3	3	5	4	2:+:1	0:+:11	1:+:0	1:-:13
3	3	6	1	0:-:0
3	4	5	11	0:+:14	1:+:17	1:+:16	2:+:7	0:-:16	0:-:15	2:-:3	0:-:8	1:-:5	0:-:10	0:-:13
3	4	6	4	1:+:10	1:+:2	1:-:19	2:-:5
3	4	7	3	2:+:12	2:+:8	0:-:5
3	5	6	20	1:+:12	1:+:4	0:+:9	0:+:4	2:+:1	0:+:11	1:+:0	2:-:18	2:-:17	1:-:18	2:-:16	2:-:15	0:-:2	1:-:8	1:-:14	0:-:3	2:-:0	2:-:11	1:-:9	1:-:15
3	5	7	2	1:+:6	1:-:6
3	5	8	3	0:+:5	2:-:12	2:-:8
3	6	7	20	2:+:18	2:+:17	1:+:18	2:+:16	2:+:15	0:+:2	1:+:8	1:+:14	0:+:3	2:+:0	2:+:11	1:+:9	1:+:15	1:-:12	1:-:4	0:-:9	0:-:4	2:-:1	0:-:11	1:-:0
3	6	8	4	1:+:19	2:+:5	1:-:10	1:-:2
3	6	9	1	0:+:0
3	7	8	11	0:+:16	0:+:15	2:+:3	0:+:8	1:+:5	0:+:10	0:+:13	0:-:14	1:-:17	1:-:16	2:-:7
3	7	9	4	2:+:4	1:+:13	0:-:11	1:-:0
3	7	10	1	2:-:0
3	8	9	24	2:+:18	1:+:19	0:+:6	0:+:0	2:+:17	1:+:18	2:+:16	2:+:15	2:+:14	1:+:7	2:+:10	1:+:8	2:+:11	1:+:9	1:+:15	1:-:12	1:-:4	0:-:9	0:-:5	2:-:13	1:-:6	2:-:9	1:-:11	1:-:3
3	8	10	2	0:+:3	0:-:3
3	8	11	1	2:+:0
3	9	10	24	1:+:12	1:+:4	0:+:9	0:+:5	2:+:13	1:+:6	2:+:9	1:+:11	1:+:3	2:-:18	1:-:19	0:-:6	0:-:0	2:-:17	1:-:18	2:-:16	2:-:15	2:-:14	1:-:7	2:-:10	1:-:8	2:-:11	1:-:9	1:-:15
3	9	11	3	0:+:11	0:-:1	1:-:13
3	9	12	2	1:+:0	2:-:3
3	10	11	14	0:+:14	1:+:17	2:+:12	2:+:8	1:+:10	1:+:2	1:-:20	0:-:15	2:-:3	0:-:7	1:-:5	0:-:10	0:-:13	2:-:6
3	10	12	3	2:+:7	0:-:15	0:-:7
3	10	13	1	1:+:16
3	11	12	15	0:+:14	2:+:2	0:+:12	2:+:12	1:+:10	1:+:16	2:+:7	1:+:1	1:-:20	0:-:16	2:-:4	0:-:1	0:-:8	0:-:13	2:-:6
3	11	13	2	1:-:12	1:-:4
3	11	14	1	0:-:8
3	12	13	24	2:+:18	1:+:19	0:+:6	0:+:0	2:+:5	2:+:17	2:+:16	2:+:15	2:+:14	1:+:7	0:+:2	2:+:10	1:+:8	1:+:14	0:+:3	2:+:0	0:-:5	2:-:13	2:-:9	1:-:11	1:-:3	0:-:4	2:-:1	1:-:0
3	12	14	3	2:+:11	1:+:9	1:+:15
3	12	15	2	1:-:4	0:-:9
3	13	14	16	0:+:14	2:+:2	0:+:12	2:+:8	1:+:2	2:+:7	1:+:1	1:-:20	0:-:16	0:-:15	2:-:3	0:-:7	2:-:4	0:-:1	0:-:13	2:-:6
3	13	15	2	1:+:17	1:-:12
3	14	15	29	2:+:18	1:+:19	0:+:6	0:+:0	2:+:5	2:+:17	2:+:16	2:+:15	2:+:14	1:+:7	0:+:2	2:+:10	1:+:8	1:+:14	0:+:3	2:+:0	2:+:11	1:+:9	1:+:15	0:-:5	2:-:13	1:-:6	2:-:9	1:-:11	1:-:3	0:-:4	2:-:1	0:-:11	1:-:0
4	0	1	18	0:+:14	2:+:2	0:+:12	1:+:17	2:+:12	2:+:8	1:+:10	1:+:2	1:-:20	0:-:15	2:-:3	0:-:7	0:-:1	1:-:13	1:-:5	0:-:10	0:-:13	2:-:6
4	0	2	5	2:+:7	1:+:1	0:-:15	2:-:3	0:-:7
4	0	3	1	1:+:16
4	1	2	15	0:+:14	2:+:2	0:+:12	2:+:12	1:+:10	1:+:16	2:+:7	1:+:1	1:-:20	0:-:16	2:-:4	0:-:1	0:-:8	0:-:13	2:-:6
4	1	3	3	1:-:12	1:-:4	0:-:9
4	2	3	25	2:+:18	1:+:19	0:+:6	0:+:0	2:+:5	2:+:17	2:+:16	2:+:15	2:+:14	1:+:7	0:+:2	2:+:10	1:+:8	1:+:14	2:+:11	1:+:9	1:+:15	0:-:5	2:-:13	1:-:6	2:-:9	1:-:11	1:-:3	0:-:11	1:-:0
4	2	4	4	0:+:3	2:+:0	0:-:3	2:-:0
4	3	4	25	0:+:5	2:+:13	1:+:6	2:+:9	1:+:11	1:+:3	0:+:11	1:+:0	2:-:18	1:-:19	0:-:6	0:-:0	2:-:5	2:-:17	2:-:16	2:-:15	2:-:14	1:-:7	0:-:2	2:-:10	1:-:8	1:-:14	2:-:11	1:-:9	1:-:15
4	3	5	2	1:+:12	1:-:17
4	3	6	1	1:+:4
4	3	7	1	0:+:9
4	4	5	16	1:+:20	0:+:16	0:+:15	2:+:3	0:+:7	2:+:4	0:+:1	0:+:13	2:+:6	0:-:14	2:-:2	0:-:12	2:-:8	1:-:2	2:-:7	1:-:1
4	4	6	4	0:+:8	2:-:11	1:-:9	1:-:15
4	5	6	22	1:+:12	1:+:4	0:+:5	2:+:13	2:+:9	1:+:11	1:+:3	0:+:4	2:-:18	1:-:19	0:-:6	0:-:0	2:-:17	1:-:18	2:-:16	2:-:15	2:-:14	1:-:7	2:-:10	1:-:8	0:-:3	2:-:0
4	5	7	4	2:+:1	1:+:0	2:-:4	0:-:1
4	5	8	1	1:-:12
4	6	7	15	0:+:14	2:+:12	2:+:8	1:+:10	1:+:2	1:+:16	2:+:7	1:-:20	0:-:16	0:-:15	2:-:3	0:-:7	0:-:8	0:-:13	2:-:6
4	6	8	2	1:+:17	1:-:4
4	6	9	1	0:-:8
4	7	8	24	2:+:18	1:+:19	0:+:6	0:+:0	2:+:5	2:+:17	2:+:16	2:+:15	2:+:14	1:+:7	0:+:2	2:+:10	1:+:8	1:+:14	0:+:3	2:+:0	0:-:5	2:-:13	2:-:9	1:-:11	1:-:3	0:-:4	2:-:1	1:-:0
4	7	9	3	1:+:15	1:-:5	0:-:10
4	7	10	2	2:+:11	1:+:9
4	8	9	12	0:+:14	2:+:2	0:+:12	1:+:17	2:+:7	1:+:1	0:-:16	0:-:15	2:-:3	2:-:4	1:-:13	0:-:13
4	8	10	5	2:+:8	1:+:2	1:-:19	0:-:6	0:-:0
4	8	11	1	2:-:4
4	9	10	20	1:+:12	1:+:4	0:+:9	0:+:5	1:+:6	0:+:4	2:-:18	2:-:17	1:-:18	2:-:16	2:-:15	2:-:14	1:-:7	2:-:10	1:-:8	0:-:3	2:-:0	2:-:11	1:-:9	1:-:15
4	9	11	4	2:+:1	0:+:11	1:+:0	1:-:13
4	9	12	1	0:-:0
4	10	11	11	0:+:14	1:+:17	1:+:16	2:+:7	0:-:16	0:-:15	2:-:3	0:-:8	1:-:5	0:-:10	0:-:13
4	10	12	6	2:+:12	2:+:8	1:+:10	1:+:2	1:-:19	0:-:6
4	10	13	1	2:-:4
4	11	12	20	1:+:12	1:+:4	0:+:9	0:+:5	1:+:6	0:+:4	2:-:18	2:-:17	1:-:18	2:-:16	2:-:15	2:-:14	1:-:7	2:-:10	1:-:8	0:-:3	2:-:0	2:-:11	1:-:9	1:-:15
4	11	13	3	1:+:0	0:-:1	1:-:13
4	11	14	1	2:+:1
4	11	15	1	0:+:11
4	12	13	14	1:+:17	2:+:12	2:+:8	1:+:10	1:+:2	1:+:16	2:+:7	1:-:20	0:-:16	0:-:7	0:-:8	1:-:5	0:-:10	2:-:6
4	12	14	3	0:+:14	2:-:2	0:-:12
4	12	15	1	0:-:13
4	13	14	16	1:+:20	0:+:16	0:+:7	2:+:4	0:+:1	1:+:13	0:+:8	1:+:5	0:+:10	1:-:17	2:-:12	2:-:8	1:-:10	1:-:2	1:-:16	1:-:1
4	13	15	2	2:+:6	2:-:6
4	14	15	20	2:+:2	0:+:12	1:+:17	2:+:12	2:+:8	1:+:10	1:+:2	1:+:16	1:+:1	1:-:20	0:-:16	0:-:15	2:-:3	0:-:7	2:-:4	0:-:1	1:-:13	0:-:8	1:-:5	0:-:10
