0	0	3	3	3	2:+:2	1:-:1	2:-:14
0	1	4	1	1	0:+:22
0	2	7	1	1	2:-:6
0	5	10	1	1	1:+:0
0	6	13	1	1	2:+:14
0	11	15	1	1	1:+:0
1	0	4	1	1	0:+:22
1	4	8	1	1	0:+:9
1	6	9	1	1	2:+:4
1	8	11	1	1	1:-:5
1	9	12	2	2	1:+:2	2:+:15
1	11	14	3	3	2:+:0	2:+:18	1:-:0
1	12	15	3	3	2:-:18	1:+:0	2:-:0
2	0	2	6	6	2:+:3	2:+:0	1:-:1	2:-:14	2:+:18	0:+:22
2	1	4	1	1	0:+:12
2	4	8	1	1	0:+:8
2	5	10	1	1	0:+:13
2	7	11	1	1	2:+:6
2	10	13	1	1	0:+:22
2	11	15	1	1	2:+:11
3	0	3	2	2	2:+:17	0:+:21
3	2	5	4	4	1:+:3	0:-:17	2:+:8	2:-:11
3	3	7	1	1	0:-:21
3	7	12	1	1	0:-:10
3	10	13	1	1	1:+:5
3	11	14	1	1	1:+:4
3	12	15	2	2	0:-:13	0:-:9
4	0	3	3	3	2:-:18	1:+:0	2:-:0
4	3	5	6	6	2:+:3	2:+:0	1:-:1	2:-:14	2:+:18	0:+:22
4	4	6	7	7	1:+:3	0:+:12	0:-:18	2:+:8	0:+:20	2:+:16	2:-:12
4	5	7	6	6	2:+:3	2:+:0	1:-:1	2:-:14	2:+:18	0:+:22
4	6	10	1	1	0:+:12
4	8	12	1	1	1:+:2
4	10	13	1	1	0:-:22
4	11	15	2	2	1:+:1	2:+:14
