0	0	4	1	1	0:+:11
0	2	5	1	1	1:+:7
0	5	8	5	5	2:+:2	0:-:7	1:-:15	1:-:4	0:-:2
0	7	11	1	1	0:-:0
0	10	14	1	1	1:+:8
0	11	15	1	1	0:-:16
1	0	3	2	2	1:+:0	2:+:5
1	1	4	1	1	0:-:4
1	2	5	1	1	1:-:8
1	4	6	7	7	1:+:15	1:-:18	1:+:4	2:-:3	1:+:11	0:+:2	0:+:7
1	5	7	7	7	1:+:15	1:-:18	1:+:4	2:-:3	1:+:11	0:+:2	0:+:7
1	6	8	6	6	2:+:0	1:+:7	2:-:0	0:-:13	0:+:13	1:-:7
1	7	9	7	7	1:+:18	2:+:3	1:-:4	0:-:2	1:-:11	1:-:15	0:-:7
1	8	11	1	1	2:-:4
1	9	13	1	1	2:+:8
1	10	14	2	2	1:+:5	2:-:0
1	12	15	3	3	2:+:0	0:+:13	1:-:6
2	0	3	3	3	1:+:6	2:-:0	0:-:13
2	2	5	3	3	1:+:18	1:-:14	0:-:6
2	3	6	1	1	0:+:12
2	4	8	1	1	0:-:11
2	5	9	1	1	1:-:12
2	7	10	2	2	1:-:0	2:-:5
2	8	14	1	1	1:+:8
2	13	15	3	3	1:+:0	2:+:5	1:-:8
3	0	2	3	3	1:-:0	1:+:8	2:-:5
3	1	6	1	1	0:+:9
3	4	7	3	3	1:+:19	1:-:13	0:-:11
3	5	9	1	1	0:-:14
3	6	10	1	1	0:-:16
3	8	12	1	1	0:+:8
3	10	13	3	3	0:+:17	1:-:9	0:+:14
3	12	14	4	4	0:+:18	1:-:9	0:+:15	0:-:4
3	13	15	4	4	0:+:18	1:-:9	0:+:15	0:-:4
4	0	3	1	1	1:-:8
4	2	6	1	1	0:+:2
4	5	7	4	4	0:-:18	0:-:15	0:+:4	1:+:9
4	6	8	4	4	0:-:18	0:-:15	0:+:4	1:+:9
4	7	9	4	4	0:-:18	0:-:15	0:+:4	1:+:9
4	9	12	2	2	1:+:0	2:+:5
4	10	13	1	1	0:-:4
4	12	14	4	4	1:+:2	1:-:2	2:+:7	2:-:7
4	13	15	4	4	0:-:18	0:-:15	0:+:4	1:+:9
