0	0	1	15	1:+:18	1:+:9	0:+:7	1:+:6	2:+:11	0:+:3	2:+:13	1:+:1	2:+:9	1:-:4	0:-:13	1:-:11	0:-:5	1:-:17	0:-:2
0	0	3	1	1:-:3
0	1	2	9	1:+:18	0:+:3	2:+:13	1:+:1	2:+:9	0:-:13	1:-:11	1:-:5	0:-:2
0	1	3	6	1:+:9	0:+:7	1:+:6	2:+:11	0:-:4	1:-:16
0	2	3	19	0:+:12	0:+:1	0:+:0	0:+:9	2:+:0	1:+:8	1:+:0	2:-:15	0:-:14	2:-:6	2:-:14	1:-:2	1:-:15	2:-:5	1:-:14	1:-:13	1:-:12	0:-:6	2:-:10
0	2	4	5	0:+:10	2:+:1	2:+:7	2:-:3	2:-:7
0	2	5	1	2:-:0
0	2	6	1	0:-:8
0	2	7	1	2:+:3
0	3	4	16	2:+:15	0:+:14	1:+:3	0:+:4	1:+:16	2:+:6	0:+:6	2:+:10	0:-:12	1:-:10	0:-:0	0:-:8	2:-:0	1:-:7	2:-:12	1:-:0
0	3	5	7	2:+:14	1:+:2	1:+:15	2:+:5	0:-:0	0:-:8	1:-:7
0	3	6	3	1:+:14	1:+:13	1:+:12
0	4	5	13	0:+:14	0:+:4	0:+:11	2:+:2	0:+:6	2:+:10	2:+:8	0:-:12	1:-:10	2:-:3	2:-:7	2:-:12	1:-:0
0	4	6	8	2:+:14	1:+:2	2:+:4	1:+:12	0:-:0	0:-:9	2:-:0	1:-:7
0	5	6	16	0:+:14	0:+:4	2:+:14	1:+:2	2:+:4	1:+:12	0:+:6	2:+:10	2:+:8	1:-:10	0:-:1	0:-:10	2:-:1	1:-:8	2:-:12	1:-:0
0	5	7	5	0:+:11	2:+:2	0:-:11	2:-:2	2:-:6
0	6	7	22	1:+:10	0:+:1	0:+:0	0:+:8	0:+:9	2:+:0	1:+:7	0:+:10	2:+:1	2:-:15	1:-:3	0:-:4	1:-:16	2:-:14	1:-:2	1:-:15	2:-:5	1:-:14	2:-:4	1:-:13	2:-:10	2:-:8
0	6	8	6	1:+:8	2:+:12	1:+:0	0:-:13	1:-:11	0:-:5
0	7	8	10	1:+:18	0:+:7	1:+:6	2:+:11	0:+:3	2:+:9	1:-:4	1:-:17	1:-:5	0:-:2
0	8	9	10	1:+:4	1:+:17	1:+:5	0:+:2	1:-:18	0:-:7	1:-:6	2:-:11	0:-:3	2:-:9
0	8	10	4	0:+:13	0:+:5	2:-:12	1:-:0
0	8	11	1	1:-:7
0	8	12	1	1:+:11
0	9	10	17	2:+:15	1:+:3	0:+:4	1:+:16	0:+:11	2:+:2	2:+:6	2:+:10	2:+:8	0:-:12	1:-:10	0:-:0	0:-:8	2:-:0	1:-:7	2:-:3	2:-:7
0	9	11	7	2:+:14	1:+:2	1:+:15	2:+:5	0:-:0	0:-:8	2:-:0
0	9	12	4	1:+:14	2:+:4	1:+:13	0:-:8
0	10	11	13	0:+:14	0:+:4	0:+:11	2:+:2	0:+:6	2:+:10	2:+:8	0:-:12	1:-:10	2:-:3	2:-:7	2:-:12	1:-:0
0	10	12	8	2:+:14	1:+:2	2:+:4	1:+:12	0:-:0	0:-:9	2:-:0	1:-:7
0	11	12	18	0:+:14	0:+:4	0:+:11	2:+:2	2:+:14	1:+:2	2:+:4	1:+:12	0:-:12	1:-:10	0:-:1	0:-:10	2:-:1	2:-:3	2:-:7	1:-:8	2:-:12	1:-:0
0	11	13	1	2:+:8
0	11	14	2	0:+:6	2:+:10
0	12	13	8	1:+:18	0:+:3	2:+:13	1:+:1	0:-:13	1:-:11	1:-:5	0:-:2
0	12	14	5	1:+:9	1:+:6	1:-:3	0:-:4	1:-:16
0	13	14	19	0:+:12	0:+:1	0:+:0	0:+:9	2:+:0	1:+:8	1:+:0	2:-:15	0:-:14	2:-:6	2:-:14	1:-:2	1:-:15	2:-:5	1:-:14	1:-:13	1:-:12	0:-:6	2:-:10
0	13	15	8	0:+:10	2:+:1	2:+:3	2:+:7	0:-:10	2:-:1	2:-:3	2:-:7
0	14	15	26	2:+:15	0:+:14	1:+:3	0:+:4	1:+:16	2:+:6	2:+:14	1:+:2	1:+:15	2:+:5	1:+:14	1:+:13	1:+:12	0:+:6	2:+:10	0:-:12	1:-:10	0:-:1	0:-:0	0:-:8	0:-:9	2:-:0	1:-:7	1:-:8	2:-:12	1:-:0
1	0	1	26	0:+:12	1:+:10	0:+:1	0:+:0	0:+:8	0:+:9	2:+:0	1:+:7	1:+:8	2:+:12	1:+:0	2:-:15	0:-:14	1:-:3	0:-:4	1:-:16	2:-:6	2:-:14	1:-:2	1:-:15	2:-:5	1:-:14	1:-:13	1:-:12	0:-:6	2:-:10
1	0	2	8	0:+:10	2:+:1	2:+:3	2:+:7	0:-:10	2:-:1	2:-:3	2:-:7
1	1	2	19	2:+:15	0:+:14	2:+:6	2:+:14	1:+:2	1:+:15	2:+:5	1:+:14	1:+:13	1:+:12	0:+:6	2:+:10	0:-:12	0:-:1	0:-:0	0:-:9	2:-:0	1:-:8	1:-:0
1	1	3	5	1:+:3	0:+:4	1:+:16	1:-:9	1:-:6
1	1	4	1	0:-:6
1	1	5	1	2:-:9
1	2	3	8	0:+:13	1:+:11	1:+:5	0:+:2	1:-:18	0:-:3	2:-:13	1:-:1
1	2	4	1	2:-:8
1	3	4	25	0:+:0	0:+:8	0:+:9	2:+:0	1:+:7	0:+:10	2:+:1	2:+:3	2:+:7	1:+:8	2:+:12	1:+:0	2:-:15	0:-:14	1:-:3	1:-:16	0:-:11	2:-:2	2:-:6	1:-:15	2:-:5	1:-:14	2:-:4	1:-:13	1:-:12
1	3	5	6	0:+:12	1:+:10	0:+:1	0:-:3	2:-:13	1:-:1
1	4	5	8	0:+:5	1:+:17	1:+:5	1:-:18	1:-:9	0:-:7	1:-:6	2:-:11
1	4	6	1	1:+:4
1	5	6	14	0:+:13	1:+:11	0:+:5	1:+:17	0:+:2	1:-:18	1:-:9	0:-:7	1:-:6	2:-:11	0:-:3	2:-:13	1:-:1	2:-:9
1	5	7	1	1:+:4
1	6	7	14	0:+:13	1:+:11	0:+:5	1:+:17	0:+:2	1:-:18	1:-:9	0:-:7	1:-:6	2:-:11	0:-:3	2:-:13	1:-:1	2:-:9
1	6	8	1	1:+:4
1	7	8	12	1:+:4	0:+:13	1:+:11	0:+:5	1:+:17	0:+:2	1:-:18	1:-:9	1:-:6	0:-:3	2:-:13	1:-:1
1	7	9	2	0:-:6	2:-:10
1	7	10	1	2:-:7
1	8	9	24	0:+:12	1:+:10	0:+:1	0:+:0	0:+:8	0:+:9	2:+:0	1:+:7	1:+:8	2:+:12	1:+:0	2:-:15	0:-:14	1:-:3	0:-:4	1:-:16	2:-:6	2:-:14	1:-:2	1:-:15	2:-:5	1:-:14	1:-:13	1:-:12
1	8	10	6	0:+:10	2:+:1	2:+:3	0:-:10	2:-:1	2:-:3
1	8	11	1	2:+:7
1	9	10	24	2:+:15	0:+:14	1:+:3	0:+:4	1:+:16	2:+:6	2:+:14	1:+:2	1:+:15	2:+:5	1:+:14	1:+:13	1:+:12	0:-:12	1:-:10	0:-:1	0:-:0	0:-:8	0:-:9	2:-:0	1:-:7	1:-:8	2:-:12	1:-:0
1	9	11	2	0:+:6	2:+:10
1	10	11	13	1:+:18	1:+:9	1:+:6	0:+:3	2:+:13	1:+:1	1:-:4	0:-:13	1:-:11	0:-:5	1:-:17	1:-:5	0:-:2
1	11	12	15	0:+:13	1:+:11	0:+:5	1:+:17	1:+:5	0:+:2	1:-:18	1:-:9	0:-:7	1:-:6	2:-:11	0:-:3	2:-:13	1:-:1	2:-:9
1	11	15	1	1:+:4
1	12	13	10	1:+:4	0:+:13	1:+:11	0:+:5	1:-:9	0:-:7	2:-:11	2:-:13	1:-:1	2:-:9
1	12	14	4	1:+:17	0:+:2	1:-:5	0:-:2
1	12	15	1	1:-:16
1	13	14	5	2:+:13	1:+:1	2:+:9	0:-:13	1:-:11
1	13	15	5	1:+:9	0:+:7	2:+:11	1:-:3	0:-:4
1	14	15	27	0:+:12	0:+:1	0:+:0	0:+:9	2:+:0	0:+:10	2:+:1	2:+:3	2:+:7	1:+:8	1:+:0	2:-:15	0:-:14	0:-:11	2:-:2	2:-:6	2:-:14	1:-:2	1:-:15	2:-:5	1:-:14	2:-:4	1:-:13	1:-:12	0:-:6	2:-:10	2:-:8
2	0	1	28	2:+:15	0:+:14	1:+:3	0:+:4	1:+:16	2:+:14	1:+:2	1:+:15	2:+:5	1:+:14	2:+:4	1:+:13	1:+:12	0:+:6	2:+:10	2:+:8	1:-:10	0:-:1	0:-:0	0:-:8	0:-:9	2:-:0	1:-:7	0:-:10	2:-:1	1:-:8	2:-:12	1:-:0
2	0	2	2	0:+:11	2:-:6
2	0	3	1	2:+:6
2	0	4	3	2:+:2	0:-:9	2:-:0
2	1	2	24	1:+:10	0:+:1	0:+:0	0:+:8	0:+:9	2:+:0	1:+:7	1:+:8	2:+:12	1:+:0	2:-:15	0:-:14	1:-:3	0:-:4	1:-:16	2:-:14	1:-:2	1:-:15	2:-:5	1:-:14	1:-:13	1:-:12	0:-:6	2:-:10
2	1	3	4	0:+:10	2:+:1	2:-:3	2:-:7
2	2	3	16	2:+:15	0:+:14	1:+:3	0:+:4	1:+:16	2:+:6	0:+:6	2:+:10	0:-:12	1:-:10	0:-:0	0:-:8	2:-:0	1:-:7	2:-:12	1:-:0
2	2	4	10	2:+:14	1:+:2	1:+:15	2:+:5	1:+:14	1:+:13	1:+:12	0:-:0	0:-:8	1:-:7
2	3	4	18	0:+:14	0:+:4	0:+:11	2:+:2	2:+:14	1:+:2	2:+:4	1:+:12	0:-:12	1:-:10	0:-:1	0:-:10	2:-:1	2:-:3	2:-:7	1:-:8	2:-:12	1:-:0
2	3	5	2	0:+:6	2:+:10
2	3	6	1	2:+:8
2	4	5	7	1:+:18	1:+:9	1:+:6	1:-:4	0:-:5	1:-:17	1:-:5
2	4	6	5	0:+:3	2:+:13	1:+:1	1:-:10	0:-:1
2	4	7	1	0:-:11
2	5	6	22	2:+:15	0:+:14	1:+:3	1:+:16	1:+:15	2:+:5	1:+:14	2:+:4	1:+:13	1:+:12	0:+:6	2:+:8	0:-:0	0:-:8	0:-:9	2:-:0	1:-:7	0:-:10	2:-:1	1:-:8	2:-:12	1:-:0
2	5	7	4	0:+:11	2:+:2	2:+:6	2:-:2
2	5	8	1	2:-:5
2	6	7	16	1:+:10	0:+:1	0:+:10	2:+:1	1:+:8	2:+:12	1:+:0	0:-:14	0:-:4	2:-:14	1:-:2	2:-:4	1:-:12	0:-:6	2:-:10	2:-:8
2	6	8	9	0:+:0	0:+:8	1:+:7	2:-:14	1:-:2	1:-:15	1:-:14	1:-:13	1:-:12
2	6	9	3	0:+:9	2:+:0	2:-:3
2	7	8	16	0:+:12	1:+:10	0:+:0	0:+:8	2:+:0	1:+:7	2:+:12	1:+:0	2:-:15	0:-:14	1:-:3	0:-:4	1:-:16	2:-:6	0:-:6	2:-:10
2	7	9	2	2:+:7	2:-:7
2	7	10	1	2:-:0
2	7	11	1	0:-:8
2	7	12	1	2:+:3
2	8	9	16	2:+:15	0:+:14	1:+:3	0:+:4	1:+:16	2:+:6	0:+:6	2:+:10	0:-:12	1:-:10	0:-:0	0:-:8	2:-:0	1:-:7	2:-:12	1:-:0
2	8	10	7	2:+:14	1:+:2	1:+:15	2:+:5	0:-:0	0:-:8	1:-:7
2	8	11	3	1:+:14	1:+:13	1:+:12
2	9	10	13	0:+:14	0:+:4	0:+:11	2:+:2	0:+:6	2:+:10	2:+:8	0:-:12	1:-:10	2:-:3	2:-:7	2:-:12	1:-:0
2	9	11	8	2:+:14	1:+:2	2:+:4	1:+:12	0:-:0	0:-:9	2:-:0	1:-:7
2	10	11	16	0:+:14	0:+:4	2:+:14	1:+:2	2:+:4	1:+:12	0:+:6	2:+:10	2:+:8	1:-:10	0:-:1	0:-:10	2:-:1	1:-:8	2:-:12	1:-:0
2	10	12	5	0:+:11	2:+:2	0:-:11	2:-:2	2:-:6
2	11	12	22	1:+:10	0:+:1	0:+:0	0:+:8	0:+:9	2:+:0	1:+:7	0:+:10	2:+:1	2:-:15	1:-:3	0:-:4	1:-:16	2:-:14	1:-:2	1:-:15	2:-:5	1:-:14	2:-:4	1:-:13	2:-:10	2:-:8
2	11	13	6	1:+:8	2:+:12	1:+:0	0:-:13	1:-:11	0:-:5
2	12	13	9	1:+:18	0:+:7	1:+:6	2:+:11	0:+:3	2:+:9	1:-:4	1:-:17	0:-:2
2	12	15	1	1:-:3
2	13	14	9	1:+:18	0:+:3	2:+:13	1:+:1	2:+:9	0:-:13	1:-:11	1:-:5	0:-:2
2	13	15	6	1:+:9	0:+:7	1:+:6	2:+:11	0:-:4	1:-:16
2	14	15	27	0:+:12	0:+:1	0:+:0	0:+:9	2:+:0	0:+:10	2:+:1	2:+:3	2:+:7	1:+:8	1:+:0	2:-:15	0:-:14	0:-:11	2:-:2	2:-:6	2:-:14	1:-:2	1:-:15	2:-:5	1:-:14	2:-:4	1:-:13	1:-:12	0:-:6	2:-:10	2:-:8
3	0	1	27	2:+:15	0:+:14	0:+:11	2:+:2	2:+:6	2:+:14	1:+:2	1:+:15	2:+:5	1:+:14	2:+:4	1:+:13	1:+:12	0:+:6	2:+:10	2:+:8	0:-:12	0:-:1	0:-:0	0:-:9	2:-:0	0:-:10	2:-:1	2:-:3	2:-:7	1:-:8	1:-:0
3	0	2	5	1:+:3	0:+:4	1:+:16	1:-:9	1:-:6
3	0	3	2	0:-:6	2:-:10
3	1	2	8	0:+:13	1:+:11	1:+:5	0:+:2	1:-:18	0:-:3	2:-:13	1:-:1
3	1	4	1	2:-:7
3	2	3	24	0:+:12	1:+:10	0:+:1	0:+:0	0:+:8	0:+:9	2:+:0	1:+:7	1:+:8	2:+:12	1:+:0	2:-:15	0:-:14	1:-:3	0:-:4	1:-:16	2:-:6	2:-:14	1:-:2	1:-:15	2:-:5	1:-:14	1:-:13	1:-:12
3	2	4	7	0:+:10	2:+:1	2:+:3	2:+:7	0:-:10	2:-:1	2:-:3
3	3	4	19	2:+:15	0:+:14	2:+:6	2:+:14	1:+:2	1:+:15	2:+:5	1:+:14	1:+:13	1:+:12	0:+:6	2:+:10	0:-:12	0:-:1	0:-:0	0:-:9	2:-:0	1:-:8	1:-:0
3	3	5	5	1:+:3	0:+:4	1:+:16	1:-:9	1:-:6
3	3	6	2	0:-:6	2:-:10
3	4	5	8	0:+:13	1:+:11	1:+:5	0:+:2	1:-:18	0:-:3	2:-:13	1:-:1
3	4	6	1	2:-:8
3	5	6	18	0:+:12	1:+:10	0:+:1	0:+:10	2:+:1	2:+:3	2:+:7	1:+:8	2:+:12	1:+:0	0:-:14	0:-:4	0:-:11	2:-:2	2:-:14	1:-:2	2:-:4	1:-:12
3	5	7	8	0:+:0	0:+:9	2:+:0	1:+:7	2:-:14	1:-:2	2:-:4	1:-:12
3	5	8	5	0:+:8	1:-:14	2:-:4	1:-:13	1:-:12
3	6	7	13	0:+:12	1:+:10	2:+:3	2:+:7	2:+:12	1:+:0	0:-:14	0:-:4	0:-:11	2:-:2	0:-:6	2:-:10	2:-:8
3	6	8	5	0:+:8	2:+:0	1:+:7	1:-:15	2:-:5
3	6	9	3	0:+:0	2:-:13	1:-:1
3	7	8	17	0:+:0	0:+:8	2:+:0	1:+:7	2:+:3	2:+:7	2:+:12	1:+:0	2:-:15	0:-:14	1:-:3	1:-:16	0:-:11	2:-:2	2:-:6	0:-:6	2:-:8
3	7	9	4	0:+:12	1:+:10	0:-:3	2:-:9
3	8	9	8	0:+:5	1:+:17	1:+:5	1:-:18	1:-:9	0:-:7	1:-:6	2:-:11
3	8	10	1	1:+:4
3	9	10	12	1:+:4	0:+:13	1:+:11	0:+:5	1:+:17	0:+:2	1:-:18	1:-:9	1:-:6	0:-:3	2:-:13	1:-:1
3	9	11	2	0:-:6	2:-:10
3	9	12	1	2:-:7
3	10	11	24	0:+:12	1:+:10	0:+:1	0:+:0	0:+:8	0:+:9	2:+:0	1:+:7	1:+:8	2:+:12	1:+:0	2:-:15	0:-:14	1:-:3	0:-:4	1:-:16	2:-:6	2:-:14	1:-:2	1:-:15	2:-:5	1:-:14	1:-:13	1:-:12
3	10	12	7	0:+:10	2:+:1	2:+:3	2:+:7	0:-:10	2:-:1	2:-:3
3	11	12	19	2:+:15	0:+:14	2:+:6	2:+:14	1:+:2	1:+:15	2:+:5	1:+:14	1:+:13	1:+:12	0:+:6	2:+:10	0:-:12	0:-:1	0:-:0	0:-:9	2:-:0	1:-:8	1:-:0
3	11	13	5	1:+:3	1:+:16	0:-:7	1:-:6	2:-:11
3	11	14	2	0:+:4	1:-:8
3	12	13	5	1:+:5	0:+:2	1:-:18	0:-:3	2:-:9
3	12	14	3	0:+:13	1:+:11	1:-:0
3	12	15	1	2:-:11
3	13	14	22	2:+:15	0:+:11	2:+:2	2:+:6	2:+:14	1:+:2	1:+:15	2:+:5	1:+:14	2:+:4	1:+:13	2:+:10	2:+:8	0:-:12	0:-:1	0:-:0	0:-:9	2:-:0	0:-:10	2:-:1	2:-:3	2:-:7
3	13	15	6	1:+:3	0:+:4	1:+:16	1:-:9	0:-:7	1:-:6
3	14	15	9	0:+:13	1:+:11	1:+:5	0:+:2	1:-:18	0:-:3	2:-:13	1:-:1	2:-:9
4	0	1	9	1:+:18	1:+:9	0:+:7	1:+:6	2:+:11	1:-:4	0:-:5	1:-:17	1:-:5
4	0	2	6	0:+:3	2:+:13	1:+:1	0:-:12	1:-:10	0:-:1
4	0	3	1	2:+:9
4	1	2	25	2:+:15	0:+:14	1:+:3	1:+:16	0:+:11	2:+:2	2:+:6	1:+:15	2:+:5	1:+:14	2:+:4	1:+:13	1:+:12	0:-:0	0:-:8	0:-:9	2:-:0	1:-:7	0:-:10	2:-:1	2:-:3	2:-:7	1:-:8	2:-:12	1:-:0
4	1	3	2	0:+:6	2:+:8
4	2	3	12	1:+:18	1:+:9	1:+:6	0:+:3	2:+:13	1:+:1	1:-:4	0:-:13	1:-:11	0:-:5	1:-:17	0:-:2
4	2	4	1	1:-:4
4	3	4	15	1:+:18	1:+:9	0:+:7	1:+:6	2:+:11	0:+:3	2:+:13	1:+:1	2:+:9	0:-:13	1:-:11	0:-:5	1:-:17	1:-:5	0:-:2
4	4	5	10	1:+:4	0:+:13	1:+:11	0:+:5	1:-:9	0:-:7	2:-:11	2:-:13	1:-:1	2:-:9
4	4	6	5	1:+:17	1:+:5	0:+:2	1:-:17	0:-:2
4	4	7	1	1:-:4
4	5	6	10	1:+:9	0:+:7	2:+:11	2:+:13	1:+:1	2:+:9	1:-:4	0:-:13	1:-:11	0:-:5
4	6	7	8	1:+:18	1:+:9	0:+:7	1:+:6	2:+:11	0:-:5	1:-:17	1:-:5
4	6	8	6	0:+:3	2:+:13	1:+:1	2:+:9	1:-:10	0:-:1
4	6	9	1	0:-:11
4	7	8	22	2:+:15	0:+:14	1:+:3	1:+:16	1:+:15	2:+:5	1:+:14	2:+:4	1:+:13	1:+:12	0:+:6	2:+:8	0:-:0	0:-:8	0:-:9	2:-:0	1:-:7	0:-:10	2:-:1	1:-:8	2:-:12	1:-:0
4	7	9	5	0:+:11	2:+:2	2:+:6	2:-:2	2:-:6
4	8	9	22	1:+:10	0:+:1	0:+:0	0:+:8	0:+:9	2:+:0	1:+:7	0:+:10	2:+:1	2:-:15	1:-:3	0:-:4	1:-:16	2:-:14	1:-:2	1:-:15	2:-:5	1:-:14	2:-:4	1:-:13	2:-:10	2:-:8
4	8	10	6	1:+:8	2:+:12	1:+:0	0:-:13	1:-:11	0:-:5
4	9	10	9	1:+:18	0:+:7	1:+:6	2:+:11	0:+:3	2:+:9	1:-:4	1:-:17	0:-:2
4	9	11	1	1:-:4
4	10	11	14	1:+:18	1:+:9	0:+:7	1:+:6	2:+:11	0:+:3	2:+:13	1:+:1	2:+:9	0:-:13	1:-:11	0:-:5	1:-:17	0:-:2
4	10	12	1	1:-:4
4	11	12	15	1:+:18	1:+:9	0:+:7	1:+:6	2:+:11	0:+:3	2:+:13	1:+:1	2:+:9	0:-:13	1:-:11	0:-:5	1:-:17	1:-:5	0:-:2
4	12	13	15	0:+:13	1:+:11	0:+:5	1:+:17	1:+:5	0:+:2	1:-:18	1:-:9	0:-:7	1:-:6	2:-:11	0:-:3	2:-:13	1:-:1	2:-:9
4	12	14	1	1:+:4
4	13	14	14	0:+:13	1:+:11	0:+:5	1:+:17	0:+:2	1:-:18	1:-:9	0:-:7	1:-:6	2:-:11	0:-:3	2:-:13	1:-:1	2:-:9
4	13	15	1	1:+:4
4	14	15	15	1:+:4	0:+:13	1:+:11	0:+:5	1:+:17	0:+:2	1:-:18	1:-:9	0:-:7	1:-:6	2:-:11	0:-:3	2:-:13	1:-:1	2:-:9
