0	0	6	1	1	2:-:10
0	3	7	1	1	0:+:1
0	5	9	1	1	2:+:2
0	6	10	1	1	2:+:24
0	9	12	1	1	2:-:23
0	10	13	1	1	2:-:5
0	12	15	2	2	1:+:0	1:+:6
1	0	3	2	2	1:-:6	1:-:0
1	1	4	1	1	2:-:1
1	2	5	1	1	2:+:4
1	4	7	1	1	0:+:0
1	5	8	1	1	0:-:0
1	7	12	1	1	0:-:0
1	11	15	1	1	2:+:19
2	0	3	2	2	2:-:22	2:+:15
2	1	5	1	1	2:+:22
2	4	6	2	2	2:-:19	2:+:5
2	5	11	1	1	2:+:3
2	8	12	1	1	1:+:4
2	11	14	2	2	2:-:13	2:-:9
2	12	15	1	1	2:+:1
3	0	2	4	4	0:-:0	0:+:0	1:-:10	1:+:10
3	1	4	1	1	2:-:4
3	2	5	1	1	2:+:1
3	3	6	2	2	1:+:0	1:+:6
3	4	7	2	2	1:-:10	1:+:9
3	6	8	2	2	2:-:5	2:+:19
3	7	9	4	4	1:+:0	1:+:6	2:+:2	0:+:3
3	8	11	1	1	0:+:0
3	9	12	2	2	2:-:15	2:+:22
3	10	13	7	7	1:-:12	1:-:11	1:+:2	1:+:1	1:+:7	1:+:3	1:+:8
3	11	14	1	1	2:+:23
3	13	15	2	2	2:-:26	2:+:26
4	0	2	2	2	2:-:19	2:+:5
4	1	4	2	2	1:-:9	1:+:10
4	2	5	1	1	2:-:5
4	4	7	2	2	1:+:0	1:+:6
4	5	9	1	1	2:+:6
4	8	10	2	2	2:-:26	2:+:26
4	9	12	2	2	2:+:20	2:-:7
4	10	15	1	1	2:+:18
