0	0	1	23	2:+:18	1:+:20	0:+:7	1:+:16	1:+:1	1:+:11	1:+:15	1:+:0	1:+:10	1:+:9	1:-:24	0:-:13	2:-:1	2:-:13	2:-:9	2:-:2	0:-:4	2:-:16	1:-:18	2:-:14	1:-:6	2:-:10	2:-:6
0	0	2	2	2:-:11	2:-:7
0	0	3	2	2:+:11	2:+:7
0	1	2	16	1:+:24	0:+:13	2:+:2	0:+:4	2:+:16	1:+:18	2:+:14	1:+:6	2:+:10	2:+:6	2:-:18	1:-:20	0:-:7	1:-:15	1:-:0	1:-:9
0	1	3	5	2:+:13	2:+:9	1:-:15	1:-:0	1:-:10
0	1	5	1	2:+:1
0	1	7	1	1:-:5
0	2	3	14	1:+:24	0:+:13	2:+:12	2:+:8	2:+:1	1:+:6	2:+:6	2:-:11	2:-:7	2:-:18	1:-:20	1:-:16	1:-:1	1:-:11
0	2	4	4	0:+:4	2:+:16	1:+:18	0:-:6
0	3	4	18	2:+:20	1:+:23	0:+:12	1:+:5	2:+:4	0:+:9	0:+:1	1:+:14	2:-:0	2:-:15	1:-:17	2:-:5	0:-:10	1:-:2	1:-:12	0:-:0	0:-:2	1:-:7
0	3	5	8	2:+:19	1:+:22	0:+:11	1:+:4	1:+:21	1:+:3	0:+:8	0:-:2
0	3	6	1	1:+:13
0	4	5	19	2:+:19	0:+:11	1:+:21	1:+:3	2:+:3	0:+:8	1:+:13	0:+:1	0:+:5	2:-:0	0:-:3	1:-:17	2:-:5	0:-:10	1:-:2	1:-:12	0:-:0	0:-:6	1:-:8
0	4	6	3	2:+:17	1:+:19	2:-:14
0	5	6	17	2:+:11	2:+:7	0:+:7	1:+:0	1:+:10	1:+:9	2:-:12	2:-:8	2:-:1	2:-:13	2:-:9	2:-:2	0:-:4	2:-:16	1:-:18	2:-:10	2:-:6
0	5	7	3	1:+:16	1:-:23	0:-:12
0	5	8	2	1:+:1	1:+:11
0	6	7	21	2:+:0	0:+:3	2:+:15	2:+:5	0:+:2	1:+:7	0:+:6	1:+:8	2:-:20	2:-:19	1:-:22	1:-:4	1:-:21	2:-:3	0:-:8	2:-:4	0:-:9	0:-:5	2:-:17	1:-:19	1:-:14
0	6	8	4	0:+:10	1:-:2	1:-:12	0:-:0
0	6	9	2	0:+:0	0:-:9
0	7	8	19	2:+:20	1:+:23	0:+:12	1:+:5	2:+:19	1:+:22	1:+:4	1:+:21	2:+:3	0:+:8	2:+:17	1:+:19	1:+:14	2:-:0	0:-:3	2:-:15	1:-:17	1:-:7	1:-:8
0	7	9	4	2:+:4	0:+:5	2:-:4	0:-:5
0	7	10	2	0:+:9	0:-:0
0	8	9	19	2:+:0	0:+:3	2:+:15	1:+:17	1:+:7	1:+:8	2:-:20	1:-:23	0:-:12	1:-:5	2:-:19	1:-:22	1:-:4	1:-:21	2:-:3	0:-:8	2:-:17	1:-:19	1:-:14
0	8	10	4	1:+:2	1:+:12	1:-:2	1:-:12
0	8	11	2	0:+:0	0:-:9
0	9	10	19	2:+:20	1:+:23	0:+:12	1:+:5	2:+:19	1:+:22	1:+:4	1:+:21	2:+:3	0:+:8	2:+:17	1:+:19	1:+:14	2:-:0	0:-:3	2:-:15	1:-:17	1:-:7	1:-:8
0	9	11	4	2:+:4	0:+:5	2:-:4	0:-:5
0	9	12	2	0:+:9	0:-:0
0	10	11	19	2:+:0	0:+:3	2:+:15	1:+:17	1:+:7	1:+:8	2:-:20	1:-:23	0:-:12	1:-:5	2:-:19	1:-:22	1:-:4	1:-:21	2:-:3	0:-:8	2:-:17	1:-:19	1:-:14
0	10	12	4	1:+:2	1:+:12	0:+:0	0:-:10
0	10	13	2	1:-:1	1:-:11
0	11	12	21	2:+:20	2:+:19	1:+:22	1:+:4	1:+:21	2:+:3	0:+:8	2:+:4	0:+:9	0:+:5	2:+:17	1:+:19	1:+:14	2:-:0	0:-:3	2:-:15	2:-:5	0:-:2	1:-:7	0:-:6	1:-:8
0	11	13	3	1:+:23	0:+:12	1:-:16
0	11	14	1	1:+:5
0	12	13	17	2:+:12	2:+:8	2:+:1	2:+:13	2:+:9	2:+:2	0:+:4	2:+:16	1:+:18	2:+:10	2:+:6	2:-:11	2:-:7	0:-:7	1:-:0	1:-:10	1:-:9
0	12	14	3	2:-:17	1:-:19	1:-:14
0	12	15	1	2:+:14
0	13	14	21	0:+:10	1:+:2	1:+:12	0:+:0	0:+:2	0:+:6	1:+:8	2:-:20	1:-:23	0:-:12	1:-:5	1:-:22	0:-:11	1:-:4	1:-:3	2:-:3	1:-:13	2:-:4	0:-:9	0:-:1	0:-:5
0	13	15	7	2:+:0	0:+:3	1:+:17	2:+:5	2:-:18	1:-:20	0:-:7
0	14	15	19	1:+:24	0:+:13	2:+:12	2:+:8	2:+:13	2:+:9	2:+:2	2:+:14	1:+:6	2:+:10	2:-:11	2:-:7	1:-:16	1:-:1	1:-:11	1:-:15	1:-:0	1:-:10	1:-:9
1	0	1	18	1:+:24	0:+:13	2:+:2	0:+:4	2:+:16	1:+:18	2:+:14	1:+:6	2:+:10	2:+:6	2:-:11	2:-:7	2:-:18	1:-:20	0:-:7	1:-:15	1:-:0	1:-:9
1	0	2	7	2:+:12	2:+:8	2:+:13	2:+:9	1:-:15	1:-:0	1:-:10
1	0	4	2	2:+:1	1:-:7
1	1	2	14	1:+:24	0:+:13	2:+:12	2:+:8	2:+:1	1:+:6	2:+:6	2:-:11	2:-:7	2:-:18	1:-:20	1:-:16	1:-:1	1:-:11
1	1	3	4	0:+:4	2:+:16	1:+:18	0:-:6
1	2	3	18	2:+:20	1:+:23	0:+:12	1:+:5	2:+:4	0:+:9	0:+:1	1:+:14	2:-:0	2:-:15	1:-:17	2:-:5	0:-:10	1:-:2	1:-:12	0:-:0	0:-:2	1:-:7
1	2	4	7	2:+:19	1:+:22	0:+:11	1:+:4	0:+:8	1:+:13	0:-:2
1	2	5	2	1:+:21	1:+:3
1	3	4	13	0:+:1	0:+:5	2:+:17	1:+:19	2:-:0	2:-:15	1:-:17	2:-:5	0:-:10	1:-:2	1:-:12	0:-:0	0:-:6
1	3	5	7	2:+:19	0:+:11	1:+:21	1:+:3	2:+:3	0:+:8	0:-:2
1	3	6	1	1:+:13
1	3	7	1	1:-:5
1	4	5	19	2:+:19	0:+:11	1:+:21	1:+:3	2:+:3	0:+:8	1:+:13	0:+:1	0:+:5	2:-:0	0:-:3	1:-:17	2:-:5	0:-:10	1:-:2	1:-:12	0:-:0	0:-:6	1:-:8
1	4	6	3	2:+:17	1:+:19	2:-:14
1	5	6	17	2:+:11	2:+:7	0:+:7	1:+:0	1:+:10	1:+:9	2:-:12	2:-:8	2:-:1	2:-:13	2:-:9	2:-:2	0:-:4	2:-:16	1:-:18	2:-:10	2:-:6
1	5	7	5	1:+:16	1:+:1	1:+:11	1:-:23	0:-:12
1	6	7	21	2:+:0	0:+:3	2:+:15	2:+:5	0:+:10	0:+:0	0:+:2	1:+:7	2:-:20	2:-:19	1:-:22	0:-:11	1:-:4	1:-:21	1:-:3	0:-:8	1:-:13	2:-:4	0:-:9	0:-:1	1:-:14
1	6	8	2	1:+:8	2:-:2
1	6	9	3	0:+:6	0:-:3	1:-:17
1	6	10	1	2:-:14
1	7	8	17	2:+:11	2:+:7	1:+:16	1:+:1	1:+:11	1:+:15	1:+:0	1:+:10	1:-:24	0:-:13	2:-:12	2:-:8	2:-:13	2:-:9	2:-:14	1:-:6	2:-:10
1	7	9	4	2:+:18	1:+:20	2:-:0	2:-:5
1	8	9	21	2:+:20	1:+:23	0:+:12	1:+:5	1:+:22	0:+:11	1:+:4	1:+:3	2:+:3	1:+:13	2:+:4	0:+:9	0:+:1	0:+:5	0:-:10	1:-:2	1:-:12	0:-:0	0:-:2	0:-:6	1:-:8
1	8	10	2	1:+:14	1:-:6
1	8	11	2	2:+:17	1:+:19
1	9	10	16	2:+:11	2:+:7	1:+:16	1:+:1	1:+:11	1:+:0	1:+:10	1:+:9	1:-:24	0:-:13	2:-:12	2:-:8	2:-:13	2:-:9	2:-:2	2:-:10
1	9	11	5	0:+:7	2:-:0	0:-:3	1:-:17	2:-:5
1	9	12	1	2:-:14
1	10	11	21	2:+:20	1:+:23	0:+:12	1:+:5	1:+:22	0:+:11	1:+:4	1:+:3	2:+:3	1:+:13	2:+:4	0:+:9	0:+:1	0:+:5	0:-:10	1:-:2	1:-:12	0:-:0	0:-:2	0:-:6	1:-:8
1	10	12	3	2:+:17	1:+:19	1:+:14
1	10	14	1	1:-:4
1	11	12	17	2:+:11	2:+:7	0:+:7	1:+:0	1:+:10	1:+:9	2:-:12	2:-:8	2:-:1	2:-:13	2:-:9	2:-:2	0:-:4	2:-:16	1:-:18	2:-:10	2:-:6
1	11	13	3	1:+:16	1:+:1	1:+:11
1	11	14	1	1:-:22
1	11	15	1	0:-:10
1	12	13	19	2:+:0	0:+:3	2:+:15	2:+:5	0:+:10	0:+:0	0:+:6	1:+:8	2:-:19	0:-:11	1:-:21	1:-:3	2:-:3	0:-:8	1:-:13	0:-:1	0:-:5	2:-:17	1:-:19
1	12	14	6	0:+:2	1:+:7	2:-:19	1:-:21	2:-:3	0:-:8
1	12	15	2	1:-:2	1:-:12
1	13	14	17	2:+:0	2:+:15	1:+:17	2:+:5	0:+:2	1:+:7	0:+:6	2:-:20	1:-:23	0:-:12	1:-:5	2:-:4	0:-:9	0:-:5	2:-:17	1:-:19	1:-:14
1	13	15	5	0:+:10	1:+:2	1:+:12	0:+:0	0:-:0
1	14	15	25	2:+:20	1:+:23	0:+:12	1:+:5	2:+:19	1:+:22	1:+:4	1:+:21	2:+:3	0:+:8	2:+:4	0:+:9	0:+:5	2:+:17	1:+:19	1:+:14	2:-:0	0:-:3	2:-:15	1:-:17	2:-:5	0:-:2	1:-:7	0:-:6	1:-:8
2	0	1	27	2:+:0	0:+:3	2:+:15	1:+:17	2:+:5	0:+:10	1:+:2	1:+:12	0:+:0	0:+:2	1:+:7	2:-:20	1:-:23	0:-:12	1:-:5	2:-:19	1:-:22	0:-:11	1:-:4	1:-:21	1:-:3	0:-:8	1:-:13	2:-:4	0:-:9	0:-:1	1:-:14
2	0	2	4	0:+:6	0:-:4	2:-:16	1:-:18
2	0	3	1	2:-:1
2	0	4	1	1:+:8
2	1	2	14	2:+:11	2:+:7	2:+:18	1:+:20	1:+:16	1:+:1	1:+:11	1:-:24	0:-:13	2:-:12	2:-:8	2:-:1	1:-:6	2:-:6
2	1	3	5	1:+:15	1:+:0	1:+:10	2:-:12	2:-:8
2	1	4	2	2:-:12	2:-:8
2	2	3	12	2:+:11	2:+:7	2:+:18	1:+:20	0:+:7	1:-:24	0:-:13	0:-:4	2:-:16	1:-:18	1:-:6	2:-:6
2	2	4	5	1:+:15	1:+:0	1:+:9	2:-:13	2:-:9
2	2	5	1	2:-:0
2	3	4	11	2:+:11	2:+:7	1:+:15	1:+:0	1:+:9	1:-:24	0:-:13	2:-:2	2:-:14	1:-:6	2:-:10
2	3	5	6	2:+:18	1:+:20	0:+:7	0:-:3	2:-:15	2:-:5
2	3	6	1	1:-:16
2	4	5	20	2:+:20	1:+:22	0:+:11	1:+:4	1:+:3	2:+:3	1:+:13	2:+:4	0:+:9	0:+:1	0:+:5	2:+:17	1:+:19	1:+:14	0:-:10	0:-:0	0:-:2	1:-:7	0:-:6	1:-:8
2	4	6	5	1:+:23	0:+:12	1:+:5	1:-:1	1:-:11
2	5	6	15	2:+:12	2:+:8	2:+:1	2:+:13	2:+:9	2:+:14	2:+:10	2:+:6	2:-:11	2:-:7	2:-:18	1:-:20	1:-:15	1:-:0	1:-:10
2	5	7	4	2:+:2	0:+:4	0:-:6	1:-:8
2	5	9	2	2:+:16	1:+:18
2	6	7	24	2:+:20	1:+:23	0:+:12	1:+:5	2:+:19	1:+:22	0:+:11	1:+:4	1:+:21	1:+:3	0:+:8	1:+:13	2:+:4	0:+:9	0:+:1	2:-:0	0:-:3	1:-:17	2:-:5	0:-:10	1:-:2	1:-:12	0:-:0	0:-:2
2	6	8	3	1:+:14	2:-:14	1:-:6
2	7	8	16	2:+:11	2:+:7	1:+:16	1:+:1	1:+:11	1:+:0	1:+:10	1:+:9	1:-:24	0:-:13	2:-:12	2:-:8	2:-:13	2:-:9	2:-:2	2:-:10
2	7	9	5	0:+:7	2:-:0	0:-:3	1:-:17	2:-:5
2	7	12	1	2:-:12
2	8	9	21	2:+:20	1:+:23	0:+:12	1:+:5	1:+:22	0:+:11	1:+:4	1:+:3	2:+:3	1:+:13	2:+:4	0:+:9	0:+:1	0:+:5	0:-:10	1:-:2	1:-:12	0:-:0	0:-:2	0:-:6	1:-:8
2	8	10	3	2:+:17	1:+:19	1:-:6
2	8	11	1	1:+:14
2	9	10	15	2:+:11	2:+:7	0:+:7	1:+:16	1:+:1	1:+:11	1:-:24	0:-:13	2:-:12	2:-:8	2:-:1	0:-:4	2:-:16	1:-:18	2:-:6
2	9	11	5	1:+:0	1:+:10	2:-:12	2:-:8	2:-:1
2	9	12	2	1:+:9	2:-:8
2	10	11	12	2:+:11	2:+:7	2:+:18	1:+:20	0:+:7	1:-:24	0:-:13	0:-:4	2:-:16	1:-:18	1:-:6	2:-:6
2	10	12	5	1:+:15	1:+:0	1:+:9	2:-:13	2:-:9
2	10	13	1	2:-:0
2	11	12	11	2:+:11	2:+:7	1:+:15	1:+:0	1:+:9	1:-:24	0:-:13	2:-:2	2:-:14	1:-:6	2:-:10
2	11	13	6	2:+:18	1:+:20	0:+:7	0:-:3	2:-:15	2:-:5
2	11	14	1	1:-:16
2	12	13	20	2:+:20	1:+:22	0:+:11	1:+:4	1:+:3	2:+:3	1:+:13	2:+:4	0:+:9	0:+:1	0:+:5	2:+:17	1:+:19	1:+:14	0:-:10	0:-:0	0:-:2	1:-:7	0:-:6	1:-:8
2	12	14	4	1:+:23	0:+:12	1:-:1	1:-:11
2	12	15	1	1:+:5
2	13	14	17	2:+:12	2:+:8	2:+:1	2:+:13	2:+:9	2:+:2	0:+:4	2:+:16	1:+:18	2:+:10	2:+:6	2:-:11	2:-:7	0:-:7	1:-:0	1:-:10	1:-:9
2	13	15	4	2:+:14	2:-:17	1:-:19	1:-:14
2	14	15	28	2:+:0	0:+:3	1:+:17	2:+:5	0:+:10	1:+:2	1:+:12	0:+:0	0:+:2	0:+:6	1:+:8	2:-:20	1:-:23	0:-:12	1:-:5	2:-:19	1:-:22	0:-:11	1:-:4	1:-:21	1:-:3	2:-:3	0:-:8	1:-:13	2:-:4	0:-:9	0:-:1	0:-:5
3	0	1	23	1:+:24	0:+:13	2:+:12	2:+:8	2:+:1	2:+:13	2:+:9	2:+:2	0:+:4	2:+:16	1:+:18	2:+:14	1:+:6	2:-:18	1:-:20	0:-:7	1:-:16	1:-:1	1:-:11	1:-:15	1:-:0	1:-:10	1:-:9
3	0	2	3	2:+:10	2:+:6	2:-:10
3	0	3	1	2:-:5
3	1	2	16	1:+:16	1:+:1	1:+:11	1:+:15	1:+:0	1:+:10	1:+:9	1:-:24	0:-:13	2:-:12	2:-:8	2:-:13	2:-:9	2:-:2	2:-:14	1:-:6
3	1	3	3	2:-:0	2:-:15	1:-:17
3	1	4	4	2:+:18	1:+:20	0:+:7	0:-:2
3	2	3	18	2:+:20	1:+:23	0:+:12	1:+:5	2:+:4	0:+:9	0:+:1	0:+:5	2:+:17	1:+:19	1:+:14	0:-:10	1:-:2	1:-:12	0:-:0	0:-:2	1:-:7	0:-:6
3	2	4	5	1:+:22	0:+:11	1:+:4	1:+:3	2:+:3
3	2	5	2	1:+:13	1:-:6
3	3	4	19	2:+:19	0:+:11	1:+:21	1:+:3	2:+:3	0:+:8	1:+:13	0:+:1	0:+:5	2:-:0	0:-:3	1:-:17	2:-:5	0:-:10	1:-:2	1:-:12	0:-:0	0:-:6	1:-:8
3	3	5	3	2:+:17	1:+:19	2:-:14
3	4	5	18	0:+:7	1:+:16	1:+:1	1:+:11	1:+:0	1:+:10	1:+:9	1:-:24	0:-:13	2:-:1	2:-:13	2:-:9	2:-:2	0:-:4	2:-:16	1:-:18	2:-:10	2:-:6
3	4	6	2	2:+:11	2:+:7
3	4	7	2	2:-:10	2:-:6
3	5	6	21	1:+:24	0:+:13	2:+:1	2:+:13	2:+:9	2:+:2	0:+:4	2:+:16	1:+:18	2:+:14	1:+:6	2:-:18	1:-:20	0:-:7	1:-:16	1:-:1	1:-:11	1:-:15	1:-:0	1:-:10	1:-:9
3	5	7	2	2:+:10	2:+:6
3	6	7	17	2:+:18	1:+:20	0:+:7	1:+:15	1:+:0	1:+:10	1:+:9	2:-:12	2:-:8	2:-:1	2:-:13	2:-:9	2:-:2	0:-:4	2:-:16	1:-:18	2:-:14
3	6	8	4	1:+:16	1:-:23	0:-:12	1:-:5
3	6	10	2	1:+:1	1:+:11
3	7	8	21	2:+:0	0:+:3	2:+:15	2:+:5	0:+:2	1:+:7	0:+:6	1:+:8	2:-:20	2:-:19	1:-:22	1:-:4	1:-:21	2:-:3	0:-:8	2:-:4	0:-:9	0:-:5	2:-:17	1:-:19	1:-:14
3	7	9	5	0:+:0	0:-:10	1:-:2	1:-:12	0:-:0
3	7	11	1	0:+:10
3	8	9	17	2:+:20	1:+:23	0:+:12	1:+:5	2:+:4	0:+:9	0:+:5	2:+:17	1:+:19	1:+:14	2:-:0	2:-:15	1:-:17	2:-:5	0:-:2	1:-:7	0:-:6
3	8	10	6	2:+:19	1:+:21	2:+:3	0:+:8	0:-:2	1:-:7
3	8	11	2	1:+:22	1:+:4
3	9	10	19	2:+:19	0:+:11	1:+:21	1:+:3	2:+:3	0:+:8	1:+:13	0:+:1	0:+:5	2:+:17	1:+:19	2:-:0	0:-:3	2:-:15	2:-:5	0:-:10	0:-:0	0:-:6	1:-:8
3	9	11	3	1:-:16	1:-:1	1:-:11
3	10	11	15	2:+:12	2:+:8	2:+:1	2:+:13	2:+:9	2:+:14	2:+:10	2:+:6	2:-:11	2:-:7	2:-:18	1:-:20	1:-:15	1:-:0	1:-:10
3	10	12	4	2:+:2	0:+:4	0:-:6	1:-:8
3	10	15	2	2:+:16	1:+:18
3	11	12	24	2:+:20	1:+:23	0:+:12	1:+:5	2:+:19	1:+:22	0:+:11	1:+:4	1:+:21	1:+:3	0:+:8	1:+:13	2:+:4	0:+:9	0:+:1	2:-:0	0:-:3	1:-:17	2:-:5	0:-:10	1:-:2	1:-:12	0:-:0	0:-:2
3	11	13	3	1:+:14	2:-:14	1:-:6
3	12	13	16	2:+:11	2:+:7	1:+:16	1:+:1	1:+:11	1:+:0	1:+:10	1:+:9	1:-:24	0:-:13	2:-:12	2:-:8	2:-:13	2:-:9	2:-:2	2:-:10
3	12	14	4	2:-:0	2:-:15	1:-:17	2:-:5
3	12	15	2	0:+:7	0:-:2
3	13	14	18	2:+:20	1:+:23	0:+:12	1:+:5	2:+:4	0:+:9	0:+:1	0:+:5	2:+:17	1:+:19	1:+:14	0:-:10	1:-:2	1:-:12	0:-:0	0:-:2	1:-:7	0:-:6
3	13	15	7	1:+:22	0:+:11	1:+:4	1:+:3	2:+:3	1:+:13	1:-:7
3	14	15	22	2:+:19	0:+:11	1:+:21	1:+:3	2:+:3	0:+:8	1:+:13	0:+:1	0:+:5	2:+:17	1:+:19	2:-:0	0:-:3	2:-:15	1:-:17	2:-:5	0:-:10	1:-:2	1:-:12	0:-:0	0:-:6	1:-:8
4	0	1	18	2:+:11	2:+:7	2:+:18	1:+:20	0:+:7	1:+:16	1:+:1	1:+:11	1:-:24	0:-:13	2:-:12	2:-:8	2:-:1	0:-:4	2:-:16	1:-:18	1:-:6	2:-:6
4	0	2	7	1:+:15	1:+:0	1:+:10	1:+:9	2:-:1	2:-:13	2:-:9
4	0	3	2	2:-:11	2:-:7
4	1	2	16	2:+:18	1:+:20	0:+:7	1:+:15	1:+:0	1:+:9	1:-:24	0:-:13	2:-:2	0:-:4	2:-:16	1:-:18	2:-:14	1:-:6	2:-:10	2:-:6
4	1	3	2	2:+:11	2:+:7
4	2	3	17	1:+:24	0:+:13	2:+:1	2:+:13	2:+:9	2:+:14	1:+:6	2:+:10	2:+:6	2:-:18	1:-:20	1:-:16	1:-:1	1:-:11	1:-:15	1:-:0	1:-:10
4	2	4	4	2:+:2	2:+:16	1:+:18	1:-:8
4	2	5	2	0:+:4	0:-:5
4	3	4	21	2:+:20	1:+:23	0:+:12	1:+:5	2:+:19	1:+:22	0:+:11	1:+:4	1:+:21	1:+:3	0:+:8	1:+:13	1:+:14	2:-:0	0:-:3	2:-:15	1:-:17	1:-:2	1:-:12	0:-:0	1:-:7
4	3	5	3	2:+:4	0:+:9	0:-:1
4	3	6	2	0:+:1	0:-:8
4	3	8	1	2:-:1
4	4	5	17	2:+:0	0:+:3	2:+:15	1:+:17	1:+:2	1:+:12	0:+:0	1:+:8	2:-:19	0:-:11	1:-:21	1:-:3	2:-:3	0:-:8	1:-:13	2:-:17	1:-:19
4	4	6	7	2:-:19	1:-:22	0:-:11	1:-:4	1:-:21	1:-:3	1:-:13
4	4	8	1	1:+:7
4	5	6	18	2:+:0	2:+:15	1:+:17	2:+:5	0:+:10	1:+:2	1:+:12	0:+:0	0:+:2	1:+:7	2:-:20	1:-:23	0:-:12	1:-:5	2:-:4	0:-:9	0:-:1	1:-:14
4	5	7	4	0:+:6	0:-:4	2:-:16	1:-:18
4	6	7	14	2:+:11	2:+:7	2:+:18	1:+:20	1:+:16	1:+:1	1:+:11	1:-:24	0:-:13	2:-:12	2:-:8	2:-:1	1:-:6	2:-:6
4	6	8	4	2:-:12	2:-:8	2:-:13	2:-:9
4	6	9	1	1:+:15
4	6	11	2	1:+:0	1:+:10
4	7	8	15	2:+:11	2:+:7	2:+:18	1:+:20	0:+:7	1:+:15	1:+:0	1:+:9	2:-:2	0:-:4	2:-:16	1:-:18	2:-:14	2:-:10	2:-:6
4	7	9	3	1:-:23	0:-:12	1:-:5
4	8	9	21	2:+:0	0:+:3	2:+:15	2:+:5	0:+:2	1:+:7	0:+:6	1:+:8	2:-:20	2:-:19	1:-:22	1:-:4	1:-:21	2:-:3	0:-:8	2:-:4	0:-:9	0:-:5	2:-:17	1:-:19	1:-:14
4	8	10	5	0:+:0	0:-:10	1:-:2	1:-:12	0:-:0
4	8	12	1	0:+:10
4	9	10	17	2:+:20	1:+:23	0:+:12	1:+:5	2:+:4	0:+:9	0:+:5	2:+:17	1:+:19	1:+:14	2:-:0	2:-:15	1:-:17	2:-:5	0:-:2	1:-:7	0:-:6
4	9	11	6	2:+:19	1:+:21	2:+:3	0:+:8	0:-:2	1:-:7
4	9	12	1	1:+:22
4	9	13	1	1:+:4
4	10	11	19	2:+:19	0:+:11	1:+:21	1:+:3	2:+:3	0:+:8	1:+:13	0:+:1	0:+:5	2:+:17	1:+:19	2:-:0	0:-:3	2:-:15	2:-:5	0:-:10	0:-:0	0:-:6	1:-:8
4	10	12	3	1:-:16	1:-:1	1:-:11
4	11	12	17	2:+:12	2:+:8	2:+:1	2:+:13	2:+:9	2:+:2	0:+:4	2:+:16	1:+:18	2:+:10	2:+:6	2:-:11	2:-:7	0:-:7	1:-:0	1:-:10	1:-:9
4	11	13	2	2:+:14	1:-:14
4	11	14	2	2:-:16	1:-:18
4	12	13	24	2:+:0	0:+:3	1:+:17	2:+:5	0:+:10	1:+:2	1:+:12	0:+:0	0:+:2	2:-:20	1:-:23	0:-:12	1:-:5	2:-:19	1:-:22	0:-:11	1:-:4	1:-:21	1:-:3	0:-:8	1:-:13	2:-:4	0:-:9	0:-:1
4	12	14	2	0:+:6	0:-:4
4	12	15	2	1:+:8	2:-:1
4	13	14	14	2:+:11	2:+:7	2:+:18	1:+:20	1:+:16	1:+:1	1:+:11	1:-:24	0:-:13	2:-:12	2:-:8	2:-:1	1:-:6	2:-:6
4	13	15	7	1:+:15	1:+:0	1:+:10	2:-:12	2:-:8	2:-:13	2:-:9
4	14	15	18	2:+:11	2:+:7	2:+:18	1:+:20	0:+:7	1:+:15	1:+:0	1:+:9	1:-:24	0:-:13	2:-:2	0:-:4	2:-:16	1:-:18	2:-:14	1:-:6	2:-:10	2:-:6
