0	0	1	22	0:+:4	1:+:10	0:+:0	1:+:4	2:+:6	1:+:9	1:+:3	1:+:8	1:+:2	1:+:7	1:+:1	2:+:23	2:+:17	2:+:24	2:+:12	2:+:3	1:-:14	1:-:13	1:-:12	1:-:11	0:-:1	2:-:16
0	0	2	5	0:+:2	1:+:5	2:+:7	2:-:18	2:-:21
0	0	3	1	2:-:9
0	0	6	1	2:-:10
0	1	2	8	2:+:27	1:+:0	2:+:2	2:+:20	2:-:25	2:-:13	2:-:9	2:-:4
0	1	3	2	2:+:0	2:+:1
0	1	4	2	2:-:24	2:-:3
0	2	3	12	2:+:27	2:+:0	0:+:3	1:+:6	1:+:0	2:+:20	2:+:8	2:-:26	2:-:14	2:-:21	2:-:10	2:-:5
0	2	5	1	2:-:16
0	3	4	19	1:+:14	2:+:19	1:+:13	1:+:12	1:+:11	2:+:15	0:-:4	1:-:5	2:-:7	1:-:10	0:-:0	1:-:4	2:-:6	1:-:9	1:-:3	1:-:8	1:-:2	1:-:7	1:-:1
0	3	5	4	2:+:22	2:+:16	2:+:11	0:-:1
0	3	6	1	2:-:21
0	3	7	1	0:+:1
0	4	5	17	0:+:4	1:+:10	0:+:0	1:+:4	2:+:6	1:+:9	1:+:3	1:+:8	1:+:2	1:+:7	1:+:1	2:+:24	2:+:3	1:-:14	1:-:13	1:-:12	1:-:11
0	4	6	3	2:+:7	2:-:18	2:-:14
0	4	7	1	1:+:5
0	5	6	10	2:+:27	2:+:0	2:+:1	2:+:20	2:-:26	2:-:5	2:-:25	2:-:13	2:-:9	2:-:4
0	5	7	1	1:+:0
0	5	9	1	2:+:2
0	6	7	22	0:+:2	1:+:5	2:+:7	1:+:10	0:+:0	1:+:4	2:+:6	1:+:9	1:+:3	1:+:8	1:+:2	2:+:23	1:-:14	2:-:19	1:-:13	1:-:12	1:-:11	2:-:15	0:-:1	2:-:22	2:-:16	2:-:11
0	6	8	1	2:+:17
0	6	9	1	2:+:12
0	6	10	1	2:+:24
0	7	8	12	2:+:26	2:+:14	2:+:21	2:+:10	2:+:5	2:-:27	2:-:0	0:-:3	1:-:6	1:-:0	2:-:20	2:-:8
0	7	9	3	2:+:9	2:-:0	2:-:1
0	8	9	12	2:+:18	2:+:21	2:+:25	2:+:13	2:+:9	2:+:4	0:-:3	1:-:6	1:-:0	2:-:2	2:-:20	2:-:8
0	8	10	1	2:-:26
0	9	10	13	2:+:0	2:+:1	0:+:3	1:+:6	1:+:0	2:+:2	2:+:20	2:+:8	2:-:14	2:-:21	2:-:10	2:-:5	2:-:9
0	9	11	3	2:-:17	2:-:12	2:-:3
0	9	12	1	2:-:23
0	10	11	13	1:+:14	2:+:19	0:+:1	2:+:22	2:+:16	2:+:11	0:-:4	0:-:2	0:-:0	2:-:6	1:-:7	1:-:1	2:-:23
0	10	12	11	1:+:13	1:+:12	1:+:11	2:+:15	1:-:4	1:-:9	1:-:3	1:-:8	1:-:2	1:-:7	1:-:1
0	10	13	1	2:-:5
0	11	12	15	1:+:11	2:+:15	0:+:1	2:+:22	2:+:11	0:-:4	0:-:2	1:-:5	2:-:7	1:-:10	0:-:0	2:-:17	2:-:24	2:-:12	2:-:3
0	11	13	1	2:+:19
0	12	13	13	2:+:27	2:+:0	2:+:1	2:+:8	2:-:26	2:-:18	2:-:14	2:-:21	2:-:10	2:-:25	2:-:13	2:-:9	2:-:4
0	12	14	2	0:+:3	2:+:2
0	12	15	2	1:+:6	1:+:0
0	13	14	14	0:+:2	1:+:5	2:+:7	1:+:10	0:+:0	2:+:17	2:+:24	2:+:12	2:-:19	1:-:11	2:-:15	0:-:1	2:-:22	2:-:11
0	13	15	11	1:+:4	2:+:6	1:+:9	1:+:3	1:+:8	1:+:2	2:+:23	1:-:13	1:-:12	1:-:11	2:-:15
0	14	15	16	0:+:4	0:+:2	0:+:0	2:+:6	1:+:7	1:+:1	2:+:23	2:+:17	2:+:12	2:+:3	1:-:14	2:-:19	0:-:1	2:-:22	2:-:16	2:-:11
1	0	1	16	1:+:14	2:+:19	0:+:1	2:+:22	2:+:16	2:+:11	0:-:4	0:-:2	0:-:0	2:-:6	1:-:7	1:-:1	2:-:23	2:-:17	2:-:12	2:-:3
1	0	2	11	1:+:13	1:+:12	1:+:11	2:+:15	1:-:4	2:-:6	1:-:9	1:-:3	1:-:8	1:-:2	2:-:23
1	0	3	2	1:-:6	1:-:0
1	1	2	14	2:+:19	1:+:11	2:+:15	0:+:1	2:+:22	2:+:11	0:-:2	1:-:5	2:-:7	1:-:10	0:-:0	2:-:17	2:-:24	2:-:12
1	1	3	1	0:-:3
1	1	4	1	2:-:1
1	2	3	10	2:+:26	2:+:18	2:+:14	2:+:21	2:+:10	2:+:5	2:-:27	2:-:0	2:-:20	2:-:8
1	2	4	4	2:+:25	2:+:13	2:+:9	2:-:0
1	2	5	1	2:+:4
1	3	4	12	2:+:18	2:+:21	2:+:25	2:+:13	2:+:9	2:+:4	2:-:27	0:-:3	1:-:6	1:-:0	2:-:2	2:-:8
1	3	5	1	2:-:19
1	4	5	23	0:+:4	0:+:2	1:+:5	2:+:7	1:+:4	1:+:9	1:+:3	1:+:8	1:+:2	1:+:7	1:+:1	2:+:23	2:+:17	2:+:24	2:+:12	2:+:3	1:-:14	1:-:13	1:-:12	2:-:15	2:-:22	2:-:16	2:-:11
1	4	6	3	1:+:10	1:-:10	0:-:0
1	4	7	1	0:+:0
1	5	6	18	1:+:14	2:+:19	1:+:13	1:+:12	2:+:15	0:-:4	1:-:5	2:-:7	1:-:4	2:-:6	1:-:9	1:-:3	1:-:8	1:-:2	1:-:7	1:-:1	2:-:24	2:-:3
1	5	7	6	2:+:22	2:+:16	2:+:11	2:-:22	2:-:16	2:-:11
1	5	8	1	0:-:0
1	6	7	18	0:+:4	1:+:5	2:+:7	1:+:4	2:+:6	1:+:9	1:+:3	1:+:8	1:+:2	1:+:7	1:+:1	2:+:24	2:+:3	1:-:14	2:-:19	1:-:13	1:-:12	2:-:15
1	6	8	3	1:+:10	0:+:0	1:-:10
1	7	8	21	1:+:14	2:+:19	1:+:13	1:+:12	2:+:15	2:+:22	2:+:16	2:+:11	0:-:2	1:-:5	2:-:7	1:-:4	2:-:6	1:-:9	1:-:3	1:-:8	1:-:2	2:-:23	2:-:17	2:-:24	2:-:12
1	7	9	2	1:-:0	2:-:2
1	7	10	1	1:-:5
1	7	12	1	0:-:0
1	8	9	10	2:+:26	2:+:5	2:+:25	2:+:13	2:+:9	2:+:4	2:-:27	2:-:0	2:-:1	2:-:20
1	8	10	3	2:+:18	2:+:14	2:-:7
1	8	11	2	2:+:21	2:+:10
1	9	10	17	1:+:14	1:+:13	1:+:12	1:+:11	0:-:4	1:-:10	0:-:0	1:-:4	2:-:6	1:-:9	1:-:3	1:-:8	1:-:2	1:-:7	1:-:1	2:-:24	2:-:3
1	9	11	5	0:+:1	2:+:16	2:-:22	2:-:16	2:-:11
1	10	11	18	0:+:4	1:+:5	2:+:7	1:+:4	2:+:6	1:+:9	1:+:3	1:+:8	1:+:2	1:+:7	1:+:1	2:+:24	2:+:3	1:-:14	2:-:19	1:-:13	1:-:12	2:-:15
1	10	12	3	1:+:10	0:+:0	1:-:10
1	11	12	23	1:+:14	1:+:13	1:+:12	2:+:15	2:+:22	2:+:16	2:+:11	0:-:4	0:-:2	1:-:5	2:-:7	1:-:4	1:-:9	1:-:3	1:-:8	1:-:2	1:-:7	1:-:1	2:-:23	2:-:17	2:-:24	2:-:12	2:-:3
1	11	13	1	2:-:5
1	11	15	1	2:+:19
1	12	13	14	2:+:27	2:+:0	2:+:1	0:+:3	1:+:6	1:+:0	2:+:2	2:-:26	2:-:18	2:-:14	2:-:10	2:-:25	2:-:13	2:-:4
1	12	14	2	2:+:8	2:-:20
1	12	15	1	2:-:7
1	13	14	10	2:+:26	2:+:5	2:+:25	2:+:13	2:+:4	2:-:27	2:-:0	2:-:1	1:-:0	2:-:2
1	13	15	5	2:+:18	2:+:14	2:+:10	0:-:2	1:-:5
1	14	15	22	1:+:14	1:+:13	1:+:12	1:+:11	0:+:1	2:+:16	0:-:4	1:-:10	0:-:0	1:-:4	2:-:6	1:-:9	1:-:3	1:-:8	1:-:2	1:-:7	1:-:1	2:-:23	2:-:17	2:-:24	2:-:12	2:-:3
2	0	1	16	1:+:14	2:+:19	0:+:1	2:+:22	2:+:16	2:+:11	0:-:4	0:-:2	0:-:0	2:-:6	1:-:7	1:-:1	2:-:23	2:-:17	2:-:12	2:-:3
2	0	2	11	1:+:13	1:+:12	1:+:11	1:-:4	2:-:6	1:-:9	1:-:3	1:-:8	1:-:2	1:-:7	1:-:1
2	0	3	2	2:+:15	2:-:22
2	1	2	10	2:+:19	1:+:11	2:+:15	0:-:4	1:-:5	2:-:7	1:-:10	0:-:0	2:-:24	2:-:3
2	1	3	4	0:+:1	2:+:11	0:-:1	2:-:11
2	1	4	1	2:-:15
2	1	5	1	2:+:22
2	2	3	10	0:+:4	1:+:5	2:+:7	1:+:10	0:+:0	2:+:24	2:+:3	2:-:19	1:-:11	2:-:15
2	2	4	11	1:+:4	2:+:6	1:+:9	1:+:3	1:+:8	1:+:2	1:+:7	1:+:1	1:-:13	1:-:12	1:-:11
2	3	4	13	0:+:4	0:+:2	0:+:0	2:+:6	1:+:7	1:+:1	2:+:23	1:-:14	2:-:19	0:-:1	2:-:22	2:-:16	2:-:11
2	3	5	3	2:+:17	2:+:12	2:+:3
2	4	5	13	2:+:26	2:+:14	2:+:21	2:+:10	2:+:9	2:-:27	2:-:0	2:-:1	0:-:3	1:-:6	1:-:0	2:-:2	2:-:8
2	4	6	2	2:+:5	2:-:19
2	5	6	23	0:+:4	0:+:2	1:+:5	2:+:7	1:+:10	0:+:0	1:+:4	1:+:9	1:+:3	1:+:8	1:+:2	1:+:7	1:+:1	2:+:23	1:-:14	1:-:13	1:-:12	1:-:11	2:-:15	0:-:1	2:-:22	2:-:16	2:-:11
2	5	7	1	2:+:17
2	5	8	2	2:+:24	2:+:12
2	5	11	1	2:+:3
2	6	7	12	2:+:26	2:+:14	2:+:21	2:+:10	2:+:5	2:-:27	2:-:0	0:-:3	1:-:6	1:-:0	2:-:20	2:-:8
2	6	8	3	2:+:9	2:-:0	2:-:1
2	7	8	12	2:+:18	2:+:21	2:+:25	2:+:13	2:+:9	2:+:4	2:-:27	0:-:3	1:-:6	1:-:0	2:-:2	2:-:8
2	7	9	1	2:-:19
2	8	9	15	0:+:4	0:+:2	1:+:5	2:+:7	1:+:10	0:+:0	2:+:17	2:+:24	2:+:12	2:+:3	1:-:11	2:-:15	0:-:1	2:-:22	2:-:11
2	8	10	10	1:+:9	1:+:3	1:+:8	1:+:2	1:+:7	1:+:1	2:+:23	1:-:13	1:-:12	1:-:11
2	8	11	1	2:-:14
2	8	12	1	1:+:4
2	9	10	12	0:+:4	0:+:0	2:+:6	1:+:7	1:+:1	2:+:23	2:+:17	2:+:12	2:+:3	1:-:14	0:-:1	2:-:16
2	9	11	3	2:-:18	2:-:21	2:-:10
2	9	12	1	0:+:2
2	10	11	10	2:+:27	2:+:0	2:+:1	2:+:20	2:-:26	2:-:5	2:-:25	2:-:13	2:-:9	2:-:4
2	10	12	2	1:+:0	2:+:2
2	11	12	18	1:+:10	0:+:0	1:+:4	2:+:6	1:+:9	1:+:3	1:+:8	1:+:2	2:+:23	2:+:17	2:+:24	2:+:12	1:-:14	1:-:13	1:-:12	1:-:11	0:-:1	2:-:16
2	11	13	5	0:+:2	1:+:5	2:+:7	2:-:18	2:-:21
2	11	14	2	2:-:13	2:-:9
2	12	13	8	2:+:27	1:+:0	2:+:2	2:+:20	2:-:25	2:-:13	2:-:9	2:-:4
2	12	14	3	2:+:0	2:-:25	2:-:4
2	12	15	1	2:+:1
2	13	14	10	2:+:27	2:+:0	2:+:20	2:+:8	2:-:26	2:-:18	2:-:14	2:-:21	2:-:10	2:-:5
2	13	15	3	0:+:3	1:+:6	1:+:0
2	14	15	25	0:+:2	1:+:5	2:+:7	1:+:10	0:+:0	1:+:4	2:+:6	1:+:9	1:+:3	1:+:8	1:+:2	2:+:23	2:+:17	2:+:24	2:+:12	1:-:14	2:-:19	1:-:13	1:-:12	1:-:11	2:-:15	0:-:1	2:-:22	2:-:16	2:-:11
3	0	1	25	0:+:4	0:+:2	1:+:5	2:+:7	1:+:4	2:+:6	1:+:9	1:+:3	1:+:8	1:+:2	1:+:7	1:+:1	2:+:23	2:+:17	2:+:24	2:+:12	2:+:3	1:-:14	2:-:19	1:-:13	1:-:12	2:-:15	2:-:22	2:-:16	2:-:11
3	0	2	4	1:+:10	0:+:0	1:-:10	0:-:0
3	1	2	23	1:+:14	1:+:13	1:+:12	2:+:15	2:+:22	2:+:16	2:+:11	0:-:4	0:-:2	1:-:5	2:-:7	1:-:4	1:-:9	1:-:3	1:-:8	1:-:2	1:-:7	1:-:1	2:-:23	2:-:17	2:-:24	2:-:12	2:-:3
3	1	3	1	2:+:19
3	1	4	1	2:-:4
3	2	3	12	2:+:27	0:+:3	1:+:6	1:+:0	2:+:2	2:+:8	2:-:18	2:-:21	2:-:25	2:-:13	2:-:9	2:-:4
3	2	4	4	2:+:0	2:-:25	2:-:13	2:-:9
3	2	5	1	2:+:1
3	3	4	10	2:+:27	2:+:0	2:+:20	2:+:8	2:-:26	2:-:18	2:-:14	2:-:21	2:-:10	2:-:5
3	3	5	1	0:+:3
3	3	6	2	1:+:6	1:+:0
3	4	5	14	0:+:2	1:+:5	2:+:7	1:+:10	0:+:0	2:+:17	2:+:24	2:+:12	2:-:19	1:-:11	2:-:15	0:-:1	2:-:22	2:-:11
3	4	6	9	1:+:4	2:+:6	1:+:3	1:+:8	1:+:2	2:+:23	1:-:13	1:-:12	2:-:15
3	4	7	2	1:+:9	1:-:10
3	5	6	14	0:+:4	0:+:2	2:+:6	1:+:7	1:+:1	2:+:23	2:+:17	2:+:12	2:+:3	1:-:14	2:-:19	2:-:22	2:-:16	2:-:11
3	5	7	2	0:+:0	0:-:0
3	6	7	23	1:+:14	1:+:13	1:+:12	2:+:15	2:+:22	2:+:16	2:+:11	0:-:4	0:-:2	1:-:5	2:-:7	1:-:4	1:-:9	1:-:3	1:-:8	1:-:2	1:-:7	1:-:1	2:-:23	2:-:17	2:-:24	2:-:12	2:-:3
3	6	8	2	2:+:19	2:-:5
3	7	8	13	2:+:27	2:+:0	2:+:1	2:+:8	2:-:26	2:-:18	2:-:14	2:-:21	2:-:10	2:-:25	2:-:13	2:-:9	2:-:4
3	7	9	4	0:+:3	1:+:6	1:+:0	2:+:2
3	8	9	21	0:+:2	1:+:5	2:+:7	1:+:4	2:+:6	1:+:9	1:+:3	1:+:8	1:+:2	2:+:23	2:+:17	2:+:24	2:+:12	1:-:14	2:-:19	1:-:13	1:-:12	2:-:15	2:-:22	2:-:16	2:-:11
3	8	10	3	1:+:10	1:-:10	0:-:0
3	8	11	1	0:+:0
3	9	10	18	1:+:14	2:+:19	1:+:13	1:+:12	2:+:15	0:-:4	1:-:5	2:-:7	1:-:4	2:-:6	1:-:9	1:-:3	1:-:8	1:-:2	1:-:7	1:-:1	2:-:24	2:-:3
3	9	11	5	2:+:16	2:+:11	0:-:1	2:-:22	2:-:11
3	9	12	2	2:+:22	2:-:15
3	10	11	10	0:+:4	1:+:5	2:+:7	1:+:10	0:+:0	2:+:24	2:+:3	2:-:19	1:-:11	2:-:15
3	10	12	4	1:+:4	2:+:6	1:+:9	1:-:11
3	10	13	7	1:+:3	1:+:8	1:+:2	1:+:7	1:+:1	1:-:12	1:-:11
3	11	12	10	0:+:4	0:+:2	0:+:0	2:+:17	2:+:12	2:+:3	2:-:19	0:-:1	2:-:22	2:-:11
3	11	13	5	2:+:6	1:+:7	1:+:1	1:-:13	2:-:15
3	11	14	1	2:+:23
3	12	13	13	0:+:4	0:+:2	0:+:0	2:+:6	1:+:7	1:+:1	2:+:23	1:-:14	2:-:19	0:-:1	2:-:22	2:-:16	2:-:11
3	12	14	3	2:+:17	2:+:12	2:+:3
3	13	14	13	2:+:14	2:+:21	2:+:10	2:+:5	2:+:9	2:-:0	2:-:1	0:-:3	1:-:6	1:-:0	2:-:2	2:-:20	2:-:8
3	13	15	2	2:+:26	2:-:26
3	14	15	17	2:+:0	2:+:1	0:+:3	1:+:6	1:+:0	2:+:2	2:+:20	2:+:8	2:-:18	2:-:14	2:-:21	2:-:10	2:-:5	2:-:25	2:-:13	2:-:9	2:-:4
4	0	1	17	2:+:26	2:+:18	2:+:14	2:+:21	2:+:10	2:+:25	2:+:13	2:+:9	2:+:4	2:-:27	2:-:0	2:-:1	0:-:3	1:-:6	1:-:0	2:-:2	2:-:8
4	0	2	2	2:+:5	2:-:19
4	1	2	23	0:+:4	0:+:2	1:+:5	2:+:7	1:+:4	1:+:9	1:+:3	1:+:8	1:+:2	1:+:7	1:+:1	2:+:23	2:+:17	2:+:24	2:+:12	2:+:3	1:-:14	1:-:13	1:-:12	2:-:15	2:-:22	2:-:16	2:-:11
4	1	3	2	0:+:0	0:-:0
4	1	4	2	1:+:10	1:-:9
4	2	3	14	1:+:14	2:+:19	2:+:22	2:+:16	2:+:11	0:-:4	0:-:2	2:-:6	1:-:7	1:-:1	2:-:23	2:-:17	2:-:12	2:-:3
4	2	4	10	1:+:13	1:+:12	2:+:15	1:-:4	1:-:3	1:-:8	1:-:2	1:-:7	1:-:1	2:-:23
4	2	5	1	2:-:5
4	3	4	15	1:+:11	2:+:15	0:+:1	2:+:22	2:+:11	0:-:4	0:-:2	1:-:5	2:-:7	1:-:10	0:-:0	2:-:17	2:-:24	2:-:12	2:-:3
4	3	5	1	2:+:19
4	4	5	13	2:+:27	2:+:0	2:+:1	2:+:8	2:-:26	2:-:18	2:-:14	2:-:21	2:-:10	2:-:25	2:-:13	2:-:9	2:-:4
4	4	6	2	0:+:3	2:+:2
4	4	7	2	1:+:6	1:+:0
4	5	6	14	0:+:2	1:+:5	2:+:7	1:+:10	0:+:0	2:+:17	2:+:24	2:+:12	2:-:19	1:-:11	2:-:15	0:-:1	2:-:22	2:-:11
4	5	7	8	1:+:9	1:+:3	1:+:8	1:+:2	2:+:23	1:-:13	1:-:12	1:-:11
4	5	8	2	1:+:4	2:-:14
4	5	9	1	2:+:6
4	6	7	12	0:+:4	0:+:0	2:+:6	1:+:7	1:+:1	2:+:23	2:+:17	2:+:12	2:+:3	1:-:14	0:-:1	2:-:16
4	6	8	3	0:+:2	2:-:18	2:-:10
4	6	9	1	2:-:20
4	7	8	10	2:+:27	2:+:0	2:+:1	1:+:0	2:+:2	2:-:26	2:-:5	2:-:25	2:-:13	2:-:4
4	7	9	2	2:+:20	2:-:8
4	8	9	13	2:+:18	2:+:14	2:+:10	2:+:5	2:+:25	2:+:13	2:+:4	2:-:0	2:-:1	0:-:3	1:-:6	1:-:0	2:-:2
4	8	10	2	2:+:26	2:-:26
4	9	10	13	2:+:0	2:+:1	0:+:3	1:+:6	1:+:0	2:+:2	2:-:18	2:-:14	2:-:10	2:-:5	2:-:25	2:-:13	2:-:4
4	9	11	2	2:+:8	2:-:20
4	9	12	2	2:+:20	2:-:7
4	10	11	10	2:+:26	2:+:5	2:+:25	2:+:13	2:+:4	2:-:27	2:-:0	2:-:1	1:-:0	2:-:2
4	10	12	4	2:+:14	2:+:10	0:-:2	1:-:5
4	10	15	1	2:+:18
4	11	12	21	1:+:14	1:+:13	1:+:12	1:+:11	0:+:1	2:+:16	0:-:4	1:-:10	0:-:0	1:-:4	1:-:9	1:-:3	1:-:8	1:-:2	1:-:7	1:-:1	2:-:23	2:-:17	2:-:24	2:-:12	2:-:3
4	11	13	1	2:-:5
4	12	13	14	2:+:27	2:+:0	2:+:1	0:+:3	1:+:6	1:+:0	2:+:2	2:-:26	2:-:18	2:-:14	2:-:10	2:-:25	2:-:13	2:-:4
4	12	14	2	2:+:8	2:-:20
4	12	15	1	2:-:7
4	13	14	10	2:+:26	2:+:5	2:+:25	2:+:13	2:+:4	2:-:27	2:-:0	2:-:1	1:-:0	2:-:2
4	13	15	5	2:+:18	2:+:14	2:+:10	0:-:2	1:-:5
4	14	15	22	1:+:14	1:+:13	1:+:12	1:+:11	0:+:1	2:+:16	0:-:4	1:-:10	0:-:0	1:-:4	2:-:6	1:-:9	1:-:3	1:-:8	1:-:2	1:-:7	1:-:1	2:-:23	2:-:17	2:-:24	2:-:12	2:-:3
