0	0	2	9	9	0:-:3	1:+:0	1:-:11	2:+:8	1:-:6	0:-:0	1:-:4	1:-:2	2:+:6
0	1	6	1	1	1:+:13
0	2	7	1	1	1:-:13
0	6	8	9	9	1:+:6	0:+:0	2:-:8	0:+:3	1:+:4	1:+:2	1:-:0	1:+:11	2:-:6
0	7	9	4	4	2:-:12	1:+:14	1:-:8	1:-:16
0	8	10	5	5	1:+:12	2:-:3	0:+:4	2:-:5	1:+:18
0	9	11	5	5	2:+:11	2:+:7	1:-:5	1:-:3	0:-:1
0	10	12	2	2	1:-:17	1:+:17
0	11	15	1	1	1:-:5
1	0	3	4	4	0:+:0	2:-:7	1:+:4	1:+:2
1	3	5	2	2	1:+:1	1:-:1
1	4	7	1	1	2:+:2
1	5	9	1	1	1:-:16
1	8	10	5	5	1:+:12	2:-:3	0:+:4	2:-:5	1:+:18
1	9	12	1	1	2:+:11
1	11	14	3	3	2:+:12	1:+:8	1:-:13
1	14	15	22	22	0:+:5	2:+:10	2:-:5	2:+:11	0:-:3	2:-:14	1:+:13	1:-:11	1:+:1	2:+:9	0:-:0	2:-:1	1:+:19	1:-:6	2:-:3	1:-:2	1:-:4	1:-:10	2:+:7	2:-:0	2:-:2	0:-:2
2	0	4	1	1	1:+:5
2	3	5	5	5	1:-:19	2:+:13	2:+:4	1:-:13	1:+:9
2	4	7	3	3	0:+:3	1:+:11	2:-:5
2	5	8	1	1	2:-:2
2	6	9	2	2	2:+:10	0:-:1
2	8	11	1	1	1:-:16
2	10	12	5	5	1:+:12	2:-:3	0:+:4	2:-:5	1:+:18
2	11	14	1	1	2:+:11
2	12	15	1	1	1:+:16
3	0	2	2	2	1:-:17	1:+:17
3	1	6	1	1	1:-:12
3	4	7	1	1	2:+:3
3	5	8	1	1	1:+:9
3	8	10	2	2	1:+:1	1:-:1
3	9	15	1	1	1:-:14
4	0	3	3	3	2:-:1	2:-:0	2:+:9
4	1	5	1	1	1:-:8
4	4	8	1	1	2:-:10
4	5	9	1	1	0:+:1
4	6	10	1	1	2:-:7
4	9	15	1	1	2:+:3
