0	0	1	20	0:+:28	0:+:9	2:+:1	0:+:12	2:+:2	1:+:24	1:+:19	1:+:17	0:+:1	0:+:13	1:-:5	1:-:14	2:-:4	0:-:0	1:-:13	2:-:3	1:-:0	0:-:22	1:-:1	0:-:23
0	0	2	10	1:+:10	2:+:5	0:+:10	1:+:22	1:+:7	2:-:8	0:-:19	0:-:15	0:-:7	0:-:5
0	0	3	1	1:+:3
0	1	2	16	0:+:26	0:+:27	1:+:21	1:+:6	1:+:15	2:+:7	0:+:4	0:+:17	0:-:25	0:-:3	1:-:9	1:-:2	2:-:0	1:-:16	0:-:24	0:-:18
0	1	3	6	1:+:12	0:+:21	1:-:24	1:-:19	1:-:17	0:-:13
0	1	4	1	0:-:0
0	2	3	18	2:+:9	0:+:20	1:+:14	0:+:16	2:+:3	1:+:0	1:+:1	0:+:6	0:+:23	0:-:28	1:-:10	0:-:10	1:-:22	1:-:3	1:-:7	2:-:1	0:-:12	2:-:2
0	2	4	3	0:+:8	0:+:0	2:-:4
0	2	5	1	0:-:7
0	2	6	1	2:+:4
0	3	4	16	0:+:28	2:+:1	0:+:12	2:+:2	1:+:24	1:+:19	1:+:17	0:+:13	1:-:5	1:-:14	1:-:13	2:-:3	1:-:0	0:-:22	1:-:1	0:-:23
0	3	5	6	0:+:10	1:+:22	1:+:3	1:+:7	2:-:8	0:-:5
0	3	6	1	0:-:18
0	3	8	1	1:+:10
0	3	10	1	0:-:10
0	4	5	20	0:+:27	1:+:21	1:+:6	1:+:12	0:+:21	1:+:15	2:+:7	0:+:4	0:+:17	1:-:25	1:-:20	1:-:9	1:-:2	2:-:0	1:-:18	1:-:16	0:-:24	0:-:2	0:-:18	0:-:14
0	4	6	2	0:+:26	0:-:24
0	4	7	1	0:-:1
0	5	6	22	0:+:26	1:+:11	2:+:6	1:+:21	1:+:6	0:+:11	1:+:23	1:+:8	1:+:15	0:+:4	0:+:17	0:-:25	0:-:3	1:-:9	1:-:2	2:-:0	1:-:16	2:-:8	0:-:19	0:-:15	0:-:7	0:-:5
0	5	7	4	1:+:4	1:-:24	1:-:19	1:-:17
0	5	9	1	0:+:21
0	6	7	19	2:+:9	0:+:20	1:+:14	0:+:16	2:+:4	0:+:8	0:+:0	1:+:1	0:+:6	0:+:23	0:-:28	1:-:10	2:-:5	1:-:22	1:-:3	1:-:7	0:-:9	2:-:1	0:-:12
0	6	8	3	2:+:3	0:-:9	2:-:1
0	6	9	1	1:+:0
0	7	8	19	2:+:9	1:+:5	0:+:20	0:+:16	0:+:8	0:+:0	1:+:13	2:+:3	1:+:0	0:+:22	1:-:10	2:-:5	0:-:10	1:-:3	2:-:2	1:-:19	1:-:17	0:-:1	0:-:13
0	7	9	3	0:-:27	1:-:21	1:-:6
0	7	10	2	0:+:6	1:-:22
0	8	9	18	1:+:25	0:+:25	1:+:20	0:+:3	1:+:9	2:+:0	1:+:18	1:+:16	0:+:2	0:+:18	0:+:14	0:-:26	1:-:12	0:-:21	1:-:15	2:-:7	0:-:4	0:-:17
0	8	10	4	2:+:8	0:+:5	2:-:5	1:-:7
0	8	11	2	0:+:19	1:-:2
0	8	12	2	0:+:15	1:-:8
0	9	10	15	2:+:4	0:+:0	1:+:13	2:+:3	1:+:0	0:+:22	1:+:1	0:+:23	0:-:28	0:-:9	0:-:12	2:-:2	1:-:24	0:-:1	0:-:13
0	9	11	3	1:+:5	2:-:0	1:-:18
0	9	12	2	1:+:14	1:-:15
0	10	11	19	0:+:26	1:+:11	2:+:6	0:+:27	1:+:21	0:+:11	1:+:23	1:+:4	1:+:12	1:-:25	0:-:25	1:-:20	0:-:3	0:-:19	0:-:15	0:-:7	0:-:24	0:-:2	0:-:14
0	10	12	5	1:+:8	2:+:7	0:+:4	2:-:7	0:-:17
0	10	14	1	0:-:2
0	11	12	19	1:+:25	1:+:2	2:+:0	1:+:18	0:+:19	0:+:15	0:+:7	0:+:24	0:+:2	0:+:14	1:-:11	2:-:6	0:-:27	1:-:6	0:-:11	1:-:23	1:-:4	1:-:12	0:-:21
0	11	13	3	1:+:20	0:+:3	1:-:20
0	11	15	2	0:+:25	0:-:23
0	12	13	24	0:+:27	1:+:6	0:+:11	1:+:23	1:+:4	1:+:12	0:+:21	1:+:8	1:+:15	2:+:7	0:+:17	1:-:25	1:-:9	1:-:2	2:-:0	1:-:18	1:-:16	2:-:8	0:-:7	0:-:5	0:-:24	0:-:2	0:-:18	0:-:14
0	12	14	4	1:+:11	2:+:6	0:-:18	0:-:14
0	13	14	21	0:+:26	1:+:11	2:+:6	1:+:4	0:+:21	1:+:8	1:+:15	0:+:4	0:+:17	1:-:25	0:-:25	1:-:20	0:-:3	1:-:9	2:-:0	1:-:18	1:-:16	2:-:8	0:-:19	0:-:15	0:-:5
0	13	15	6	1:+:21	1:+:6	0:+:11	1:+:23	1:-:1	0:-:6
0	14	15	23	1:+:10	2:+:5	0:+:10	1:+:3	0:+:9	2:+:1	2:+:2	1:+:19	1:+:17	0:+:1	0:+:13	2:-:9	1:-:5	0:-:20	1:-:14	0:-:16	2:-:4	0:-:8	0:-:0	1:-:13	2:-:3	1:-:0	0:-:22
1	0	1	28	1:+:25	1:+:9	1:+:2	2:+:0	1:+:18	1:+:16	2:+:8	0:+:19	0:+:15	0:+:7	0:+:5	0:+:24	0:+:2	0:+:18	0:+:14	1:-:11	2:-:6	0:-:27	1:-:6	0:-:11	1:-:23	1:-:4	1:-:12	0:-:21	1:-:8	1:-:15	2:-:7	0:-:17
1	0	2	5	0:+:25	1:+:20	0:+:3	0:-:25	0:-:3
1	0	3	1	1:-:19
1	1	2	21	1:+:11	2:+:6	0:+:27	1:+:6	0:+:11	1:+:23	1:+:8	1:+:15	2:+:7	0:+:17	1:-:9	1:-:2	2:-:0	1:-:16	2:-:8	0:-:19	0:-:15	0:-:7	0:-:5	0:-:24	0:-:18
1	1	3	6	1:+:4	1:+:12	0:+:21	1:-:24	1:-:17	0:-:13
1	1	4	1	0:-:0
1	2	3	18	2:+:9	0:+:20	1:+:14	0:+:16	2:+:3	1:+:0	1:+:1	0:+:6	0:+:23	0:-:28	1:-:10	0:-:10	1:-:22	1:-:3	1:-:7	2:-:1	0:-:12	2:-:2
1	2	4	3	2:+:4	0:+:0	0:-:8
1	2	5	2	0:+:8	2:-:3
1	3	4	20	0:+:28	1:+:10	0:+:10	1:+:22	1:+:3	1:+:7	2:+:2	1:+:24	1:+:19	1:+:17	0:+:13	2:-:9	1:-:5	0:-:20	0:-:16	1:-:13	2:-:3	1:-:0	0:-:22	0:-:6
1	3	5	5	2:+:1	0:+:12	1:-:13	1:-:0	0:-:22
1	4	5	17	0:+:28	1:+:10	2:+:5	1:+:22	1:+:3	1:+:7	1:+:24	1:+:19	1:+:17	0:+:1	2:-:9	1:-:5	0:-:20	0:-:16	0:-:8	0:-:0	0:-:6
1	4	6	5	0:+:9	0:+:12	1:-:13	1:-:0	0:-:22
1	4	7	2	2:+:1	2:-:2
1	5	6	24	0:+:28	1:+:10	2:+:5	1:+:22	1:+:3	1:+:7	0:+:9	2:+:1	0:+:12	1:+:24	1:+:19	1:+:17	0:+:1	2:-:9	1:-:5	0:-:20	1:-:14	0:-:16	2:-:4	0:-:8	0:-:0	1:-:1	0:-:6	0:-:23
1	6	7	20	2:+:9	2:+:4	0:+:8	0:+:0	1:+:13	1:+:0	0:+:22	1:+:1	0:+:6	0:+:23	0:-:28	2:-:5	0:-:10	1:-:22	1:-:7	0:-:9	0:-:12	1:-:24	0:-:1	0:-:13
1	6	8	5	1:+:5	0:+:20	1:-:2	2:-:0	1:-:18
1	6	9	3	1:+:14	0:+:16	1:-:15
1	6	10	1	1:-:7
1	7	8	19	0:+:26	1:+:11	2:+:6	0:+:27	1:+:21	0:+:11	1:+:23	1:+:4	1:+:12	1:-:25	0:-:25	1:-:20	0:-:3	0:-:19	0:-:15	0:-:7	0:-:24	0:-:2	0:-:14
1	7	9	4	1:+:8	2:-:7	0:-:4	0:-:17
1	7	10	2	2:+:7	0:+:4
1	8	9	16	1:+:25	0:+:25	1:+:20	0:+:3	1:+:2	2:+:0	1:+:18	0:+:24	0:+:2	0:+:14	0:-:26	0:-:27	1:-:21	1:-:6	1:-:12	0:-:21
1	8	10	6	0:+:19	0:+:15	1:-:10	0:-:10	1:-:22	1:-:3
1	8	11	2	0:+:7	2:-:4
1	9	10	16	1:+:5	1:+:14	1:+:13	2:+:3	1:+:0	0:+:22	1:+:1	0:+:23	0:-:28	2:-:1	0:-:12	2:-:2	1:-:24	1:-:19	1:-:17	0:-:13
1	9	11	2	0:+:0	0:-:0
1	9	12	2	2:+:4	0:-:7
1	10	11	16	0:+:28	2:+:1	0:+:12	2:+:2	1:+:24	1:+:19	1:+:17	0:+:13	1:-:5	1:-:14	1:-:13	2:-:3	1:-:0	0:-:22	1:-:1	0:-:23
1	10	12	8	1:+:10	0:+:10	1:+:22	1:+:7	2:-:8	0:-:19	0:-:15	0:-:5
1	10	14	1	1:+:3
1	11	12	16	0:+:26	0:+:27	1:+:21	1:+:6	1:+:15	2:+:7	0:+:4	0:+:17	0:-:25	0:-:3	1:-:9	1:-:2	2:-:0	1:-:16	0:-:24	0:-:18
1	11	13	5	1:+:12	0:+:21	1:-:24	0:-:1	0:-:13
1	11	14	1	1:-:16
1	11	15	1	1:-:17
1	12	13	17	2:+:9	2:+:4	0:+:8	0:+:0	2:+:3	1:+:0	1:+:1	0:+:6	0:+:23	0:-:28	2:-:5	0:-:10	1:-:22	1:-:7	0:-:9	0:-:12	2:-:2
1	12	14	5	1:+:14	0:+:16	1:-:9	1:-:2	2:-:0
1	12	15	1	0:+:20
1	13	14	19	0:+:26	1:+:11	2:+:6	0:+:27	1:+:21	0:+:11	1:+:23	1:+:8	2:+:7	0:+:4	0:-:25	0:-:3	2:-:8	0:-:19	0:-:15	0:-:7	0:-:5	0:-:24	0:-:18
1	13	15	6	1:+:4	1:+:12	1:-:24	1:-:19	0:-:1	0:-:13
1	14	15	23	2:+:9	0:+:20	1:+:14	0:+:16	2:+:4	0:+:8	0:+:0	2:+:3	1:+:0	1:+:1	0:+:6	0:+:23	0:-:28	1:-:10	2:-:5	0:-:10	1:-:22	1:-:3	1:-:7	0:-:9	2:-:1	0:-:12	2:-:2
2	0	1	22	2:+:9	2:+:4	0:+:8	0:+:0	1:+:13	2:+:3	1:+:0	0:+:22	1:+:1	0:+:6	0:+:23	0:-:28	2:-:5	0:-:10	1:-:22	1:-:7	0:-:9	0:-:12	2:-:2	1:-:24	0:-:1	0:-:13
2	0	2	5	1:+:5	0:+:20	1:-:2	2:-:0	1:-:18
2	0	3	3	1:+:14	0:+:16	1:-:15
2	0	4	1	1:-:7
2	1	2	19	0:+:26	1:+:11	2:+:6	0:+:27	1:+:21	0:+:11	1:+:23	1:+:4	1:+:12	1:-:25	0:-:25	1:-:20	0:-:3	0:-:19	0:-:15	0:-:7	0:-:24	0:-:2	0:-:14
2	1	3	4	1:+:8	2:-:7	0:-:4	0:-:17
2	1	4	2	2:+:7	0:+:4
2	2	3	16	1:+:25	0:+:25	1:+:20	0:+:3	1:+:2	2:+:0	1:+:18	0:+:24	0:+:2	0:+:14	0:-:26	0:-:27	1:-:21	1:-:6	1:-:12	0:-:21
2	2	4	6	0:+:19	0:+:15	1:-:10	0:-:10	1:-:22	1:-:3
2	2	5	2	0:+:7	2:-:4
2	3	4	16	1:+:5	1:+:14	1:+:13	2:+:3	1:+:0	0:+:22	1:+:1	0:+:23	0:-:28	2:-:1	0:-:12	2:-:2	1:-:24	1:-:19	1:-:17	0:-:13
2	3	5	2	0:+:0	0:-:0
2	3	6	2	2:+:4	0:-:7
2	4	5	16	0:+:28	2:+:1	0:+:12	2:+:2	1:+:24	1:+:19	1:+:17	0:+:13	1:-:5	1:-:14	1:-:13	2:-:3	1:-:0	0:-:22	1:-:1	0:-:23
2	4	6	8	1:+:10	0:+:10	1:+:22	1:+:7	2:-:8	0:-:19	0:-:15	0:-:5
2	4	7	1	1:+:3
2	5	6	16	0:+:26	0:+:27	1:+:21	1:+:6	1:+:15	2:+:7	0:+:4	0:+:17	0:-:25	0:-:3	1:-:9	1:-:2	2:-:0	1:-:16	0:-:24	0:-:18
2	5	7	6	1:+:12	0:+:21	1:-:19	1:-:17	0:-:1	0:-:13
2	5	8	1	1:-:23
2	6	7	16	2:+:9	0:+:20	1:+:14	0:+:16	2:+:4	0:+:8	0:+:0	2:+:3	1:+:0	1:-:10	2:-:5	0:-:10	1:-:3	0:-:9	2:-:1	2:-:2
2	6	8	5	0:+:6	0:+:23	0:-:27	1:-:21	0:-:11
2	6	9	1	1:+:1
2	6	10	1	1:-:4
2	7	8	19	1:+:25	0:+:25	1:+:20	0:+:3	2:+:8	0:+:19	0:+:15	0:+:5	0:+:2	0:+:18	0:+:14	0:-:26	1:-:11	2:-:6	1:-:4	1:-:12	1:-:8	2:-:7	0:-:4
2	7	9	5	1:+:9	2:+:0	0:-:20	1:-:14	0:-:16
2	7	10	2	1:+:18	1:+:16
2	8	9	17	0:+:28	2:+:5	0:+:10	1:+:22	1:+:7	0:+:9	0:+:12	2:+:2	2:-:9	2:-:4	0:-:8	0:-:0	2:-:3	1:-:0	1:-:1	0:-:6	0:-:23
2	8	10	2	1:+:24	0:-:21
2	8	11	3	0:+:1	0:+:13	1:-:11
2	9	10	22	0:+:25	0:+:3	1:+:9	1:+:2	2:+:0	1:+:16	2:+:8	0:+:19	0:+:15	0:+:7	0:+:5	0:-:26	1:-:11	2:-:6	1:-:21	1:-:6	0:-:11	1:-:23	1:-:8	1:-:15	0:-:4	0:-:17
2	9	11	4	0:+:24	0:+:18	0:-:26	2:-:6
2	10	11	18	1:+:25	1:+:20	2:+:8	0:+:7	0:+:5	0:+:24	0:+:2	0:+:18	0:+:14	0:-:27	1:-:21	0:-:11	1:-:23	1:-:4	1:-:12	1:-:8	2:-:7	0:-:4
2	10	12	5	2:+:0	1:+:18	1:+:16	1:-:5	1:-:14
2	10	13	4	1:+:9	1:+:2	0:-:19	0:-:15
2	11	12	15	0:+:28	0:+:9	0:+:12	2:+:2	1:+:24	0:+:1	0:+:13	2:-:4	0:-:0	1:-:13	2:-:3	1:-:0	0:-:22	1:-:1	0:-:23
2	11	13	4	2:+:5	0:+:10	1:+:22	0:-:7
2	11	14	3	1:+:7	2:-:7	0:-:4
2	12	13	16	0:+:26	0:+:27	1:+:21	1:+:6	1:+:12	0:+:21	1:-:25	0:-:25	1:-:20	0:-:3	1:-:2	2:-:0	1:-:18	0:-:24	0:-:2	0:-:14
2	12	14	4	1:+:15	0:+:17	1:-:15	0:-:17
2	12	15	3	2:+:7	0:+:4	1:-:7
2	13	14	16	1:+:25	0:+:25	1:+:20	0:+:3	1:+:2	2:+:0	1:+:18	0:+:24	0:+:2	0:+:14	0:-:26	0:-:27	1:-:21	1:-:6	1:-:12	0:-:21
2	13	15	8	0:+:19	0:+:15	0:+:7	1:-:10	2:-:5	0:-:10	1:-:22	1:-:3
2	14	15	20	1:+:5	1:+:14	2:+:4	0:+:0	1:+:13	2:+:3	1:+:0	0:+:22	1:+:1	0:+:23	0:-:28	0:-:9	2:-:1	0:-:12	2:-:2	1:-:24	1:-:19	1:-:17	0:-:1	0:-:13
3	0	1	23	0:+:28	1:+:10	2:+:5	0:+:10	1:+:22	1:+:3	1:+:7	0:+:9	2:+:1	0:+:12	2:+:2	2:-:9	0:-:20	1:-:14	0:-:16	2:-:4	0:-:8	0:-:0	2:-:3	1:-:0	1:-:1	0:-:6	0:-:23
3	0	2	7	1:+:24	1:+:19	1:+:17	0:+:1	0:+:13	1:-:12	0:-:21
3	0	6	1	1:-:0
3	1	2	16	0:+:25	0:+:3	1:+:9	1:+:2	2:+:0	1:+:16	0:+:24	0:+:18	0:-:26	0:-:27	1:-:21	1:-:6	1:-:15	2:-:7	0:-:4	0:-:17
3	1	3	7	2:+:8	0:+:7	0:+:5	2:-:5	0:-:10	1:-:22	1:-:7
3	1	4	3	0:+:19	0:+:15	1:-:9
3	2	3	15	2:+:4	0:+:0	1:+:13	2:+:3	1:+:0	0:+:22	1:+:1	0:+:23	0:-:28	0:-:9	0:-:12	2:-:2	1:-:24	0:-:1	0:-:13
3	2	4	4	1:+:14	2:-:0	1:-:18	1:-:16
3	2	5	1	1:+:5
3	3	4	19	0:+:26	1:+:11	2:+:6	1:+:4	1:+:12	1:+:8	2:+:7	0:+:4	1:-:25	0:-:25	1:-:20	0:-:3	2:-:8	0:-:19	0:-:15	0:-:5	0:-:2	0:-:18	0:-:14
3	3	5	4	0:+:27	1:+:21	1:+:23	0:-:6
3	3	6	2	0:+:11	0:-:22
3	4	5	19	1:+:10	2:+:5	0:+:10	1:+:3	2:+:2	1:+:19	1:+:17	0:+:1	0:+:13	2:-:9	1:-:5	0:-:20	0:-:16	0:-:8	0:-:0	1:-:13	2:-:3	1:-:0	0:-:22
3	4	6	3	2:+:1	1:-:13	2:-:3
3	4	7	1	0:+:9
3	5	6	14	0:+:28	0:+:9	2:+:1	0:+:12	1:+:24	1:+:19	1:+:17	0:+:1	1:-:5	1:-:14	2:-:4	0:-:0	1:-:1	0:-:23
3	5	7	7	1:+:10	2:+:5	1:+:22	1:+:3	0:-:19	0:-:15	0:-:7
3	5	8	3	1:+:7	2:-:7	0:-:4
3	6	7	16	0:+:26	0:+:27	1:+:21	1:+:6	1:+:12	0:+:21	1:-:25	0:-:25	1:-:20	0:-:3	1:-:2	2:-:0	1:-:18	0:-:24	0:-:2	0:-:14
3	6	8	4	1:+:15	0:+:17	1:-:15	0:-:17
3	6	9	3	2:+:7	0:+:4	1:-:7
3	7	8	16	1:+:25	0:+:25	1:+:20	0:+:3	1:+:2	2:+:0	1:+:18	0:+:24	0:+:2	0:+:14	0:-:26	0:-:27	1:-:21	1:-:6	1:-:12	0:-:21
3	7	9	7	0:+:19	0:+:15	0:+:7	1:-:10	2:-:5	1:-:22	1:-:3
3	7	11	1	0:-:8
3	8	9	14	1:+:5	1:+:14	2:+:4	0:+:0	1:+:1	0:+:23	0:-:28	0:-:9	2:-:1	0:-:12	1:-:24	1:-:19	1:-:17	0:-:1
3	8	10	5	1:+:13	1:+:0	0:+:22	2:-:1	0:-:12
3	8	11	1	2:+:3
3	9	10	20	2:+:9	1:+:5	0:+:20	0:+:16	1:+:13	2:+:3	1:+:0	0:+:22	0:+:6	0:-:28	1:-:10	0:-:10	1:-:22	1:-:3	1:-:7	2:-:2	1:-:24	1:-:19	1:-:17	0:-:13
3	9	11	4	0:+:8	0:+:0	2:-:4	0:-:0
3	10	11	23	0:+:28	1:+:10	0:+:10	1:+:22	1:+:3	1:+:7	2:+:1	0:+:12	1:+:24	1:+:19	1:+:17	0:+:13	2:-:9	1:-:5	0:-:20	1:-:14	0:-:16	1:-:13	1:-:0	0:-:22	1:-:1	0:-:6	0:-:23
3	10	12	2	2:+:2	2:-:2
3	11	12	20	2:+:9	2:+:4	0:+:8	0:+:0	1:+:13	1:+:0	0:+:22	1:+:1	0:+:6	0:+:23	0:-:28	2:-:5	0:-:10	1:-:22	1:-:7	0:-:9	0:-:12	1:-:24	0:-:1	0:-:13
3	11	13	5	1:+:5	0:+:20	1:-:2	2:-:0	1:-:18
3	11	14	4	1:+:14	0:+:16	1:-:8	1:-:15
3	12	13	19	0:+:26	1:+:11	2:+:6	0:+:27	1:+:21	0:+:11	1:+:23	1:+:4	1:+:12	1:-:25	0:-:25	1:-:20	0:-:3	0:-:19	0:-:15	0:-:7	0:-:24	0:-:2	0:-:14
3	12	14	5	1:+:8	2:+:7	0:+:4	2:-:7	0:-:17
3	12	15	1	0:-:3
3	13	14	19	1:+:25	1:+:2	2:+:0	1:+:18	0:+:19	0:+:15	0:+:7	0:+:24	0:+:2	0:+:14	1:-:11	2:-:6	0:-:27	1:-:6	0:-:11	1:-:23	1:-:4	1:-:12	0:-:21
3	13	15	5	0:+:25	1:+:20	0:+:3	0:-:25	1:-:20
3	14	15	28	1:+:11	2:+:6	0:+:27	1:+:6	0:+:11	1:+:23	1:+:4	1:+:12	0:+:21	1:+:8	1:+:15	2:+:7	0:+:17	1:-:25	1:-:9	1:-:2	2:-:0	1:-:18	1:-:16	2:-:8	0:-:19	0:-:15	0:-:7	0:-:5	0:-:24	0:-:2	0:-:18	0:-:14
4	0	1	25	2:+:9	1:+:5	0:+:20	1:+:14	0:+:16	1:+:13	2:+:3	1:+:0	0:+:22	1:+:1	0:+:6	0:+:23	0:-:28	1:-:10	0:-:10	1:-:22	1:-:3	1:-:7	2:-:1	0:-:12	2:-:2	1:-:24	1:-:19	1:-:17	0:-:13
4	0	2	5	2:+:4	0:+:8	2:-:4	0:-:8	0:-:0
4	0	4	1	0:+:0
4	1	2	18	0:+:28	1:+:10	0:+:10	1:+:22	1:+:3	1:+:7	2:+:1	0:+:12	2:+:2	2:-:9	0:-:20	1:-:14	0:-:16	2:-:3	1:-:0	1:-:1	0:-:6	0:-:23
4	1	3	5	1:+:24	1:+:19	1:+:17	1:-:4	0:-:21
4	1	7	1	0:+:13
4	1	9	1	1:-:6
4	2	3	22	0:+:25	0:+:3	1:+:9	1:+:2	2:+:0	1:+:16	2:+:8	0:+:19	0:+:15	0:+:7	0:+:5	0:-:26	1:-:11	2:-:6	1:-:21	1:-:6	0:-:11	1:-:23	1:-:8	1:-:15	0:-:4	0:-:17
4	2	4	2	0:+:24	0:-:26
4	2	5	1	2:-:5
4	2	6	1	0:+:18
4	3	4	20	1:+:25	1:+:20	1:+:9	1:+:2	2:+:0	1:+:18	1:+:16	0:+:24	0:+:2	0:+:18	0:+:14	0:-:27	1:-:21	1:-:6	1:-:12	0:-:21	1:-:15	2:-:7	0:-:4	0:-:17
4	3	5	6	2:+:8	0:+:7	0:+:5	0:-:10	1:-:22	1:-:7
4	3	6	1	1:-:2
4	4	5	15	2:+:4	0:+:0	1:+:13	2:+:3	1:+:0	0:+:22	1:+:1	0:+:23	0:-:28	0:-:9	0:-:12	2:-:2	1:-:24	0:-:1	0:-:13
4	4	6	3	1:+:5	2:-:0	1:-:18
4	4	7	2	1:+:14	1:-:15
4	5	6	19	0:+:26	1:+:11	2:+:6	0:+:27	1:+:21	0:+:11	1:+:23	1:+:4	1:+:12	1:-:25	0:-:25	1:-:20	0:-:3	0:-:19	0:-:15	0:-:7	0:-:24	0:-:2	0:-:14
4	5	7	4	1:+:8	2:-:7	0:-:4	0:-:17
4	5	8	1	2:+:7
4	5	9	1	0:+:4
4	6	7	16	1:+:25	0:+:25	1:+:20	0:+:3	1:+:2	2:+:0	1:+:18	0:+:24	0:+:2	0:+:14	0:-:26	0:-:27	1:-:21	1:-:6	1:-:12	0:-:21
4	6	8	7	0:+:19	0:+:15	0:+:7	1:-:10	2:-:5	0:-:10	1:-:3
4	6	9	1	1:-:21
4	7	8	15	1:+:5	1:+:14	2:+:4	0:+:0	1:+:13	2:+:3	1:+:0	0:+:22	0:-:9	2:-:1	2:-:2	1:-:19	1:-:17	0:-:1	0:-:13
4	7	9	3	1:+:1	0:-:11	1:-:23
4	7	10	2	0:+:23	0:-:26
4	8	9	21	1:+:25	0:+:25	1:+:20	0:+:3	1:+:9	2:+:0	1:+:18	1:+:16	2:+:8	0:+:19	0:+:15	0:+:5	0:-:26	1:-:11	2:-:6	1:-:4	0:-:21	1:-:8	1:-:15	0:-:4	0:-:17
4	8	10	5	0:+:2	0:+:18	0:+:14	1:-:11	2:-:6
4	9	10	18	1:+:25	1:+:20	2:+:8	0:+:7	0:+:5	0:+:24	0:+:2	0:+:18	0:+:14	0:-:27	1:-:21	0:-:11	1:-:23	1:-:4	1:-:12	1:-:8	2:-:7	0:-:4
4	9	11	6	1:+:9	1:+:2	2:+:0	0:-:20	1:-:14	0:-:16
4	9	12	2	1:+:18	1:-:4
4	9	13	1	1:+:16
4	10	11	17	0:+:28	2:+:5	0:+:10	1:+:22	1:+:7	0:+:9	0:+:12	2:+:2	2:-:9	2:-:4	0:-:8	0:-:0	2:-:3	1:-:0	1:-:1	0:-:6	0:-:23
4	10	12	4	1:+:24	0:+:1	0:+:13	1:-:12
4	10	15	1	0:-:18
4	11	12	19	0:+:25	0:+:3	2:+:8	0:+:19	0:+:15	0:+:7	0:+:5	0:+:24	0:+:18	0:-:26	1:-:11	2:-:6	0:-:27	1:-:21	0:-:11	1:-:23	1:-:8	2:-:7	0:-:4
4	11	13	4	2:+:0	1:+:16	1:-:5	1:-:14
4	11	14	1	1:+:2
4	11	15	2	1:+:9	0:-:14
4	12	13	15	0:+:28	0:+:9	0:+:12	2:+:2	1:+:24	0:+:1	0:+:13	2:-:4	0:-:0	1:-:13	2:-:3	1:-:0	0:-:22	1:-:1	0:-:23
4	12	14	6	0:+:10	1:+:22	1:+:7	2:-:8	0:-:7	0:-:5
4	12	15	1	2:+:5
4	13	14	20	0:+:27	1:+:21	1:+:6	1:+:12	0:+:21	1:+:15	2:+:7	0:+:4	0:+:17	1:-:25	1:-:20	1:-:9	1:-:2	2:-:0	1:-:18	1:-:16	0:-:24	0:-:2	0:-:18	0:-:14
4	13	15	3	0:+:26	0:-:24	0:-:2
4	14	15	27	0:+:26	1:+:11	2:+:6	1:+:21	1:+:6	0:+:11	1:+:23	1:+:4	0:+:21	1:+:8	1:+:15	0:+:4	0:+:17	1:-:25	0:-:25	1:-:20	0:-:3	1:-:9	1:-:2	2:-:0	1:-:18	1:-:16	2:-:8	0:-:19	0:-:15	0:-:7	0:-:5
