0	0	2	8	8	2:-:9	2:+:9	2:-:13	1:-:6	2:+:13	1:+:6	0:-:5	0:+:5
0	1	4	1	1	2:+:0
0	2	5	1	1	1:-:12
0	3	6	1	1	0:-:8
0	4	9	1	1	1:+:9
0	8	11	1	1	2:-:5
0	9	12	3	3	1:-:18	1:+:2	1:+:10
0	10	14	1	1	1:-:12
0	13	15	8	8	1:-:10	0:+:0	2:-:8	1:+:19	1:-:2	2:-:12	2:+:5	0:+:6
1	0	4	1	1	2:-:3
1	2	5	1	1	1:+:16
1	4	7	2	2	1:-:9	2:-:11
1	5	8	1	1	1:+:5
1	6	9	1	1	1:-:5
1	7	11	1	1	1:+:15
1	9	12	1	1	0:-:8
1	11	14	2	2	0:-:13	0:+:12
1	13	15	4	4	1:+:17	1:-:4	0:-:9	1:-:12
2	0	5	1	1	2:-:9
2	4	7	2	2	0:+:3	0:-:2
2	5	8	3	3	1:+:11	1:+:3	1:-:17
2	7	10	1	1	2:+:6
2	8	11	1	1	1:+:16
2	9	12	1	1	0:-:8
2	11	15	1	1	0:-:10
3	0	2	4	4	1:+:12	1:+:4	1:-:17	0:+:9
3	1	5	1	1	2:-:4
3	3	6	1	1	0:-:0
3	4	7	3	3	2:+:8	0:-:5	2:+:12
3	5	8	3	3	2:-:8	2:-:12	0:+:5
3	6	9	1	1	0:+:0
3	7	10	1	1	2:-:0
3	8	11	1	1	2:+:0
3	9	12	2	2	2:-:3	1:+:0
3	10	13	1	1	1:+:16
3	11	14	1	1	0:-:8
3	12	15	2	2	1:-:4	0:-:9
4	0	3	1	1	1:+:16
4	2	4	4	4	0:+:3	2:+:0	0:-:3	2:-:0
4	3	7	1	1	0:+:9
4	5	8	1	1	1:-:12
4	6	9	1	1	0:-:8
4	7	10	2	2	2:+:11	1:+:9
4	8	11	1	1	2:-:4
4	9	12	1	1	0:-:0
4	10	13	1	1	2:-:4
4	11	15	1	1	0:+:11
