0	0	3	2	2:+:11	2:+:7
0	1	7	1	1:-:5
0	5	8	2	1:+:1	1:+:11
0	6	9	2	0:+:0	0:-:9
0	7	10	2	0:+:9	0:-:0
0	8	11	2	0:+:0	0:-:9
0	9	12	2	0:+:9	0:-:0
0	10	13	2	1:-:1	1:-:11
0	11	14	1	1:+:5
0	12	15	1	2:+:14
1	0	4	2	2:+:1	1:-:7
1	2	5	2	1:+:21	1:+:3
1	3	7	1	1:-:5
1	6	10	1	2:-:14
1	8	11	2	2:+:17	1:+:19
1	9	12	1	2:-:14
1	10	14	1	1:-:4
1	11	15	1	0:-:10
2	0	4	1	1:+:8
2	2	5	1	2:-:0
2	3	6	1	1:-:16
2	5	9	2	2:+:16	1:+:18
2	7	12	1	2:-:12
2	10	13	1	2:-:0
2	11	14	1	1:-:16
2	12	15	1	1:+:5
3	0	3	1	2:-:5
3	1	4	4	2:+:18	1:+:20
3	2	5	2	1:+:13	1:-:6
3	4	7	2	2:-:10	2:-:6
3	6	10	2	1:+:1	1:+:11
3	7	11	1	0:+:10
3	10	15	2	2:+:16	1:+:18
4	0	3	2	2:-:11	2:-:7
4	2	5	2	0:+:4	0:-:5
4	3	8	1	2:-:1
4	6	11	2	1:+:0	1:+:10
4	8	12	1	0:+:10
4	9	13	1	1:+:4
4	11	14	2	2:-:16	1:-:18
4	12	15	2	1:+:8	2:-:1
