0	0	1	25	2:+:20	2:+:13	1:+:1	2:+:14	1:+:7	0:+:3	2:+:7	0:+:19	2:+:10	0:+:16	1:-:8	2:-:19	0:-:4	2:-:1	1:-:0	0:-:2	2:-:6	2:-:8	0:-:20	0:-:12	2:-:11	0:-:17	0:-:23	2:-:5	2:-:4
0	0	2	5	1:+:5	0:+:5	0:-:14	0:-:0	0:-:10
0	0	3	3	2:+:2	1:-:1	2:-:14
0	1	2	13	1:+:4	2:+:9	0:+:7	0:+:8	2:+:17	0:+:21	0:+:13	0:+:9	0:-:26	2:-:12	0:-:18	0:-:25	0:-:24
0	1	3	2	2:+:18	2:+:0
0	1	4	1	0:+:22
0	2	3	22	1:+:8	0:+:4	1:+:0	0:+:2	2:+:6	0:+:15	1:+:3	2:+:8	2:+:16	0:+:20	0:+:12	0:+:1	2:+:5	0:+:11	2:-:20	2:-:13	0:-:5	2:-:2	0:-:3	2:-:7	0:-:19	0:-:16
0	2	4	1	1:-:6
0	2	5	2	2:+:11	1:-:3
0	2	6	1	0:+:17
0	2	7	1	2:-:6
0	3	4	15	0:+:26	0:+:25	0:+:14	1:+:2	2:+:15	0:+:0	0:+:10	0:-:6	0:-:7	0:-:8	0:-:9	2:-:18	2:-:0	0:-:22	2:-:3
0	3	5	2	2:-:16	0:-:12
0	3	6	1	0:-:19
0	4	5	17	2:+:20	1:+:5	0:+:5	2:+:2	1:+:1	2:+:14	2:-:19	2:-:1	1:-:0	0:-:2	2:-:6	0:-:15	0:-:23	0:-:1	2:-:5	0:-:11	2:-:4
0	4	6	6	1:+:7	2:+:7	2:+:10	0:+:16	1:-:7	2:-:10
0	4	7	3	0:+:3	0:-:2	0:-:15
0	5	6	11	1:+:3	2:+:16	0:+:12	0:+:23	0:+:1	2:+:5	0:+:11	2:+:4	2:-:13	1:-:5	2:-:14
0	5	7	7	2:+:19	2:+:1	0:+:2	2:+:6	0:+:15	0:-:4	1:-:0
0	5	8	2	2:-:18	2:-:0
0	5	10	1	1:+:0
0	6	7	16	2:+:13	1:+:5	1:+:7	0:+:19	2:+:10	1:-:8	1:-:3	2:-:8	2:-:16	0:-:20	0:-:12	2:-:11	0:-:17	0:-:1	2:-:5	0:-:11
0	6	8	1	0:-:22
0	6	9	1	2:-:2
0	6	13	1	2:+:14
0	7	8	13	0:+:26	2:+:12	0:+:18	0:+:25	0:+:24	1:-:4	2:-:9	0:-:7	0:-:8	2:-:17	0:-:21	0:-:13	0:-:9
0	7	9	5	0:+:14	0:+:0	0:+:10	1:-:5	0:-:5
0	8	9	20	1:+:8	2:+:19	0:+:4	2:+:1	1:+:0	0:+:2	2:+:6	2:+:11	0:+:17	0:+:23	2:+:5	2:+:4	2:-:20	1:-:1	2:-:14	1:-:7	0:-:3	2:-:7	2:-:10	0:-:16
0	8	10	4	2:+:8	0:+:12	2:-:12	0:-:18
0	8	12	1	0:+:20
0	9	10	12	1:+:6	0:+:9	2:+:18	2:+:0	0:+:22	2:+:3	0:-:24	0:-:14	1:-:2	2:-:15	0:-:0	0:-:10
0	9	11	5	0:+:6	0:+:7	0:+:8	0:-:25	0:-:24
0	10	11	13	1:+:4	1:+:6	2:+:9	0:+:6	2:+:17	0:+:21	0:+:13	0:-:26	2:-:12	0:-:18	0:-:14	0:-:0	0:-:10
0	10	12	2	2:+:3	2:-:14
0	10	13	2	2:+:0	1:-:0
0	11	12	16	1:+:8	1:+:3	2:+:8	2:+:16	0:+:20	0:+:12	2:+:11	0:+:17	0:+:1	2:+:5	0:+:11	2:-:13	1:-:5	1:-:7	0:-:19	2:-:10
0	11	13	8	0:+:4	0:+:2	2:+:6	0:+:15	0:-:4	0:-:2	2:-:6	0:-:15
0	11	14	2	2:-:18	2:-:0
0	11	15	1	1:+:0
0	12	13	16	2:+:13	1:+:5	1:+:7	0:+:19	2:+:10	1:-:8	1:-:3	2:-:8	2:-:16	0:-:20	0:-:12	2:-:11	0:-:17	0:-:1	2:-:5	0:-:11
0	12	14	1	0:-:22
0	12	15	2	2:+:14	2:-:2
0	13	14	13	0:+:26	2:+:12	0:+:18	0:+:25	0:+:24	1:-:4	2:-:9	0:-:7	0:-:8	2:-:17	0:-:21	0:-:13	0:-:9
0	13	15	5	0:+:14	0:+:0	0:+:10	1:-:5	0:-:5
0	14	15	25	1:+:8	2:+:19	0:+:4	2:+:1	1:+:0	0:+:2	2:+:6	2:+:8	0:+:20	0:+:12	2:+:11	0:+:17	0:+:23	2:+:5	2:+:4	2:-:20	2:-:13	1:-:1	2:-:14	1:-:7	0:-:3	2:-:7	0:-:19	2:-:10	0:-:16
1	0	1	18	1:+:4	1:+:6	2:+:9	0:+:6	0:+:7	0:+:8	2:+:17	0:+:21	0:+:13	0:+:9	0:-:26	2:-:12	0:-:18	0:-:25	0:-:24	0:-:14	0:-:0	0:-:10
1	0	2	5	2:+:18	2:+:0	2:+:3	1:-:1	2:-:14
1	0	4	1	0:+:22
1	1	2	22	1:+:8	0:+:4	1:+:0	0:+:2	2:+:6	0:+:15	1:+:3	2:+:8	2:+:16	0:+:20	0:+:12	0:+:1	2:+:5	0:+:11	2:-:20	2:-:13	0:-:5	2:-:2	0:-:3	2:-:7	0:-:19	0:-:16
1	1	3	5	2:+:11	0:+:17	1:-:4	1:-:6	2:-:9
1	2	3	12	0:+:26	0:+:14	1:+:2	2:+:15	0:+:0	0:+:10	0:-:6	2:-:17	0:-:21	0:-:13	2:-:0	2:-:3
1	2	4	6	0:+:25	0:-:6	0:-:7	0:-:8	2:-:17	0:-:21
1	3	4	17	2:+:12	0:+:18	0:+:24	0:+:14	1:+:2	2:+:15	0:+:0	0:+:10	1:-:4	1:-:6	2:-:9	0:-:13	0:-:9	2:-:18	2:-:0	0:-:22	2:-:3
1	4	5	20	1:+:4	1:+:6	2:+:9	0:+:6	0:+:7	0:+:8	2:+:17	0:+:21	2:+:18	2:+:0	0:+:22	2:+:3	0:-:26	2:-:12	0:-:18	0:-:25	0:-:24	1:-:2	2:-:15	0:-:0
1	4	6	2	0:-:13	0:-:9
1	4	7	1	0:+:13
1	4	8	1	0:+:9
1	5	6	14	0:+:26	2:+:12	0:+:18	0:+:25	0:+:24	1:-:4	2:-:9	0:-:7	0:-:8	2:-:17	0:-:21	2:-:18	2:-:0	0:-:22
1	5	7	5	1:+:2	2:+:15	1:-:5	0:-:5	2:-:2
1	5	8	1	0:+:0
1	6	7	22	1:+:8	2:+:19	0:+:4	2:+:1	1:+:0	0:+:2	2:+:6	2:+:8	0:+:20	0:+:12	2:+:11	0:+:17	0:+:23	2:-:20	2:-:13	1:-:1	1:-:7	0:-:3	2:-:7	0:-:19	2:-:10	0:-:16
1	6	8	2	2:+:5	2:-:13
1	6	9	1	2:+:4
1	7	8	24	1:+:8	2:+:19	0:+:4	2:+:1	1:+:0	0:+:15	1:+:3	2:+:8	2:+:16	0:+:20	2:+:11	0:+:17	0:+:23	2:-:20	1:-:5	0:-:5	2:-:2	1:-:1	1:-:7	0:-:3	2:-:7	0:-:19	2:-:10	0:-:16
1	7	9	4	0:+:1	0:+:11	2:+:4	2:-:13
1	8	9	22	1:+:8	2:+:19	0:+:4	2:+:1	1:+:0	0:+:15	1:+:3	2:+:8	2:+:16	0:+:20	0:+:1	0:+:11	2:+:4	2:-:20	0:-:5	2:-:2	1:-:1	2:-:14	0:-:3	2:-:7	0:-:19	0:-:16
1	8	10	5	2:+:11	0:+:17	0:+:23	1:-:4	2:-:9
1	8	11	1	1:-:5
1	9	10	11	0:+:26	0:+:25	0:-:7	0:-:8	2:-:17	0:-:21	0:-:13	0:-:9	2:-:18	2:-:0	0:-:22
1	9	11	5	0:+:14	0:+:0	0:+:10	0:-:5	2:-:2
1	9	12	2	1:+:2	2:+:15
1	10	11	20	1:+:8	2:+:19	0:+:4	2:+:1	1:+:0	0:+:2	2:+:6	2:+:11	0:+:17	0:+:23	2:+:5	2:+:4	2:-:20	1:-:1	2:-:14	1:-:7	0:-:3	2:-:7	2:-:10	0:-:16
1	10	12	5	2:+:8	0:+:20	0:+:12	2:-:12	0:-:18
1	11	12	11	1:+:6	0:+:6	0:+:7	0:+:8	0:+:9	0:-:26	0:-:25	0:-:24	0:-:14	0:-:0	0:-:10
1	11	13	3	0:+:22	2:+:3	2:-:14
1	11	14	3	2:+:18	2:+:0	1:-:0
1	12	13	16	1:+:8	1:+:3	2:+:8	2:+:16	0:+:20	0:+:12	2:+:11	0:+:17	0:+:1	2:+:5	0:+:11	2:-:13	1:-:5	1:-:7	0:-:19	2:-:10
1	12	14	8	0:+:4	0:+:2	2:+:6	0:+:15	0:-:4	0:-:2	2:-:6	0:-:15
1	12	15	3	1:+:0	2:-:18	2:-:0
1	13	14	16	2:+:13	1:+:5	1:+:7	0:+:19	2:+:10	1:-:8	1:-:3	2:-:8	2:-:16	0:-:20	0:-:12	2:-:11	0:-:17	0:-:1	2:-:5	0:-:11
1	13	15	3	2:+:14	0:-:22	2:-:3
1	14	15	18	0:+:26	2:+:12	0:+:18	0:+:25	0:+:24	0:+:14	0:+:0	0:+:10	1:-:4	1:-:6	2:-:9	0:-:6	0:-:7	0:-:8	2:-:17	0:-:21	0:-:13	0:-:9
2	0	1	18	1:+:4	1:+:6	2:+:9	0:+:6	0:+:7	0:+:8	2:+:17	0:+:21	0:+:13	0:+:9	0:-:26	2:-:12	0:-:18	0:-:25	0:-:24	0:-:14	0:-:0	0:-:10
2	0	2	6	2:+:18	2:+:0	0:+:22	2:+:3	1:-:1	2:-:14
2	1	2	20	1:+:8	0:+:4	1:+:0	0:+:2	2:+:6	0:+:15	2:+:11	0:+:17	0:+:1	2:+:5	0:+:11	2:-:20	1:-:5	0:-:5	2:-:2	1:-:7	0:-:3	2:-:7	2:-:10	0:-:16
2	1	3	6	1:+:3	2:+:8	2:+:16	0:+:20	2:-:12	0:-:18
2	1	4	1	0:+:12
2	2	3	14	1:+:6	0:+:6	0:+:7	0:+:8	2:+:18	2:+:0	0:+:22	2:+:3	0:-:26	0:-:25	0:-:24	1:-:2	2:-:15	0:-:0
2	2	4	3	0:+:9	0:-:13	0:-:9
2	3	4	20	0:+:26	2:+:12	0:+:18	0:+:25	0:+:24	1:+:2	2:+:15	0:+:0	1:-:4	1:-:6	2:-:9	0:-:6	0:-:7	0:-:8	2:-:17	0:-:21	2:-:18	2:-:0	0:-:22	2:-:3
2	4	5	17	1:+:4	1:+:6	2:+:9	0:+:13	0:+:9	2:+:18	2:+:0	0:+:22	2:+:3	2:-:12	0:-:18	0:-:24	0:-:14	1:-:2	2:-:15	0:-:0	0:-:10
2	4	6	6	0:+:6	0:+:7	2:+:17	0:+:21	0:-:25	0:-:24
2	4	8	1	0:+:8
2	5	6	14	1:+:4	1:+:6	2:+:9	0:+:6	2:+:17	0:+:21	2:+:0	2:+:3	0:-:26	2:-:12	0:-:18	1:-:2	2:-:15	0:-:0
2	5	7	2	0:-:13	0:-:9
2	5	10	1	0:+:13
2	6	7	14	0:+:26	2:+:12	0:+:18	0:+:25	0:+:24	1:-:4	2:-:9	0:-:7	0:-:8	2:-:17	0:-:21	2:-:18	2:-:0	0:-:22
2	6	8	4	1:+:2	2:+:15	0:+:0	1:-:5
2	6	9	1	2:-:1
2	6	10	1	0:-:3
2	7	8	14	1:+:8	2:+:8	0:+:20	0:+:12	2:+:11	0:+:17	0:+:23	2:+:5	2:+:4	2:-:13	2:-:14	1:-:7	0:-:19	2:-:10
2	7	9	9	2:+:19	0:+:4	2:+:1	1:+:0	2:-:19	1:-:0	0:-:2	2:-:6	0:-:15
2	7	10	1	0:+:2
2	7	11	1	2:+:6
2	8	9	11	2:+:13	1:+:5	2:+:14	1:-:3	2:-:16	0:-:12	0:-:23	0:-:1	2:-:5	0:-:11	2:-:4
2	8	10	6	1:+:7	2:+:10	1:-:7	2:-:7	2:-:10	0:-:16
2	8	11	2	0:+:19	0:-:18
2	9	10	17	2:+:19	2:+:1	1:+:0	0:+:2	2:+:6	0:+:15	0:+:23	0:+:1	2:+:5	0:+:11	2:+:4	2:-:20	1:-:5	0:-:5	2:-:2	1:-:1	2:-:14
2	9	11	4	1:+:3	2:+:16	0:+:12	2:-:12
2	10	11	11	1:+:6	0:+:6	0:+:7	0:+:8	0:+:9	0:-:26	0:-:25	0:-:24	0:-:14	0:-:0	0:-:10
2	10	12	5	2:+:18	2:+:0	2:+:3	1:-:1	2:-:14
2	10	13	1	0:+:22
2	11	12	22	1:+:8	0:+:4	1:+:0	0:+:2	2:+:6	0:+:15	1:+:3	2:+:8	2:+:16	0:+:20	0:+:12	0:+:1	2:+:5	0:+:11	2:-:20	2:-:13	0:-:5	2:-:2	0:-:3	2:-:7	0:-:19	0:-:16
2	11	13	1	1:-:6
2	11	14	3	0:+:17	1:-:3	2:-:8
2	11	15	1	2:+:11
2	12	13	15	0:+:26	0:+:25	0:+:14	1:+:2	2:+:15	0:+:0	0:+:10	0:-:6	0:-:7	0:-:8	0:-:9	2:-:18	2:-:0	0:-:22	2:-:3
2	12	14	2	2:-:16	0:-:20
2	12	15	1	0:-:11
2	13	14	23	2:+:20	1:+:5	0:+:5	2:+:2	1:+:1	2:+:14	1:+:7	0:+:3	2:+:7	2:+:10	0:+:16	1:-:8	2:-:19	0:-:4	2:-:1	1:-:0	0:-:15	2:-:11	0:-:17	0:-:23	0:-:1	0:-:11	2:-:4
2	13	15	3	0:-:1	2:-:5	2:-:4
2	14	15	28	2:+:20	2:+:13	1:+:5	0:+:5	2:+:2	1:+:1	1:+:7	0:+:3	2:+:7	0:+:19	2:+:10	0:+:16	1:-:8	2:-:19	0:-:4	2:-:1	1:-:0	0:-:2	2:-:6	0:-:15	1:-:3	2:-:8	2:-:16	0:-:20	0:-:12	2:-:11	0:-:17	0:-:23
3	0	1	17	1:+:4	1:+:6	2:+:9	0:+:13	0:+:9	2:+:18	2:+:0	0:+:22	2:+:3	2:-:12	0:-:18	0:-:24	0:-:14	1:-:2	2:-:15	0:-:0	0:-:10
3	0	2	5	0:+:6	0:+:7	0:+:8	0:-:25	0:-:24
3	0	3	2	2:+:17	0:+:21
3	1	2	13	1:+:4	1:+:6	2:+:9	0:+:6	2:+:17	0:+:21	0:+:13	0:-:26	2:-:12	0:-:18	0:-:14	0:-:0	0:-:10
3	1	3	4	2:+:0	2:+:3	1:-:1	2:-:14
3	2	3	20	1:+:8	0:+:4	1:+:0	0:+:2	2:+:6	0:+:15	2:+:11	0:+:17	0:+:1	2:+:5	0:+:11	2:-:20	1:-:5	0:-:5	2:-:2	1:-:7	0:-:3	2:-:7	2:-:10	0:-:16
3	2	4	3	2:+:16	0:+:20	0:+:12
3	2	5	4	1:+:3	2:+:8	2:-:11	0:-:17
3	3	4	15	0:+:6	0:+:7	0:+:8	0:+:9	2:+:18	2:+:0	0:+:22	2:+:3	0:-:26	0:-:25	0:-:14	1:-:2	2:-:15	0:-:0	0:-:10
3	3	5	1	1:+:6
3	3	7	1	0:-:21
3	4	5	22	2:+:20	2:+:13	0:+:5	2:+:2	0:+:3	2:+:7	0:+:19	0:+:16	1:-:8	0:-:4	1:-:0	0:-:2	2:-:6	0:-:15	1:-:3	2:-:8	2:-:16	0:-:20	0:-:12	0:-:1	2:-:5	0:-:11
3	4	6	4	1:+:1	2:+:14	2:-:0	2:-:3
3	4	7	1	2:-:17
3	5	6	13	0:+:26	2:+:12	0:+:18	0:+:14	0:+:0	0:+:10	1:-:4	1:-:6	2:-:9	0:-:6	2:-:17	0:-:21	0:-:13
3	5	7	5	0:+:25	0:+:24	0:-:6	0:-:7	0:-:8
3	6	7	17	2:+:12	0:+:18	0:+:24	0:+:14	1:+:2	2:+:15	0:+:0	0:+:10	1:-:4	1:-:6	2:-:9	0:-:13	0:-:9	2:-:18	2:-:0	0:-:22	2:-:3
3	7	8	20	1:+:4	1:+:6	2:+:9	0:+:6	0:+:7	0:+:8	2:+:17	0:+:21	2:+:18	2:+:0	0:+:22	2:+:3	0:-:26	2:-:12	0:-:18	0:-:25	0:-:24	1:-:2	2:-:15	0:-:0
3	7	9	3	0:+:13	0:+:9	0:-:9
3	7	12	1	0:-:10
3	8	9	14	0:+:26	0:+:25	0:+:24	1:+:2	2:+:15	0:+:0	1:-:6	0:-:6	0:-:7	0:-:8	2:-:18	2:-:0	0:-:22	2:-:3
3	8	10	5	0:+:18	1:-:3	2:-:8	2:-:16	0:-:20
3	8	11	1	2:+:12
3	9	10	23	2:+:20	1:+:5	0:+:5	2:+:2	1:+:1	2:+:14	1:+:7	0:+:3	2:+:7	2:+:10	0:+:16	1:-:8	2:-:19	0:-:4	2:-:1	1:-:0	0:-:15	2:-:11	0:-:17	0:-:23	0:-:1	0:-:11	2:-:4
3	9	11	2	2:-:5	2:-:4
3	9	12	1	0:-:0
3	10	11	22	2:+:20	2:+:13	1:+:1	1:+:7	0:+:3	2:+:7	0:+:19	2:+:10	0:+:16	1:-:8	2:-:19	0:-:4	2:-:1	1:-:0	0:-:2	2:-:6	2:-:8	0:-:20	0:-:12	2:-:11	0:-:17	0:-:23
3	10	12	5	0:+:5	2:+:2	0:-:14	1:-:2	2:-:15
3	10	13	1	1:+:5
3	11	12	11	0:+:7	0:+:8	2:+:17	0:+:21	0:+:13	0:+:9	2:+:18	2:+:0	0:+:22	0:-:26	0:-:25
3	11	13	4	2:+:9	2:-:11	0:-:17	0:-:23
3	11	14	1	1:+:4
3	12	13	20	2:+:20	2:+:13	1:+:1	2:+:14	0:+:3	2:+:7	0:+:19	0:+:16	1:-:8	2:-:19	0:-:4	2:-:1	1:-:0	0:-:2	2:-:6	2:-:8	0:-:20	0:-:12	2:-:5	2:-:4
3	12	14	5	0:+:5	2:+:2	1:-:2	2:-:15	0:-:0
3	12	15	2	0:-:13	0:-:9
3	13	14	14	1:+:4	2:+:9	0:+:7	0:+:8	2:+:17	0:+:21	2:+:18	2:+:0	0:+:22	0:-:26	2:-:12	0:-:18	0:-:25	0:-:24
3	13	15	2	0:+:13	0:+:9
3	14	15	20	0:+:26	2:+:12	0:+:18	0:+:25	0:+:24	1:+:2	2:+:15	0:+:0	1:-:4	1:-:6	2:-:9	0:-:6	0:-:7	0:-:8	2:-:17	0:-:21	2:-:18	2:-:0	0:-:22	2:-:3
4	0	1	19	1:+:8	1:+:3	2:+:8	2:+:16	0:+:20	0:+:12	2:+:11	0:+:17	0:+:23	0:+:1	2:+:5	0:+:11	2:+:4	2:-:13	1:-:5	2:-:14	1:-:7	0:-:19	2:-:10
4	0	2	11	2:+:19	0:+:4	2:+:1	0:+:2	2:+:6	0:+:15	0:-:4	1:-:0	0:-:2	2:-:6	0:-:15
4	0	3	3	1:+:0	2:-:18	2:-:0
4	1	2	16	2:+:13	1:+:5	1:+:7	0:+:19	2:+:10	1:-:8	1:-:3	2:-:8	2:-:16	0:-:20	0:-:12	2:-:11	0:-:17	0:-:1	2:-:5	0:-:11
4	1	3	3	2:+:14	0:-:22	2:-:3
4	2	3	18	0:+:26	2:+:12	0:+:18	0:+:25	0:+:24	0:+:14	0:+:0	0:+:10	1:-:4	1:-:6	2:-:9	0:-:6	0:-:7	0:-:8	2:-:17	0:-:21	0:-:13	0:-:9
4	3	4	18	1:+:4	1:+:6	2:+:9	0:+:6	0:+:7	0:+:8	2:+:17	0:+:21	0:+:13	0:+:9	0:-:26	2:-:12	0:-:18	0:-:25	0:-:24	0:-:14	0:-:0	0:-:10
4	3	5	6	2:+:18	2:+:0	0:+:22	2:+:3	1:-:1	2:-:14
4	4	5	20	1:+:8	0:+:4	1:+:0	0:+:2	2:+:6	0:+:15	2:+:11	0:+:17	0:+:1	2:+:5	0:+:11	2:-:20	1:-:5	0:-:5	2:-:2	1:-:7	0:-:3	2:-:7	2:-:10	0:-:16
4	4	6	7	1:+:3	2:+:8	2:+:16	0:+:20	0:+:12	2:-:12	0:-:18
4	5	6	11	1:+:6	0:+:6	0:+:7	0:+:8	0:+:9	0:-:26	0:-:25	0:-:24	0:-:14	0:-:0	0:-:10
4	5	7	6	2:+:18	2:+:0	0:+:22	2:+:3	1:-:1	2:-:14
4	6	7	20	1:+:8	0:+:4	1:+:0	0:+:2	2:+:6	0:+:15	2:+:11	0:+:17	0:+:1	2:+:5	0:+:11	2:-:20	1:-:5	0:-:5	2:-:2	1:-:7	0:-:3	2:-:7	2:-:10	0:-:16
4	6	8	6	1:+:3	2:+:8	2:+:16	0:+:20	2:-:12	0:-:18
4	6	10	1	0:+:12
4	7	8	14	1:+:6	0:+:6	0:+:7	0:+:8	2:+:18	2:+:0	0:+:22	2:+:3	0:-:26	0:-:25	0:-:24	1:-:2	2:-:15	0:-:0
4	7	9	2	0:-:13	0:-:9
4	7	10	1	0:+:9
4	8	9	14	0:+:26	2:+:12	0:+:18	0:+:25	0:+:24	1:-:4	2:-:9	0:-:7	0:-:8	2:-:17	0:-:21	2:-:18	2:-:0	0:-:22
4	8	10	4	0:+:0	1:-:5	0:-:5	2:-:2
4	8	11	1	2:+:15
4	8	12	1	1:+:2
4	9	10	20	1:+:8	2:+:19	0:+:4	2:+:1	1:+:0	0:+:2	2:+:6	2:+:11	0:+:17	0:+:23	2:+:5	2:+:4	2:-:20	1:-:1	2:-:14	1:-:7	0:-:3	2:-:7	2:-:10	0:-:16
4	9	11	2	0:+:20	0:+:12
4	9	12	3	2:+:8	2:-:11	0:-:17
4	10	11	15	0:+:6	0:+:7	0:+:8	0:+:9	2:+:18	2:+:0	0:+:22	2:+:3	0:-:26	0:-:25	0:-:14	1:-:2	2:-:15	0:-:0	0:-:10
4	10	12	1	1:+:6
4	10	13	1	0:-:22
4	11	12	22	2:+:20	2:+:13	0:+:5	2:+:2	0:+:3	2:+:7	0:+:19	0:+:16	1:-:8	0:-:4	1:-:0	0:-:2	2:-:6	0:-:15	1:-:3	2:-:8	2:-:16	0:-:20	0:-:12	0:-:1	2:-:5	0:-:11
4	11	13	2	2:-:18	2:-:0
4	11	14	1	2:-:2
4	11	15	2	1:+:1	2:+:14
4	12	13	13	0:+:26	2:+:12	0:+:18	0:+:25	0:+:24	1:-:4	2:-:9	0:-:7	0:-:8	2:-:17	0:-:21	0:-:13	0:-:9
4	12	14	5	0:+:14	0:+:0	0:+:10	1:-:5	0:-:5
4	13	14	20	1:+:8	2:+:19	0:+:4	2:+:1	1:+:0	0:+:2	2:+:6	2:+:11	0:+:17	0:+:23	2:+:5	2:+:4	2:-:20	1:-:1	2:-:14	1:-:7	0:-:3	2:-:7	2:-:10	0:-:16
4	13	15	5	2:+:8	0:+:20	0:+:12	2:-:12	0:-:18
4	14	15	17	1:+:6	0:+:6	0:+:7	0:+:8	0:+:9	2:+:18	2:+:0	0:+:22	2:+:3	0:-:26	0:-:25	0:-:24	0:-:14	1:-:2	2:-:15	0:-:0	0:-:10
