0	0	3	1	0:-:7
0	1	4	2	0:-:19	0:-:14
0	3	6	1	0:-:0
0	4	7	1	0:-:5
0	6	9	1	0:-:16
0	7	10	1	0:-:16
0	9	13	1	0:+:2
0	10	14	1	1:+:1
0	13	15	2	2:+:1	2:-:1
1	0	4	1	0:-:1
1	2	6	1	2:-:2
1	3	7	1	0:-:3
1	6	9	1	0:-:16
1	7	10	1	0:-:16
1	9	12	3	0:+:23	0:+:2
1	10	13	1	0:+:5
1	11	15	1	0:+:11
2	0	4	1	0:-:17
2	2	5	1	0:-:15
2	3	8	1	0:-:1
2	6	9	2	1:+:3	2:+:9
2	8	13	1	2:-:1
2	12	15	2	0:+:6	2:-:5
3	0	4	1	0:-:18
3	2	5	1	0:-:7
3	3	6	2	0:-:19	0:-:14
3	5	8	3	0:+:21	0:-:24
3	7	10	1	0:-:15
3	8	12	1	1:-:0
3	10	15	1	2:+:5
4	0	4	2	0:+:20	2:-:3
4	3	7	2	0:+:9	2:-:6
4	6	9	1	0:+:0
4	8	11	2	1:-:3	2:-:9
4	10	13	2	0:+:10	2:-:6
4	12	14	4	0:+:0	0:+:11
4	13	15	4	0:+:0	0:+:11
