0	0	3	1	1:-:3
0	2	7	1	2:+:3
0	6	8	6	1:+:8	2:+:12
0	8	12	1	1:+:11
0	11	14	2	0:+:6	2:+:10
0	13	15	8	0:+:10	2:+:1
1	0	2	8	0:+:10	2:+:1
1	1	5	1	2:-:9
1	4	6	1	1:+:4
1	5	7	1	1:+:4
1	6	8	1	1:+:4
1	7	10	1	2:-:7
1	8	11	1	2:+:7
1	11	15	1	1:+:4
2	0	4	3	2:+:2	0:-:9
2	3	6	1	2:+:8
2	4	7	1	0:-:11
2	5	8	1	2:-:5
2	6	9	3	0:+:9	2:+:0
2	7	12	1	2:+:3
2	11	13	6	1:+:8	2:+:12
2	12	15	1	1:-:3
3	0	3	2	0:-:6	2:-:10
3	1	4	1	2:-:7
3	3	6	2	0:-:6	2:-:10
3	5	8	5	0:+:8	1:-:14
3	6	9	3	0:+:0	2:-:13
3	8	10	1	1:+:4
3	9	12	1	2:-:7
3	11	14	2	0:+:4	1:-:8
3	12	15	1	2:-:11
4	0	3	1	2:+:9
4	2	4	1	1:-:4
4	4	7	1	1:-:4
4	6	9	1	0:-:11
4	8	10	6	1:+:8	2:+:12
4	9	11	1	1:-:4
4	10	12	1	1:-:4
4	12	14	1	1:+:4
4	13	15	1	1:+:4
