0	0	1	16	1:+:2	0:+:15	0:+:10	1:+:1	0:+:14	0:+:7	1:-:12	2:-:5	2:-:4	2:-:3	1:-:3	1:-:9	0:-:2	0:-:4	1:-:4	0:-:6
0	0	2	6	2:+:1	1:+:7	0:+:0	0:+:8	0:-:16	1:-:10
0	1	2	9	0:+:3	0:+:5	1:+:5	1:+:6	0:+:13	0:-:11	0:-:12	2:-:0	1:-:0
0	2	3	13	0:+:16	1:+:10	0:+:12	2:+:0	1:+:0	2:-:2	1:-:8	0:-:1	0:-:3	0:-:5	1:-:5	0:-:9	0:-:13
0	2	4	1	0:+:11
0	2	5	1	1:-:4
0	3	4	9	0:+:16	1:+:10	0:+:11	2:-:2	1:-:8	0:-:1	0:-:9	1:-:6	0:-:13
0	3	5	4	2:+:0	1:+:0	0:-:2	0:-:4
0	4	5	15	0:+:15	0:+:10	1:+:7	0:+:0	0:+:8	0:+:14	0:+:7	1:-:12	0:-:17	2:-:5	1:-:11	2:-:4	2:-:3	1:-:9	0:-:6
0	4	6	2	1:+:2	1:-:2
0	5	6	15	1:+:12	0:+:17	2:+:5	1:+:11	2:+:4	2:+:3	1:+:9	0:+:6	0:-:15	0:-:10	1:-:7	0:-:0	0:-:8	0:-:14	0:-:7
0	5	7	4	0:+:2	0:+:4	2:-:0	1:-:0
0	5	8	1	1:+:4
0	6	7	9	2:+:2	1:+:8	0:+:1	0:+:9	1:+:6	0:+:13	0:-:16	1:-:10	0:-:11
0	6	8	1	0:-:11
0	7	8	11	2:+:2	1:+:8	0:+:1	0:+:3	0:+:5	0:+:9	0:+:13	0:-:16	1:-:10	2:-:0	1:-:0
0	7	9	2	1:+:5	0:-:11
0	8	9	13	2:+:2	1:+:8	0:+:1	0:+:3	0:+:5	1:+:5	0:+:9	0:+:13	0:-:16	1:-:10	0:-:12	2:-:0	1:-:0
0	9	10	9	0:+:11	0:+:12	2:+:0	1:+:0	0:-:3	0:-:5	1:-:5	1:-:6	0:-:13
0	9	11	6	0:+:16	1:+:10	2:-:1	1:-:7	0:-:0	0:-:8
0	10	11	14	1:+:12	2:+:5	2:+:4	2:+:3	1:+:3	1:+:9	0:+:2	0:+:4	1:+:4	1:-:2	0:-:15	0:-:10	1:-:1	0:-:14
0	10	12	2	0:+:6	0:-:6
0	11	12	18	0:+:15	0:+:10	2:+:1	1:+:7	0:+:0	0:+:8	1:+:1	0:+:14	1:-:12	0:-:17	2:-:5	1:-:11	2:-:4	2:-:3	1:-:9	0:-:2	0:-:4	1:-:4
0	11	13	2	1:+:2	1:-:2
0	12	13	18	1:+:12	0:+:17	2:+:5	1:+:11	2:+:4	2:+:3	1:+:9	0:+:2	0:+:4	1:+:4	0:-:15	0:-:10	2:-:1	1:-:7	0:-:0	0:-:8	1:-:1	0:-:14
0	12	14	2	0:+:6	0:-:6
0	13	14	14	1:+:2	0:+:15	0:+:10	1:+:1	0:+:14	1:-:12	2:-:5	2:-:4	2:-:3	1:-:3	1:-:9	0:-:2	0:-:4	1:-:4
0	13	15	6	2:+:1	1:+:7	0:+:0	0:+:8	0:-:16	1:-:10
0	14	15	9	0:+:3	0:+:5	1:+:5	1:+:6	0:+:13	0:-:11	0:-:12	2:-:0	1:-:0
1	0	1	13	0:+:16	1:+:10	0:+:12	2:+:0	1:+:0	2:-:2	1:-:8	0:-:1	0:-:3	0:-:5	1:-:5	0:-:9	0:-:13
1	0	2	1	1:-:5
1	0	3	1	0:+:11
1	1	2	12	0:+:16	1:+:10	0:+:11	2:+:0	1:+:0	2:-:2	1:-:8	0:-:1	0:-:3	0:-:5	0:-:9	1:-:6
1	1	4	1	0:-:11
1	2	3	12	2:+:2	1:+:8	0:+:1	0:+:3	0:+:5	0:+:9	1:+:6	0:-:16	1:-:10	0:-:11	2:-:0	1:-:0
1	2	5	1	1:+:5
1	3	4	10	2:+:2	1:+:8	0:+:1	0:+:3	0:+:5	1:+:5	0:-:16	0:-:12	2:-:0	1:-:0
1	3	5	2	0:+:9	1:-:9
1	3	6	1	0:+:13
1	4	5	12	1:+:2	0:+:15	2:+:1	0:+:0	0:+:8	0:-:17	1:-:11	2:-:3	1:-:3	0:-:2	0:-:4	0:-:6
1	4	6	4	0:+:7	1:-:11	2:-:4	2:-:3
1	4	7	2	1:+:1	1:-:2
1	5	6	15	0:+:10	2:+:1	1:+:7	0:+:0	1:+:1	0:+:14	0:+:7	1:-:12	0:-:17	2:-:5	1:-:9	0:-:2	0:-:4	1:-:4	0:-:6
1	6	7	16	1:+:12	0:+:17	2:+:5	1:+:11	2:+:4	2:+:3	0:+:2	0:+:4	1:+:4	0:+:6	0:-:15	2:-:1	0:-:0	0:-:8	1:-:1	0:-:7
1	6	8	2	1:-:6	0:-:13
1	6	10	1	1:+:9
1	6	12	1	0:-:5
1	7	8	7	0:+:11	0:+:12	2:+:0	1:+:0	0:-:3	0:-:5	1:-:5
1	7	9	4	0:+:16	2:-:1	1:-:7	0:-:0
1	8	9	11	1:+:12	2:+:5	1:+:9	0:+:2	0:+:4	1:+:4	0:+:6	0:-:10	1:-:1	0:-:14	0:-:7
1	8	10	5	2:+:4	2:+:3	1:+:3	1:-:1	0:-:14
1	9	10	14	0:+:17	1:+:11	2:+:3	1:+:3	1:+:9	0:+:2	0:+:4	1:-:2	0:-:15	0:-:10	2:-:1	1:-:7	0:-:0	0:-:8
1	9	11	1	0:+:6
1	10	11	14	1:+:2	2:+:1	1:+:7	0:+:0	0:+:8	1:+:1	0:+:14	1:-:12	0:-:17	2:-:5	1:-:11	2:-:4	1:-:3	1:-:4
1	10	12	6	0:+:15	0:+:10	2:-:2	1:-:8	0:-:1	0:-:3
1	11	12	6	1:+:10	2:+:0	1:+:0	1:-:5	0:-:9	1:-:6
1	11	13	2	0:+:12	0:-:12
1	12	13	13	2:+:2	1:+:8	0:+:1	0:+:3	0:+:5	1:+:5	0:+:9	1:+:6	0:-:16	1:-:10	0:-:11	2:-:0	1:-:0
1	13	14	10	0:+:16	1:+:10	0:+:11	0:+:12	2:-:2	1:-:8	0:-:1	0:-:9	1:-:6	0:-:13
1	13	15	5	2:+:0	1:+:0	0:-:2	0:-:4	1:-:4
1	14	15	17	1:+:2	0:+:15	0:+:10	1:+:7	0:+:0	0:+:8	0:+:14	0:+:7	1:-:12	0:-:17	2:-:5	1:-:11	2:-:4	2:-:3	1:-:3	1:-:9	0:-:6
2	0	1	9	0:+:11	0:+:12	2:+:0	1:+:0	0:-:3	0:-:5	1:-:5	1:-:6	0:-:13
2	0	2	5	0:+:16	1:+:10	1:-:7	0:-:0	0:-:8
2	0	3	1	2:-:0
2	1	2	12	1:+:12	2:+:5	2:+:4	2:+:3	1:+:3	1:+:9	0:+:6	1:-:2	0:-:15	0:-:10	0:-:14	0:-:7
2	1	3	4	0:+:2	0:+:4	1:+:4	1:-:0
2	2	3	10	2:+:2	1:+:8	0:+:1	0:+:9	1:+:6	0:+:13	0:-:16	1:-:10	0:-:11	0:-:12
2	3	4	13	0:+:16	1:+:10	0:+:11	2:+:0	1:+:0	2:-:2	1:-:8	0:-:1	0:-:3	0:-:5	1:-:5	0:-:9	1:-:6
2	3	5	1	0:+:12
2	3	6	1	0:-:11
2	4	5	12	2:+:2	1:+:8	0:+:1	0:+:3	0:+:5	0:+:9	1:+:6	0:-:16	1:-:10	0:-:11	2:-:0	1:-:0
2	4	6	1	1:+:5
2	5	6	11	2:+:2	1:+:8	0:+:1	0:+:3	0:+:5	0:+:9	0:+:13	0:-:16	1:-:10	2:-:0	1:-:0
2	5	7	1	1:+:5
2	5	9	1	0:-:9
2	6	7	7	1:+:5	0:+:9	0:+:13	1:-:10	0:-:12	2:-:0	1:-:0
2	6	8	5	2:+:2	0:+:1	0:+:3	0:+:5	0:-:15
2	6	9	1	1:+:8
2	7	8	13	1:+:12	0:+:17	2:+:5	1:+:11	2:+:4	1:+:3	1:+:4	1:-:2	2:-:1	0:-:0	0:-:8	1:-:1	0:-:7
2	7	9	1	0:-:13
2	7	11	1	1:-:4
2	8	9	10	0:+:16	0:+:12	2:+:0	1:+:0	2:-:2	1:-:8	0:-:1	0:-:3	0:-:5	1:-:5
2	8	10	1	0:+:11
2	9	10	9	0:+:16	1:+:10	0:+:11	2:-:2	1:-:8	0:-:1	0:-:9	1:-:6	0:-:13
2	9	11	2	2:+:0	1:+:0
2	9	12	1	0:-:3
2	9	13	1	0:-:0
2	10	11	12	1:+:2	1:+:7	0:+:0	0:+:8	0:+:14	0:+:7	1:-:12	0:-:17	2:-:5	1:-:11	2:-:4	1:-:3
2	10	12	2	0:+:10	0:-:5
2	10	13	3	0:+:15	2:-:1	1:-:7
2	11	12	6	0:+:12	2:+:0	1:+:0	1:-:5	1:-:6	0:-:13
2	11	13	2	1:+:10	0:-:8
2	12	13	14	1:+:12	2:+:5	2:+:4	2:+:3	1:+:3	1:+:9	0:+:2	0:+:4	1:+:4	1:-:2	0:-:15	0:-:10	1:-:1	0:-:14
2	12	14	1	0:+:6
2	12	15	1	0:-:5
2	13	14	14	1:+:2	2:+:1	1:+:7	0:+:0	0:+:8	1:+:1	0:+:14	1:-:12	0:-:17	2:-:5	1:-:11	2:-:4	1:-:3	1:-:4
2	13	15	6	0:+:15	0:+:10	2:-:2	1:-:8	0:-:1	0:-:3
2	14	15	8	1:+:10	0:+:12	2:+:0	1:+:0	1:-:5	0:-:9	1:-:6	0:-:13
3	0	1	18	1:+:12	0:+:17	2:+:5	1:+:11	2:+:4	2:+:3	1:+:3	0:+:2	0:+:4	1:+:4	0:+:6	1:-:2	0:-:15	2:-:1	0:-:0	0:-:8	1:-:1	0:-:7
3	0	2	3	1:+:9	0:-:9	0:-:13
3	0	3	1	1:-:5
3	1	2	10	0:+:16	0:+:12	2:+:0	1:+:0	2:-:2	1:-:8	0:-:1	0:-:3	0:-:5	1:-:5
3	1	3	1	0:+:11
3	2	3	11	0:+:16	1:+:10	2:+:0	1:+:0	2:-:2	1:-:8	0:-:1	0:-:3	0:-:5	0:-:9	0:-:13
3	2	4	1	1:-:5
3	2	5	1	0:+:11
3	3	4	12	0:+:16	1:+:10	0:+:11	2:+:0	1:+:0	2:-:2	1:-:8	0:-:1	0:-:3	0:-:5	0:-:9	1:-:6
3	3	5	1	0:-:12
3	4	5	6	1:+:5	0:+:9	1:+:6	1:-:10	2:-:0	1:-:0
3	4	6	5	1:+:8	0:+:1	0:+:3	0:+:5	0:-:10
3	4	7	1	0:-:14
3	4	8	1	2:+:2
3	5	6	10	1:+:12	0:+:17	2:+:5	1:+:4	2:-:1	1:-:7	0:-:0	1:-:1	0:-:14	0:-:7
3	5	7	5	1:+:11	2:+:4	1:+:3	1:-:1	0:-:7
3	6	7	9	0:+:17	1:+:9	0:+:2	0:+:4	0:+:6	0:-:10	2:-:1	1:-:7	0:-:0
3	6	8	5	1:+:11	1:+:3	1:-:1	0:-:14	0:-:7
3	6	9	1	2:+:3
3	7	8	9	0:+:17	1:+:9	0:+:2	0:+:4	0:+:6	0:-:10	2:-:1	1:-:7	0:-:0
3	7	9	5	1:+:11	2:+:3	1:+:3	1:-:1	0:-:7
3	7	10	1	0:-:13
3	8	9	12	0:+:17	1:+:11	2:+:3	1:+:3	0:+:2	0:+:4	0:+:6	1:-:2	0:-:15	2:-:1	0:-:0	0:-:8
3	8	10	1	1:-:6
3	8	11	2	1:+:9	0:-:8
3	9	10	7	0:+:11	0:+:12	2:+:0	1:+:0	0:-:3	0:-:5	1:-:5
3	9	11	4	0:+:16	2:-:1	1:-:7	0:-:0
3	10	11	14	1:+:12	2:+:5	2:+:4	2:+:3	1:+:3	1:+:9	0:+:2	0:+:4	1:+:4	1:-:2	0:-:15	0:-:10	1:-:1	0:-:14
3	10	12	2	0:+:6	0:-:6
3	11	12	18	0:+:15	0:+:10	2:+:1	1:+:7	0:+:0	0:+:8	1:+:1	0:+:14	1:-:12	0:-:17	2:-:5	1:-:11	2:-:4	2:-:3	1:-:9	0:-:2	0:-:4	1:-:4
3	11	13	2	1:+:2	1:-:2
3	12	13	16	1:+:12	0:+:17	2:+:5	1:+:11	2:+:4	2:+:3	0:+:2	0:+:4	1:+:4	0:+:6	0:-:15	2:-:1	0:-:0	0:-:8	1:-:1	0:-:7
3	12	14	3	1:+:9	0:-:9	1:-:6
3	12	15	1	0:-:12
3	13	14	10	0:+:16	0:+:11	2:+:0	1:+:0	2:-:2	1:-:8	0:-:1	0:-:3	0:-:5	1:-:5
3	13	15	1	0:+:12
3	14	15	13	2:+:2	1:+:8	0:+:1	0:+:3	0:+:5	1:+:5	0:+:9	1:+:6	0:-:16	1:-:10	0:-:11	2:-:0	1:-:0
4	0	1	17	1:+:12	0:+:17	2:+:5	1:+:11	2:+:4	2:+:3	1:+:3	1:+:9	0:+:6	1:-:2	0:-:15	0:-:10	1:-:7	0:-:0	0:-:8	0:-:14	0:-:7
4	0	2	3	1:+:4	2:-:0	1:-:0
4	0	3	2	0:+:2	0:+:4
4	1	2	5	0:+:9	1:+:6	0:+:13	1:-:10	0:-:12
4	1	3	3	1:+:8	0:+:1	0:-:10
4	1	4	2	2:+:2	0:-:14
4	2	3	10	1:+:12	0:+:17	2:+:5	1:+:4	2:-:1	1:-:7	0:-:0	1:-:1	0:-:14	0:-:7
4	2	4	4	1:+:11	2:+:4	1:+:3	1:-:1
4	2	6	1	0:-:5
4	3	4	14	0:+:17	1:+:11	2:+:3	1:+:3	1:+:9	0:+:2	0:+:4	1:-:2	0:-:15	0:-:10	2:-:1	1:-:7	0:-:0	0:-:8
4	3	5	1	0:+:6
4	4	5	14	1:+:2	2:+:1	1:+:7	0:+:0	0:+:8	1:+:1	0:+:14	1:-:12	0:-:17	2:-:5	1:-:11	2:-:4	1:-:3	1:-:4
4	4	6	6	0:+:15	0:+:10	2:-:2	1:-:8	0:-:1	0:-:3
4	5	6	6	1:+:10	2:+:0	1:+:0	1:-:5	0:-:9	1:-:6
4	5	7	2	0:+:12	0:-:12
4	6	7	13	2:+:2	1:+:8	0:+:1	0:+:3	0:+:5	1:+:5	0:+:9	1:+:6	0:-:16	1:-:10	0:-:11	2:-:0	1:-:0
4	7	8	10	0:+:16	1:+:10	0:+:11	0:+:12	2:-:2	1:-:8	0:-:1	0:-:9	1:-:6	0:-:13
4	7	9	4	1:+:0	0:-:2	0:-:4	1:-:4
4	7	10	1	2:+:0
4	8	9	12	1:+:2	0:+:15	0:+:10	0:+:14	0:+:7	1:-:12	2:-:5	2:-:4	2:-:3	1:-:3	1:-:9	0:-:6
4	8	10	3	1:+:7	0:+:0	0:-:16
4	8	11	2	0:+:8	1:-:9
4	9	10	7	0:+:3	0:+:5	1:+:5	0:-:11	0:-:12	2:-:0	1:-:0
4	9	11	2	1:+:6	0:+:13
4	10	11	16	0:+:15	2:+:1	0:+:0	0:+:8	1:+:1	0:+:7	1:-:12	0:-:17	2:-:5	1:-:11	2:-:4	2:-:3	0:-:2	0:-:4	1:-:4	0:-:6
4	10	12	2	1:+:2	1:-:2
4	11	12	16	1:+:12	0:+:17	2:+:5	1:+:11	2:+:4	2:+:3	0:+:2	0:+:4	1:+:4	0:+:6	0:-:15	2:-:1	0:-:0	0:-:8	1:-:1	0:-:7
4	11	13	4	1:+:9	0:-:9	1:-:6	0:-:13
4	12	13	6	0:+:16	0:+:11	0:+:12	2:-:2	1:-:8	0:-:1
4	12	14	4	1:+:0	0:-:2	0:-:4	1:-:4
4	12	15	1	2:+:0
4	13	14	12	1:+:2	0:+:15	0:+:10	0:+:14	0:+:7	1:-:12	2:-:5	2:-:4	2:-:3	1:-:3	1:-:9	0:-:6
4	13	15	5	1:+:7	0:+:0	0:+:8	0:-:16	1:-:10
4	14	15	9	0:+:3	0:+:5	1:+:5	1:+:6	0:+:13	0:-:11	0:-:12	2:-:0	1:-:0
