0	0	3	1	1:+:3
0	1	4	1	0:-:0
0	2	6	1	2:+:4
0	3	10	1	0:-:10
0	8	12	2	0:+:15	1:-:8
0	10	14	1	0:-:2
0	11	15	2	0:+:25	0:-:23
1	0	3	1	1:-:19
1	1	4	1	0:-:0
1	2	5	2	0:+:8	2:-:3
1	4	7	2	2:+:1	2:-:2
1	6	10	1	1:-:7
1	8	11	2	0:+:7	2:-:4
1	9	12	2	2:+:4	0:-:7
1	10	14	1	1:+:3
1	11	15	1	1:-:17
2	0	4	1	1:-:7
2	2	5	2	0:+:7	2:-:4
2	3	6	2	2:+:4	0:-:7
2	4	7	1	1:+:3
2	5	8	1	1:-:23
2	6	10	1	1:-:4
2	8	11	3	0:+:1	0:+:13	1:-:11
2	10	13	4	1:+:9	1:+:2	0:-:19	0:-:15
2	11	14	3	1:+:7	2:-:7	0:-:4
2	12	15	3	2:+:7	0:+:4	1:-:7
3	0	6	1	1:-:0
3	4	7	1	0:+:9
3	5	8	3	1:+:7	2:-:7	0:-:4
3	6	9	3	2:+:7	0:+:4	1:-:7
3	7	11	1	0:-:8
3	10	12	2	2:+:2	2:-:2
3	11	14	4	1:+:14	0:+:16	1:-:8	1:-:15
3	12	15	1	0:-:3
4	0	4	1	0:+:0
4	1	9	1	1:-:6
4	7	10	2	0:+:23	0:-:26
4	9	13	1	1:+:16
4	10	15	1	0:-:18
