r2	0	3	2	c:+:0	b:+:4
r2	3	5	9	b:+:2	a:+:5	b:-:0	a:-:0	a:-:3	c:-:5	a:-:7	c:-:2	b:-:6
r2	6	8	2	a:+:2	c:+:4
r2	8	10	2	a:+:2	c:+:4
r4	0	3	1	b:+:2
r5	1	3	2	a:+:2	c:+:4
r5	2	5	1	b:-:2
r5	7	9	12	b:+:1	a:+:1	a:+:4	a:+:8	c:+:3	b:+:7	b:-:1	a:-:1	a:-:4	a:-:8	c:-:3	b:-:7
r6	4	6	9	b:+:2	a:+:5	b:-:0	a:-:0	a:-:3	c:-:5	a:-:7	c:-:2	b:-:6
r7	1	3	3	c:+:0	b:+:3	b:+:4
r7	4	6	9	b:+:2	a:+:5	b:-:0	a:-:0	a:-:3	c:-:5	a:-:7	c:-:2	b:-:6
r8	5	7	9	b:+:2	a:+:5	b:-:0	a:-:0	a:-:3	c:-:5	a:-:7	c:-:2	b:-:6
r9	0	3	1	b:-:2
r9	3	6	2	c:-:0	b:-:4
r9	9	11	2	a:-:2	c:-:4
r9	11	13	10	pal:+:1	pal:+:3	a:+:6	c:+:1	b:+:5	pal:-:1	pal:-:3	a:-:6	c:-:1	b:-:5
r10	0	5	2	a:-:0	c:-:2
r11	3	5	3	c:-:0	b:-:3	b:-:4
r11	4	6	6	pal:+:0	pal:+:2	pal:+:4	pal:-:0	pal:-:2	pal:-:4
r12	0	3	1	b:-:2
r12	4	6	3	c:+:0	b:+:3	b:+:4
r12	5	7	2	a:-:2	c:-:4
r12	12	14	9	b:+:2	a:+:5	b:-:0	a:-:0	a:-:3	c:-:5	a:-:7	c:-:2	b:-:6
r13	4	6	3	c:-:0	b:-:3	b:-:4
r13	6	8	9	b:+:2	a:+:5	b:-:0	a:-:0	a:-:3	c:-:5	a:-:7	c:-:2	b:-:6
r13	13	15	9	b:+:0	a:+:0	a:+:3	c:+:5	a:+:7	c:+:2	b:+:6	b:-:2	a:-:5
r14	5	7	9	b:+:0	a:+:0	a:+:3	c:+:5	a:+:7	c:+:2	b:+:6	b:-:2	a:-:5
r16	0	2	10	pal:+:1	pal:+:3	a:+:6	c:+:1	b:+:5	pal:-:1	pal:-:3	a:-:6	c:-:1	b:-:5
r16	6	8	3	c:+:0	b:+:3	b:+:4
r16	10	13	1	b:-:3
r18	0	2	12	b:+:1	a:+:1	a:+:4	a:+:8	c:+:3	b:+:7	b:-:1	a:-:1	a:-:4	a:-:8	c:-:3	b:-:7
r18	2	6	2	a:+:5	a:-:5
r19	2	4	2	a:+:2	c:+:4
r19	3	5	3	c:-:0	b:-:3	b:-:4
r20	3	5	2	a:+:2	c:+:4
r20	7	9	12	b:+:1	a:+:1	a:+:4	a:+:8	c:+:3	b:+:7	b:-:1	a:-:1	a:-:4	a:-:8	c:-:3	b:-:7
r21	3	5	9	b:+:2	a:+:5	b:-:0	a:-:0	a:-:3	c:-:5	a:-:7	c:-:2	b:-:6
r21	8	10	3	c:-:0	b:-:3	b:-:4
r22	0	4	1	b:-:2
r22	4	6	9	b:+:0	a:+:0	a:+:3	c:+:5	a:+:7	c:+:2	b:+:6	b:-:2	a:-:5
r22	6	9	4	a:+:6	c:+:1	b:+:5	a:-:5
r23	5	7	2	a:+:2	c:+:4
r23	6	8	6	pal:+:0	pal:+:2	pal:+:4	pal:-:0	pal:-:2	pal:-:4
r23	7	9	3	c:+:0	b:+:3	b:+:4
r23	8	10	2	a:-:2	c:-:4
r23	11	13	2	a:-:2	c:-:4
r25	1	3	3	c:+:0	b:+:3	b:+:4
r25	4	7	1	b:+:2
r25	8	10	2	a:+:2	c:+:4
r25	9	11	6	pal:+:0	pal:+:2	pal:+:4	pal:-:0	pal:-:2	pal:-:4
r25	10	12	3	c:+:0	b:+:3	b:+:4
r26	0	2	12	b:+:1	a:+:1	a:+:4	a:+:8	c:+:3	b:+:7	b:-:1	a:-:1	a:-:4	a:-:8	c:-:3	b:-:7
r27	7	9	2	a:+:2	c:+:4
r27	8	10	3	c:-:0	b:-:3	b:-:4
r27	12	15	4	a:+:5	a:-:6	c:-:1	b:-:5
r28	0	2	3	c:+:0	b:+:3	b:+:4
r29	3	5	10	pal:+:1	pal:+:3	a:+:6	c:+:1	b:+:5	pal:-:1	pal:-:3	a:-:6	c:-:1	b:-:5
r29	9	12	1	b:+:2
r30	0	5	1	b:-:2
r31	3	6	1	b:-:2
r32	0	2	2	a:+:2	c:+:4
r32	1	3	6	pal:+:0	pal:+:2	pal:+:4	pal:-:0	pal:-:2	pal:-:4
r32	2	4	2	a:-:2	c:-:4
r32	6	8	12	b:+:1	a:+:1	a:+:4	a:+:8	c:+:3	b:+:7	b:-:1	a:-:1	a:-:4	a:-:8	c:-:3	b:-:7
r33	0	2	3	c:-:0	b:-:3	b:-:4
r33	2	4	9	b:+:2	a:+:5	b:-:0	a:-:0	a:-:3	c:-:5	a:-:7	c:-:2	b:-:6
r33	5	7	2	a:-:2	c:-:4
r33	8	13	1	b:-:2
r34	2	4	2	a:+:2	c:+:4
r35	0	2	3	c:+:0	b:+:3	b:+:4
r35	1	3	2	a:-:2	c:-:4
r35	3	7	1	a:-:2
r35	7	10	2	c:-:0	b:-:4
r36	6	8	12	b:+:1	a:+:1	a:+:4	a:+:8	c:+:3	b:+:7	b:-:1	a:-:1	a:-:4	a:-:8	c:-:3	b:-:7
r36	8	10	9	b:+:2	a:+:5	b:-:0	a:-:0	a:-:3	c:-:5	a:-:7	c:-:2	b:-:6
r37	2	4	9	b:+:0	a:+:0	a:+:3	c:+:5	a:+:7	c:+:2	b:+:6	b:-:2	a:-:5
r38	0	2	2	a:+:2	c:+:4
r38	1	3	3	c:-:0	b:-:3	b:-:4
r38	4	7	2	a:+:1	c:+:3
r38	8	10	2	a:+:2	c:+:4
r38	9	11	6	pal:+:0	pal:+:2	pal:+:4	pal:-:0	pal:-:2	pal:-:4
r38	10	12	3	c:+:0	b:+:3	b:+:4
r39	0	2	9	b:+:2	a:+:5	b:-:0	a:-:0	a:-:3	c:-:5	a:-:7	c:-:2	b:-:6
r39	2	4	2	a:+:2	c:+:4
r39	4	6	9	b:+:2	a:+:5	b:-:0	a:-:0	a:-:3	c:-:5	a:-:7	c:-:2	b:-:6
r40	0	2	6	pal:+:0	pal:+:2	pal:+:4	pal:-:0	pal:-:2	pal:-:4
r40	1	3	3	c:+:0	b:+:3	b:+:4
r40	6	8	2	a:-:2	c:-:4
r41	0	2	9	b:+:0	a:+:0	a:+:3	c:+:5	a:+:7	c:+:2	b:+:6	b:-:2	a:-:5
r42	0	2	2	a:+:2	c:+:4
r42	1	4	1	b:-:2
r42	5	7	3	c:-:0	b:-:3	b:-:4
r43	2	5	2	a:-:1	c:-:3
r43	7	10	4	pal:+:1	pal:+:3	pal:-:0	pal:-:2
r43	9	12	1	b:+:3
r43	11	13	2	a:-:2	c:-:4
r44	5	8	1	b:+:3
r44	10	13	2	c:-:0	b:-:4
r44	13	16	1	b:+:2
r45	6	8	2	a:-:2	c:-:4
r45	8	10	9	b:+:0	a:+:0	a:+:3	c:+:5	a:+:7	c:+:2	b:+:6	b:-:2	a:-:5
r45	12	15	4	a:+:5	a:-:6	c:-:1	b:-:5
r46	5	7	3	c:-:0	b:-:3	b:-:4
r46	6	8	6	pal:+:0	pal:+:2	pal:+:4	pal:-:0	pal:-:2	pal:-:4
r46	10	12	3	c:+:0	b:+:3	b:+:4
r46	12	14	9	b:+:2	a:+:5	b:-:0	a:-:0	a:-:3	c:-:5	a:-:7	c:-:2	b:-:6
r48	6	8	10	pal:+:1	pal:+:3	a:+:6	c:+:1	b:+:5	pal:-:1	pal:-:3	a:-:6	c:-:1	b:-:5
r48	9	11	2	a:+:2	c:+:4
r48	10	12	3	c:-:0	b:-:3	b:-:4
r48	11	13	6	pal:+:0	pal:+:2	pal:+:4	pal:-:0	pal:-:2	pal:-:4
r48	12	14	2	a:-:2	c:-:4
r49	3	6	2	a:-:2	c:-:4
r49	6	9	2	c:+:0	b:+:4
exact	0	10	1	a:+:0
repeat	0	6	1	a:+:0
left-shorter	0	7	1	c:+:0
left-shorter	2	9	1	a:+:0
