{"doc_id":0,"len":2,"name":"a","offset":2,"qstart":8,"read":"r2","strand":"+"}
{"doc_id":2,"len":2,"name":"c","offset":4,"qstart":8,"read":"r2","strand":"+"}
{"doc_id":0,"len":2,"name":"a","offset":2,"qstart":6,"read":"r2","strand":"+"}
{"doc_id":2,"len":2,"name":"c","offset":4,"qstart":6,"read":"r2","strand":"+"}
{"doc_id":1,"len":2,"name":"b","offset":2,"qstart":3,"read":"r2","strand":"+"}
{"doc_id":0,"len":2,"name":"a","offset":5,"qstart":3,"read":"r2","strand":"+"}
{"doc_id":3,"len":2,"name":"pal","offset":1,"qstart":1,"read":"r2","strand":"+"}
{"doc_id":3,"len":2,"name":"pal","offset":3,"qstart":1,"read":"r2","strand":"+"}
{"doc_id":0,"len":2,"name":"a","offset":6,"qstart":1,"read":"r2","strand":"+"}
{"doc_id":2,"len":3,"name":"c","offset":0,"qstart":0,"read":"r2","strand":"+"}
{"doc_id":1,"len":3,"name":"b","offset":4,"qstart":0,"read":"r2","strand":"+"}
{"doc_id":1,"len":2,"name":"b","offset":3,"qstart":0,"read":"r2","strand":"+"}
{"doc_id":3,"len":2,"name":"pal","offset":1,"qstart":1,"read":"r2","strand":"-"}
{"doc_id":3,"len":2,"name":"pal","offset":3,"qstart":1,"read":"r2","strand":"-"}
{"doc_id":0,"len":2,"name":"a","offset":6,"qstart":1,"read":"r2","strand":"-"}
{"doc_id":2,"len":2,"name":"c","offset":1,"qstart":1,"read":"r2","strand":"-"}
{"doc_id":1,"len":2,"name":"b","offset":5,"qstart":1,"read":"r2","strand":"-"}
{"doc_id":1,"len":2,"name":"b","offset":0,"qstart":3,"read":"r2","strand":"-"}
{"doc_id":0,"len":2,"name":"a","offset":0,"qstart":3,"read":"r2","strand":"-"}
{"doc_id":0,"len":2,"name":"a","offset":3,"qstart":3,"read":"r2","strand":"-"}
{"doc_id":2,"len":2,"name":"c","offset":5,"qstart":3,"read":"r2","strand":"-"}
{"doc_id":0,"len":2,"name":"a","offset":7,"qstart":3,"read":"r2","strand":"-"}
{"doc_id":2,"len":2,"name":"c","offset":2,"qstart":3,"read":"r2","strand":"-"}
{"doc_id":1,"len":2,"name":"b","offset":6,"qstart":3,"read":"r2","strand":"-"}
{"doc_id":2,"len":2,"name":"c","offset":0,"qstart":1,"read":"r4","strand":"+"}
{"doc_id":1,"len":2,"name":"b","offset":4,"qstart":1,"read":"r4","strand":"+"}
{"doc_id":1,"len":3,"name":"b","offset":2,"qstart":0,"read":"r4","strand":"+"}
{"doc_id":0,"len":2,"name":"a","offset":5,"qstart":0,"read":"r4","strand":"+"}
{"doc_id":1,"len":2,"name":"b","offset":0,"qstart":0,"read":"r4","strand":"-"}
{"doc_id":0,"len":2,"name":"a","offset":0,"qstart":0,"read":"r4","strand":"-"}
{"doc_id":0,"len":2,"name":"a","offset":3,"qstart":0,"read":"r4","strand":"-"}
{"doc_id":2,"len":2,"name":"c","offset":5,"qstart":0,"read":"r4","strand":"-"}
{"doc_id":0,"len":2,"name":"a","offset":7,"qstart":0,"read":"r4","strand":"-"}
{"doc_id":2,"len":2,"name":"c","offset":2,"qstart":0,"read":"r4","strand":"-"}
{"doc_id":1,"len":2,"name":"b","offset":6,"qstart":0,"read":"r4","strand":"-"}
{"doc_id":1,"len":2,"name":"b","offset":1,"qstart":7,"read":"r5","strand":"+"}
{"doc_id":0,"len":2,"name":"a","offset":1,"qstart":7,"read":"r5","strand":"+"}
{"doc_id":0,"len":2,"name":"a","offset":4,"qstart":7,"read":"r5","strand":"+"}
{"doc_id":0,"len":2,"name":"a","offset":8,"qstart":7,"read":"r5","strand":"+"}
{"doc_id":2,"len":2,"name":"c","offset":3,"qstart":7,"read":"r5","strand":"+"}
{"doc_id":1,"len":2,"name":"b","offset":7,"qstart":7,"read":"r5","strand":"+"}
{"doc_id":1,"len":2,"name":"b","offset":0,"qstart":3,"read":"r5","strand":"+"}
{"doc_id":0,"len":2,"name":"a","offset":0,"qstart":3,"read":"r5","strand":"+"}
{"doc_id":0,"len":2,"name":"a","offset":3,"qstart":3,"read":"r5","strand":"+"}
{"doc_id":2,"len":2,"name":"c","offset":5,"qstart":3,"read":"r5","strand":"+"}
{"doc_id":0,"len":2,"name":"a","offset":7,"qstart":3,"read":"r5","strand":"+"}
{"doc_id":2,"len":2,"name":"c","offset":2,"qstart":3,"read":"r5","strand":"+"}
{"doc_id":1,"len":2,"name":"b","offset":6,"qstart":3,"read":"r5","strand":"+"}
{"doc_id":0,"len":2,"name":"a","offset":2,"qstart":1,"read":"r5","strand":"+"}
{"doc_id":2,"len":2,"name":"c","offset":4,"qstart":1,"read":"r5","strand":"+"}
{"doc_id":2,"len":2,"name":"c","offset":0,"qstart":2,"read":"r5","strand":"-"}
{"doc_id":1,"len":2,"name":"b","offset":4,"qstart":2,"read":"r5","strand":"-"}
{"doc_id":1,"len":3,"name":"b","offset":2,"qstart":2,"read":"r5","strand":"-"}
{"doc_id":0,"len":2,"name":"a","offset":5,"qstart":3,"read":"r5","strand":"-"}
{"doc_id":1,"len":2,"name":"b","offset":1,"qstart":7,"read":"r5","strand":"-"}
{"doc_id":0,"len":2,"name":"a","offset":1,"qstart":7,"read":"r5","strand":"-"}
{"doc_id":0,"len":2,"name":"a","offset":4,"qstart":7,"read":"r5","strand":"-"}
{"doc_id":0,"len":2,"name":"a","offset":8,"qstart":7,"read":"r5","strand":"-"}
{"doc_id":2,"len":2,"name":"c","offset":3,"qstart":7,"read":"r5","strand":"-"}
{"doc_id":1,"len":2,"name":"b","offset":7,"qstart":7,"read":"r5","strand":"-"}
{"doc_id":1,"len":2,"name":"b","offset":2,"qstart":4,"read":"r6","strand":"+"}
{"doc_id":0,"len":2,"name":"a","offset":5,"qstart":4,"read":"r6","strand":"+"}
{"doc_id":1,"len":2,"name":"b","offset":0,"qstart":4,"read":"r6","strand":"-"}
{"doc_id":0,"len":2,"name":"a","offset":0,"qstart":4,"read":"r6","strand":"-"}
{"doc_id":0,"len":2,"name":"a","offset":3,"qstart":4,"read":"r6","strand":"-"}
{"doc_id":2,"len":2,"name":"c","offset":5,"qstart":4,"read":"r6","strand":"-"}
{"doc_id":0,"len":2,"name":"a","offset":7,"qstart":4,"read":"r6","strand":"-"}
{"doc_id":2,"len":2,"name":"c","offset":2,"qstart":4,"read":"r6","strand":"-"}
{"doc_id":1,"len":2,"name":"b","offset":6,"qstart":4,"read":"r6","strand":"-"}
{"doc_id":1,"len":2,"name":"b","offset":2,"qstart":4,"read":"r7","strand":"+"}
{"doc_id":0,"len":2,"name":"a","offset":5,"qstart":4,"read":"r7","strand":"+"}
{"doc_id":2,"len":2,"name":"c","offset":0,"qstart":1,"read":"r7","strand":"+"}
{"doc_id":1,"len":2,"name":"b","offset":3,"qstart":1,"read":"r7","strand":"+"}
{"doc_id":1,"len":2,"name":"b","offset":4,"qstart":1,"read":"r7","strand":"+"}
{"doc_id":1,"len":2,"name":"b","offset":0,"qstart":4,"read":"r7","strand":"-"}
{"doc_id":0,"len":2,"name":"a","offset":0,"qstart":4,"read":"r7","strand":"-"}
{"doc_id":0,"len":2,"name":"a","offset":3,"qstart":4,"read":"r7","strand":"-"}
{"doc_id":2,"len":2,"name":"c","offset":5,"qstart":4,"read":"r7","strand":"-"}
{"doc_id":0,"len":2,"name":"a","offset":7,"qstart":4,"read":"r7","strand":"-"}
{"doc_id":2,"len":2,"name":"c","offset":2,"qstart":4,"read":"r7","strand":"-"}
{"doc_id":1,"len":2,"name":"b","offset":6,"qstart":4,"read":"r7","strand":"-"}
{"doc_id":1,"len":2,"name":"b","offset":2,"qstart":5,"read":"r8","strand":"+"}
{"doc_id":0,"len":2,"name":"a","offset":5,"qstart":5,"read":"r8","strand":"+"}
{"doc_id":1,"len":2,"name":"b","offset":0,"qstart":5,"read":"r8","strand":"-"}
{"doc_id":0,"len":2,"name":"a","offset":0,"qstart":5,"read":"r8","strand":"-"}
{"doc_id":0,"len":2,"name":"a","offset":3,"qstart":5,"read":"r8","strand":"-"}
{"doc_id":2,"len":2,"name":"c","offset":5,"qstart":5,"read":"r8","strand":"-"}
{"doc_id":0,"len":2,"name":"a","offset":7,"qstart":5,"read":"r8","strand":"-"}
{"doc_id":2,"len":2,"name":"c","offset":2,"qstart":5,"read":"r8","strand":"-"}
{"doc_id":1,"len":2,"name":"b","offset":6,"qstart":5,"read":"r8","strand":"-"}
{"doc_id":3,"len":2,"name":"pal","offset":1,"qstart":11,"read":"r9","strand":"+"}
{"doc_id":3,"len":2,"name":"pal","offset":3,"qstart":11,"read":"r9","strand":"+"}
{"doc_id":0,"len":2,"name":"a","offset":6,"qstart":11,"read":"r9","strand":"+"}
{"doc_id":2,"len":2,"name":"c","offset":1,"qstart":11,"read":"r9","strand":"+"}
{"doc_id":1,"len":2,"name":"b","offset":5,"qstart":11,"read":"r9","strand":"+"}
{"doc_id":3,"len":2,"name":"pal","offset":1,"qstart":3,"read":"r9","strand":"+"}
{"doc_id":3,"len":2,"name":"pal","offset":3,"qstart":3,"read":"r9","strand":"+"}
{"doc_id":0,"len":2,"name":"a","offset":6,"qstart":3,"read":"r9","strand":"+"}
{"doc_id":2,"len":2,"name":"c","offset":1,"qstart":3,"read":"r9","strand":"+"}
{"doc_id":1,"len":2,"name":"b","offset":5,"qstart":3,"read":"r9","strand":"+"}
{"doc_id":1,"len":2,"name":"b","offset":0,"qstart":1,"read":"r9","strand":"+"}
{"doc_id":0,"len":2,"name":"a","offset":0,"qstart":1,"read":"r9","strand":"+"}
{"doc_id":0,"len":2,"name":"a","offset":3,"qstart":1,"read":"r9","strand":"+"}
{"doc_id":2,"len":2,"name":"c","offset":5,"qstart":1,"read":"r9","strand":"+"}
{"doc_id":0,"len":2,"name":"a","offset":7,"qstart":1,"read":"r9","strand":"+"}
{"doc_id":2,"len":2,"name":"c","offset":2,"qstart":1,"read":"r9","strand":"+"}
{"doc_id":1,"len":2,"name":"b","offset":6,"qstart":1,"read":"r9","strand":"+"}
{"doc_id":2,"len":2,"name":"c","offset":0,"qstart":0,"read":"r9","strand":"-"}
{"doc_id":1,"len":2,"name":"b","offset":4,"qstart":0,"read":"r9","strand":"-"}
{"doc_id":1,"len":3,"name":"b","offset":2,"qstart":0,"read":"r9","strand":"-"}
{"doc_id":0,"len":2,"name":"a","offset":5,"qstart":1,"read":"r9","strand":"-"}
{"doc_id":3,"len":2,"name":"pal","offset":1,"qstart":3,"read":"r9","strand":"-"}
{"doc_id":3,"len":2,"name":"pal","offset":3,"qstart":3,"read":"r9","strand":"-"}
{"doc_id":0,"len":2,"name":"a","offset":6,"qstart":3,"read":"r9","strand":"-"}
{"doc_id":2,"len":3,"name":"c","offset":0,"qstart":3,"read":"r9","strand":"-"}
{"doc_id":1,"len":3,"name":"b","offset":4,"qstart":3,"read":"r9","strand":"-"}
{"doc_id":1,"len":2,"name":"b","offset":3,"qstart":4,"read":"r9","strand":"-"}
{"doc_id":0,"len":2,"name":"a","offset":2,"qstart":9,"read":"r9","strand":"-"}
{"doc_id":2,"len":2,"name":"c","offset":4,"qstart":9,"read":"r9","strand":"-"}
{"doc_id":3,"len":2,"name":"pal","offset":1,"qstart":11,"read":"r9","strand":"-"}
{"doc_id":3,"len":2,"name":"pal","offset":3,"qstart":11,"read":"r9","strand":"-"}
{"doc_id":0,"len":2,"name":"a","offset":6,"qstart":11,"read":"r9","strand":"-"}
{"doc_id":2,"len":2,"name":"c","offset":1,"qstart":11,"read":"r9","strand":"-"}
{"doc_id":1,"len":2,"name":"b","offset":5,"qstart":11,"read":"r9","strand":"-"}
{"doc_id":1,"len":3,"name":"b","offset":1,"qstart":2,"read":"r10","strand":"+"}
{"doc_id":0,"len":3,"name":"a","offset":4,"qstart":2,"read":"r10","strand":"+"}
{"doc_id":0,"len":2,"name":"a","offset":1,"qstart":2,"read":"r10","strand":"+"}
{"doc_id":0,"len":2,"name":"a","offset":8,"qstart":2,"read":"r10","strand":"+"}
{"doc_id":2,"len":2,"name":"c","offset":3,"qstart":2,"read":"r10","strand":"+"}
{"doc_id":1,"len":2,"name":"b","offset":7,"qstart":2,"read":"r10","strand":"+"}
{"doc_id":1,"len":2,"name":"b","offset":2,"qstart":0,"read":"r10","strand":"+"}
{"doc_id":0,"len":2,"name":"a","offset":5,"qstart":0,"read":"r10","strand":"+"}
{"doc_id":1,"len":2,"name":"b","offset":0,"qstart":0,"read":"r10","strand":"-"}
{"doc_id":0,"len":2,"name":"a","offset":0,"qstart":0,"read":"r10","strand":"-"}
{"doc_id":0,"len":2,"name":"a","offset":7,"qstart":0,"read":"r10","strand":"-"}
{"doc_id":2,"len":2,"name":"c","offset":2,"qstart":0,"read":"r10","strand":"-"}
{"doc_id":1,"len":2,"name":"b","offset":6,"qstart":0,"read":"r10","strand":"-"}
{"doc_id":0,"len":5,"name":"a","offset":0,"qstart":0,"read":"r10","strand":"-"}
{"doc_id":2,"len":5,"name":"c","offset":2,"qstart":0,"read":"r10","strand":"-"}
{"doc_id":1,"len":3,"name":"b","offset":0,"qstart":2,"read":"r10","strand":"-"}
{"doc_id":0,"len":3,"name":"a","offset":3,"qstart":2,"read":"r10","strand":"-"}
{"doc_id":0,"len":3,"name":"a","offset":7,"qstart":2,"read":"r10","strand":"-"}
{"doc_id":1,"len":3,"name":"b","offset":6,"qstart":2,"read":"r10","strand":"-"}
{"doc_id":2,"len":2,"name":"c","offset":5,"qstart":3,"read":"r10","strand":"-"}
{"doc_id":3,"len":2,"name":"pal","offset":0,"qstart":4,"read":"r11","strand":"+"}
{"doc_id":3,"len":2,"name":"pal","offset":2,"qstart":4,"read":"r11","strand":"+"}
{"doc_id":3,"len":2,"name":"pal","offset":4,"qstart":4,"read":"r11","strand":"+"}
{"doc_id":2,"len":2,"name":"c","offset":0,"qstart":3,"read":"r11","strand":"-"}
{"doc_id":1,"len":2,"name":"b","offset":3,"qstart":3,"read":"r11","strand":"-"}
{"doc_id":1,"len":2,"name":"b","offset":4,"qstart":3,"read":"r11","strand":"-"}
{"doc_id":3,"len":2,"name":"pal","offset":0,"qstart":4,"read":"r11","strand":"-"}
{"doc_id":3,"len":2,"name":"pal","offset":2,"qstart":4,"read":"r11","strand":"-"}
{"doc_id":3,"len":2,"name":"pal","offset":4,"qstart":4,"read":"r11","strand":"-"}
{"doc_id":1,"len":2,"name":"b","offset":2,"qstart":12,"read":"r12","strand":"+"}
{"doc_id":0,"len":2,"name":"a","offset":5,"qstart":12,"read":"r12","strand":"+"}
{"doc_id":2,"len":2,"name":"c","offset":0,"qstart":4,"read":"r12","strand":"+"}
{"doc_id":1,"len":2,"name":"b","offset":3,"qstart":4,"read":"r12","strand":"+"}
{"doc_id":1,"len":2,"name":"b","offset":4,"qstart":4,"read":"r12","strand":"+"}
{"doc_id":1,"len":2,"name":"b","offset":0,"qstart":1,"read":"r12","strand":"+"}
{"doc_id":0,"len":2,"name":"a","offset":0,"qstart":1,"read":"r12","strand":"+"}
{"doc_id":0,"len":2,"name":"a","offset":3,"qstart":1,"read":"r12","strand":"+"}
{"doc_id":2,"len":2,"name":"c","offset":5,"qstart":1,"read":"r12","strand":"+"}
{"doc_id":0,"len":2,"name":"a","offset":7,"qstart":1,"read":"r12","strand":"+"}
{"doc_id":2,"len":2,"name":"c","offset":2,"qstart":1,"read":"r12","strand":"+"}
{"doc_id":1,"len":2,"name":"b","offset":6,"qstart":1,"read":"r12","strand":"+"}
{"doc_id":2,"len":2,"name":"c","offset":0,"qstart":0,"read":"r12","strand":"-"}
{"doc_id":1,"len":2,"name":"b","offset":4,"qstart":0,"read":"r12","strand":"-"}
{"doc_id":1,"len":3,"name":"b","offset":2,"qstart":0,"read":"r12","strand":"-"}
{"doc_id":0,"len":2,"name":"a","offset":5,"qstart":1,"read":"r12","strand":"-"}
{"doc_id":0,"len":2,"name":"a","offset":2,"qstart":5,"read":"r12","strand":"-"}
{"doc_id":2,"len":2,"name":"c","offset":4,"qstart":5,"read":"r12","strand":"-"}
{"doc_id":1,"len":2,"name":"b","offset":0,"qstart":12,"read":"r12","strand":"-"}
{"doc_id":0,"len":2,"name":"a","offset":0,"qstart":12,"read":"r12","strand":"-"}
{"doc_id":0,"len":2,"name":"a","offset":3,"qstart":12,"read":"r12","strand":"-"}
{"doc_id":2,"len":2,"name":"c","offset":5,"qstart":12,"read":"r12","strand":"-"}
{"doc_id":0,"len":2,"name":"a","offset":7,"qstart":12,"read":"r12","strand":"-"}
{"doc_id":2,"len":2,"name":"c","offset":2,"qstart":12,"read":"r12","strand":"-"}
{"doc_id":1,"len":2,"name":"b","offset":6,"qstart":12,"read":"r12","strand":"-"}
{"doc_id":1,"len":2,"name":"b","offset":0,"qstart":13,"read":"r13","strand":"+"}
{"doc_id":0,"len":2,"name":"a","offset":0,"qstart":13,"read":"r13","strand":"+"}
{"doc_id":0,"len":2,"name":"a","offset":3,"qstart":13,"read":"r13","strand":"+"}
{"doc_id":2,"len":2,"name":"c","offset":5,"qstart":13,"read":"r13","strand":"+"}
{"doc_id":0,"len":2,"name":"a","offset":7,"qstart":13,"read":"r13","strand":"+"}
{"doc_id":2,"len":2,"name":"c","offset":2,"qstart":13,"read":"r13","strand":"+"}
{"doc_id":1,"len":2,"name":"b","offset":6,"qstart":13,"read":"r13","strand":"+"}
{"doc_id":1,"len":2,"name":"b","offset":2,"qstart":6,"read":"r13","strand":"+"}
{"doc_id":0,"len":2,"name":"a","offset":5,"qstart":6,"read":"r13","strand":"+"}
{"doc_id":2,"len":2,"name":"c","offset":0,"qstart":4,"read":"r13","strand":"-"}
{"doc_id":1,"len":2,"name":"b","offset":3,"qstart":4,"read":"r13","strand":"-"}
{"doc_id":1,"len":2,"name":"b","offset":4,"qstart":4,"read":"r13","strand":"-"}
{"doc_id":1,"len":2,"name":"b","offset":0,"qstart":6,"read":"r13","strand":"-"}
{"doc_id":0,"len":2,"name":"a","offset":0,"qstart":6,"read":"r13","strand":"-"}
{"doc_id":0,"len":2,"name":"a","offset":3,"qstart":6,"read":"r13","strand":"-"}
{"doc_id":2,"len":2,"name":"c","offset":5,"qstart":6,"read":"r13","strand":"-"}
{"doc_id":0,"len":2,"name":"a","offset":7,"qstart":6,"read":"r13","strand":"-"}
{"doc_id":2,"len":2,"name":"c","offset":2,"qstart":6,"read":"r13","strand":"-"}
{"doc_id":1,"len":2,"name":"b","offset":6,"qstart":6,"read":"r13","strand":"-"}
{"doc_id":1,"len":2,"name":"b","offset":2,"qstart":13,"read":"r13","strand":"-"}
{"doc_id":0,"len":2,"name":"a","offset":5,"qstart":13,"read":"r13","strand":"-"}
{"doc_id":1,"len":2,"name":"b","offset":0,"qstart":5,"read":"r14","strand":"+"}
{"doc_id":0,"len":2,"name":"a","offset":0,"qstart":5,"read":"r14","strand":"+"}
{"doc_id":0,"len":2,"name":"a","offset":3,"qstart":5,"read":"r14","strand":"+"}
{"doc_id":2,"len":2,"name":"c","offset":5,"qstart":5,"read":"r14","strand":"+"}
{"doc_id":0,"len":2,"name":"a","offset":7,"qstart":5,"read":"r14","strand":"+"}
{"doc_id":2,"len":2,"name":"c","offset":2,"qstart":5,"read":"r14","strand":"+"}
{"doc_id":1,"len":2,"name":"b","offset":6,"qstart":5,"read":"r14","strand":"+"}
{"doc_id":1,"len":2,"name":"b","offset":2,"qstart":5,"read":"r14","strand":"-"}
{"doc_id":0,"len":2,"name":"a","offset":5,"qstart":5,"read":"r14","strand":"-"}
{"doc_id":2,"len":2,"name":"c","offset":0,"qstart":6,"read":"r16","strand":"+"}
{"doc_id":1,"len":2,"name":"b","offset":3,"qstart":6,"read":"r16","strand":"+"}
{"doc_id":1,"len":2,"name":"b","offset":4,"qstart":6,"read":"r16","strand":"+"}
{"doc_id":3,"len":2,"name":"pal","offset":1,"qstart":0,"read":"r16","strand":"+"}
{"doc_id":3,"len":2,"name":"pal","offset":3,"qstart":0,"read":"r16","strand":"+"}
{"doc_id":0,"len":2,"name":"a","offset":6,"qstart":0,"read":"r16","strand":"+"}
{"doc_id":2,"len":2,"name":"c","offset":1,"qstart":0,"read":"r16","strand":"+"}
{"doc_id":1,"len":2,"name":"b","offset":5,"qstart":0,"read":"r16","strand":"+"}
{"doc_id":3,"len":2,"name":"pal","offset":1,"qstart":0,"read":"r16","strand":"-"}
{"doc_id":3,"len":2,"name":"pal","offset":3,"qstart":0,"read":"r16","strand":"-"}
{"doc_id":0,"len":2,"name":"a","offset":6,"qstart":0,"read":"r16","strand":"-"}
{"doc_id":2,"len":2,"name":"c","offset":1,"qstart":0,"read":"r16","strand":"-"}
{"doc_id":1,"len":2,"name":"b","offset":5,"qstart":0,"read":"r16","strand":"-"}
{"doc_id":2,"len":2,"name":"c","offset":0,"qstart":10,"read":"r16","strand":"-"}
{"doc_id":1,"len":2,"name":"b","offset":3,"qstart":10,"read":"r16","strand":"-"}
{"doc_id":1,"len":3,"name":"b","offset":3,"qstart":10,"read":"r16","strand":"-"}
{"doc_id":2,"len":2,"name":"c","offset":0,"qstart":11,"read":"r16","strand":"-"}
{"doc_id":1,"len":2,"name":"b","offset":4,"qstart":11,"read":"r16","strand":"-"}
{"doc_id":1,"len":2,"name":"b","offset":0,"qstart":4,"read":"r18","strand":"+"}
{"doc_id":0,"len":2,"name":"a","offset":0,"qstart":4,"read":"r18","strand":"+"}
{"doc_id":0,"len":2,"name":"a","offset":3,"qstart":4,"read":"r18","strand":"+"}
{"doc_id":2,"len":2,"name":"c","offset":5,"qstart":4,"read":"r18","strand":"+"}
{"doc_id":2,"len":3,"name":"c","offset":1,"qstart":3,"read":"r18","strand":"+"}
{"doc_id":1,"len":3,"name":"b","offset":5,"qstart":3,"read":"r18","strand":"+"}
{"doc_id":0,"len":4,"name":"a","offset":5,"qstart":2,"read":"r18","strand":"+"}
{"doc_id":3,"len":2,"name":"pal","offset":1,"qstart":3,"read":"r18","strand":"+"}
{"doc_id":3,"len":2,"name":"pal","offset":3,"qstart":3,"read":"r18","strand":"+"}
{"doc_id":1,"len":2,"name":"b","offset":2,"qstart":2,"read":"r18","strand":"+"}
{"doc_id":1,"len":2,"name":"b","offset":1,"qstart":0,"read":"r18","strand":"+"}
{"doc_id":0,"len":2,"name":"a","offset":1,"qstart":0,"read":"r18","strand":"+"}
{"doc_id":0,"len":2,"name":"a","offset":4,"qstart":0,"read":"r18","strand":"+"}
{"doc_id":0,"len":2,"name":"a","offset":8,"qstart":0,"read":"r18","strand":"+"}
{"doc_id":2,"len":2,"name":"c","offset":3,"qstart":0,"read":"r18","strand":"+"}
{"doc_id":1,"len":2,"name":"b","offset":7,"qstart":0,"read":"r18","strand":"+"}
{"doc_id":1,"len":2,"name":"b","offset":1,"qstart":0,"read":"r18","strand":"-"}
{"doc_id":0,"len":2,"name":"a","offset":1,"qstart":0,"read":"r18","strand":"-"}
{"doc_id":0,"len":2,"name":"a","offset":4,"qstart":0,"read":"r18","strand":"-"}
{"doc_id":0,"len":2,"name":"a","offset":8,"qstart":0,"read":"r18","strand":"-"}
{"doc_id":2,"len":2,"name":"c","offset":3,"qstart":0,"read":"r18","strand":"-"}
{"doc_id":1,"len":2,"name":"b","offset":7,"qstart":0,"read":"r18","strand":"-"}
{"doc_id":1,"len":2,"name":"b","offset":0,"qstart":2,"read":"r18","strand":"-"}
{"doc_id":0,"len":2,"name":"a","offset":0,"qstart":2,"read":"r18","strand":"-"}
{"doc_id":0,"len":2,"name":"a","offset":3,"qstart":2,"read":"r18","strand":"-"}
{"doc_id":2,"len":2,"name":"c","offset":5,"qstart":2,"read":"r18","strand":"-"}
{"doc_id":2,"len":3,"name":"c","offset":1,"qstart":2,"read":"r18","strand":"-"}
{"doc_id":1,"len":3,"name":"b","offset":5,"qstart":2,"read":"r18","strand":"-"}
{"doc_id":0,"len":4,"name":"a","offset":5,"qstart":2,"read":"r18","strand":"-"}
{"doc_id":3,"len":2,"name":"pal","offset":1,"qstart":3,"read":"r18","strand":"-"}
{"doc_id":3,"len":2,"name":"pal","offset":3,"qstart":3,"read":"r18","strand":"-"}
{"doc_id":1,"len":2,"name":"b","offset":2,"qstart":4,"read":"r18","strand":"-"}
{"doc_id":0,"len":2,"name":"a","offset":2,"qstart":2,"read":"r19","strand":"+"}
{"doc_id":2,"len":2,"name":"c","offset":4,"qstart":2,"read":"r19","strand":"+"}
{"doc_id":2,"len":2,"name":"c","offset":0,"qstart":3,"read":"r19","strand":"-"}
{"doc_id":1,"len":2,"name":"b","offset":3,"qstart":3,"read":"r19","strand":"-"}
{"doc_id":1,"len":2,"name":"b","offset":4,"qstart":3,"read":"r19","strand":"-"}
{"doc_id":1,"len":2,"name":"b","offset":1,"qstart":7,"read":"r20","strand":"+"}
{"doc_id":0,"len":2,"name":"a","offset":1,"qstart":7,"read":"r20","strand":"+"}
{"doc_id":0,"len":2,"name":"a","offset":4,"qstart":7,"read":"r20","strand":"+"}
{"doc_id":0,"len":2,"name":"a","offset":8,"qstart":7,"read":"r20","strand":"+"}
{"doc_id":2,"len":2,"name":"c","offset":3,"qstart":7,"read":"r20","strand":"+"}
{"doc_id":1,"len":2,"name":"b","offset":7,"qstart":7,"read":"r20","strand":"+"}
{"doc_id":0,"len":2,"name":"a","offset":2,"qstart":3,"read":"r20","strand":"+"}
{"doc_id":2,"len":2,"name":"c","offset":4,"qstart":3,"read":"r20","strand":"+"}
{"doc_id":1,"len":2,"name":"b","offset":1,"qstart":7,"read":"r20","strand":"-"}
{"doc_id":0,"len":2,"name":"a","offset":1,"qstart":7,"read":"r20","strand":"-"}
{"doc_id":0,"len":2,"name":"a","offset":4,"qstart":7,"read":"r20","strand":"-"}
{"doc_id":0,"len":2,"name":"a","offset":8,"qstart":7,"read":"r20","strand":"-"}
{"doc_id":2,"len":2,"name":"c","offset":3,"qstart":7,"read":"r20","strand":"-"}
{"doc_id":1,"len":2,"name":"b","offset":7,"qstart":7,"read":"r20","strand":"-"}
{"doc_id":1,"len":2,"name":"b","offset":2,"qstart":3,"read":"r21","strand":"+"}
{"doc_id":0,"len":2,"name":"a","offset":5,"qstart":3,"read":"r21","strand":"+"}
{"doc_id":1,"len":2,"name":"b","offset":0,"qstart":3,"read":"r21","strand":"-"}
{"doc_id":0,"len":2,"name":"a","offset":0,"qstart":3,"read":"r21","strand":"-"}
{"doc_id":0,"len":2,"name":"a","offset":3,"qstart":3,"read":"r21","strand":"-"}
{"doc_id":2,"len":2,"name":"c","offset":5,"qstart":3,"read":"r21","strand":"-"}
{"doc_id":0,"len":2,"name":"a","offset":7,"qstart":3,"read":"r21","strand":"-"}
{"doc_id":2,"len":2,"name":"c","offset":2,"qstart":3,"read":"r21","strand":"-"}
{"doc_id":1,"len":2,"name":"b","offset":6,"qstart":3,"read":"r21","strand":"-"}
{"doc_id":2,"len":2,"name":"c","offset":0,"qstart":8,"read":"r21","strand":"-"}
{"doc_id":1,"len":2,"name":"b","offset":3,"qstart":8,"read":"r21","strand":"-"}
{"doc_id":1,"len":2,"name":"b","offset":4,"qstart":8,"read":"r21","strand":"-"}
{"doc_id":1,"len":2,"name":"b","offset":0,"qstart":7,"read":"r22","strand":"+"}
{"doc_id":0,"len":2,"name":"a","offset":0,"qstart":7,"read":"r22","strand":"+"}
{"doc_id":0,"len":2,"name":"a","offset":3,"qstart":7,"read":"r22","strand":"+"}
{"doc_id":2,"len":2,"name":"c","offset":5,"qstart":7,"read":"r22","strand":"+"}
{"doc_id":0,"len":3,"name":"a","offset":6,"qstart":6,"read":"r22","strand":"+"}
{"doc_id":2,"len":3,"name":"c","offset":1,"qstart":6,"read":"r22","strand":"+"}
{"doc_id":1,"len":3,"name":"b","offset":5,"qstart":6,"read":"r22","strand":"+"}
{"doc_id":3,"len":2,"name":"pal","offset":1,"qstart":6,"read":"r22","strand":"+"}
{"doc_id":3,"len":2,"name":"pal","offset":3,"qstart":6,"read":"r22","strand":"+"}
{"doc_id":1,"len":2,"name":"b","offset":0,"qstart":4,"read":"r22","strand":"+"}
{"doc_id":0,"len":2,"name":"a","offset":0,"qstart":4,"read":"r22","strand":"+"}
{"doc_id":0,"len":2,"name":"a","offset":3,"qstart":4,"read":"r22","strand":"+"}
{"doc_id":2,"len":2,"name":"c","offset":5,"qstart":4,"read":"r22","strand":"+"}
{"doc_id":0,"len":2,"name":"a","offset":7,"qstart":4,"read":"r22","strand":"+"}
{"doc_id":2,"len":2,"name":"c","offset":2,"qstart":4,"read":"r22","strand":"+"}
{"doc_id":1,"len":2,"name":"b","offset":6,"qstart":4,"read":"r22","strand":"+"}
{"doc_id":1,"len":2,"name":"b","offset":0,"qstart":2,"read":"r22","strand":"+"}
{"doc_id":0,"len":2,"name":"a","offset":0,"qstart":2,"read":"r22","strand":"+"}
{"doc_id":0,"len":2,"name":"a","offset":3,"qstart":2,"read":"r22","strand":"+"}
{"doc_id":2,"len":2,"name":"c","offset":5,"qstart":2,"read":"r22","strand":"+"}
{"doc_id":0,"len":2,"name":"a","offset":7,"qstart":2,"read":"r22","strand":"+"}
{"doc_id":2,"len":2,"name":"c","offset":2,"qstart":2,"read":"r22","strand":"+"}
{"doc_id":1,"len":2,"name":"b","offset":6,"qstart":2,"read":"r22","strand":"+"}
{"doc_id":2,"len":2,"name":"c","offset":0,"qstart":0,"read":"r22","strand":"-"}
{"doc_id":1,"len":2,"name":"b","offset":3,"qstart":0,"read":"r22","strand":"-"}
{"doc_id":1,"len":4,"name":"b","offset":2,"qstart":0,"read":"r22","strand":"-"}
{"doc_id":2,"len":2,"name":"c","offset":0,"qstart":1,"read":"r22","strand":"-"}
{"doc_id":1,"len":2,"name":"b","offset":4,"qstart":1,"read":"r22","strand":"-"}
{"doc_id":0,"len":2,"name":"a","offset":5,"qstart":2,"read":"r22","strand":"-"}
{"doc_id":1,"len":2,"name":"b","offset":2,"qstart":4,"read":"r22","strand":"-"}
{"doc_id":0,"len":2,"name":"a","offset":5,"qstart":4,"read":"r22","strand":"-"}
{"doc_id":3,"len":2,"name":"pal","offset":1,"qstart":6,"read":"r22","strand":"-"}
{"doc_id":3,"len":2,"name":"pal","offset":3,"qstart":6,"read":"r22","strand":"-"}
{"doc_id":2,"len":2,"name":"c","offset":1,"qstart":6,"read":"r22","strand":"-"}
{"doc_id":1,"len":2,"name":"b","offset":5,"qstart":6,"read":"r22","strand":"-"}
{"doc_id":0,"len":3,"name":"a","offset":5,"qstart":6,"read":"r22","strand":"-"}
{"doc_id":1,"len":2,"name":"b","offset":2,"qstart":7,"read":"r22","strand":"-"}
{"doc_id":2,"len":2,"name":"c","offset":0,"qstart":7,"read":"r23","strand":"+"}
{"doc_id":1,"len":2,"name":"b","offset":3,"qstart":7,"read":"r23","strand":"+"}
{"doc_id":1,"len":2,"name":"b","offset":4,"qstart":7,"read":"r23","strand":"+"}
{"doc_id":3,"len":2,"name":"pal","offset":0,"qstart":6,"read":"r23","strand":"+"}
{"doc_id":3,"len":2,"name":"pal","offset":2,"qstart":6,"read":"r23","strand":"+"}
{"doc_id":3,"len":2,"name":"pal","offset":4,"qstart":6,"read":"r23","strand":"+"}
{"doc_id":0,"len":2,"name":"a","offset":2,"qstart":5,"read":"r23","strand":"+"}
{"doc_id":2,"len":2,"name":"c","offset":4,"qstart":5,"read":"r23","strand":"+"}
{"doc_id":3,"len":2,"name":"pal","offset":0,"qstart":6,"read":"r23","strand":"-"}
{"doc_id":3,"len":2,"name":"pal","offset":2,"qstart":6,"read":"r23","strand":"-"}
{"doc_id":3,"len":2,"name":"pal","offset":4,"qstart":6,"read":"r23","strand":"-"}
{"doc_id":0,"len":2,"name":"a","offset":2,"qstart":8,"read":"r23","strand":"-"}
{"doc_id":2,"len":2,"name":"c","offset":4,"qstart":8,"read":"r23","strand":"-"}
{"doc_id":0,"len":2,"name":"a","offset":2,"qstart":11,"read":"r23","strand":"-"}
{"doc_id":2,"len":2,"name":"c","offset":4,"qstart":11,"read":"r23","strand":"-"}
{"doc_id":2,"len":2,"name":"c","offset":0,"qstart":10,"read":"r25","strand":"+"}
{"doc_id":1,"len":2,"name":"b","offset":3,"qstart":10,"read":"r25","strand":"+"}
{"doc_id":1,"len":2,"name":"b","offset":4,"qstart":10,"read":"r25","strand":"+"}
{"doc_id":3,"len":2,"name":"pal","offset":0,"qstart":9,"read":"r25","strand":"+"}
{"doc_id":3,"len":2,"name":"pal","offset":2,"qstart":9,"read":"r25","strand":"+"}
{"doc_id":3,"len":2,"name":"pal","offset":4,"qstart":9,"read":"r25","strand":"+"}
{"doc_id":0,"len":2,"name":"a","offset":2,"qstart":8,"read":"r25","strand":"+"}
{"doc_id":2,"len":2,"name":"c","offset":4,"qstart":8,"read":"r25","strand":"+"}
{"doc_id":2,"len":2,"name":"c","offset":0,"qstart":5,"read":"r25","strand":"+"}
{"doc_id":1,"len":2,"name":"b","offset":4,"qstart":5,"read":"r25","strand":"+"}
{"doc_id":1,"len":3,"name":"b","offset":2,"qstart":4,"read":"r25","strand":"+"}
{"doc_id":0,"len":2,"name":"a","offset":5,"qstart":4,"read":"r25","strand":"+"}
{"doc_id":2,"len":2,"name":"c","offset":0,"qstart":1,"read":"r25","strand":"+"}
{"doc_id":1,"len":2,"name":"b","offset":3,"qstart":1,"read":"r25","strand":"+"}
{"doc_id":1,"len":2,"name":"b","offset":4,"qstart":1,"read":"r25","strand":"+"}
{"doc_id":1,"len":2,"name":"b","offset":0,"qstart":4,"read":"r25","strand":"-"}
{"doc_id":0,"len":2,"name":"a","offset":0,"qstart":4,"read":"r25","strand":"-"}
{"doc_id":0,"len":2,"name":"a","offset":3,"qstart":4,"read":"r25","strand":"-"}
{"doc_id":2,"len":2,"name":"c","offset":5,"qstart":4,"read":"r25","strand":"-"}
{"doc_id":0,"len":2,"name":"a","offset":7,"qstart":4,"read":"r25","strand":"-"}
{"doc_id":2,"len":2,"name":"c","offset":2,"qstart":4,"read":"r25","strand":"-"}
{"doc_id":1,"len":2,"name":"b","offset":6,"qstart":4,"read":"r25","strand":"-"}
{"doc_id":3,"len":2,"name":"pal","offset":0,"qstart":9,"read":"r25","strand":"-"}
{"doc_id":3,"len":2,"name":"pal","offset":2,"qstart":9,"read":"r25","strand":"-"}
{"doc_id":3,"len":2,"name":"pal","offset":4,"qstart":9,"read":"r25","strand":"-"}
{"doc_id":1,"len":2,"name":"b","offset":1,"qstart":0,"read":"r26","strand":"+"}
{"doc_id":0,"len":2,"name":"a","offset":1,"qstart":0,"read":"r26","strand":"+"}
{"doc_id":0,"len":2,"name":"a","offset":4,"qstart":0,"read":"r26","strand":"+"}
{"doc_id":0,"len":2,"name":"a","offset":8,"qstart":0,"read":"r26","strand":"+"}
{"doc_id":2,"len":2,"name":"c","offset":3,"qstart":0,"read":"r26","strand":"+"}
{"doc_id":1,"len":2,"name":"b","offset":7,"qstart":0,"read":"r26","strand":"+"}
{"doc_id":1,"len":2,"name":"b","offset":1,"qstart":0,"read":"r26","strand":"-"}
{"doc_id":0,"len":2,"name":"a","offset":1,"qstart":0,"read":"r26","strand":"-"}
{"doc_id":0,"len":2,"name":"a","offset":4,"qstart":0,"read":"r26","strand":"-"}
{"doc_id":0,"len":2,"name":"a","offset":8,"qstart":0,"read":"r26","strand":"-"}
{"doc_id":2,"len":2,"name":"c","offset":3,"qstart":0,"read":"r26","strand":"-"}
{"doc_id":1,"len":2,"name":"b","offset":7,"qstart":0,"read":"r26","strand":"-"}
{"doc_id":3,"len":2,"name":"pal","offset":1,"qstart":13,"read":"r27","strand":"+"}
{"doc_id":3,"len":2,"name":"pal","offset":3,"qstart":13,"read":"r27","strand":"+"}
{"doc_id":2,"len":2,"name":"c","offset":1,"qstart":13,"read":"r27","strand":"+"}
{"doc_id":1,"len":2,"name":"b","offset":5,"qstart":13,"read":"r27","strand":"+"}
{"doc_id":0,"len":3,"name":"a","offset":5,"qstart":12,"read":"r27","strand":"+"}
{"doc_id":1,"len":2,"name":"b","offset":2,"qstart":12,"read":"r27","strand":"+"}
{"doc_id":0,"len":2,"name":"a","offset":2,"qstart":7,"read":"r27","strand":"+"}
{"doc_id":2,"len":2,"name":"c","offset":4,"qstart":7,"read":"r27","strand":"+"}
{"doc_id":2,"len":2,"name":"c","offset":0,"qstart":8,"read":"r27","strand":"-"}
{"doc_id":1,"len":2,"name":"b","offset":3,"qstart":8,"read":"r27","strand":"-"}
{"doc_id":1,"len":2,"name":"b","offset":4,"qstart":8,"read":"r27","strand":"-"}
{"doc_id":1,"len":2,"name":"b","offset":0,"qstart":12,"read":"r27","strand":"-"}
{"doc_id":0,"len":2,"name":"a","offset":0,"qstart":12,"read":"r27","strand":"-"}
{"doc_id":0,"len":2,"name":"a","offset":3,"qstart":12,"read":"r27","strand":"-"}
{"doc_id":2,"len":2,"name":"c","offset":5,"qstart":12,"read":"r27","strand":"-"}
{"doc_id":0,"len":3,"name":"a","offset":6,"qstart":12,"read":"r27","strand":"-"}
{"doc_id":2,"len":3,"name":"c","offset":1,"qstart":12,"read":"r27","strand":"-"}
{"doc_id":1,"len":3,"name":"b","offset":5,"qstart":12,"read":"r27","strand":"-"}
{"doc_id":3,"len":2,"name":"pal","offset":1,"qstart":13,"read":"r27","strand":"-"}
{"doc_id":3,"len":2,"name":"pal","offset":3,"qstart":13,"read":"r27","strand":"-"}
{"doc_id":2,"len":2,"name":"c","offset":0,"qstart":0,"read":"r28","strand":"+"}
{"doc_id":1,"len":2,"name":"b","offset":3,"qstart":0,"read":"r28","strand":"+"}
{"doc_id":1,"len":2,"name":"b","offset":4,"qstart":0,"read":"r28","strand":"+"}
{"doc_id":2,"len":2,"name":"c","offset":0,"qstart":10,"read":"r29","strand":"+"}
{"doc_id":1,"len":2,"name":"b","offset":4,"qstart":10,"read":"r29","strand":"+"}
{"doc_id":1,"len":3,"name":"b","offset":2,"qstart":9,"read":"r29","strand":"+"}
{"doc_id":0,"len":2,"name":"a","offset":5,"qstart":9,"read":"r29","strand":"+"}
{"doc_id":3,"len":2,"name":"pal","offset":1,"qstart":3,"read":"r29","strand":"+"}
{"doc_id":3,"len":2,"name":"pal","offset":3,"qstart":3,"read":"r29","strand":"+"}
{"doc_id":0,"len":2,"name":"a","offset":6,"qstart":3,"read":"r29","strand":"+"}
{"doc_id":2,"len":2,"name":"c","offset":1,"qstart":3,"read":"r29","strand":"+"}
{"doc_id":1,"len":2,"name":"b","offset":5,"qstart":3,"read":"r29","strand":"+"}
{"doc_id":3,"len":2,"name":"pal","offset":1,"qstart":3,"read":"r29","strand":"-"}
{"doc_id":3,"len":2,"name":"pal","offset":3,"qstart":3,"read":"r29","strand":"-"}
{"doc_id":0,"len":2,"name":"a","offset":6,"qstart":3,"read":"r29","strand":"-"}
{"doc_id":2,"len":2,"name":"c","offset":1,"qstart":3,"read":"r29","strand":"-"}
{"doc_id":1,"len":2,"name":"b","offset":5,"qstart":3,"read":"r29","strand":"-"}
{"doc_id":1,"len":2,"name":"b","offset":0,"qstart":9,"read":"r29","strand":"-"}
{"doc_id":0,"len":2,"name":"a","offset":0,"qstart":9,"read":"r29","strand":"-"}
{"doc_id":0,"len":2,"name":"a","offset":3,"qstart":9,"read":"r29","strand":"-"}
{"doc_id":2,"len":2,"name":"c","offset":5,"qstart":9,"read":"r29","strand":"-"}
{"doc_id":0,"len":2,"name":"a","offset":7,"qstart":9,"read":"r29","strand":"-"}
{"doc_id":2,"len":2,"name":"c","offset":2,"qstart":9,"read":"r29","strand":"-"}
{"doc_id":1,"len":2,"name":"b","offset":6,"qstart":9,"read":"r29","strand":"-"}
{"doc_id":1,"len":2,"name":"b","offset":0,"qstart":3,"read":"r30","strand":"+"}
{"doc_id":0,"len":2,"name":"a","offset":0,"qstart":3,"read":"r30","strand":"+"}
{"doc_id":0,"len":2,"name":"a","offset":3,"qstart":3,"read":"r30","strand":"+"}
{"doc_id":2,"len":2,"name":"c","offset":5,"qstart":3,"read":"r30","strand":"+"}
{"doc_id":0,"len":2,"name":"a","offset":7,"qstart":3,"read":"r30","strand":"+"}
{"doc_id":2,"len":2,"name":"c","offset":2,"qstart":3,"read":"r30","strand":"+"}
{"doc_id":1,"len":2,"name":"b","offset":6,"qstart":3,"read":"r30","strand":"+"}
{"doc_id":3,"len":2,"name":"pal","offset":1,"qstart":0,"read":"r30","strand":"+"}
{"doc_id":3,"len":2,"name":"pal","offset":3,"qstart":0,"read":"r30","strand":"+"}
{"doc_id":0,"len":2,"name":"a","offset":6,"qstart":0,"read":"r30","strand":"+"}
{"doc_id":2,"len":2,"name":"c","offset":1,"qstart":0,"read":"r30","strand":"+"}
{"doc_id":1,"len":2,"name":"b","offset":5,"qstart":0,"read":"r30","strand":"+"}
{"doc_id":3,"len":2,"name":"pal","offset":1,"qstart":0,"read":"r30","strand":"-"}
{"doc_id":3,"len":2,"name":"pal","offset":3,"qstart":0,"read":"r30","strand":"-"}
{"doc_id":0,"len":2,"name":"a","offset":6,"qstart":0,"read":"r30","strand":"-"}
{"doc_id":2,"len":3,"name":"c","offset":0,"qstart":0,"read":"r30","strand":"-"}
{"doc_id":1,"len":5,"name":"b","offset":2,"qstart":0,"read":"r30","strand":"-"}
{"doc_id":1,"len":2,"name":"b","offset":3,"qstart":1,"read":"r30","strand":"-"}
{"doc_id":2,"len":2,"name":"c","offset":0,"qstart":2,"read":"r30","strand":"-"}
{"doc_id":1,"len":2,"name":"b","offset":4,"qstart":2,"read":"r30","strand":"-"}
{"doc_id":0,"len":2,"name":"a","offset":5,"qstart":3,"read":"r30","strand":"-"}
{"doc_id":1,"len":2,"name":"b","offset":0,"qstart":4,"read":"r31","strand":"+"}
{"doc_id":0,"len":2,"name":"a","offset":0,"qstart":4,"read":"r31","strand":"+"}
{"doc_id":0,"len":2,"name":"a","offset":3,"qstart":4,"read":"r31","strand":"+"}
{"doc_id":2,"len":2,"name":"c","offset":5,"qstart":4,"read":"r31","strand":"+"}
{"doc_id":0,"len":2,"name":"a","offset":7,"qstart":4,"read":"r31","strand":"+"}
{"doc_id":2,"len":2,"name":"c","offset":2,"qstart":4,"read":"r31","strand":"+"}
{"doc_id":1,"len":2,"name":"b","offset":6,"qstart":4,"read":"r31","strand":"+"}
{"doc_id":2,"len":2,"name":"c","offset":0,"qstart":3,"read":"r31","strand":"-"}
{"doc_id":1,"len":2,"name":"b","offset":4,"qstart":3,"read":"r31","strand":"-"}
{"doc_id":1,"len":3,"name":"b","offset":2,"qstart":3,"read":"r31","strand":"-"}
{"doc_id":0,"len":2,"name":"a","offset":5,"qstart":4,"read":"r31","strand":"-"}
{"doc_id":1,"len":2,"name":"b","offset":1,"qstart":6,"read":"r32","strand":"+"}
{"doc_id":0,"len":2,"name":"a","offset":1,"qstart":6,"read":"r32","strand":"+"}
{"doc_id":0,"len":2,"name":"a","offset":4,"qstart":6,"read":"r32","strand":"+"}
{"doc_id":0,"len":2,"name":"a","offset":8,"qstart":6,"read":"r32","strand":"+"}
{"doc_id":2,"len":2,"name":"c","offset":3,"qstart":6,"read":"r32","strand":"+"}
{"doc_id":1,"len":2,"name":"b","offset":7,"qstart":6,"read":"r32","strand":"+"}
{"doc_id":3,"len":2,"name":"pal","offset":0,"qstart":1,"read":"r32","strand":"+"}
{"doc_id":3,"len":2,"name":"pal","offset":2,"qstart":1,"read":"r32","strand":"+"}
{"doc_id":3,"len":2,"name":"pal","offset":4,"qstart":1,"read":"r32","strand":"+"}
{"doc_id":0,"len":2,"name":"a","offset":2,"qstart":0,"read":"r32","strand":"+"}
{"doc_id":2,"len":2,"name":"c","offset":4,"qstart":0,"read":"r32","strand":"+"}
{"doc_id":3,"len":2,"name":"pal","offset":0,"qstart":1,"read":"r32","strand":"-"}
{"doc_id":3,"len":2,"name":"pal","offset":2,"qstart":1,"read":"r32","strand":"-"}
{"doc_id":3,"len":2,"name":"pal","offset":4,"qstart":1,"read":"r32","strand":"-"}
{"doc_id":0,"len":2,"name":"a","offset":2,"qstart":2,"read":"r32","strand":"-"}
{"doc_id":2,"len":2,"name":"c","offset":4,"qstart":2,"read":"r32","strand":"-"}
{"doc_id":1,"len":2,"name":"b","offset":1,"qstart":6,"read":"r32","strand":"-"}
{"doc_id":0,"len":2,"name":"a","offset":1,"qstart":6,"read":"r32","strand":"-"}
{"doc_id":0,"len":2,"name":"a","offset":4,"qstart":6,"read":"r32","strand":"-"}
{"doc_id":0,"len":2,"name":"a","offset":8,"qstart":6,"read":"r32","strand":"-"}
{"doc_id":2,"len":2,"name":"c","offset":3,"qstart":6,"read":"r32","strand":"-"}
{"doc_id":1,"len":2,"name":"b","offset":7,"qstart":6,"read":"r32","strand":"-"}
{"doc_id":1,"len":2,"name":"b","offset":0,"qstart":11,"read":"r33","strand":"+"}
{"doc_id":0,"len":2,"name":"a","offset":0,"qstart":11,"read":"r33","strand":"+"}
{"doc_id":0,"len":2,"name":"a","offset":3,"qstart":11,"read":"r33","strand":"+"}
{"doc_id":2,"len":2,"name":"c","offset":5,"qstart":11,"read":"r33","strand":"+"}
{"doc_id":0,"len":2,"name":"a","offset":7,"qstart":11,"read":"r33","strand":"+"}
{"doc_id":2,"len":2,"name":"c","offset":2,"qstart":11,"read":"r33","strand":"+"}
{"doc_id":1,"len":2,"name":"b","offset":6,"qstart":11,"read":"r33","strand":"+"}
{"doc_id":3,"len":2,"name":"pal","offset":1,"qstart":8,"read":"r33","strand":"+"}
{"doc_id":3,"len":2,"name":"pal","offset":3,"qstart":8,"read":"r33","strand":"+"}
{"doc_id":0,"len":2,"name":"a","offset":6,"qstart":8,"read":"r33","strand":"+"}
{"doc_id":2,"len":2,"name":"c","offset":1,"qstart":8,"read":"r33","strand":"+"}
{"doc_id":1,"len":2,"name":"b","offset":5,"qstart":8,"read":"r33","strand":"+"}
{"doc_id":1,"len":2,"name":"b","offset":2,"qstart":2,"read":"r33","strand":"+"}
{"doc_id":0,"len":2,"name":"a","offset":5,"qstart":2,"read":"r33","strand":"+"}
{"doc_id":2,"len":2,"name":"c","offset":0,"qstart":0,"read":"r33","strand":"-"}
{"doc_id":1,"len":2,"name":"b","offset":3,"qstart":0,"read":"r33","strand":"-"}
{"doc_id":1,"len":2,"name":"b","offset":4,"qstart":0,"read":"r33","strand":"-"}
{"doc_id":1,"len":2,"name":"b","offset":0,"qstart":2,"read":"r33","strand":"-"}
{"doc_id":0,"len":2,"name":"a","offset":0,"qstart":2,"read":"r33","strand":"-"}
{"doc_id":0,"len":2,"name":"a","offset":3,"qstart":2,"read":"r33","strand":"-"}
{"doc_id":2,"len":2,"name":"c","offset":5,"qstart":2,"read":"r33","strand":"-"}
{"doc_id":0,"len":2,"name":"a","offset":7,"qstart":2,"read":"r33","strand":"-"}
{"doc_id":2,"len":2,"name":"c","offset":2,"qstart":2,"read":"r33","strand":"-"}
{"doc_id":1,"len":2,"name":"b","offset":6,"qstart":2,"read":"r33","strand":"-"}
{"doc_id":0,"len":2,"name":"a","offset":2,"qstart":5,"read":"r33","strand":"-"}
{"doc_id":2,"len":2,"name":"c","offset":4,"qstart":5,"read":"r33","strand":"-"}
{"doc_id":3,"len":2,"name":"pal","offset":1,"qstart":8,"read":"r33","strand":"-"}
{"doc_id":3,"len":2,"name":"pal","offset":3,"qstart":8,"read":"r33","strand":"-"}
{"doc_id":0,"len":2,"name":"a","offset":6,"qstart":8,"read":"r33","strand":"-"}
{"doc_id":2,"len":3,"name":"c","offset":0,"qstart":8,"read":"r33","strand":"-"}
{"doc_id":1,"len":5,"name":"b","offset":2,"qstart":8,"read":"r33","strand":"-"}
{"doc_id":1,"len":2,"name":"b","offset":3,"qstart":9,"read":"r33","strand":"-"}
{"doc_id":2,"len":2,"name":"c","offset":0,"qstart":10,"read":"r33","strand":"-"}
{"doc_id":1,"len":2,"name":"b","offset":4,"qstart":10,"read":"r33","strand":"-"}
{"doc_id":0,"len":2,"name":"a","offset":5,"qstart":11,"read":"r33","strand":"-"}
{"doc_id":0,"len":2,"name":"a","offset":2,"qstart":2,"read":"r34","strand":"+"}
{"doc_id":2,"len":2,"name":"c","offset":4,"qstart":2,"read":"r34","strand":"+"}
{"doc_id":3,"len":2,"name":"pal","offset":1,"qstart":7,"read":"r35","strand":"+"}
{"doc_id":3,"len":2,"name":"pal","offset":3,"qstart":7,"read":"r35","strand":"+"}
{"doc_id":0,"len":2,"name":"a","offset":6,"qstart":7,"read":"r35","strand":"+"}
{"doc_id":2,"len":2,"name":"c","offset":1,"qstart":7,"read":"r35","strand":"+"}
{"doc_id":1,"len":2,"name":"b","offset":5,"qstart":7,"read":"r35","strand":"+"}
{"doc_id":1,"len":3,"name":"b","offset":1,"qstart":3,"read":"r35","strand":"+"}
{"doc_id":0,"len":3,"name":"a","offset":4,"qstart":3,"read":"r35","strand":"+"}
{"doc_id":0,"len":2,"name":"a","offset":1,"qstart":3,"read":"r35","strand":"+"}
{"doc_id":0,"len":2,"name":"a","offset":8,"qstart":3,"read":"r35","strand":"+"}
{"doc_id":2,"len":2,"name":"c","offset":3,"qstart":3,"read":"r35","strand":"+"}
{"doc_id":1,"len":2,"name":"b","offset":7,"qstart":3,"read":"r35","strand":"+"}
{"doc_id":2,"len":2,"name":"c","offset":0,"qstart":0,"read":"r35","strand":"+"}
{"doc_id":1,"len":2,"name":"b","offset":3,"qstart":0,"read":"r35","strand":"+"}
{"doc_id":1,"len":2,"name":"b","offset":4,"qstart":0,"read":"r35","strand":"+"}
{"doc_id":0,"len":2,"name":"a","offset":2,"qstart":1,"read":"r35","strand":"-"}
{"doc_id":2,"len":2,"name":"c","offset":4,"qstart":1,"read":"r35","strand":"-"}
{"doc_id":1,"len":3,"name":"b","offset":0,"qstart":3,"read":"r35","strand":"-"}
{"doc_id":0,"len":3,"name":"a","offset":0,"qstart":3,"read":"r35","strand":"-"}
{"doc_id":0,"len":3,"name":"a","offset":7,"qstart":3,"read":"r35","strand":"-"}
{"doc_id":2,"len":3,"name":"c","offset":2,"qstart":3,"read":"r35","strand":"-"}
{"doc_id":1,"len":3,"name":"b","offset":6,"qstart":3,"read":"r35","strand":"-"}
{"doc_id":0,"len":4,"name":"a","offset":2,"qstart":3,"read":"r35","strand":"-"}
{"doc_id":2,"len":3,"name":"c","offset":4,"qstart":4,"read":"r35","strand":"-"}
{"doc_id":3,"len":2,"name":"pal","offset":1,"qstart":7,"read":"r35","strand":"-"}
{"doc_id":3,"len":2,"name":"pal","offset":3,"qstart":7,"read":"r35","strand":"-"}
{"doc_id":0,"len":2,"name":"a","offset":6,"qstart":7,"read":"r35","strand":"-"}
{"doc_id":2,"len":3,"name":"c","offset":0,"qstart":7,"read":"r35","strand":"-"}
{"doc_id":1,"len":3,"name":"b","offset":4,"qstart":7,"read":"r35","strand":"-"}
{"doc_id":1,"len":2,"name":"b","offset":3,"qstart":8,"read":"r35","strand":"-"}
{"doc_id":1,"len":2,"name":"b","offset":2,"qstart":8,"read":"r36","strand":"+"}
{"doc_id":0,"len":2,"name":"a","offset":5,"qstart":8,"read":"r36","strand":"+"}
{"doc_id":1,"len":2,"name":"b","offset":1,"qstart":6,"read":"r36","strand":"+"}
{"doc_id":0,"len":2,"name":"a","offset":1,"qstart":6,"read":"r36","strand":"+"}
{"doc_id":0,"len":2,"name":"a","offset":4,"qstart":6,"read":"r36","strand":"+"}
{"doc_id":0,"len":2,"name":"a","offset":8,"qstart":6,"read":"r36","strand":"+"}
{"doc_id":2,"len":2,"name":"c","offset":3,"qstart":6,"read":"r36","strand":"+"}
{"doc_id":1,"len":2,"name":"b","offset":7,"qstart":6,"read":"r36","strand":"+"}
{"doc_id":1,"len":2,"name":"b","offset":1,"qstart":6,"read":"r36","strand":"-"}
{"doc_id":0,"len":2,"name":"a","offset":1,"qstart":6,"read":"r36","strand":"-"}
{"doc_id":0,"len":2,"name":"a","offset":4,"qstart":6,"read":"r36","strand":"-"}
{"doc_id":0,"len":2,"name":"a","offset":8,"qstart":6,"read":"r36","strand":"-"}
{"doc_id":2,"len":2,"name":"c","offset":3,"qstart":6,"read":"r36","strand":"-"}
{"doc_id":1,"len":2,"name":"b","offset":7,"qstart":6,"read":"r36","strand":"-"}
{"doc_id":1,"len":2,"name":"b","offset":0,"qstart":8,"read":"r36","strand":"-"}
{"doc_id":0,"len":2,"name":"a","offset":0,"qstart":8,"read":"r36","strand":"-"}
{"doc_id":0,"len":2,"name":"a","offset":3,"qstart":8,"read":"r36","strand":"-"}
{"doc_id":2,"len":2,"name":"c","offset":5,"qstart":8,"read":"r36","strand":"-"}
{"doc_id":0,"len":2,"name":"a","offset":7,"qstart":8,"read":"r36","strand":"-"}
{"doc_id":2,"len":2,"name":"c","offset":2,"qstart":8,"read":"r36","strand":"-"}
{"doc_id":1,"len":2,"name":"b","offset":6,"qstart":8,"read":"r36","strand":"-"}
{"doc_id":1,"len":2,"name":"b","offset":0,"qstart":2,"read":"r37","strand":"+"}
{"doc_id":0,"len":2,"name":"a","offset":0,"qstart":2,"read":"r37","strand":"+"}
{"doc_id":0,"len":2,"name":"a","offset":3,"qstart":2,"read":"r37","strand":"+"}
{"doc_id":2,"len":2,"name":"c","offset":5,"qstart":2,"read":"r37","strand":"+"}
{"doc_id":0,"len":2,"name":"a","offset":7,"qstart":2,"read":"r37","strand":"+"}
{"doc_id":2,"len":2,"name":"c","offset":2,"qstart":2,"read":"r37","strand":"+"}
{"doc_id":1,"len":2,"name":"b","offset":6,"qstart":2,"read":"r37","strand":"+"}
{"doc_id":1,"len":2,"name":"b","offset":2,"qstart":2,"read":"r37","strand":"-"}
{"doc_id":0,"len":2,"name":"a","offset":5,"qstart":2,"read":"r37","strand":"-"}
{"doc_id":2,"len":2,"name":"c","offset":0,"qstart":10,"read":"r38","strand":"+"}
{"doc_id":1,"len":2,"name":"b","offset":3,"qstart":10,"read":"r38","strand":"+"}
{"doc_id":1,"len":2,"name":"b","offset":4,"qstart":10,"read":"r38","strand":"+"}
{"doc_id":3,"len":2,"name":"pal","offset":0,"qstart":9,"read":"r38","strand":"+"}
{"doc_id":3,"len":2,"name":"pal","offset":2,"qstart":9,"read":"r38","strand":"+"}
{"doc_id":3,"len":2,"name":"pal","offset":4,"qstart":9,"read":"r38","strand":"+"}
{"doc_id":0,"len":2,"name":"a","offset":2,"qstart":8,"read":"r38","strand":"+"}
{"doc_id":2,"len":2,"name":"c","offset":4,"qstart":8,"read":"r38","strand":"+"}
{"doc_id":0,"len":3,"name":"a","offset":1,"qstart":4,"read":"r38","strand":"+"}
{"doc_id":2,"len":3,"name":"c","offset":3,"qstart":4,"read":"r38","strand":"+"}
{"doc_id":1,"len":2,"name":"b","offset":1,"qstart":4,"read":"r38","strand":"+"}
{"doc_id":0,"len":2,"name":"a","offset":4,"qstart":4,"read":"r38","strand":"+"}
{"doc_id":0,"len":2,"name":"a","offset":8,"qstart":4,"read":"r38","strand":"+"}
{"doc_id":1,"len":2,"name":"b","offset":7,"qstart":4,"read":"r38","strand":"+"}
{"doc_id":0,"len":2,"name":"a","offset":2,"qstart":0,"read":"r38","strand":"+"}
{"doc_id":2,"len":2,"name":"c","offset":4,"qstart":0,"read":"r38","strand":"+"}
{"doc_id":2,"len":2,"name":"c","offset":0,"qstart":1,"read":"r38","strand":"-"}
{"doc_id":1,"len":2,"name":"b","offset":3,"qstart":1,"read":"r38","strand":"-"}
{"doc_id":1,"len":2,"name":"b","offset":4,"qstart":1,"read":"r38","strand":"-"}
{"doc_id":1,"len":2,"name":"b","offset":1,"qstart":4,"read":"r38","strand":"-"}
{"doc_id":0,"len":2,"name":"a","offset":1,"qstart":4,"read":"r38","strand":"-"}
{"doc_id":0,"len":2,"name":"a","offset":4,"qstart":4,"read":"r38","strand":"-"}
{"doc_id":0,"len":2,"name":"a","offset":8,"qstart":4,"read":"r38","strand":"-"}
{"doc_id":2,"len":2,"name":"c","offset":3,"qstart":4,"read":"r38","strand":"-"}
{"doc_id":1,"len":2,"name":"b","offset":7,"qstart":4,"read":"r38","strand":"-"}
{"doc_id":3,"len":2,"name":"pal","offset":0,"qstart":9,"read":"r38","strand":"-"}
{"doc_id":3,"len":2,"name":"pal","offset":2,"qstart":9,"read":"r38","strand":"-"}
{"doc_id":3,"len":2,"name":"pal","offset":4,"qstart":9,"read":"r38","strand":"-"}
{"doc_id":1,"len":2,"name":"b","offset":2,"qstart":4,"read":"r39","strand":"+"}
{"doc_id":0,"len":2,"name":"a","offset":5,"qstart":4,"read":"r39","strand":"+"}
{"doc_id":0,"len":2,"name":"a","offset":2,"qstart":2,"read":"r39","strand":"+"}
{"doc_id":2,"len":2,"name":"c","offset":4,"qstart":2,"read":"r39","strand":"+"}
{"doc_id":1,"len":2,"name":"b","offset":2,"qstart":0,"read":"r39","strand":"+"}
{"doc_id":0,"len":2,"name":"a","offset":5,"qstart":0,"read":"r39","strand":"+"}
{"doc_id":1,"len":2,"name":"b","offset":0,"qstart":0,"read":"r39","strand":"-"}
{"doc_id":0,"len":2,"name":"a","offset":0,"qstart":0,"read":"r39","strand":"-"}
{"doc_id":0,"len":2,"name":"a","offset":3,"qstart":0,"read":"r39","strand":"-"}
{"doc_id":2,"len":2,"name":"c","offset":5,"qstart":0,"read":"r39","strand":"-"}
{"doc_id":0,"len":2,"name":"a","offset":7,"qstart":0,"read":"r39","strand":"-"}
{"doc_id":2,"len":2,"name":"c","offset":2,"qstart":0,"read":"r39","strand":"-"}
{"doc_id":1,"len":2,"name":"b","offset":6,"qstart":0,"read":"r39","strand":"-"}
{"doc_id":1,"len":2,"name":"b","offset":0,"qstart":4,"read":"r39","strand":"-"}
{"doc_id":0,"len":2,"name":"a","offset":0,"qstart":4,"read":"r39","strand":"-"}
{"doc_id":0,"len":2,"name":"a","offset":3,"qstart":4,"read":"r39","strand":"-"}
{"doc_id":2,"len":2,"name":"c","offset":5,"qstart":4,"read":"r39","strand":"-"}
{"doc_id":0,"len":2,"name":"a","offset":7,"qstart":4,"read":"r39","strand":"-"}
{"doc_id":2,"len":2,"name":"c","offset":2,"qstart":4,"read":"r39","strand":"-"}
{"doc_id":1,"len":2,"name":"b","offset":6,"qstart":4,"read":"r39","strand":"-"}
{"doc_id":2,"len":2,"name":"c","offset":0,"qstart":1,"read":"r40","strand":"+"}
{"doc_id":1,"len":2,"name":"b","offset":3,"qstart":1,"read":"r40","strand":"+"}
{"doc_id":1,"len":2,"name":"b","offset":4,"qstart":1,"read":"r40","strand":"+"}
{"doc_id":3,"len":2,"name":"pal","offset":0,"qstart":0,"read":"r40","strand":"+"}
{"doc_id":3,"len":2,"name":"pal","offset":2,"qstart":0,"read":"r40","strand":"+"}
{"doc_id":3,"len":2,"name":"pal","offset":4,"qstart":0,"read":"r40","strand":"+"}
{"doc_id":3,"len":2,"name":"pal","offset":0,"qstart":0,"read":"r40","strand":"-"}
{"doc_id":3,"len":2,"name":"pal","offset":2,"qstart":0,"read":"r40","strand":"-"}
{"doc_id":3,"len":2,"name":"pal","offset":4,"qstart":0,"read":"r40","strand":"-"}
{"doc_id":0,"len":2,"name":"a","offset":2,"qstart":6,"read":"r40","strand":"-"}
{"doc_id":2,"len":2,"name":"c","offset":4,"qstart":6,"read":"r40","strand":"-"}
{"doc_id":1,"len":2,"name":"b","offset":0,"qstart":0,"read":"r41","strand":"+"}
{"doc_id":0,"len":2,"name":"a","offset":0,"qstart":0,"read":"r41","strand":"+"}
{"doc_id":0,"len":2,"name":"a","offset":3,"qstart":0,"read":"r41","strand":"+"}
{"doc_id":2,"len":2,"name":"c","offset":5,"qstart":0,"read":"r41","strand":"+"}
{"doc_id":0,"len":2,"name":"a","offset":7,"qstart":0,"read":"r41","strand":"+"}
{"doc_id":2,"len":2,"name":"c","offset":2,"qstart":0,"read":"r41","strand":"+"}
{"doc_id":1,"len":2,"name":"b","offset":6,"qstart":0,"read":"r41","strand":"+"}
{"doc_id":1,"len":2,"name":"b","offset":2,"qstart":0,"read":"r41","strand":"-"}
{"doc_id":0,"len":2,"name":"a","offset":5,"qstart":0,"read":"r41","strand":"-"}
{"doc_id":1,"len":2,"name":"b","offset":0,"qstart":2,"read":"r42","strand":"+"}
{"doc_id":0,"len":2,"name":"a","offset":0,"qstart":2,"read":"r42","strand":"+"}
{"doc_id":0,"len":2,"name":"a","offset":3,"qstart":2,"read":"r42","strand":"+"}
{"doc_id":2,"len":2,"name":"c","offset":5,"qstart":2,"read":"r42","strand":"+"}
{"doc_id":0,"len":2,"name":"a","offset":7,"qstart":2,"read":"r42","strand":"+"}
{"doc_id":2,"len":2,"name":"c","offset":2,"qstart":2,"read":"r42","strand":"+"}
{"doc_id":1,"len":2,"name":"b","offset":6,"qstart":2,"read":"r42","strand":"+"}
{"doc_id":0,"len":2,"name":"a","offset":2,"qstart":0,"read":"r42","strand":"+"}
{"doc_id":2,"len":2,"name":"c","offset":4,"qstart":0,"read":"r42","strand":"+"}
{"doc_id":2,"len":2,"name":"c","offset":0,"qstart":1,"read":"r42","strand":"-"}
{"doc_id":1,"len":2,"name":"b","offset":4,"qstart":1,"read":"r42","strand":"-"}
{"doc_id":1,"len":3,"name":"b","offset":2,"qstart":1,"read":"r42","strand":"-"}
{"doc_id":0,"len":2,"name":"a","offset":5,"qstart":2,"read":"r42","strand":"-"}
{"doc_id":2,"len":2,"name":"c","offset":0,"qstart":5,"read":"r42","strand":"-"}
{"doc_id":1,"len":2,"name":"b","offset":3,"qstart":5,"read":"r42","strand":"-"}
{"doc_id":1,"len":2,"name":"b","offset":4,"qstart":5,"read":"r42","strand":"-"}
{"doc_id":2,"len":2,"name":"c","offset":0,"qstart":10,"read":"r43","strand":"+"}
{"doc_id":1,"len":2,"name":"b","offset":3,"qstart":10,"read":"r43","strand":"+"}
{"doc_id":1,"len":3,"name":"b","offset":3,"qstart":9,"read":"r43","strand":"+"}
{"doc_id":2,"len":2,"name":"c","offset":0,"qstart":9,"read":"r43","strand":"+"}
{"doc_id":1,"len":2,"name":"b","offset":4,"qstart":9,"read":"r43","strand":"+"}
{"doc_id":3,"len":2,"name":"pal","offset":0,"qstart":8,"read":"r43","strand":"+"}
{"doc_id":3,"len":3,"name":"pal","offset":1,"qstart":7,"read":"r43","strand":"+"}
{"doc_id":3,"len":3,"name":"pal","offset":3,"qstart":7,"read":"r43","strand":"+"}
{"doc_id":0,"len":2,"name":"a","offset":6,"qstart":7,"read":"r43","strand":"+"}
{"doc_id":2,"len":2,"name":"c","offset":1,"qstart":7,"read":"r43","strand":"+"}
{"doc_id":1,"len":2,"name":"b","offset":5,"qstart":7,"read":"r43","strand":"+"}
{"doc_id":1,"len":2,"name":"b","offset":1,"qstart":3,"read":"r43","strand":"+"}
{"doc_id":0,"len":2,"name":"a","offset":1,"qstart":3,"read":"r43","strand":"+"}
{"doc_id":0,"len":2,"name":"a","offset":4,"qstart":3,"read":"r43","strand":"+"}
{"doc_id":0,"len":2,"name":"a","offset":8,"qstart":3,"read":"r43","strand":"+"}
{"doc_id":2,"len":2,"name":"c","offset":3,"qstart":3,"read":"r43","strand":"+"}
{"doc_id":1,"len":2,"name":"b","offset":7,"qstart":3,"read":"r43","strand":"+"}
{"doc_id":0,"len":3,"name":"a","offset":1,"qstart":2,"read":"r43","strand":"-"}
{"doc_id":2,"len":3,"name":"c","offset":3,"qstart":2,"read":"r43","strand":"-"}
{"doc_id":1,"len":2,"name":"b","offset":1,"qstart":3,"read":"r43","strand":"-"}
{"doc_id":0,"len":2,"name":"a","offset":4,"qstart":3,"read":"r43","strand":"-"}
{"doc_id":0,"len":2,"name":"a","offset":8,"qstart":3,"read":"r43","strand":"-"}
{"doc_id":1,"len":2,"name":"b","offset":7,"qstart":3,"read":"r43","strand":"-"}
{"doc_id":0,"len":2,"name":"a","offset":6,"qstart":7,"read":"r43","strand":"-"}
{"doc_id":2,"len":2,"name":"c","offset":1,"qstart":7,"read":"r43","strand":"-"}
{"doc_id":1,"len":2,"name":"b","offset":5,"qstart":7,"read":"r43","strand":"-"}
{"doc_id":3,"len":3,"name":"pal","offset":0,"qstart":7,"read":"r43","strand":"-"}
{"doc_id":3,"len":3,"name":"pal","offset":2,"qstart":7,"read":"r43","strand":"-"}
{"doc_id":3,"len":2,"name":"pal","offset":4,"qstart":8,"read":"r43","strand":"-"}
{"doc_id":0,"len":2,"name":"a","offset":2,"qstart":11,"read":"r43","strand":"-"}
{"doc_id":2,"len":2,"name":"c","offset":4,"qstart":11,"read":"r43","strand":"-"}
{"doc_id":2,"len":2,"name":"c","offset":0,"qstart":14,"read":"r44","strand":"+"}
{"doc_id":1,"len":2,"name":"b","offset":4,"qstart":14,"read":"r44","strand":"+"}
{"doc_id":1,"len":3,"name":"b","offset":2,"qstart":13,"read":"r44","strand":"+"}
{"doc_id":0,"len":2,"name":"a","offset":5,"qstart":13,"read":"r44","strand":"+"}
{"doc_id":3,"len":2,"name":"pal","offset":1,"qstart":10,"read":"r44","strand":"+"}
{"doc_id":3,"len":2,"name":"pal","offset":3,"qstart":10,"read":"r44","strand":"+"}
{"doc_id":0,"len":2,"name":"a","offset":6,"qstart":10,"read":"r44","strand":"+"}
{"doc_id":2,"len":2,"name":"c","offset":1,"qstart":10,"read":"r44","strand":"+"}
{"doc_id":1,"len":2,"name":"b","offset":5,"qstart":10,"read":"r44","strand":"+"}
{"doc_id":2,"len":2,"name":"c","offset":0,"qstart":6,"read":"r44","strand":"+"}
{"doc_id":1,"len":2,"name":"b","offset":3,"qstart":6,"read":"r44","strand":"+"}
{"doc_id":1,"len":3,"name":"b","offset":3,"qstart":5,"read":"r44","strand":"+"}
{"doc_id":2,"len":2,"name":"c","offset":0,"qstart":5,"read":"r44","strand":"+"}
{"doc_id":1,"len":2,"name":"b","offset":4,"qstart":5,"read":"r44","strand":"+"}
{"doc_id":3,"len":2,"name":"pal","offset":1,"qstart":10,"read":"r44","strand":"-"}
{"doc_id":3,"len":2,"name":"pal","offset":3,"qstart":10,"read":"r44","strand":"-"}
{"doc_id":0,"len":2,"name":"a","offset":6,"qstart":10,"read":"r44","strand":"-"}
{"doc_id":2,"len":3,"name":"c","offset":0,"qstart":10,"read":"r44","strand":"-"}
{"doc_id":1,"len":3,"name":"b","offset":4,"qstart":10,"read":"r44","strand":"-"}
{"doc_id":1,"len":2,"name":"b","offset":3,"qstart":11,"read":"r44","strand":"-"}
{"doc_id":1,"len":2,"name":"b","offset":0,"qstart":13,"read":"r44","strand":"-"}
{"doc_id":0,"len":2,"name":"a","offset":0,"qstart":13,"read":"r44","strand":"-"}
{"doc_id":0,"len":2,"name":"a","offset":3,"qstart":13,"read":"r44","strand":"-"}
{"doc_id":2,"len":2,"name":"c","offset":5,"qstart":13,"read":"r44","strand":"-"}
{"doc_id":0,"len":2,"name":"a","offset":7,"qstart":13,"read":"r44","strand":"-"}
{"doc_id":2,"len":2,"name":"c","offset":2,"qstart":13,"read":"r44","strand":"-"}
{"doc_id":1,"len":2,"name":"b","offset":6,"qstart":13,"read":"r44","strand":"-"}
{"doc_id":3,"len":2,"name":"pal","offset":1,"qstart":13,"read":"r45","strand":"+"}
{"doc_id":3,"len":2,"name":"pal","offset":3,"qstart":13,"read":"r45","strand":"+"}
{"doc_id":2,"len":2,"name":"c","offset":1,"qstart":13,"read":"r45","strand":"+"}
{"doc_id":1,"len":2,"name":"b","offset":5,"qstart":13,"read":"r45","strand":"+"}
{"doc_id":0,"len":3,"name":"a","offset":5,"qstart":12,"read":"r45","strand":"+"}
{"doc_id":1,"len":2,"name":"b","offset":2,"qstart":12,"read":"r45","strand":"+"}
{"doc_id":1,"len":2,"name":"b","offset":0,"qstart":8,"read":"r45","strand":"+"}
{"doc_id":0,"len":2,"name":"a","offset":0,"qstart":8,"read":"r45","strand":"+"}
{"doc_id":0,"len":2,"name":"a","offset":3,"qstart":8,"read":"r45","strand":"+"}
{"doc_id":2,"len":2,"name":"c","offset":5,"qstart":8,"read":"r45","strand":"+"}
{"doc_id":0,"len":2,"name":"a","offset":7,"qstart":8,"read":"r45","strand":"+"}
{"doc_id":2,"len":2,"name":"c","offset":2,"qstart":8,"read":"r45","strand":"+"}
{"doc_id":1,"len":2,"name":"b","offset":6,"qstart":8,"read":"r45","strand":"+"}
{"doc_id":0,"len":2,"name":"a","offset":2,"qstart":6,"read":"r45","strand":"-"}
{"doc_id":2,"len":2,"name":"c","offset":4,"qstart":6,"read":"r45","strand":"-"}
{"doc_id":1,"len":2,"name":"b","offset":2,"qstart":8,"read":"r45","strand":"-"}
{"doc_id":0,"len":2,"name":"a","offset":5,"qstart":8,"read":"r45","strand":"-"}
{"doc_id":1,"len":2,"name":"b","offset":0,"qstart":12,"read":"r45","strand":"-"}
{"doc_id":0,"len":2,"name":"a","offset":0,"qstart":12,"read":"r45","strand":"-"}
{"doc_id":0,"len":2,"name":"a","offset":3,"qstart":12,"read":"r45","strand":"-"}
{"doc_id":2,"len":2,"name":"c","offset":5,"qstart":12,"read":"r45","strand":"-"}
{"doc_id":0,"len":3,"name":"a","offset":6,"qstart":12,"read":"r45","strand":"-"}
{"doc_id":2,"len":3,"name":"c","offset":1,"qstart":12,"read":"r45","strand":"-"}
{"doc_id":1,"len":3,"name":"b","offset":5,"qstart":12,"read":"r45","strand":"-"}
{"doc_id":3,"len":2,"name":"pal","offset":1,"qstart":13,"read":"r45","strand":"-"}
{"doc_id":3,"len":2,"name":"pal","offset":3,"qstart":13,"read":"r45","strand":"-"}
{"doc_id":1,"len":2,"name":"b","offset":2,"qstart":12,"read":"r46","strand":"+"}
{"doc_id":0,"len":2,"name":"a","offset":5,"qstart":12,"read":"r46","strand":"+"}
{"doc_id":2,"len":2,"name":"c","offset":0,"qstart":10,"read":"r46","strand":"+"}
{"doc_id":1,"len":2,"name":"b","offset":3,"qstart":10,"read":"r46","strand":"+"}
{"doc_id":1,"len":2,"name":"b","offset":4,"qstart":10,"read":"r46","strand":"+"}
{"doc_id":3,"len":2,"name":"pal","offset":0,"qstart":6,"read":"r46","strand":"+"}
{"doc_id":3,"len":2,"name":"pal","offset":2,"qstart":6,"read":"r46","strand":"+"}
{"doc_id":3,"len":2,"name":"pal","offset":4,"qstart":6,"read":"r46","strand":"+"}
{"doc_id":2,"len":2,"name":"c","offset":0,"qstart":5,"read":"r46","strand":"-"}
{"doc_id":1,"len":2,"name":"b","offset":3,"qstart":5,"read":"r46","strand":"-"}
{"doc_id":1,"len":2,"name":"b","offset":4,"qstart":5,"read":"r46","strand":"-"}
{"doc_id":3,"len":2,"name":"pal","offset":0,"qstart":6,"read":"r46","strand":"-"}
{"doc_id":3,"len":2,"name":"pal","offset":2,"qstart":6,"read":"r46","strand":"-"}
{"doc_id":3,"len":2,"name":"pal","offset":4,"qstart":6,"read":"r46","strand":"-"}
{"doc_id":1,"len":2,"name":"b","offset":0,"qstart":12,"read":"r46","strand":"-"}
{"doc_id":0,"len":2,"name":"a","offset":0,"qstart":12,"read":"r46","strand":"-"}
{"doc_id":0,"len":2,"name":"a","offset":3,"qstart":12,"read":"r46","strand":"-"}
{"doc_id":2,"len":2,"name":"c","offset":5,"qstart":12,"read":"r46","strand":"-"}
{"doc_id":0,"len":2,"name":"a","offset":7,"qstart":12,"read":"r46","strand":"-"}
{"doc_id":2,"len":2,"name":"c","offset":2,"qstart":12,"read":"r46","strand":"-"}
{"doc_id":1,"len":2,"name":"b","offset":6,"qstart":12,"read":"r46","strand":"-"}
{"doc_id":3,"len":2,"name":"pal","offset":0,"qstart":11,"read":"r48","strand":"+"}
{"doc_id":3,"len":2,"name":"pal","offset":2,"qstart":11,"read":"r48","strand":"+"}
{"doc_id":3,"len":2,"name":"pal","offset":4,"qstart":11,"read":"r48","strand":"+"}
{"doc_id":0,"len":2,"name":"a","offset":2,"qstart":9,"read":"r48","strand":"+"}
{"doc_id":2,"len":2,"name":"c","offset":4,"qstart":9,"read":"r48","strand":"+"}
{"doc_id":3,"len":2,"name":"pal","offset":1,"qstart":6,"read":"r48","strand":"+"}
{"doc_id":3,"len":2,"name":"pal","offset":3,"qstart":6,"read":"r48","strand":"+"}
{"doc_id":0,"len":2,"name":"a","offset":6,"qstart":6,"read":"r48","strand":"+"}
{"doc_id":2,"len":2,"name":"c","offset":1,"qstart":6,"read":"r48","strand":"+"}
{"doc_id":1,"len":2,"name":"b","offset":5,"qstart":6,"read":"r48","strand":"+"}
{"doc_id":3,"len":2,"name":"pal","offset":1,"qstart":6,"read":"r48","strand":"-"}
{"doc_id":3,"len":2,"name":"pal","offset":3,"qstart":6,"read":"r48","strand":"-"}
{"doc_id":0,"len":2,"name":"a","offset":6,"qstart":6,"read":"r48","strand":"-"}
{"doc_id":2,"len":2,"name":"c","offset":1,"qstart":6,"read":"r48","strand":"-"}
{"doc_id":1,"len":2,"name":"b","offset":5,"qstart":6,"read":"r48","strand":"-"}
{"doc_id":2,"len":2,"name":"c","offset":0,"qstart":10,"read":"r48","strand":"-"}
{"doc_id":1,"len":2,"name":"b","offset":3,"qstart":10,"read":"r48","strand":"-"}
{"doc_id":1,"len":2,"name":"b","offset":4,"qstart":10,"read":"r48","strand":"-"}
{"doc_id":3,"len":2,"name":"pal","offset":0,"qstart":11,"read":"r48","strand":"-"}
{"doc_id":3,"len":2,"name":"pal","offset":2,"qstart":11,"read":"r48","strand":"-"}
{"doc_id":3,"len":2,"name":"pal","offset":4,"qstart":11,"read":"r48","strand":"-"}
{"doc_id":0,"len":2,"name":"a","offset":2,"qstart":12,"read":"r48","strand":"-"}
{"doc_id":2,"len":2,"name":"c","offset":4,"qstart":12,"read":"r48","strand":"-"}
{"doc_id":3,"len":2,"name":"pal","offset":1,"qstart":7,"read":"r49","strand":"+"}
{"doc_id":3,"len":2,"name":"pal","offset":3,"qstart":7,"read":"r49","strand":"+"}
{"doc_id":0,"len":2,"name":"a","offset":6,"qstart":7,"read":"r49","strand":"+"}
{"doc_id":2,"len":3,"name":"c","offset":0,"qstart":6,"read":"r49","strand":"+"}
{"doc_id":1,"len":3,"name":"b","offset":4,"qstart":6,"read":"r49","strand":"+"}
{"doc_id":1,"len":2,"name":"b","offset":3,"qstart":6,"read":"r49","strand":"+"}
{"doc_id":1,"len":2,"name":"b","offset":2,"qstart":3,"read":"r49","strand":"+"}
{"doc_id":0,"len":2,"name":"a","offset":5,"qstart":3,"read":"r49","strand":"+"}
{"doc_id":1,"len":2,"name":"b","offset":0,"qstart":3,"read":"r49","strand":"-"}
{"doc_id":0,"len":2,"name":"a","offset":0,"qstart":3,"read":"r49","strand":"-"}
{"doc_id":0,"len":2,"name":"a","offset":7,"qstart":3,"read":"r49","strand":"-"}
{"doc_id":2,"len":2,"name":"c","offset":2,"qstart":3,"read":"r49","strand":"-"}
{"doc_id":1,"len":2,"name":"b","offset":6,"qstart":3,"read":"r49","strand":"-"}
{"doc_id":0,"len":3,"name":"a","offset":2,"qstart":3,"read":"r49","strand":"-"}
{"doc_id":2,"len":3,"name":"c","offset":4,"qstart":3,"read":"r49","strand":"-"}
{"doc_id":3,"len":2,"name":"pal","offset":1,"qstart":7,"read":"r49","strand":"-"}
{"doc_id":3,"len":2,"name":"pal","offset":3,"qstart":7,"read":"r49","strand":"-"}
{"doc_id":0,"len":2,"name":"a","offset":6,"qstart":7,"read":"r49","strand":"-"}
{"doc_id":2,"len":2,"name":"c","offset":1,"qstart":7,"read":"r49","strand":"-"}
{"doc_id":1,"len":2,"name":"b","offset":5,"qstart":7,"read":"r49","strand":"-"}
{"doc_id":1,"len":3,"name":"b","offset":0,"qstart":7,"read":"exact","strand":"+"}
{"doc_id":0,"len":3,"name":"a","offset":0,"qstart":7,"read":"exact","strand":"+"}
{"doc_id":0,"len":3,"name":"a","offset":3,"qstart":7,"read":"exact","strand":"+"}
{"doc_id":2,"len":4,"name":"c","offset":1,"qstart":6,"read":"exact","strand":"+"}
{"doc_id":1,"len":4,"name":"b","offset":5,"qstart":6,"read":"exact","strand":"+"}
{"doc_id":0,"len":10,"name":"a","offset":0,"qstart":0,"read":"exact","strand":"+"}
{"doc_id":2,"len":2,"name":"c","offset":5,"qstart":7,"read":"exact","strand":"+"}
{"doc_id":3,"len":2,"name":"pal","offset":1,"qstart":6,"read":"exact","strand":"+"}
{"doc_id":3,"len":2,"name":"pal","offset":3,"qstart":6,"read":"exact","strand":"+"}
{"doc_id":1,"len":4,"name":"b","offset":0,"qstart":3,"read":"exact","strand":"+"}
{"doc_id":0,"len":3,"name":"a","offset":0,"qstart":3,"read":"exact","strand":"+"}
{"doc_id":0,"len":3,"name":"a","offset":7,"qstart":3,"read":"exact","strand":"+"}
{"doc_id":2,"len":3,"name":"c","offset":2,"qstart":3,"read":"exact","strand":"+"}
{"doc_id":1,"len":3,"name":"b","offset":6,"qstart":3,"read":"exact","strand":"+"}
{"doc_id":2,"len":5,"name":"c","offset":2,"qstart":0,"read":"exact","strand":"+"}
{"doc_id":1,"len":3,"name":"b","offset":0,"qstart":0,"read":"exact","strand":"+"}
{"doc_id":0,"len":3,"name":"a","offset":3,"qstart":0,"read":"exact","strand":"+"}
{"doc_id":0,"len":3,"name":"a","offset":7,"qstart":0,"read":"exact","strand":"+"}
{"doc_id":1,"len":3,"name":"b","offset":6,"qstart":0,"read":"exact","strand":"+"}
{"doc_id":2,"len":2,"name":"c","offset":5,"qstart":0,"read":"exact","strand":"+"}
{"doc_id":1,"len":3,"name":"b","offset":1,"qstart":0,"read":"exact","strand":"-"}
{"doc_id":0,"len":3,"name":"a","offset":4,"qstart":0,"read":"exact","strand":"-"}
{"doc_id":0,"len":2,"name":"a","offset":1,"qstart":1,"read":"exact","strand":"-"}
{"doc_id":0,"len":2,"name":"a","offset":8,"qstart":1,"read":"exact","strand":"-"}
{"doc_id":2,"len":2,"name":"c","offset":3,"qstart":1,"read":"exact","strand":"-"}
{"doc_id":1,"len":2,"name":"b","offset":7,"qstart":1,"read":"exact","strand":"-"}
{"doc_id":1,"len":4,"name":"b","offset":0,"qstart":3,"read":"exact","strand":"-"}
{"doc_id":0,"len":4,"name":"a","offset":3,"qstart":3,"read":"exact","strand":"-"}
{"doc_id":0,"len":3,"name":"a","offset":0,"qstart":4,"read":"exact","strand":"-"}
{"doc_id":2,"len":4,"name":"c","offset":1,"qstart":4,"read":"exact","strand":"-"}
{"doc_id":1,"len":4,"name":"b","offset":5,"qstart":4,"read":"exact","strand":"-"}
{"doc_id":0,"len":6,"name":"a","offset":4,"qstart":4,"read":"exact","strand":"-"}
{"doc_id":2,"len":2,"name":"c","offset":5,"qstart":5,"read":"exact","strand":"-"}
{"doc_id":3,"len":2,"name":"pal","offset":1,"qstart":6,"read":"exact","strand":"-"}
{"doc_id":3,"len":2,"name":"pal","offset":3,"qstart":6,"read":"exact","strand":"-"}
{"doc_id":1,"len":3,"name":"b","offset":1,"qstart":7,"read":"exact","strand":"-"}
{"doc_id":0,"len":2,"name":"a","offset":1,"qstart":8,"read":"exact","strand":"-"}
{"doc_id":0,"len":2,"name":"a","offset":8,"qstart":8,"read":"exact","strand":"-"}
{"doc_id":2,"len":2,"name":"c","offset":3,"qstart":8,"read":"exact","strand":"-"}
{"doc_id":1,"len":2,"name":"b","offset":7,"qstart":8,"read":"exact","strand":"-"}
{"doc_id":1,"len":3,"name":"b","offset":0,"qstart":3,"read":"repeat","strand":"+"}
{"doc_id":0,"len":3,"name":"a","offset":0,"qstart":3,"read":"repeat","strand":"+"}
{"doc_id":0,"len":3,"name":"a","offset":7,"qstart":3,"read":"repeat","strand":"+"}
{"doc_id":2,"len":3,"name":"c","offset":2,"qstart":3,"read":"repeat","strand":"+"}
{"doc_id":1,"len":3,"name":"b","offset":6,"qstart":3,"read":"repeat","strand":"+"}
{"doc_id":0,"len":6,"name":"a","offset":0,"qstart":0,"read":"repeat","strand":"+"}
{"doc_id":2,"len":5,"name":"c","offset":2,"qstart":0,"read":"repeat","strand":"+"}
{"doc_id":1,"len":3,"name":"b","offset":0,"qstart":0,"read":"repeat","strand":"+"}
{"doc_id":0,"len":3,"name":"a","offset":3,"qstart":0,"read":"repeat","strand":"+"}
{"doc_id":0,"len":3,"name":"a","offset":7,"qstart":0,"read":"repeat","strand":"+"}
{"doc_id":1,"len":3,"name":"b","offset":6,"qstart":0,"read":"repeat","strand":"+"}
{"doc_id":2,"len":2,"name":"c","offset":5,"qstart":0,"read":"repeat","strand":"+"}
{"doc_id":1,"len":3,"name":"b","offset":1,"qstart":0,"read":"repeat","strand":"-"}
{"doc_id":0,"len":3,"name":"a","offset":4,"qstart":0,"read":"repeat","strand":"-"}
{"doc_id":0,"len":2,"name":"a","offset":1,"qstart":1,"read":"repeat","strand":"-"}
{"doc_id":0,"len":2,"name":"a","offset":8,"qstart":1,"read":"repeat","strand":"-"}
{"doc_id":2,"len":2,"name":"c","offset":3,"qstart":1,"read":"repeat","strand":"-"}
{"doc_id":1,"len":2,"name":"b","offset":7,"qstart":1,"read":"repeat","strand":"-"}
{"doc_id":1,"len":3,"name":"b","offset":1,"qstart":3,"read":"repeat","strand":"-"}
{"doc_id":0,"len":3,"name":"a","offset":4,"qstart":3,"read":"repeat","strand":"-"}
{"doc_id":0,"len":2,"name":"a","offset":1,"qstart":4,"read":"repeat","strand":"-"}
{"doc_id":0,"len":2,"name":"a","offset":8,"qstart":4,"read":"repeat","strand":"-"}
{"doc_id":2,"len":2,"name":"c","offset":3,"qstart":4,"read":"repeat","strand":"-"}
{"doc_id":1,"len":2,"name":"b","offset":7,"qstart":4,"read":"repeat","strand":"-"}
{"doc_id":1,"len":4,"name":"b","offset":0,"qstart":5,"read":"left-shorter","strand":"+"}
{"doc_id":0,"len":7,"name":"a","offset":0,"qstart":2,"read":"left-shorter","strand":"+"}
{"doc_id":0,"len":3,"name":"a","offset":0,"qstart":5,"read":"left-shorter","strand":"+"}
{"doc_id":0,"len":3,"name":"a","offset":7,"qstart":5,"read":"left-shorter","strand":"+"}
{"doc_id":2,"len":3,"name":"c","offset":2,"qstart":5,"read":"left-shorter","strand":"+"}
{"doc_id":1,"len":3,"name":"b","offset":6,"qstart":5,"read":"left-shorter","strand":"+"}
{"doc_id":2,"len":7,"name":"c","offset":0,"qstart":0,"read":"left-shorter","strand":"+"}
{"doc_id":1,"len":3,"name":"b","offset":0,"qstart":2,"read":"left-shorter","strand":"+"}
{"doc_id":0,"len":3,"name":"a","offset":3,"qstart":2,"read":"left-shorter","strand":"+"}
{"doc_id":0,"len":4,"name":"a","offset":6,"qstart":1,"read":"left-shorter","strand":"+"}
{"doc_id":1,"len":5,"name":"b","offset":4,"qstart":0,"read":"left-shorter","strand":"+"}
{"doc_id":2,"len":2,"name":"c","offset":5,"qstart":2,"read":"left-shorter","strand":"+"}
{"doc_id":3,"len":2,"name":"pal","offset":1,"qstart":1,"read":"left-shorter","strand":"+"}
{"doc_id":3,"len":2,"name":"pal","offset":3,"qstart":1,"read":"left-shorter","strand":"+"}
{"doc_id":1,"len":2,"name":"b","offset":3,"qstart":0,"read":"left-shorter","strand":"+"}
{"doc_id":3,"len":2,"name":"pal","offset":1,"qstart":1,"read":"left-shorter","strand":"-"}
{"doc_id":3,"len":2,"name":"pal","offset":3,"qstart":1,"read":"left-shorter","strand":"-"}
{"doc_id":2,"len":2,"name":"c","offset":1,"qstart":1,"read":"left-shorter","strand":"-"}
{"doc_id":1,"len":2,"name":"b","offset":5,"qstart":1,"read":"left-shorter","strand":"-"}
{"doc_id":0,"len":4,"name":"a","offset":4,"qstart":1,"read":"left-shorter","strand":"-"}
{"doc_id":1,"len":3,"name":"b","offset":1,"qstart":2,"read":"left-shorter","strand":"-"}
{"doc_id":0,"len":2,"name":"a","offset":1,"qstart":3,"read":"left-shorter","strand":"-"}
{"doc_id":0,"len":2,"name":"a","offset":8,"qstart":3,"read":"left-shorter","strand":"-"}
{"doc_id":2,"len":2,"name":"c","offset":3,"qstart":3,"read":"left-shorter","strand":"-"}
{"doc_id":1,"len":2,"name":"b","offset":7,"qstart":3,"read":"left-shorter","strand":"-"}
{"doc_id":1,"len":4,"name":"b","offset":0,"qstart":5,"read":"left-shorter","strand":"-"}
{"doc_id":0,"len":4,"name":"a","offset":3,"qstart":5,"read":"left-shorter","strand":"-"}
{"doc_id":0,"len":3,"name":"a","offset":0,"qstart":6,"read":"left-shorter","strand":"-"}
{"doc_id":0,"len":3,"name":"a","offset":7,"qstart":6,"read":"left-shorter","strand":"-"}
{"doc_id":2,"len":3,"name":"c","offset":2,"qstart":6,"read":"left-shorter","strand":"-"}
{"doc_id":1,"len":3,"name":"b","offset":6,"qstart":6,"read":"left-shorter","strand":"-"}
{"doc_id":2,"len":2,"name":"c","offset":5,"qstart":7,"read":"left-shorter","strand":"-"}
