r0	0	2	2	AG
r1	0	7	7	CCCNTGC
r2	10	13	13	NNC
r3	0	2	2	NC
r4	3	8	8	NNANC
r5	5	7	16	TN
r5	9	16	16	NGCAGNN
r6	0	4	12	GCCT
r6	6	12	12	NNTGNC
r7	6	10	10	NTGN
r8	0	5	7	CANNA
r9	6	9	14	NCC
r10	5	15	15	NAGGNANGNC
r11	0	3	9	ANN
r11	6	9	9	GNG
r12	7	12	14	CNANA
r13	0	4	15	TNCC
r13	8	13	15	NANCC
r14	0	5	7	GGNTN
r16	2	6	13	GNGC
r16	8	10	13	NC
r17	0	4	4	CNCT
r18	6	10	10	ANAG
r19	0	2	6	GG
r20	0	3	9	ANN
r20	5	7	9	NC
r21	0	3	11	CCT
r21	5	8	11	NAN
r23	0	5	13	NNCCT
r24	0	4	4	GCCT
r25	12	17	17	NGCTN
r27	0	7	15	NAGGNTN
r27	10	12	15	NN
r29	0	3	12	TNN
r29	5	9	12	GNTG
r30	5	13	13	TGNGNCAN
r31	0	3	8	NTN
r31	6	8	8	NC
r32	4	6	11	NG
r32	8	11	11	NCC
r34	0	2	10	CN
r34	4	10	10	NGNGNT
r36	0	6	10	CCNCTG
r37	0	2	11	GC
r37	4	11	11	NGCNTNA
r39	6	8	8	NN
r40	3	6	8	GCC
r41	2	4	4	CT
r43	0	2	14	CN
r43	5	7	14	GC
r44	0	5	16	CCCCC
r44	8	10	16	GN
r45	0	6	16	NTGGGN
r45	10	12	16	NT
r46	0	5	14	NCCCC
r46	8	10	14	GC
r47	0	4	4	AGNA
r48	0	6	16	TGNTNC
r48	14	16	16	NC
r49	0	3	9	NNT
