r2	0	3	2
r2	3	5	9
r2	6	8	2
r2	8	10	2
r4	0	3	1
r5	1	3	2
r5	2	5	1
r5	7	9	12
r6	4	6	9
r7	1	3	3
r7	4	6	9
r8	5	7	9
r9	0	3	1
r9	3	6	2
r9	9	11	2
r9	11	13	10
r10	0	5	2
r11	3	5	3
r11	4	6	6
r12	0	3	1
r12	4	6	3
r12	5	7	2
r12	12	14	9
r13	4	6	3
r13	6	8	9
r13	13	15	9
r14	5	7	9
r16	0	2	10
r16	6	8	3
r16	10	13	1
r18	0	2	12
r18	2	6	2
r19	2	4	2
r19	3	5	3
r20	3	5	2
r20	7	9	12
r21	3	5	9
r21	8	10	3
r22	0	4	1
r22	4	6	9
r22	6	9	4
r23	5	7	2
r23	6	8	6
r23	7	9	3
r23	8	10	2
r23	11	13	2
r25	1	3	3
r25	4	7	1
r25	8	10	2
r25	9	11	6
r25	10	12	3
r26	0	2	12
r27	7	9	2
r27	8	10	3
r27	12	15	4
r28	0	2	3
r29	3	5	10
r29	9	12	1
r30	0	5	1
r31	3	6	1
r32	0	2	2
r32	1	3	6
r32	2	4	2
r32	6	8	12
r33	0	2	3
r33	2	4	9
r33	5	7	2
r33	8	13	1
r34	2	4	2
r35	0	2	3
r35	1	3	2
r35	3	7	1
r35	7	10	2
r36	6	8	12
r36	8	10	9
r37	2	4	9
r38	0	2	2
r38	1	3	3
r38	4	7	2
r38	8	10	2
r38	9	11	6
r38	10	12	3
r39	0	2	9
r39	2	4	2
r39	4	6	9
r40	0	2	6
r40	1	3	3
r40	6	8	2
r41	0	2	9
r42	0	2	2
r42	1	4	1
r42	5	7	3
r43	2	5	2
r43	7	10	4
r43	9	12	1
r43	11	13	2
r44	5	8	1
r44	10	13	2
r44	13	16	1
r45	6	8	2
r45	8	10	9
r45	12	15	4
r46	5	7	3
r46	6	8	6
r46	10	12	3
r46	12	14	9
r48	6	8	10
r48	9	11	2
r48	10	12	3
r48	11	13	6
r48	12	14	2
r49	3	6	2
r49	6	9	2
exact	0	10	1
repeat	0	6	1
left-shorter	0	7	1
left-shorter	2	9	1
