SLIM_PHASE dict-read wall=0.486 cumulative=1.243 peak_rss_kib=503808
SLIM_PHASE dict-boundaries wall=3.356 cumulative=4.599 peak_rss_kib=507904
SLIM_PHASE parse+boundaries wall=8.569 cumulative=13.168 peak_rss_kib=681984
SLIM_PHASE parse-fingerprints wall=0.392 cumulative=13.560 peak_rss_kib=948224
SLIM_PHASE dict-fingerprints wall=2.279 cumulative=15.840 peak_rss_kib=1617920
SLIM_STRUCT n=3336986770 P=34134006 D=513395745 phrases=3159456 parse_bytes=136536028 bd_bytes=3910008 bp_bytes=41215978 dict_resident=513395736 dict_cache_per_thread=262144 no_SA_ISA_LCP_RMQ=1 no_M_b_bwt_w_wt=1
SLIM_PRIMITIVE_PROBE PASS runs=100005 query_wall=2.096 (baseline positions; NOT end-to-end)
SLIM_FP parse tau=1 bytes=273072064 queries=35978 verified_symbols=2684569 hash_probes=150861
SLIM_FP dict tau=6 bytes=684527664 queries=191466 verified_symbols=6416779 hash_probes=1131348
	Command being timed: "/tmp/laneQ/slim_lce_probe /mnt/nvme3n1/erikg/sxgc-yeast/grl/yeast2_pfp /tmp/laneY/yeast_pfp2.agg 3336986760 1 6 100000 0"
	User time (seconds): 14.75
	System time (seconds): 2.64
	Percent of CPU this job got: 99%
	Elapsed (wall clock) time (h:mm:ss or m:ss): 0:17.39
	Average shared text size (kbytes): 0
	Average unshared data size (kbytes): 0
	Average stack size (kbytes): 0
	Average total size (kbytes): 0
	Maximum resident set size (kbytes): 1617920
	Average resident set size (kbytes): 0
	Major (requiring I/O) page faults: 0
	Minor (reclaiming a frame) page faults: 404441
	Voluntary context switches: 1
	Involuntary context switches: 24
	Swaps: 0
	File system inputs: 0
	File system outputs: 24
	Socket messages sent: 0
	Socket messages received: 0
	Signals delivered: 0
	Page size (bytes): 4096
	Exit status: 0
