SLIM_PHASE dict-read wall=0.487 cumulative=0.645 peak_rss_kib=503808
SLIM_PHASE dict-boundaries wall=4.539 cumulative=5.184 peak_rss_kib=505856
SLIM_PHASE parse+boundaries wall=8.901 cumulative=14.084 peak_rss_kib=679936
SLIM_PHASE parse-fingerprints wall=0.110 cumulative=14.194 peak_rss_kib=704512
SLIM_PHASE dict-fingerprints wall=1.908 cumulative=16.102 peak_rss_kib=729088
SLIM_STRUCT n=3336986770 P=34134006 D=513395745 phrases=3159456 parse_bytes=136536028 bd_bytes=3910008 bp_bytes=41215978 dict_resident=513395736 dict_cache_per_thread=262144 no_SA_ISA_LCP_RMQ=1 no_M_b_bwt_w_wt=1
SLIM_PRIMITIVE_PROBE PASS runs=100005 query_wall=2.517 (baseline positions; NOT end-to-end)
SLIM_FP parse tau=11 bytes=24824736 queries=35978 verified_symbols=2684569 hash_probes=72797
SLIM_FP dict tau=163 bytes=25197344 queries=191466 verified_symbols=6416779 hash_probes=435830
	Command being timed: "/tmp/laneQ/slim_lce_probe /mnt/nvme3n1/erikg/sxgc-yeast/grl/yeast2_pfp /tmp/laneY/yeast_pfp2.agg 3336986760 11 163 100000 0"
	User time (seconds): 15.24
	System time (seconds): 3.33
	Percent of CPU this job got: 99%
	Elapsed (wall clock) time (h:mm:ss or m:ss): 0:18.58
	Average shared text size (kbytes): 0
	Average unshared data size (kbytes): 0
	Average stack size (kbytes): 0
	Average total size (kbytes): 0
	Maximum resident set size (kbytes): 729088
	Average resident set size (kbytes): 0
	Major (requiring I/O) page faults: 0
	Minor (reclaiming a frame) page faults: 308284
	Voluntary context switches: 1
	Involuntary context switches: 46
	Swaps: 0
	File system inputs: 0
	File system outputs: 16
	Socket messages sent: 0
	Socket messages received: 0
	Signals delivered: 0
	Page size (bytes): 4096
	Exit status: 0
