ri4: n=3336986760 k=1 R=100904881
SLIM_PHASE dict-read wall=0.000 cumulative=2.604 peak_rss_kib=1677312
SLIM_PHASE dict-boundaries wall=5.033 cumulative=7.636 peak_rss_kib=1679360
SLIM_PHASE parse+boundaries wall=9.101 cumulative=16.737 peak_rss_kib=1855488
SLIM_PHASE parse-fingerprints wall=0.183 cumulative=16.920 peak_rss_kib=1945600
SLIM_PHASE dict-fingerprints wall=2.969 cumulative=19.889 peak_rss_kib=2041856
SLIM_STRUCT n=3336986770 P=34134006 D=513395745 phrases=3159456 parse_bytes=136536028 bd_bytes=3910008 bp_bytes=41215978 dict_resident=0 dict_cache_per_thread=262144 no_SA_ISA_LCP_RMQ=1 no_M_b_bwt_w_wt=1
SLIM_PHASE lce-build-total wall=17.298 cumulative=19.902 peak_rss_kib=2041856
SLIM_PHASE lf-build wall=2.052 cumulative=21.954 peak_rss_kib=3228076
SLIM_RI runs=504524405 starts=807239048 samples=403619528 lf_capacity=1344159228
SLIM_FP parse tau=3 bytes=91024024 queries=0 verified_symbols=0 hash_probes=0
SLIM_FP dict tau=41 bytes=100174784 queries=0 verified_symbols=0 hash_probes=0
SLIM_PROFILE_ONLY no queries or aggregate produced
	Command being timed: "/tmp/laneQ/slim_dump --slim --resolve-ri4 --slim-profile-build --dict-stream --ri4 /tmp/laneY/yp2new.ri4 --parse /mnt/nvme3n1/erikg/sxgc-yeast/grl/yeast2_pfp -o /tmp/laneQ/unused.agg -t 32"
	User time (seconds): 17.52
	System time (seconds): 4.03
	Percent of CPU this job got: 99%
	Elapsed (wall clock) time (h:mm:ss or m:ss): 0:21.56
	Average shared text size (kbytes): 0
	Average unshared data size (kbytes): 0
	Average stack size (kbytes): 0
	Average total size (kbytes): 0
	Maximum resident set size (kbytes): 3228076
	Average resident set size (kbytes): 0
	Major (requiring I/O) page faults: 0
	Minor (reclaiming a frame) page faults: 936805
	Voluntary context switches: 1
	Involuntary context switches: 36
	Swaps: 0
	File system inputs: 0
	File system outputs: 16
	Socket messages sent: 0
	Socket messages received: 0
	Signals delivered: 0
	Page size (bytes): 4096
	Exit status: 0
