xsa chi-rspace: chi = 85404240 (N=3336986761, R=100904881)
xsa chi-rspace: wrote 85404240 witness values to /tmp/laneQ/yeast.baseline.old.sA
	Command being timed: "xsa/target/release/xsa chi-rspace --ri4 /tmp/laneY/yp2new.ri4 --agg /tmp/laneY/yeast_pfp2.agg -o /tmp/laneQ/yeast.baseline.old.sA"
	User time (seconds): 18.32
	System time (seconds): 89.55
	Percent of CPU this job got: 99%
	Elapsed (wall clock) time (h:mm:ss or m:ss): 1:47.90
	Average shared text size (kbytes): 0
	Average unshared data size (kbytes): 0
	Average stack size (kbytes): 0
	Average total size (kbytes): 0
	Maximum resident set size (kbytes): 6023932
	Average resident set size (kbytes): 0
	Major (requiring I/O) page faults: 0
	Minor (reclaiming a frame) page faults: 2387797
	Voluntary context switches: 13
	Involuntary context switches: 152
	Swaps: 0
	File system inputs: 0
	File system outputs: 1334496
	Socket messages sent: 0
	Socket messages received: 0
	Signals delivered: 0
	Page size (bytes): 4096
	Exit status: 0
