ri4: n=3336986760 k=1 R=100904881
FATAL SLIM: usable ri4 samples required
Command exited with non-zero status 2
	Command being timed: "/tmp/laneQ/slim_dump --slim --resolve-ri4 --ri4 /tmp/laneY/yp2new.ri4 --parse /mnt/nvme3n1/erikg/sxgc-yeast/grl/yeast2_pfp --flat /mnt/nvme3n1/erikg/sxgc-yeast/grl/yeast_pfp2.txt -o /tmp/laneQ/yeast.slim.agg -t 32"
	User time (seconds): 0.16
	System time (seconds): 1.49
	Percent of CPU this job got: 99%
	Elapsed (wall clock) time (h:mm:ss or m:ss): 0:01.65
	Average shared text size (kbytes): 0
	Average unshared data size (kbytes): 0
	Average stack size (kbytes): 0
	Average total size (kbytes): 0
	Maximum resident set size (kbytes): 1679360
	Average resident set size (kbytes): 0
	Major (requiring I/O) page faults: 0
	Minor (reclaiming a frame) page faults: 419019
	Voluntary context switches: 1
	Involuntary context switches: 3
	Swaps: 0
	File system inputs: 0
	File system outputs: 8
	Socket messages sent: 0
	Socket messages received: 0
	Signals delivered: 0
	Page size (bytes): 4096
	Exit status: 2
