SLIM_PHASE dict-read wall=0.000 cumulative=0.228 peak_rss_kib=2048
SLIM_PHASE dict-boundaries wall=5.372 cumulative=5.600 peak_rss_kib=4096
SLIM_PHASE parse+boundaries wall=10.592 cumulative=16.192 peak_rss_kib=178176
SLIM_PHASE parse-fingerprints wall=0.198 cumulative=16.390 peak_rss_kib=268288
SLIM_PHASE dict-fingerprints wall=3.021 cumulative=19.411 peak_rss_kib=364544
SLIM_STRUCT n=3336986770 P=34134006 D=513395745 phrases=3159456 parse_bytes=136536028 bd_bytes=3910008 bp_bytes=41215978 dict_resident=0 dict_cache_per_thread=262144 no_SA_ISA_LCP_RMQ=1 no_M_b_bwt_w_wt=1
SLIM_PRIMITIVE_PROBE PASS runs=100005 query_wall=8.021 (baseline positions; NOT end-to-end)
SLIM_FP parse tau=3 bytes=91024024 queries=35978 verified_symbols=2684569 hash_probes=114615
SLIM_FP dict tau=41 bytes=100174784 queries=191466 verified_symbols=6416779 hash_probes=435830
	Command being timed: "/tmp/laneQ/slim_lce_probe /mnt/nvme3n1/erikg/sxgc-yeast/grl/yeast2_pfp /tmp/laneY/yeast_pfp2.agg 3336986760 0 0 100000 1"
	User time (seconds): 19.19
	System time (seconds): 8.06
	Percent of CPU this job got: 99%
	Elapsed (wall clock) time (h:mm:ss or m:ss): 0:27.27
	Average shared text size (kbytes): 0
	Average unshared data size (kbytes): 0
	Average stack size (kbytes): 0
	Average total size (kbytes): 0
	Maximum resident set size (kbytes): 364544
	Average resident set size (kbytes): 0
	Major (requiring I/O) page faults: 0
	Minor (reclaiming a frame) page faults: 92194
	Voluntary context switches: 1
	Involuntary context switches: 40
	Swaps: 0
	File system inputs: 0
	File system outputs: 16
	Socket messages sent: 0
	Socket messages received: 0
	Signals delivered: 0
	Page size (bytes): 4096
	Exit status: 0
