[2026-10-01 05:03:50.597] [info] Current Configuration:
; PFP++

; Integers file to parse.
int32t="vendor/chunk-merge-v3/reference/parse.parse"

; Read -t as AGC: archive order, uppercase reversed contigs, 0x1e separators.
agc=false

; Sliding window size.
window-size=5

; Modulo used during parsing.
modulo=11

; Number of threads.
threads=8

; Temporary files directory.
tmp-dir="vendor/chunk-merge-v3/reference"

; Also output compressed the dictionary.
compress-dictionary=false

; Use reference parse to avoid re-parsing.
use-vcf-acceleration=false

; Print out csv containing stats.
print-statistics=false

; Output count for each dictionary phrase.
output-occurrences=false

; Output sai array.
output-sai=false

; Output last array.
output-last=false

; Convert all non ACGT characters from a VCF or FASTA file to N.
acgt-only=false

; Verbose output.
verbose=false

; Version number.
version=false

[2026-10-01 05:03:50.597] [info] Parsing vendor/chunk-merge-v3/reference/parse.parse
[2026-10-01 05:03:51.180] [info] Main parser: Replacing hash values with ranks.
[2026-10-01 05:03:51.955] [info] Main parser: writing dictionary on disk NOT COMPRESSED
[2026-10-01 05:03:52.173] [info] No properties requested.
[2026-10-01 05:03:52.173] [info] Main parser: closed
[2026-10-01 05:03:52.256] [info] Parser Integers -	Parse size: 967527	Dic Size: 963588 Dic Total Length: 61753720
[Disk Write (bytes): 77218400]
