CROSS_PHASE m2-build wall=0.178 cumulative=33.037 peak_rss_kib=2084692
CROSS_PHASE hash-build wall=1.380 cumulative=34.417 peak_rss_kib=3041612
CROSS_PHASE anchor+repair wall=1.510 cumulative=35.927 peak_rss_kib=3132584
CROSS_PHASE cross-merge wall=12.552 cumulative=48.479 peak_rss_kib=3462932
CROSS_PHASE sxcr-count wall=0.995 cumulative=49.686 peak_rss_kib=3462932
CROSS_PHASE sxcr-write wall=6.702 cumulative=56.388 peak_rss_kib=3462932
CROSS_PHASE sidecar-write wall=0.526 cumulative=56.914 peak_rss_kib=3462932
CROSS_PHASE m2-build wall=0.144 cumulative=87.852 peak_rss_kib=3462932
CROSS_PHASE hash-build wall=1.145 cumulative=88.997 peak_rss_kib=3462932
CROSS_PHASE anchor+repair wall=1.524 cumulative=90.521 peak_rss_kib=3462932
CROSS_PHASE cross-merge wall=11.967 cumulative=102.488 peak_rss_kib=3463836
CROSS_PHASE sxcr-count wall=0.984 cumulative=103.633 peak_rss_kib=3463836
CROSS_PHASE sxcr-write wall=6.341 cumulative=109.974 peak_rss_kib=3463836
CROSS_PHASE sidecar-write wall=0.500 cumulative=110.474 peak_rss_kib=3463836
CROSS_PHASE m2-build wall=0.177 cumulative=141.981 peak_rss_kib=3463836
CROSS_PHASE hash-build wall=1.184 cumulative=143.165 peak_rss_kib=3463836
CROSS_PHASE anchor+repair wall=1.429 cumulative=144.595 peak_rss_kib=3463836
CROSS_PHASE cross-merge wall=11.511 cumulative=156.105 peak_rss_kib=3463836
CROSS_PHASE sxcr-count wall=0.987 cumulative=157.271 peak_rss_kib=3463836
CROSS_PHASE sxcr-write wall=6.393 cumulative=163.665 peak_rss_kib=3463836
CROSS_PHASE sidecar-write wall=0.522 cumulative=164.186 peak_rss_kib=3463836
CROSS_PHASE m2-build wall=0.152 cumulative=194.795 peak_rss_kib=3463836
CROSS_PHASE hash-build wall=1.200 cumulative=195.995 peak_rss_kib=3463836
CROSS_PHASE anchor+repair wall=1.469 cumulative=197.464 peak_rss_kib=3463836
CROSS_PHASE cross-merge wall=12.214 cumulative=209.678 peak_rss_kib=3463836
CROSS_PHASE sxcr-count wall=0.988 cumulative=210.830 peak_rss_kib=3463836
CROSS_PHASE sxcr-write wall=6.318 cumulative=217.149 peak_rss_kib=3463836
CROSS_PHASE sidecar-write wall=0.501 cumulative=217.650 peak_rss_kib=3463836
CROSS_PHASE m2-build wall=0.165 cumulative=249.608 peak_rss_kib=3463836
CROSS_PHASE hash-build wall=1.238 cumulative=250.845 peak_rss_kib=3463836
CROSS_PHASE anchor+repair wall=1.531 cumulative=252.376 peak_rss_kib=3463836
CROSS_PHASE cross-merge wall=11.713 cumulative=264.089 peak_rss_kib=3463836
CROSS_PHASE sxcr-count wall=0.958 cumulative=265.218 peak_rss_kib=3463836
CROSS_PHASE sxcr-write wall=6.210 cumulative=271.427 peak_rss_kib=3463836
CROSS_PHASE sidecar-write wall=0.491 cumulative=271.918 peak_rss_kib=3463836
CROSS_PHASE m2-build wall=0.145 cumulative=302.522 peak_rss_kib=3463836
CROSS_PHASE hash-build wall=1.153 cumulative=303.675 peak_rss_kib=3463836
CROSS_PHASE anchor+repair wall=1.398 cumulative=305.073 peak_rss_kib=3463836
CROSS_PHASE cross-merge wall=11.723 cumulative=316.796 peak_rss_kib=3463836
CROSS_PHASE sxcr-count wall=0.979 cumulative=317.942 peak_rss_kib=3463836
CROSS_PHASE sxcr-write wall=6.427 cumulative=324.370 peak_rss_kib=3463836
CROSS_PHASE sidecar-write wall=0.548 cumulative=324.917 peak_rss_kib=3463836
CROSS_PHASE m2-build wall=0.146 cumulative=355.457 peak_rss_kib=3463836
CROSS_PHASE hash-build wall=1.161 cumulative=356.618 peak_rss_kib=3463836
CROSS_PHASE anchor+repair wall=1.463 cumulative=358.081 peak_rss_kib=3463836
CROSS_PHASE cross-merge wall=11.939 cumulative=370.020 peak_rss_kib=3463836
CROSS_PHASE sxcr-count wall=0.968 cumulative=371.162 peak_rss_kib=3463836
CROSS_PHASE sxcr-write wall=6.871 cumulative=378.034 peak_rss_kib=3463836
CROSS_PHASE sidecar-write wall=0.610 cumulative=378.643 peak_rss_kib=3463836
CROSS_PHASE m2-build wall=0.150 cumulative=414.338 peak_rss_kib=3463836
CROSS_PHASE hash-build wall=1.167 cumulative=415.505 peak_rss_kib=3463836
CROSS_PHASE anchor+repair wall=1.484 cumulative=416.989 peak_rss_kib=3463836
CROSS_PHASE cross-merge wall=11.897 cumulative=428.886 peak_rss_kib=3463836
CROSS_PHASE sxcr-count wall=1.005 cumulative=430.066 peak_rss_kib=3463836
CROSS_PHASE sxcr-write wall=6.338 cumulative=436.404 peak_rss_kib=3463836
CROSS_PHASE sidecar-write wall=0.521 cumulative=436.924 peak_rss_kib=3463836
CROSS_PHASE m2-build wall=0.270 cumulative=455.079 peak_rss_kib=3463836
CROSS_PHASE hash-build wall=2.159 cumulative=457.238 peak_rss_kib=6105292
CROSS_PHASE anchor+repair wall=2.988 cumulative=460.226 peak_rss_kib=6369024
CROSS_PHASE cross-merge wall=26.956 cumulative=487.182 peak_rss_kib=6896264
CROSS_PHASE sxcr-count wall=2.066 cumulative=489.568 peak_rss_kib=6896264
CROSS_PHASE sxcr-write wall=13.752 cumulative=503.320 peak_rss_kib=6896264
CROSS_PHASE sidecar-write wall=1.060 cumulative=504.380 peak_rss_kib=6896264
CROSS_PHASE m2-build wall=0.354 cumulative=522.247 peak_rss_kib=6896264
CROSS_PHASE hash-build wall=2.441 cumulative=524.689 peak_rss_kib=6896264
CROSS_PHASE anchor+repair wall=2.973 cumulative=527.662 peak_rss_kib=6896264
CROSS_PHASE cross-merge wall=29.533 cumulative=557.195 peak_rss_kib=6896928
CROSS_PHASE sxcr-count wall=2.054 cumulative=559.635 peak_rss_kib=6896928
CROSS_PHASE sxcr-write wall=14.307 cumulative=573.942 peak_rss_kib=6896928
CROSS_PHASE sidecar-write wall=1.082 cumulative=575.024 peak_rss_kib=6896928
CROSS_PHASE m2-build wall=0.288 cumulative=593.243 peak_rss_kib=6896928
CROSS_PHASE hash-build wall=2.276 cumulative=595.518 peak_rss_kib=6896928
CROSS_PHASE anchor+repair wall=2.936 cumulative=598.455 peak_rss_kib=6896928
CROSS_PHASE cross-merge wall=27.562 cumulative=626.017 peak_rss_kib=6896928
CROSS_PHASE sxcr-count wall=2.039 cumulative=628.376 peak_rss_kib=6896928
CROSS_PHASE sxcr-write wall=13.793 cumulative=642.169 peak_rss_kib=6896928
CROSS_PHASE sidecar-write wall=1.022 cumulative=643.191 peak_rss_kib=6896928
CROSS_PHASE m2-build wall=0.285 cumulative=660.943 peak_rss_kib=6896928
CROSS_PHASE hash-build wall=2.254 cumulative=663.197 peak_rss_kib=6896928
CROSS_PHASE anchor+repair wall=2.962 cumulative=666.160 peak_rss_kib=6896928
CROSS_PHASE cross-merge wall=27.793 cumulative=693.952 peak_rss_kib=6896928
CROSS_PHASE sxcr-count wall=1.978 cumulative=696.219 peak_rss_kib=6896928
CROSS_PHASE sxcr-write wall=13.830 cumulative=710.049 peak_rss_kib=6896928
CROSS_PHASE sidecar-write wall=1.034 cumulative=711.083 peak_rss_kib=6896928
CROSS_PHASE m2-build wall=0.569 cumulative=749.942 peak_rss_kib=6896928
CROSS_PHASE hash-build wall=4.559 cumulative=754.502 peak_rss_kib=12180576
CROSS_PHASE anchor+repair wall=6.064 cumulative=760.566 peak_rss_kib=12510304
CROSS_PHASE cross-merge wall=61.163 cumulative=821.729 peak_rss_kib=13764816
CROSS_PHASE sxcr-count wall=4.247 cumulative=826.626 peak_rss_kib=13764816
CROSS_PHASE sxcr-write wall=28.425 cumulative=855.051 peak_rss_kib=13764816
CROSS_PHASE sidecar-write wall=2.098 cumulative=857.149 peak_rss_kib=13764816
CROSS_PHASE m2-build wall=0.610 cumulative=894.789 peak_rss_kib=13764816
CROSS_PHASE hash-build wall=4.714 cumulative=899.503 peak_rss_kib=13764816
CROSS_PHASE anchor+repair wall=6.009 cumulative=905.512 peak_rss_kib=13764816
CROSS_PHASE cross-merge wall=62.200 cumulative=967.711 peak_rss_kib=13764816
CROSS_PHASE sxcr-count wall=4.240 cumulative=972.656 peak_rss_kib=13764816
CROSS_PHASE sxcr-write wall=29.101 cumulative=1001.757 peak_rss_kib=13764816
CROSS_PHASE sidecar-write wall=2.062 cumulative=1003.819 peak_rss_kib=13764816
CROSS_PHASE m2-build wall=1.827 cumulative=1093.982 peak_rss_kib=13764816
CROSS_PHASE hash-build wall=9.409 cumulative=1103.391 peak_rss_kib=24332828
CROSS_PHASE anchor+repair wall=15.736 cumulative=1119.127 peak_rss_kib=24992284
CROSS_PHASE cross-merge wall=141.354 cumulative=1260.481 peak_rss_kib=27503060
CROSS_PHASE emit-count wall=15.384 cumulative=1277.039 peak_rss_kib=27503060
CROSS_PHASE emit-write wall=57.055 cumulative=1334.095 peak_rss_kib=27503060
	Command being timed: "/tmp/cross_lcp_merge /home/erikg/sxgc/vendor/chunk-merge-v3/chunks 16 1082130213 /home/erikg/cross-lcp-run/merged/frag --work /home/erikg/cross-lcp-run/tree-work --threads 8"
	User time (seconds): 1494.64
	System time (seconds): 146.97
	Percent of CPU this job got: 122%
	Elapsed (wall clock) time (h:mm:ss or m:ss): 22:15.14
	Average shared text size (kbytes): 0
	Average unshared data size (kbytes): 0
	Average stack size (kbytes): 0
	Average total size (kbytes): 0
	Maximum resident set size (kbytes): 27503060
	Average resident set size (kbytes): 0
	Major (requiring I/O) page faults: 0
	Minor (reclaiming a frame) page faults: 39588876
	Voluntary context switches: 5267
	Involuntary context switches: 4645
	Swaps: 0
	File system inputs: 15096848
	File system outputs: 97651152
	Socket messages sent: 0
	Socket messages received: 0
	Signals delivered: 0
	Page size (bytes): 4096
	Exit status: 0
