XSA_PLAN v=2 corpus_bytes=1000000665 chunks=16 kway=16 threads=48 cap_gb=8 cores=256 cx16=true mem_available_gb=697
XSA_PLAN_PHASES name wall disc_peak_gb rss_gb
XSA_PLAN_PHASE name=chunk wall=0:02:59 wall_s=180 disc_peak_gb=16.7 rss_gb=1.57
XSA_PLAN_PHASE name=merge(load) wall=0:00:52 wall_s=53 disc_peak_gb=35.3 rss_gb=4.00
XSA_PLAN_PHASE name=merge(anchor) wall=0:01:31 wall_s=92 disc_peak_gb=35.3 rss_gb=4.00
XSA_PLAN_PHASE name=merge(walk) wall=0:16:17 wall_s=977 disc_peak_gb=35.3 rss_gb=4.00
XSA_PLAN_PHASE name=merge(emit) wall=0:13:40 wall_s=821 disc_peak_gb=36.6 rss_gb=4.00
XSA_PLAN_PHASE name=endpoints wall=0:05:13 wall_s=314 disc_peak_gb=18.0 rss_gb=0.40
XSA_PLAN_PHASE name=slim wall=0:17:39 wall_s=1059 disc_peak_gb=18.0 rss_gb=0.04
XSA_PLAN_PHASE name=sweep wall=0:00:56 wall_s=56 disc_peak_gb=18.0 rss_gb=0.01
XSA_PLAN_TOTAL wall=0:59:12 wall_s=3552 chunk_bytes_mb=60
XSA_PLAN_DISC FEASIBLE: peak ~37 GB fits 1892 GB free (87% used)
XSA_PLAN_RAM FEASIBLE: chunk front end ~1.6 GB (27x chunk bytes) vs cap 8 GiB; merge ~4.0 GB (bounded, memory-aware side parallelism)
XSA_BUILD START input=/mnt/nvme2n1/erikg/extcols-scratch/mergperf-1b-snap.txt scratch=/mnt/nvme2n1/erikg/extcols-scratch/mergperf-1b-B memory_gb=8 threads=48 chunks=16 kway=16 remap=production
SNAP_OK n=1000000665 sha256=c382daa53d0e66fdc921c32d356961b7e8189ceee0a435bb3b66e06b203ebb61
REMAP /mnt/nvme2n1/erikg/extcols-scratch/mergperf-1b-B/remap-256.bin sha256=b4f387767707f3095a0981148a1753f8da5885c30c19753b3b93887153e611be
PHASE chunk START /home/erikg/.cache/xsa/6429c5d835c7a9b6e796726ad42e5a9529be3c423b037d6d82761e124794799c/chunk_frontend /mnt/nvme2n1/erikg/extcols-scratch/mergperf-1b-snap.txt 16 /mnt/nvme2n1/erikg/extcols-scratch/mergperf-1b-B/chunks /mnt/nvme2n1/erikg/extcols-scratch/mergperf-1b-B/remap-256.bin
PHASE chunk END rc=0 wall=4:27.12 peak_rss_kb=2498828 disc_used_bytes=13274213883904
CHUNKS_PASS count=16 source_bytes=1000000665
PHASE merge START /home/erikg/.cache/xsa/6429c5d835c7a9b6e796726ad42e5a9529be3c423b037d6d82761e124794799c/cross_lcp_merge --tree /mnt/nvme2n1/erikg/extcols-scratch/mergperf-1b-B/chunks 16 1000000665 /mnt/nvme2n1/erikg/extcols-scratch/mergperf-1b-B/merged/frag --threads 48 --kway 16 --work /mnt/nvme2n1/erikg/extcols-scratch/mergperf-1b-B/mwork --emit-pf
PHASE merge END rc=0 wall=26:53.68 peak_rss_kb=1549480 disc_used_bytes=13341935702016
MERGE cross_pairs=0 cross_kway_nodes=1 kway=16
CROSS_PF_EMIT text=/mnt/nvme2n1/erikg/extcols-scratch/mergperf-1b-B/merged/frag.pftext pfck=/mnt/nvme2n1/erikg/extcols-scratch/mergperf-1b-B/merged/frag.pfck n=1000000665 final_runs=368036610 tau=22 count=45454576 bytes=363636648
PHASE endpoints START /home/erikg/.cache/xsa/6429c5d835c7a9b6e796726ad42e5a9529be3c423b037d6d82761e124794799c/rpfbwt_endpoints /mnt/nvme2n1/erikg/extcols-scratch/mergperf-1b-B/merged/frag /mnt/nvme2n1/erikg/extcols-scratch/mergperf-1b-B/finish/frag.ri4 /mnt/nvme2n1/erikg/extcols-scratch/mergperf-1b-B/finish/frag.head_sa --pf-text /mnt/nvme2n1/erikg/extcols-scratch/mergperf-1b-B/merged/frag.pftext --pf-checkpoints /mnt/nvme2n1/erikg/extcols-scratch/mergperf-1b-B/merged/frag.pfck
PHASE endpoints END rc=0 wall=4:35.12 peak_rss_kb=388892 disc_used_bytes=13372370141184
ENDPOINT_PASS raw_n=1000000675 raw_r=368036610 n=1000000665 k=1 r=368036609 padding_rows=10 cyclic_seam_certified=0
PHASE slim START /home/erikg/.cache/xsa/6429c5d835c7a9b6e796726ad42e5a9529be3c423b037d6d82761e124794799c/slim_dump --slim --resolve-ri4 --ri4 /mnt/nvme2n1/erikg/extcols-scratch/mergperf-1b-B/finish/frag.ri4 --head-sa /mnt/nvme2n1/erikg/extcols-scratch/mergperf-1b-B/finish/frag.head_sa -t 48 --pf-text /mnt/nvme2n1/erikg/extcols-scratch/mergperf-1b-B/merged/frag.pftext --pf-checkpoints /mnt/nvme2n1/erikg/extcols-scratch/mergperf-1b-B/merged/frag.pfck -o /mnt/nvme2n1/erikg/extcols-scratch/mergperf-1b-B/finish/frag.agg
PHASE slim END rc=0 wall=16:19.28 peak_rss_kb=30212 disc_used_bytes=13359873687552
PHASE sweep START /home/erikg/worktrees/sxgc/pi-worktree-721d9f35-fd8d-4651-85a3-3995854b08f7-s0-0/xsa/target/release/xsa chi-rspace --stream-agg --ri4 /mnt/nvme2n1/erikg/extcols-scratch/mergperf-1b-B/finish/frag.ri4 --agg /mnt/nvme2n1/erikg/extcols-scratch/mergperf-1b-B/finish/frag.agg -o /mnt/nvme2n1/erikg/extcols-scratch/mergperf-1b-B/finish/frag.sA
PHASE sweep END rc=0 wall=0:56.75 peak_rss_kb=6144 disc_used_bytes=13362144423936
PEAK_DISC_USED_BYTES 13362144423936 (scratch filesystem, after finish)
XSA_BUILD_DONE xsa chi-rspace: chi = 283296933 (N=1000000665, R=368036609) stream-agg=true buffers=4194304
