=== gate start 2026-10-09T07:25:56+00:00 pid=1536779 caps: ulimit -v 6 GiB, timeout 43200s (FLAT kway=32)
=== xsa provenance: 56700f5612482141... (bundle: sharded emission + referenced chunks + flat k-way)
/dev/nvme2n1     14T   12T  2.2T  85% /mnt/nvme2n1
=== xsa build rc=0 2026-10-09T09:00:11+00:00
=== byte-identity vs the banked fragment reference (flat must equal the certified tree artifact)
FLAT_MERGE_rlebwt BYTE_IDENTICAL_TO_BANKED
FLAT_MERGE_rlebwt.meta BYTE_IDENTICAL_TO_BANKED
FLAT_MERGE_ssa BYTE_IDENTICAL_TO_BANKED
FLAT_MERGE_ssa_t BYTE_IDENTICAL_TO_BANKED
FLAT_FINISH_ri4 BYTE_IDENTICAL_TO_BANKED
FLAT_FINISH_head_sa BYTE_IDENTICAL_TO_BANKED
FLAT_FINISH_agg BYTE_IDENTICAL_TO_BANKED
FLAT_FINISH_sA BYTE_IDENTICAL_TO_BANKED
xsa chi-rspace: chi = 306164765 (N=1082130213, R=397723010) stream-agg=true buffers=4194304
FLAT_CHI_306164765_OK
=== flat telemetry (CROSS_KWAY line + per-phase + pools)
CROSS_KWAY k=32 mode=dollar left=/mnt/nvme2n1/erikg/extcols-scratch/mergperf-frag-flat/chunks/chunk-0.crle right=/mnt/nvme2n1/erikg/extcols-scratch/mergperf-frag-flat/chunks/chunk-31.crle n=1082130213 sizes=33846325,33818194,34066087,33818103,33823353,33840623,33821397,33821183,34020175,33835731,33819235,33837132,33890464,34353474,33823671,33828642,33849118,33818509,33820906,33819319,33820912,33818165,34573818,33816778,33818390,33821168,33851686,33818370,33817114,33821958,33819149,31761064 out=/mnt/nvme2n1/erikg/extcols-scratch/mergperf-frag-flat/merged/frag out_runs=397723016 wall_total=3794.208 comparisons=6915382242 symbols_compared=108284110705 probes=3980476750 max_lce=97059 fast_decided=5793927148 probe_decided=1121455011 cap_decided=83 tie_decided=0 lce_over_10k=428118 lce_over_100k=0 lce_over_1m=0 anchors_sum=148 walk_steps_sum=148 block_rows_sum=230900 peak_rss_kib=2483064 hash_k=0 t_fast=12702.122 t_prep=49.450 t_probe=5165.309 t_scan=6686.661
CROSS_PHASE m2-build wall=0.516 cumulative=1655.818 peak_rss_kib=1301428
POOL_STATS fd=6 bytes=2164260432 fills=5 hits=0 misses=0 torn=0
CROSS_PHASE hash-build wall=1.703 cumulative=1657.521 peak_rss_kib=1301428
CROSS_PHASE anchor+repair wall=103.721 cumulative=1761.243 peak_rss_kib=2483064
XMERG_TIMING t_pf=17508.460 t_pop=62.115 cell_hits=1621117616 cell_miss=621792382 shards=48
CROSS_PHASE cross-merge wall=1112.874 cumulative=2874.116 peak_rss_kib=2483064
POOL_STATS fd=5 bytes=2164260432 fills=529832768 hits=0 misses=0 torn=0
POOL_STATS fd=4 bytes=2164260426 fills=789500284 hits=32617326177 misses=295255543 torn=17799
CROSS_PHASE emit-count wall=463.278 cumulative=3337.592 peak_rss_kib=2483064
CROSS_PHASE emit-write wall=453.358 cumulative=3790.951 peak_rss_kib=2483064
CROSS_PHASE emit-pf-text wall=0.184 cumulative=3791.134 peak_rss_kib=2483064
CROSS_PHASE emit-pf-checkpoints wall=2.689 cumulative=3793.823 peak_rss_kib=2483064
POOL_STATS fd=4 bytes=2164260426 fills=1461926664 hits=1866309370 misses=1093434644 torn=429
XSA_BUILD START input=/home/erikg/sxgc-piletest/pile-frag.txt scratch=/mnt/nvme2n1/erikg/extcols-scratch/mergperf-frag-flat memory_gb=6 threads=48 chunks=32 kway=32 remap=production
SNAP_OK n=1082130213 sha256=69a6b5fde1e79d593217ce815c9f47237e276169e5204831a218124e14e6b6b2
REMAP /mnt/nvme2n1/erikg/extcols-scratch/mergperf-frag-flat/remap-256.bin sha256=b4f387767707f3095a0981148a1753f8da5885c30c19753b3b93887153e611be
PHASE chunk START /home/erikg/.cache/xsa/cc9e0b695f5757e6034677727ec963dbbe207809c04267c593b803df6a9f60ab/chunk_frontend /home/erikg/sxgc-piletest/pile-frag.txt 32 /mnt/nvme2n1/erikg/extcols-scratch/mergperf-frag-flat/chunks /mnt/nvme2n1/erikg/extcols-scratch/mergperf-frag-flat/remap-256.bin
PHASE chunk END rc=0 wall=3:56.08 peak_rss_kb=1299100 disc_used_bytes=13067422941184
PHASE merge START /home/erikg/.cache/xsa/cc9e0b695f5757e6034677727ec963dbbe207809c04267c593b803df6a9f60ab/cross_lcp_merge --tree /mnt/nvme2n1/erikg/extcols-scratch/mergperf-frag-flat/chunks 32 1082130213 /mnt/nvme2n1/erikg/extcols-scratch/mergperf-frag-flat/merged/frag --threads 48 --kway 32 --work /mnt/nvme2n1/erikg/extcols-scratch/mergperf-frag-flat/mwork --emit-pf
PHASE merge END rc=0 wall=1:03:15 peak_rss_kb=2483064 disc_used_bytes=13052708286464
MERGE cross_pairs=0 cross_kway_nodes=1 kway=32
CROSS_PF_EMIT text=/mnt/nvme2n1/erikg/extcols-scratch/mergperf-frag-flat/merged/frag.pftext pfck=/mnt/nvme2n1/erikg/extcols-scratch/mergperf-frag-flat/merged/frag.pfck n=1082130213 final_runs=397723016 tau=22 count=49187737 bytes=393501936
PHASE endpoints START /home/erikg/.cache/xsa/cc9e0b695f5757e6034677727ec963dbbe207809c04267c593b803df6a9f60ab/rpfbwt_endpoints /mnt/nvme2n1/erikg/extcols-scratch/mergperf-frag-flat/merged/frag /mnt/nvme2n1/erikg/extcols-scratch/mergperf-frag-flat/finish/frag.ri4 /mnt/nvme2n1/erikg/extcols-scratch/mergperf-frag-flat/finish/frag.head_sa --pf-text /mnt/nvme2n1/erikg/extcols-scratch/mergperf-frag-flat/merged/frag.pftext --pf-checkpoints /mnt/nvme2n1/erikg/extcols-scratch/mergperf-frag-flat/merged/frag.pfck
PHASE endpoints END rc=0 wall=5:55.82 peak_rss_kb=391692 disc_used_bytes=13083692216320
PHASE slim START /home/erikg/.cache/xsa/cc9e0b695f5757e6034677727ec963dbbe207809c04267c593b803df6a9f60ab/slim_dump --slim --resolve-ri4 --ri4 /mnt/nvme2n1/erikg/extcols-scratch/mergperf-frag-flat/finish/frag.ri4 --head-sa /mnt/nvme2n1/erikg/extcols-scratch/mergperf-frag-flat/finish/frag.head_sa -t 48 --pf-text /mnt/nvme2n1/erikg/extcols-scratch/mergperf-frag-flat/merged/frag.pftext --pf-checkpoints /mnt/nvme2n1/erikg/extcols-scratch/mergperf-frag-flat/merged/frag.pfck -o /mnt/nvme2n1/erikg/extcols-scratch/mergperf-frag-flat/finish/frag.agg
PHASE slim END rc=0 wall=20:01.70 peak_rss_kb=30208 disc_used_bytes=13096477065216
PHASE sweep START /home/erikg/worktrees/sxgc/pi-worktree-721d9f35-fd8d-4651-85a3-3995854b08f7-s0-0/xsa/target/release/xsa chi-rspace --stream-agg --ri4 /mnt/nvme2n1/erikg/extcols-scratch/mergperf-frag-flat/finish/frag.ri4 --agg /mnt/nvme2n1/erikg/extcols-scratch/mergperf-frag-flat/finish/frag.agg -o /mnt/nvme2n1/erikg/extcols-scratch/mergperf-frag-flat/finish/frag.sA
PHASE sweep END rc=0 wall=1:04.23 peak_rss_kb=6144 disc_used_bytes=13098931404800
PEAK_DISC_USED_BYTES 13098931404800 (scratch filesystem, after finish)
XSA_BUILD_DONE xsa chi-rspace: chi = 306164765 (N=1082130213, R=397723010) stream-agg=true buffers=4194304
/dev/nvme2n1     14T   12T  2.1T  86% /mnt/nvme2n1
MERGPERF_GATE3_DONE pass=8 fail=0
