[2026-09-29 14:05:14.247] [info] Current Configuration:
; PFP++

; Integers file to parse.
int32t="/home/erikg/worktrees/sxgc/pi-worktree-de16a986-97f3-45c4-a7ca-fe2df3a51aa3-s0-0/bit6/sxi_logs/parsed-space/yeast/parse.parse"

; Read -t as AGC: archive order, uppercase reversed contigs, 0x1e separators.
agc=false

; Sliding window size.
window-size=5

; Modulo used during parsing.
modulo=11

; Number of threads.
threads=1

; Temporary files directory.
tmp-dir="/mnt/nvme2n1/erikg/sxgc-parsed-space-de16a986-yeast"

; Also output compressed the dictionary.
compress-dictionary=false

; Use reference parse to avoid re-parsing.
use-vcf-acceleration=false

; Print out csv containing stats.
print-statistics=false

; Output count for each dictionary phrase.
output-occurrences=false

; Output sai array.
output-sai=false

; Output last array.
output-last=false

; Convert all non ACGT characters from a VCF or FASTA file to N.
acgt-only=false

; Verbose output.
verbose=false

; Version number.
version=false

[2026-09-29 14:05:14.247] [info] Parsing /home/erikg/worktrees/sxgc/pi-worktree-de16a986-97f3-45c4-a7ca-fe2df3a51aa3-s0-0/bit6/sxi_logs/parsed-space/yeast/parse.parse
[2026-09-29 14:05:16.063] [info] Main parser: Replacing hash values with ranks.
[2026-09-29 14:05:17.870] [info] Main parser: writing dictionary on disk NOT COMPRESSED
[2026-09-29 14:05:18.246] [info] No properties requested.
[2026-09-29 14:05:18.246] [info] Main parser: closed
[2026-09-29 14:05:18.375] [info] Parser Integers -	Parse size: 3100470	Dic Size: 1322470 Dic Total Length: 97907988
[Disk Write (bytes): 140403512]
