[2026-09-27 15:44:40.273] [info] Current Configuration:
; PFP++

; Text file to parse.
text="/tmp/sxi-repair-o4aGmN/final-gates/xsa-build-bich7df9/collection.txt"

; Output prefix.
out-prefix="/tmp/sxi-repair-o4aGmN/final-gates/xsa-build-mzl9e8mo/parse"

; Sliding window size.
window-size=10

; Modulo used during parsing.
modulo=100

; Number of threads.
threads=2

; Temporary files directory.
tmp-dir="/tmp/sxi-repair-o4aGmN/final-gates/xsa-build-mzl9e8mo"

; Also output compressed the dictionary.
compress-dictionary=false

; Use reference parse to avoid re-parsing.
use-vcf-acceleration=false

; Print out csv containing stats.
print-statistics=false

; Output count for each dictionary phrase.
output-occurrences=false

; Output sai array.
output-sai=false

; Output last array.
output-last=false

; Convert all non ACGT characters from a VCF or FASTA file to N.
acgt-only=false

; Verbose output.
verbose=false

; Version number.
version=false

[2026-09-27 15:44:40.273] [info] Parsing /tmp/sxi-repair-o4aGmN/final-gates/xsa-build-bich7df9/collection.txt
[2026-09-27 15:44:40.274] [info] Main parser: Replacing hash values with ranks.
[2026-09-27 15:44:40.274] [info] Main parser: writing dictionary on disk NOT COMPRESSED
[2026-09-27 15:44:40.274] [info] No properties requested.
[2026-09-27 15:44:40.274] [info] Main parser: closed
[2026-09-27 15:44:40.274] [info] Parser Text -	Parse size: 195	Dic Size: 195 Dic Total Length: 21952
[Disk Write (bytes): 24488]
