[2026-09-27 15:44:39.919] [info] Using 8 bytes for computing SA of the dictionary
[2026-09-27 15:44:39.919] [info] Using 2 bytes for storing SA of the dictionary
[2026-09-27 15:44:39.919] [info] Elapsed time (s): 0.00022655
[2026-09-27 15:44:39.919] [info] Using 1 bytes for DA of the dictionary
[2026-09-27 15:44:39.919] [info] Elapsed time (s): 2.28e-05
[2026-09-27 15:44:39.919] [info] Using 2 bytes for ISA of the dictionary
[2026-09-27 15:44:39.919] [info] Elapsed time (s): 1.831e-05
[2026-09-27 15:44:39.919] [info] Using 2 bytes for LCP of the dictionary
[2026-09-27 15:44:39.919] [info] Elapsed time (s): 4.348e-05
[2026-09-27 15:44:39.919] [info] Using 1 bytes for colex id and inverse colex id array of the dictionary
[2026-09-27 15:44:39.919] [info] Elapsed time (s): 1.346e-05
[2026-09-27 15:44:39.919] [info] Using 8 bytes for computing SA of the dictionary
[2026-09-27 15:44:39.919] [info] Using 1 bytes for storing SA of the dictionary
[2026-09-27 15:44:39.919] [info] Elapsed time (s): 7.76e-06
[2026-09-27 15:44:39.919] [info] Using 1 bytes for DA of the dictionary
[2026-09-27 15:44:39.919] [info] Elapsed time (s): 2.08e-06
[2026-09-27 15:44:39.919] [info] Using 1 bytes for ISA of the dictionary
[2026-09-27 15:44:39.919] [info] Elapsed time (s): 1.87e-06
[2026-09-27 15:44:39.919] [info] Using 1 bytes for LCP of the dictionary
[2026-09-27 15:44:39.919] [info] Elapsed time (s): 2.29e-06
[2026-09-27 15:44:39.919] [info] Computing RMQ over LCP of dictionary
[2026-09-27 15:44:39.919] [info] Elapsed time (s): 5.62e-06
[2026-09-27 15:44:39.919] [info] Using 1 bytes for colex DA of the dictionary
[2026-09-27 15:44:39.919] [info] Using 1 bytes for colex id and inverse colex id array of the dictionary
[2026-09-27 15:44:39.919] [info] Elapsed time (s): 1.067e-05
[2026-09-27 15:44:39.919] [info] Using 8 bytes for computing SA of the parsing
[2026-09-27 15:44:39.919] [info] Using 1 bytes for storing SA of the parsing
[2026-09-27 15:44:39.919] [info] Elapsed time (s): 5.15e-06
[2026-09-27 15:44:39.919] [info] Computing b_p
[2026-09-27 15:44:39.919] [info] Computing b_bwt and M of the parsing
[2026-09-27 15:44:39.919] [info] Computing inverted list of BWT(P)
[2026-09-27 15:44:39.919] [info] Using 1 bytes for storing the inverted list of the BWT of the parse
[2026-09-27 15:44:39.919] [info] Precomputing d lengths
[2026-09-27 15:44:39.919] [info] Precomputing d lengths
[2026-09-27 15:44:39.919] [info] Creating v table
[2026-09-27 15:44:39.919] [info] Creating E arrays
[2026-09-27 15:44:39.919] [info] Computing chunks for parallel execution. Total input size: 2013. Requested chunks: 1
[2026-09-27 15:44:39.919] [info] BWT ranges divided in 1 chunks.
[2026-09-27 15:44:39.920] [info] Chunk 1/1 completed
[2026-09-27 15:44:39.920] [info] Completed rle string merge
[2026-09-27 15:44:39.922] [info] Processed: 0 Skipped: 0
[2026-09-27 15:44:39.922] [info] Chunk 1/1 completed
[2026-09-27 15:44:39.922] [info] Writing out sa values at run heads
[2026-09-27 15:44:39.922] [info] Done
