[2026-09-27 15:44:40.283] [info] Using 8 bytes for computing SA of the dictionary
[2026-09-27 15:44:40.285] [info] Using 2 bytes for storing SA of the dictionary
[2026-09-27 15:44:40.285] [info] Elapsed time (s): 0.001658843
[2026-09-27 15:44:40.285] [info] Using 1 bytes for DA of the dictionary
[2026-09-27 15:44:40.285] [info] Elapsed time (s): 0.00019877
[2026-09-27 15:44:40.285] [info] Using 2 bytes for ISA of the dictionary
[2026-09-27 15:44:40.285] [info] Elapsed time (s): 0.00018261
[2026-09-27 15:44:40.285] [info] Using 2 bytes for LCP of the dictionary
[2026-09-27 15:44:40.286] [info] Elapsed time (s): 0.000459981
[2026-09-27 15:44:40.286] [info] Using 1 bytes for colex id and inverse colex id array of the dictionary
[2026-09-27 15:44:40.286] [info] Elapsed time (s): 0.00013751
[2026-09-27 15:44:40.286] [info] Using 8 bytes for computing SA of the dictionary
[2026-09-27 15:44:40.286] [info] Using 2 bytes for storing SA of the dictionary
[2026-09-27 15:44:40.286] [info] Elapsed time (s): 3.078e-05
[2026-09-27 15:44:40.286] [info] Using 1 bytes for DA of the dictionary
[2026-09-27 15:44:40.286] [info] Elapsed time (s): 4.64e-06
[2026-09-27 15:44:40.286] [info] Using 2 bytes for ISA of the dictionary
[2026-09-27 15:44:40.286] [info] Elapsed time (s): 4.02e-06
[2026-09-27 15:44:40.286] [info] Using 1 bytes for LCP of the dictionary
[2026-09-27 15:44:40.286] [info] Elapsed time (s): 5.18e-06
[2026-09-27 15:44:40.286] [info] Computing RMQ over LCP of dictionary
[2026-09-27 15:44:40.286] [info] Elapsed time (s): 1.247e-05
[2026-09-27 15:44:40.286] [info] Using 1 bytes for colex DA of the dictionary
[2026-09-27 15:44:40.286] [info] Using 1 bytes for colex id and inverse colex id array of the dictionary
[2026-09-27 15:44:40.286] [info] Elapsed time (s): 3.952e-05
[2026-09-27 15:44:40.286] [info] Using 8 bytes for computing SA of the parsing
[2026-09-27 15:44:40.286] [info] Using 1 bytes for storing SA of the parsing
[2026-09-27 15:44:40.286] [info] Elapsed time (s): 6.25e-06
[2026-09-27 15:44:40.286] [info] Computing b_p
[2026-09-27 15:44:40.286] [info] Computing b_bwt and M of the parsing
[2026-09-27 15:44:40.286] [info] Computing inverted list of BWT(P)
[2026-09-27 15:44:40.286] [info] Using 1 bytes for storing the inverted list of the BWT of the parse
[2026-09-27 15:44:40.286] [info] Precomputing d lengths
[2026-09-27 15:44:40.286] [info] Precomputing d lengths
[2026-09-27 15:44:40.286] [info] Creating v table
[2026-09-27 15:44:40.286] [info] Creating E arrays
[2026-09-27 15:44:40.286] [info] Computing chunks for parallel execution. Total input size: 20011. Requested chunks: 1
[2026-09-27 15:44:40.292] [info] BWT ranges divided in 1 chunks.
[2026-09-27 15:44:40.299] [info] Chunk 1/1 completed
[2026-09-27 15:44:40.300] [info] Completed rle string merge
[2026-09-27 15:44:40.316] [info] Processed: 5 Skipped: 0
[2026-09-27 15:44:40.317] [info] Chunk 1/1 completed
[2026-09-27 15:44:40.317] [info] Writing out sa values at run heads
[2026-09-27 15:44:40.317] [info] Done
