[2026-09-27 17:22:25.744] [info] Using 8 bytes for computing SA of the dictionary
[2026-09-27 17:22:25.745] [info] Using 2 bytes for storing SA of the dictionary
[2026-09-27 17:22:25.745] [info] Elapsed time (s): 0.00046323
[2026-09-27 17:22:25.745] [info] Using 1 bytes for DA of the dictionary
[2026-09-27 17:22:25.745] [info] Elapsed time (s): 6.352e-05
[2026-09-27 17:22:25.745] [info] Using 2 bytes for ISA of the dictionary
[2026-09-27 17:22:25.745] [info] Elapsed time (s): 3.957e-05
[2026-09-27 17:22:25.745] [info] Using 2 bytes for LCP of the dictionary
[2026-09-27 17:22:25.745] [info] Elapsed time (s): 8.6911e-05
[2026-09-27 17:22:25.745] [info] Using 1 bytes for colex id and inverse colex id array of the dictionary
[2026-09-27 17:22:25.745] [info] Elapsed time (s): 3.092e-05
[2026-09-27 17:22:25.745] [info] Using 8 bytes for computing SA of the dictionary
[2026-09-27 17:22:25.745] [info] Using 1 bytes for storing SA of the dictionary
[2026-09-27 17:22:25.745] [info] Elapsed time (s): 1.641e-05
[2026-09-27 17:22:25.745] [info] Using 1 bytes for DA of the dictionary
[2026-09-27 17:22:25.745] [info] Elapsed time (s): 4.01e-06
[2026-09-27 17:22:25.745] [info] Using 1 bytes for ISA of the dictionary
[2026-09-27 17:22:25.745] [info] Elapsed time (s): 3.15e-06
[2026-09-27 17:22:25.745] [info] Using 1 bytes for LCP of the dictionary
[2026-09-27 17:22:25.745] [info] Elapsed time (s): 3.66e-06
[2026-09-27 17:22:25.745] [info] Computing RMQ over LCP of dictionary
[2026-09-27 17:22:25.745] [info] Elapsed time (s): 1.049e-05
[2026-09-27 17:22:25.745] [info] Using 1 bytes for colex DA of the dictionary
[2026-09-27 17:22:25.745] [info] Using 1 bytes for colex id and inverse colex id array of the dictionary
[2026-09-27 17:22:25.745] [info] Elapsed time (s): 1.866e-05
[2026-09-27 17:22:25.745] [info] Using 8 bytes for computing SA of the parsing
[2026-09-27 17:22:25.745] [info] Using 1 bytes for storing SA of the parsing
[2026-09-27 17:22:25.745] [info] Elapsed time (s): 7.89e-06
[2026-09-27 17:22:25.745] [info] Computing b_p
[2026-09-27 17:22:25.745] [info] Computing b_bwt and M of the parsing
[2026-09-27 17:22:25.745] [info] Computing inverted list of BWT(P)
[2026-09-27 17:22:25.745] [info] Using 1 bytes for storing the inverted list of the BWT of the parse
[2026-09-27 17:22:25.745] [info] Precomputing d lengths
[2026-09-27 17:22:25.745] [info] Precomputing d lengths
[2026-09-27 17:22:25.745] [info] Creating v table
[2026-09-27 17:22:25.745] [info] Creating E arrays
[2026-09-27 17:22:25.745] [info] Computing chunks for parallel execution. Total input size: 2413. Requested chunks: 1
[2026-09-27 17:22:25.746] [info] BWT ranges divided in 1 chunks.
[2026-09-27 17:22:25.747] [info] Chunk 1/1 completed
[2026-09-27 17:22:25.748] [info] Completed rle string merge
[2026-09-27 17:22:25.751] [info] Processed: 0 Skipped: 0
[2026-09-27 17:22:25.751] [info] Chunk 1/1 completed
[2026-09-27 17:22:25.751] [info] Writing out sa values at run heads
[2026-09-27 17:22:25.751] [info] Done
