[2026-09-27 17:12:25.379] [info] Using 8 bytes for computing SA of the dictionary
[2026-09-27 17:12:25.380] [info] Using 2 bytes for storing SA of the dictionary
[2026-09-27 17:12:25.380] [info] Elapsed time (s): 0.000280201
[2026-09-27 17:12:25.380] [info] Using 1 bytes for DA of the dictionary
[2026-09-27 17:12:25.380] [info] Elapsed time (s): 2.726e-05
[2026-09-27 17:12:25.380] [info] Using 2 bytes for ISA of the dictionary
[2026-09-27 17:12:25.380] [info] Elapsed time (s): 2.216e-05
[2026-09-27 17:12:25.380] [info] Using 2 bytes for LCP of the dictionary
[2026-09-27 17:12:25.380] [info] Elapsed time (s): 5.264e-05
[2026-09-27 17:12:25.380] [info] Using 1 bytes for colex id and inverse colex id array of the dictionary
[2026-09-27 17:12:25.380] [info] Elapsed time (s): 1.797e-05
[2026-09-27 17:12:25.380] [info] Using 8 bytes for computing SA of the dictionary
[2026-09-27 17:12:25.380] [info] Using 1 bytes for storing SA of the dictionary
[2026-09-27 17:12:25.380] [info] Elapsed time (s): 1.012e-05
[2026-09-27 17:12:25.380] [info] Using 1 bytes for DA of the dictionary
[2026-09-27 17:12:25.380] [info] Elapsed time (s): 2.14e-06
[2026-09-27 17:12:25.380] [info] Using 1 bytes for ISA of the dictionary
[2026-09-27 17:12:25.380] [info] Elapsed time (s): 1.89e-06
[2026-09-27 17:12:25.380] [info] Using 1 bytes for LCP of the dictionary
[2026-09-27 17:12:25.380] [info] Elapsed time (s): 2.2e-06
[2026-09-27 17:12:25.380] [info] Computing RMQ over LCP of dictionary
[2026-09-27 17:12:25.380] [info] Elapsed time (s): 5.67e-06
[2026-09-27 17:12:25.380] [info] Using 1 bytes for colex DA of the dictionary
[2026-09-27 17:12:25.380] [info] Using 1 bytes for colex id and inverse colex id array of the dictionary
[2026-09-27 17:12:25.380] [info] Elapsed time (s): 1.048e-05
[2026-09-27 17:12:25.380] [info] Using 8 bytes for computing SA of the parsing
[2026-09-27 17:12:25.380] [info] Using 1 bytes for storing SA of the parsing
[2026-09-27 17:12:25.380] [info] Elapsed time (s): 4.89e-06
[2026-09-27 17:12:25.380] [info] Computing b_p
[2026-09-27 17:12:25.380] [info] Computing b_bwt and M of the parsing
[2026-09-27 17:12:25.380] [info] Computing inverted list of BWT(P)
[2026-09-27 17:12:25.380] [info] Using 1 bytes for storing the inverted list of the BWT of the parse
[2026-09-27 17:12:25.380] [info] Precomputing d lengths
[2026-09-27 17:12:25.380] [info] Precomputing d lengths
[2026-09-27 17:12:25.380] [info] Creating v table
[2026-09-27 17:12:25.380] [info] Creating E arrays
[2026-09-27 17:12:25.380] [info] Computing chunks for parallel execution. Total input size: 2413. Requested chunks: 1
[2026-09-27 17:12:25.380] [info] BWT ranges divided in 1 chunks.
[2026-09-27 17:12:25.382] [info] Chunk 1/1 completed
[2026-09-27 17:12:25.382] [info] Completed rle string merge
[2026-09-27 17:12:25.384] [info] Processed: 0 Skipped: 0
[2026-09-27 17:12:25.384] [info] Chunk 1/1 completed
[2026-09-27 17:12:25.384] [info] Writing out sa values at run heads
[2026-09-27 17:12:25.384] [info] Done
