[2026-09-27 17:19:09.167] [info] Using 8 bytes for computing SA of the dictionary
[2026-09-27 17:19:09.168] [info] Using 2 bytes for storing SA of the dictionary
[2026-09-27 17:19:09.168] [info] Elapsed time (s): 0.000314901
[2026-09-27 17:19:09.168] [info] Using 1 bytes for DA of the dictionary
[2026-09-27 17:19:09.168] [info] Elapsed time (s): 3.296e-05
[2026-09-27 17:19:09.168] [info] Using 2 bytes for ISA of the dictionary
[2026-09-27 17:19:09.168] [info] Elapsed time (s): 3.95e-05
[2026-09-27 17:19:09.168] [info] Using 2 bytes for LCP of the dictionary
[2026-09-27 17:19:09.168] [info] Elapsed time (s): 5.961e-05
[2026-09-27 17:19:09.168] [info] Using 1 bytes for colex id and inverse colex id array of the dictionary
[2026-09-27 17:19:09.168] [info] Elapsed time (s): 2.093e-05
[2026-09-27 17:19:09.168] [info] Using 8 bytes for computing SA of the dictionary
[2026-09-27 17:19:09.168] [info] Using 1 bytes for storing SA of the dictionary
[2026-09-27 17:19:09.168] [info] Elapsed time (s): 1.138e-05
[2026-09-27 17:19:09.168] [info] Using 1 bytes for DA of the dictionary
[2026-09-27 17:19:09.168] [info] Elapsed time (s): 2.41e-06
[2026-09-27 17:19:09.168] [info] Using 1 bytes for ISA of the dictionary
[2026-09-27 17:19:09.168] [info] Elapsed time (s): 2.16e-06
[2026-09-27 17:19:09.168] [info] Using 1 bytes for LCP of the dictionary
[2026-09-27 17:19:09.168] [info] Elapsed time (s): 2.52e-06
[2026-09-27 17:19:09.168] [info] Computing RMQ over LCP of dictionary
[2026-09-27 17:19:09.168] [info] Elapsed time (s): 6.79e-06
[2026-09-27 17:19:09.168] [info] Using 1 bytes for colex DA of the dictionary
[2026-09-27 17:19:09.168] [info] Using 1 bytes for colex id and inverse colex id array of the dictionary
[2026-09-27 17:19:09.168] [info] Elapsed time (s): 1.164e-05
[2026-09-27 17:19:09.168] [info] Using 8 bytes for computing SA of the parsing
[2026-09-27 17:19:09.168] [info] Using 1 bytes for storing SA of the parsing
[2026-09-27 17:19:09.168] [info] Elapsed time (s): 4.89e-06
[2026-09-27 17:19:09.168] [info] Computing b_p
[2026-09-27 17:19:09.168] [info] Computing b_bwt and M of the parsing
[2026-09-27 17:19:09.168] [info] Computing inverted list of BWT(P)
[2026-09-27 17:19:09.168] [info] Using 1 bytes for storing the inverted list of the BWT of the parse
[2026-09-27 17:19:09.168] [info] Precomputing d lengths
[2026-09-27 17:19:09.168] [info] Precomputing d lengths
[2026-09-27 17:19:09.168] [info] Creating v table
[2026-09-27 17:19:09.168] [info] Creating E arrays
[2026-09-27 17:19:09.168] [info] Computing chunks for parallel execution. Total input size: 2413. Requested chunks: 1
[2026-09-27 17:19:09.168] [info] BWT ranges divided in 1 chunks.
[2026-09-27 17:19:09.170] [info] Chunk 1/1 completed
[2026-09-27 17:19:09.170] [info] Completed rle string merge
[2026-09-27 17:19:09.172] [info] Processed: 0 Skipped: 0
[2026-09-27 17:19:09.172] [info] Chunk 1/1 completed
[2026-09-27 17:19:09.172] [info] Writing out sa values at run heads
[2026-09-27 17:19:09.172] [info] Done
