[2026-09-27 17:22:05.901] [info] Using 8 bytes for computing SA of the dictionary
[2026-09-27 17:22:05.901] [info] Using 2 bytes for storing SA of the dictionary
[2026-09-27 17:22:05.901] [info] Elapsed time (s): 0.000333831
[2026-09-27 17:22:05.901] [info] Using 1 bytes for DA of the dictionary
[2026-09-27 17:22:05.901] [info] Elapsed time (s): 3.21e-05
[2026-09-27 17:22:05.901] [info] Using 2 bytes for ISA of the dictionary
[2026-09-27 17:22:05.901] [info] Elapsed time (s): 2.799e-05
[2026-09-27 17:22:05.901] [info] Using 2 bytes for LCP of the dictionary
[2026-09-27 17:22:05.901] [info] Elapsed time (s): 6.668e-05
[2026-09-27 17:22:05.901] [info] Using 1 bytes for colex id and inverse colex id array of the dictionary
[2026-09-27 17:22:05.901] [info] Elapsed time (s): 2.222e-05
[2026-09-27 17:22:05.901] [info] Using 8 bytes for computing SA of the dictionary
[2026-09-27 17:22:05.901] [info] Using 1 bytes for storing SA of the dictionary
[2026-09-27 17:22:05.901] [info] Elapsed time (s): 1.295e-05
[2026-09-27 17:22:05.901] [info] Using 1 bytes for DA of the dictionary
[2026-09-27 17:22:05.901] [info] Elapsed time (s): 2.61e-06
[2026-09-27 17:22:05.901] [info] Using 1 bytes for ISA of the dictionary
[2026-09-27 17:22:05.901] [info] Elapsed time (s): 2.34e-06
[2026-09-27 17:22:05.901] [info] Using 1 bytes for LCP of the dictionary
[2026-09-27 17:22:05.901] [info] Elapsed time (s): 2.79e-06
[2026-09-27 17:22:05.901] [info] Computing RMQ over LCP of dictionary
[2026-09-27 17:22:05.901] [info] Elapsed time (s): 7.03e-06
[2026-09-27 17:22:05.901] [info] Using 1 bytes for colex DA of the dictionary
[2026-09-27 17:22:05.901] [info] Using 1 bytes for colex id and inverse colex id array of the dictionary
[2026-09-27 17:22:05.901] [info] Elapsed time (s): 1.304e-05
[2026-09-27 17:22:05.901] [info] Using 8 bytes for computing SA of the parsing
[2026-09-27 17:22:05.901] [info] Using 1 bytes for storing SA of the parsing
[2026-09-27 17:22:05.901] [info] Elapsed time (s): 5.59e-06
[2026-09-27 17:22:05.901] [info] Computing b_p
[2026-09-27 17:22:05.901] [info] Computing b_bwt and M of the parsing
[2026-09-27 17:22:05.901] [info] Computing inverted list of BWT(P)
[2026-09-27 17:22:05.901] [info] Using 1 bytes for storing the inverted list of the BWT of the parse
[2026-09-27 17:22:05.901] [info] Precomputing d lengths
[2026-09-27 17:22:05.901] [info] Precomputing d lengths
[2026-09-27 17:22:05.901] [info] Creating v table
[2026-09-27 17:22:05.901] [info] Creating E arrays
[2026-09-27 17:22:05.901] [info] Computing chunks for parallel execution. Total input size: 2413. Requested chunks: 1
[2026-09-27 17:22:05.902] [info] BWT ranges divided in 1 chunks.
[2026-09-27 17:22:05.904] [info] Chunk 1/1 completed
[2026-09-27 17:22:05.904] [info] Completed rle string merge
[2026-09-27 17:22:05.906] [info] Processed: 0 Skipped: 0
[2026-09-27 17:22:05.907] [info] Chunk 1/1 completed
[2026-09-27 17:22:05.907] [info] Writing out sa values at run heads
[2026-09-27 17:22:05.907] [info] Done
