[2026-09-27 17:19:09.161] [info] Current Configuration:
; PFP++

; Integers file to parse.
int32t="/tmp/sxi-audit-negative-_da8sndn/xsa-build-jf_e83p5/parse.parse"

; Sliding window size.
window-size=5

; Modulo used during parsing.
modulo=11

; Number of threads.
threads=8

; Temporary files directory.
tmp-dir="/tmp/sxi-audit-negative-_da8sndn/xsa-build-jf_e83p5"

; Also output compressed the dictionary.
compress-dictionary=false

; Use reference parse to avoid re-parsing.
use-vcf-acceleration=false

; Print out csv containing stats.
print-statistics=false

; Output count for each dictionary phrase.
output-occurrences=false

; Output sai array.
output-sai=false

; Output last array.
output-last=false

; Convert all non ACGT characters from a VCF or FASTA file to N.
acgt-only=false

; Verbose output.
verbose=false

; Version number.
version=false

[2026-09-27 17:19:09.162] [info] Parsing /tmp/sxi-audit-negative-_da8sndn/xsa-build-jf_e83p5/parse.parse
[2026-09-27 17:19:09.162] [info] Main parser: Replacing hash values with ranks.
[2026-09-27 17:19:09.162] [info] Main parser: writing dictionary on disk NOT COMPRESSED
[2026-09-27 17:19:09.162] [info] No properties requested.
[2026-09-27 17:19:09.162] [info] Main parser: closed
[2026-09-27 17:19:09.162] [info] Parser Integers -	Parse size: 2	Dic Size: 2 Dic Total Length: 168
[Disk Write (bytes): 204]
