ri4: n=2403 k=1 R=1766
SLIM_PHASE ri4-load wall=0.000 cumulative=0.000 peak_rss_kib=2048
SLIM_HEAD_SA bytes=14128 rows=1766 mmap=1
SLIM_PHASE dict-read wall=0.000 cumulative=0.000 peak_rss_kib=2048
SLIM_PHASE dict-boundaries wall=0.000 cumulative=0.000 peak_rss_kib=2048
SLIM_STRING_ENDS count=1 bytes=8 from_parse_dict=1 cyclic=1
SLIM_PHASE parse+boundaries wall=0.000 cumulative=0.000 peak_rss_kib=2048
SLIM_PHASE parse-fingerprints wall=0.000 cumulative=0.000 peak_rss_kib=2048
SLIM_PHASE dict-fingerprints wall=0.000 cumulative=0.000 peak_rss_kib=2048
SLIM_STRUCT n=2413 P=31 D=2755 phrases=31 parse_bytes=128 bd_bytes=262 bp_bytes=246 dict_resident=0 dict_cache_per_thread=262144 no_SA_ISA_LCP_RMQ=1 no_M_b_bwt_w_wt=1
SLIM_PHASE lce-build-total wall=0.000 cumulative=0.000 peak_rss_kib=2048
SLIM_PHASE lf-build wall=0.000 cumulative=0.000 peak_rss_kib=2048
SLIM_RI runs=8830 starts=14128 samples=2656 lf_capacity=22376
SLIM_PROGRESS runs=1766/1766 resolve_wall=0.001 lce_wall=0.002 write_wall=0.000 lf_steps=0 cache_hits=0
SLIM_PHASE query-chunks wall=0.004 cumulative=0.005 peak_rss_kib=4096
SLIM_PHASE queries+stream-write-final wall=0.000 cumulative=0.005 peak_rss_kib=4096
SLIM_FP parse tau=1 bytes=264 queries=0 verified_symbols=0 hash_probes=0 mean_verified=0.000000000 max_verified=0
SLIM_FP dict tau=13 bytes=1696 queries=2259 verified_symbols=13000 hash_probes=0 mean_verified=5.754758743 max_verified=11
SLIM_QUERY_PHASE resolve_wall=0.000613 resolve_peak_kib=4096 lce_wall=0.001826 lce_peak_kib=4096 write_wall=0.000081 write_peak_kib=4096
SLIM_SEEDS queries=2259 mean_verified_phrases=0.000000000 max_verified_phrases=0 (includes_zero_parse_work_seeds; boundary_included)
SLIM_RESOLVE walks=0 steps=0 max=0 anchor=0 failed=0 cache_hits=0
SLIM_BOUNDARY_RESOLVE head_direct=1766 tail_direct=2258 head_lf_steps=0
