[2026-09-27 17:11:26.830] [info] Using 8 bytes for computing SA of the dictionary
[2026-09-27 17:11:26.830] [info] Using 2 bytes for storing SA of the dictionary
[2026-09-27 17:11:26.830] [info] Elapsed time (s): 0.000296701
[2026-09-27 17:11:26.830] [info] Using 1 bytes for DA of the dictionary
[2026-09-27 17:11:26.830] [info] Elapsed time (s): 2.992e-05
[2026-09-27 17:11:26.830] [info] Using 2 bytes for ISA of the dictionary
[2026-09-27 17:11:26.830] [info] Elapsed time (s): 2.454e-05
[2026-09-27 17:11:26.830] [info] Using 2 bytes for LCP of the dictionary
[2026-09-27 17:11:26.830] [info] Elapsed time (s): 5.847e-05
[2026-09-27 17:11:26.830] [info] Using 1 bytes for colex id and inverse colex id array of the dictionary
[2026-09-27 17:11:26.830] [info] Elapsed time (s): 1.948e-05
[2026-09-27 17:11:26.830] [info] Using 8 bytes for computing SA of the dictionary
[2026-09-27 17:11:26.830] [info] Using 1 bytes for storing SA of the dictionary
[2026-09-27 17:11:26.830] [info] Elapsed time (s): 1.107e-05
[2026-09-27 17:11:26.830] [info] Using 1 bytes for DA of the dictionary
[2026-09-27 17:11:26.830] [info] Elapsed time (s): 2.34e-06
[2026-09-27 17:11:26.830] [info] Using 1 bytes for ISA of the dictionary
[2026-09-27 17:11:26.830] [info] Elapsed time (s): 2.23e-06
[2026-09-27 17:11:26.830] [info] Using 1 bytes for LCP of the dictionary
[2026-09-27 17:11:26.830] [info] Elapsed time (s): 2.44e-06
[2026-09-27 17:11:26.830] [info] Computing RMQ over LCP of dictionary
[2026-09-27 17:11:26.830] [info] Elapsed time (s): 9e-06
[2026-09-27 17:11:26.830] [info] Using 1 bytes for colex DA of the dictionary
[2026-09-27 17:11:26.830] [info] Using 1 bytes for colex id and inverse colex id array of the dictionary
[2026-09-27 17:11:26.830] [info] Elapsed time (s): 1.169e-05
[2026-09-27 17:11:26.830] [info] Using 8 bytes for computing SA of the parsing
[2026-09-27 17:11:26.830] [info] Using 1 bytes for storing SA of the parsing
[2026-09-27 17:11:26.830] [info] Elapsed time (s): 4.96e-06
[2026-09-27 17:11:26.830] [info] Computing b_p
[2026-09-27 17:11:26.830] [info] Computing b_bwt and M of the parsing
[2026-09-27 17:11:26.830] [info] Computing inverted list of BWT(P)
[2026-09-27 17:11:26.830] [info] Using 1 bytes for storing the inverted list of the BWT of the parse
[2026-09-27 17:11:26.830] [info] Precomputing d lengths
[2026-09-27 17:11:26.830] [info] Precomputing d lengths
[2026-09-27 17:11:26.830] [info] Creating v table
[2026-09-27 17:11:26.830] [info] Creating E arrays
[2026-09-27 17:11:26.830] [info] Computing chunks for parallel execution. Total input size: 2413. Requested chunks: 1
[2026-09-27 17:11:26.831] [info] BWT ranges divided in 1 chunks.
[2026-09-27 17:11:26.831] [info] Chunk 1/1 completed
[2026-09-27 17:11:26.832] [info] Completed rle string merge
[2026-09-27 17:11:26.834] [info] Processed: 0 Skipped: 0
[2026-09-27 17:11:26.834] [info] Chunk 1/1 completed
[2026-09-27 17:11:26.834] [info] Writing out sa values at run heads
[2026-09-27 17:11:26.834] [info] Done
