[2026-09-27 17:10:50.164] [info] Current Configuration:
; PFP++

; Integers file to parse.
int32t="/tmp/sxi-failure-test-0ve8rjc4/xsa-build-fp1hif0t/parse.parse"

; Sliding window size.
window-size=5

; Modulo used during parsing.
modulo=11

; Number of threads.
threads=8

; Temporary files directory.
tmp-dir="/tmp/sxi-failure-test-0ve8rjc4/xsa-build-fp1hif0t"

; Also output compressed the dictionary.
compress-dictionary=false

; Use reference parse to avoid re-parsing.
use-vcf-acceleration=false

; Print out csv containing stats.
print-statistics=false

; Output count for each dictionary phrase.
output-occurrences=false

; Output sai array.
output-sai=false

; Output last array.
output-last=false

; Convert all non ACGT characters from a VCF or FASTA file to N.
acgt-only=false

; Verbose output.
verbose=false

; Version number.
version=false

[2026-09-27 17:10:50.164] [info] Parsing /tmp/sxi-failure-test-0ve8rjc4/xsa-build-fp1hif0t/parse.parse
[2026-09-27 17:10:50.165] [info] Main parser: Replacing hash values with ranks.
[2026-09-27 17:10:50.165] [info] Main parser: writing dictionary on disk NOT COMPRESSED
[2026-09-27 17:10:50.165] [info] No properties requested.
[2026-09-27 17:10:50.165] [info] Main parser: closed
[2026-09-27 17:10:50.165] [info] Parser Integers -	Parse size: 9	Dic Size: 7 Dic Total Length: 260
[Disk Write (bytes): 400]
