[2026-09-27 17:10:50.084] [info] Using 8 bytes for computing SA of the dictionary
[2026-09-27 17:10:50.085] [info] Using 2 bytes for storing SA of the dictionary
[2026-09-27 17:10:50.085] [info] Elapsed time (s): 0.00027138
[2026-09-27 17:10:50.085] [info] Using 1 bytes for DA of the dictionary
[2026-09-27 17:10:50.085] [info] Elapsed time (s): 2.637e-05
[2026-09-27 17:10:50.085] [info] Using 2 bytes for ISA of the dictionary
[2026-09-27 17:10:50.085] [info] Elapsed time (s): 2.152e-05
[2026-09-27 17:10:50.085] [info] Using 2 bytes for LCP of the dictionary
[2026-09-27 17:10:50.085] [info] Elapsed time (s): 4.694e-05
[2026-09-27 17:10:50.085] [info] Using 1 bytes for colex id and inverse colex id array of the dictionary
[2026-09-27 17:10:50.085] [info] Elapsed time (s): 1.495e-05
[2026-09-27 17:10:50.085] [info] Using 8 bytes for computing SA of the dictionary
[2026-09-27 17:10:50.085] [info] Using 1 bytes for storing SA of the dictionary
[2026-09-27 17:10:50.085] [info] Elapsed time (s): 1.102e-05
[2026-09-27 17:10:50.085] [info] Using 1 bytes for DA of the dictionary
[2026-09-27 17:10:50.085] [info] Elapsed time (s): 2.27e-06
[2026-09-27 17:10:50.085] [info] Using 1 bytes for ISA of the dictionary
[2026-09-27 17:10:50.085] [info] Elapsed time (s): 2.02e-06
[2026-09-27 17:10:50.085] [info] Using 1 bytes for LCP of the dictionary
[2026-09-27 17:10:50.085] [info] Elapsed time (s): 2.45e-06
[2026-09-27 17:10:50.085] [info] Computing RMQ over LCP of dictionary
[2026-09-27 17:10:50.085] [info] Elapsed time (s): 8.49e-06
[2026-09-27 17:10:50.085] [info] Using 1 bytes for colex DA of the dictionary
[2026-09-27 17:10:50.085] [info] Using 1 bytes for colex id and inverse colex id array of the dictionary
[2026-09-27 17:10:50.085] [info] Elapsed time (s): 1.163e-05
[2026-09-27 17:10:50.085] [info] Using 8 bytes for computing SA of the parsing
[2026-09-27 17:10:50.085] [info] Using 1 bytes for storing SA of the parsing
[2026-09-27 17:10:50.085] [info] Elapsed time (s): 5.21e-06
[2026-09-27 17:10:50.085] [info] Computing b_p
[2026-09-27 17:10:50.085] [info] Computing b_bwt and M of the parsing
[2026-09-27 17:10:50.085] [info] Computing inverted list of BWT(P)
[2026-09-27 17:10:50.085] [info] Using 1 bytes for storing the inverted list of the BWT of the parse
[2026-09-27 17:10:50.085] [info] Precomputing d lengths
[2026-09-27 17:10:50.085] [info] Precomputing d lengths
[2026-09-27 17:10:50.085] [info] Creating v table
[2026-09-27 17:10:50.085] [info] Creating E arrays
[2026-09-27 17:10:50.085] [info] Computing chunks for parallel execution. Total input size: 2011. Requested chunks: 1
[2026-09-27 17:10:50.085] [info] BWT ranges divided in 1 chunks.
[2026-09-27 17:10:50.086] [info] Chunk 1/1 completed
[2026-09-27 17:10:50.087] [info] Completed rle string merge
[2026-09-27 17:10:50.088] [info] Processed: 0 Skipped: 0
[2026-09-27 17:10:50.088] [info] Chunk 1/1 completed
[2026-09-27 17:10:50.088] [info] Writing out sa values at run heads
[2026-09-27 17:10:50.088] [info] Done
