[2026-09-27 17:10:50.168] [info] Using 8 bytes for computing SA of the dictionary
[2026-09-27 17:10:50.168] [info] Using 2 bytes for storing SA of the dictionary
[2026-09-27 17:10:50.168] [info] Elapsed time (s): 0.000277141
[2026-09-27 17:10:50.168] [info] Using 1 bytes for DA of the dictionary
[2026-09-27 17:10:50.168] [info] Elapsed time (s): 2.479e-05
[2026-09-27 17:10:50.168] [info] Using 2 bytes for ISA of the dictionary
[2026-09-27 17:10:50.168] [info] Elapsed time (s): 2.145e-05
[2026-09-27 17:10:50.168] [info] Using 2 bytes for LCP of the dictionary
[2026-09-27 17:10:50.168] [info] Elapsed time (s): 4.717e-05
[2026-09-27 17:10:50.168] [info] Using 1 bytes for colex id and inverse colex id array of the dictionary
[2026-09-27 17:10:50.168] [info] Elapsed time (s): 1.54e-05
[2026-09-27 17:10:50.169] [info] Using 8 bytes for computing SA of the dictionary
[2026-09-27 17:10:50.169] [info] Using 1 bytes for storing SA of the dictionary
[2026-09-27 17:10:50.169] [info] Elapsed time (s): 1.25e-05
[2026-09-27 17:10:50.169] [info] Using 1 bytes for DA of the dictionary
[2026-09-27 17:10:50.169] [info] Elapsed time (s): 2.4e-06
[2026-09-27 17:10:50.169] [info] Using 1 bytes for ISA of the dictionary
[2026-09-27 17:10:50.169] [info] Elapsed time (s): 2.08e-06
[2026-09-27 17:10:50.169] [info] Using 1 bytes for LCP of the dictionary
[2026-09-27 17:10:50.169] [info] Elapsed time (s): 2.8e-06
[2026-09-27 17:10:50.169] [info] Computing RMQ over LCP of dictionary
[2026-09-27 17:10:50.169] [info] Elapsed time (s): 6.86e-06
[2026-09-27 17:10:50.169] [info] Using 1 bytes for colex DA of the dictionary
[2026-09-27 17:10:50.169] [info] Using 1 bytes for colex id and inverse colex id array of the dictionary
[2026-09-27 17:10:50.169] [info] Elapsed time (s): 1.619e-05
[2026-09-27 17:10:50.169] [info] Using 8 bytes for computing SA of the parsing
[2026-09-27 17:10:50.169] [info] Using 1 bytes for storing SA of the parsing
[2026-09-27 17:10:50.169] [info] Elapsed time (s): 5.8e-06
[2026-09-27 17:10:50.169] [info] Computing b_p
[2026-09-27 17:10:50.169] [info] Computing b_bwt and M of the parsing
[2026-09-27 17:10:50.169] [info] Computing inverted list of BWT(P)
[2026-09-27 17:10:50.169] [info] Using 1 bytes for storing the inverted list of the BWT of the parse
[2026-09-27 17:10:50.169] [info] Precomputing d lengths
[2026-09-27 17:10:50.169] [info] Precomputing d lengths
[2026-09-27 17:10:50.169] [info] Creating v table
[2026-09-27 17:10:50.169] [info] Creating E arrays
[2026-09-27 17:10:50.169] [info] Computing chunks for parallel execution. Total input size: 4012. Requested chunks: 1
[2026-09-27 17:10:50.169] [info] BWT ranges divided in 1 chunks.
[2026-09-27 17:10:50.170] [info] Chunk 1/1 completed
[2026-09-27 17:10:50.170] [info] Completed rle string merge
[2026-09-27 17:10:50.172] [info] Processed: 1765 Skipped: 126
[2026-09-27 17:10:50.172] [info] Chunk 1/1 completed
[2026-09-27 17:10:50.172] [info] Writing out sa values at run heads
[2026-09-27 17:10:50.172] [info] Done
