EXTERNAL_SA_BLOCK begin=0 end=67108731 runs=1 disk_bytes=402652386
EXTERNAL_SA_BLOCK begin=67108731 end=134217593 runs=2 disk_bytes=805305558
EXTERNAL_SA_BLOCK begin=134217593 end=201326428 runs=3 disk_bytes=1207958568
EXTERNAL_SA_BLOCK begin=201326428 end=268432874 runs=4 disk_bytes=1610597244
EXTERNAL_SA_BLOCK begin=268432874 end=335541306 runs=5 disk_bytes=2013247836
EXTERNAL_SA_BLOCK begin=335541306 end=402650146 runs=6 disk_bytes=2415900876
EXTERNAL_SA_BLOCK begin=402650146 end=469758999 runs=7 disk_bytes=2818553994
EXTERNAL_SA_BLOCK begin=469758999 end=513394308 runs=8 disk_bytes=3080365848
EXTERNAL_SA_READY D=513394309 runs=9 sa_lcp_disk_bytes=3080365854 run_buffer_bytes=8388582
EXTERNAL_DICTIONARY phrases=3159359 boundaries_bytes=33554432 no_dense_D_arrays=1
[2026-09-29 14:40:08.835] [info] MEMORY_L1 released ISA; DA derived from phrase-boundary rank
[2026-09-29 14:40:09.071] [info] MEMORY_SA workspace_bytes=4 entries=25700552
[2026-09-29 14:40:13.836] [info] Using 4 bytes for storing SA of the dictionary
[2026-09-29 14:40:13.836] [info] Elapsed time (s): 4.764612075
[2026-09-29 14:40:13.836] [info] Using 3 bytes for DA of the dictionary
[2026-09-29 14:40:14.126] [info] Elapsed time (s): 0.289490925
[2026-09-29 14:40:14.126] [info] Using 4 bytes for ISA of the dictionary
[2026-09-29 14:40:14.798] [info] Elapsed time (s): 0.672235651
[2026-09-29 14:40:14.798] [info] Using 2 bytes for LCP of the dictionary
[2026-09-29 14:40:16.151] [info] Elapsed time (s): 1.352977686
[2026-09-29 14:40:16.151] [info] Computing RMQ over LCP of dictionary
[2026-09-29 14:40:16.693] [info] Elapsed time (s): 0.542233325
[2026-09-29 14:40:16.693] [info] Using 3 bytes for colex DA of the dictionary
[2026-09-29 14:40:16.736] [info] Using 3 bytes for colex id and inverse colex id array of the dictionary
[2026-09-29 14:40:26.337] [info] Elapsed time (s): 9.644333677
[2026-09-29 14:40:26.354] [info] Using 8 bytes for computing SA of the parsing
[2026-09-29 14:40:26.941] [info] Using 3 bytes for storing SA of the parsing
[2026-09-29 14:40:26.950] [info] Elapsed time (s): 0.595672942
[2026-09-29 14:40:27.350] [info] Computing b_p
[2026-09-29 14:40:27.867] [info] Computing b_bwt and M of the parsing
[2026-09-29 14:40:33.142] [info] Computing inverted list of BWT(P)
[2026-09-29 14:40:33.211] [info] Using 3 bytes for storing the inverted list of the BWT of the parse
[2026-09-29 14:40:33.539] [info] Precomputing d lengths
[2026-09-29 14:40:36.298] [info] Precomputing d lengths
[2026-09-29 14:40:37.661] [info] Creating v table
[2026-09-29 14:40:44.434] [info] Creating E arrays
[2026-09-29 14:40:46.072] [info] Computing chunks for parallel execution. Total input size: 3336986769. Requested chunks: 1
EXTERNAL_SA_PROGRESS index=67108864 total=513394309
EXTERNAL_SA_PROGRESS index=134217728 total=513394309
EXTERNAL_SA_PROGRESS index=201326592 total=513394309
EXTERNAL_SA_PROGRESS index=268435456 total=513394309
EXTERNAL_SA_PROGRESS index=335544320 total=513394309
EXTERNAL_SA_PROGRESS index=402653184 total=513394309
EXTERNAL_SA_PROGRESS index=469762048 total=513394309
[2026-09-29 14:44:30.425] [info] BWT ranges divided in 1 chunks.
EXTERNAL_SA_PROGRESS index=67108864 total=513394309
EXTERNAL_SA_PROGRESS index=134217728 total=513394309
EXTERNAL_SA_PROGRESS index=201326592 total=513394309
EXTERNAL_SA_PROGRESS index=268435456 total=513394309
EXTERNAL_SA_PROGRESS index=335544320 total=513394309
EXTERNAL_SA_PROGRESS index=402653184 total=513394309
EXTERNAL_SA_PROGRESS index=469762048 total=513394309
[2026-09-29 14:50:22.457] [info] Chunk 1/1 completed
[2026-09-29 14:50:26.219] [info] Completed rle string merge
EXTERNAL_SA_PROGRESS index=67108864 total=513394309
EXTERNAL_SA_PROGRESS index=134217728 total=513394309
EXTERNAL_SA_PROGRESS index=201326592 total=513394309
EXTERNAL_SA_PROGRESS index=268435456 total=513394309
EXTERNAL_SA_PROGRESS index=335544320 total=513394309
EXTERNAL_SA_PROGRESS index=402653184 total=513394309
EXTERNAL_SA_PROGRESS index=469762048 total=513394309
[2026-09-29 15:10:10.968] [info] Processed: 1173231109 Skipped: 1846278287
[2026-09-29 15:10:10.969] [info] Chunk 1/1 completed
[2026-09-29 15:10:10.969] [info] Writing out sa values at run heads
[2026-09-29 15:10:13.085] [info] Done
