EXTERNAL_SA_BLOCK begin=0 end=32702 runs=1 disk_bytes=196212
EXTERNAL_SA_BLOCK begin=32702 end=65317 runs=2 disk_bytes=391902
EXTERNAL_SA_BLOCK begin=65317 end=98055 runs=3 disk_bytes=588330
EXTERNAL_SA_BLOCK begin=98055 end=130602 runs=4 disk_bytes=783612
EXTERNAL_SA_BLOCK begin=130602 end=163274 runs=5 disk_bytes=979644
EXTERNAL_SA_BLOCK begin=163274 end=195856 runs=6 disk_bytes=1175136
EXTERNAL_SA_BLOCK begin=195856 end=222043 runs=7 disk_bytes=1332258
EXTERNAL_SA_READY D=222044 runs=8 sa_lcp_disk_bytes=1332264 run_buffer_bytes=7340010
EXTERNAL_DICTIONARY phrases=2003 boundaries_bytes=16384 no_dense_D_arrays=1
[2026-09-29 14:38:35.014] [info] MEMORY_L1 released ISA; DA derived from phrase-boundary rank
[2026-09-29 14:38:35.014] [info] MEMORY_SA workspace_bytes=4 entries=2976
[2026-09-29 14:38:35.014] [info] Using 2 bytes for storing SA of the dictionary
[2026-09-29 14:38:35.014] [info] Elapsed time (s): 0.000256851
[2026-09-29 14:38:35.014] [info] Using 1 bytes for DA of the dictionary
[2026-09-29 14:38:35.014] [info] Elapsed time (s): 3.357e-05
[2026-09-29 14:38:35.014] [info] Using 2 bytes for ISA of the dictionary
[2026-09-29 14:38:35.014] [info] Elapsed time (s): 2.85e-05
[2026-09-29 14:38:35.014] [info] Using 1 bytes for LCP of the dictionary
[2026-09-29 14:38:35.014] [info] Elapsed time (s): 3.814e-05
[2026-09-29 14:38:35.014] [info] Computing RMQ over LCP of dictionary
[2026-09-29 14:38:35.014] [info] Elapsed time (s): 7.352e-05
[2026-09-29 14:38:35.014] [info] Using 1 bytes for colex DA of the dictionary
[2026-09-29 14:38:35.014] [info] Using 1 bytes for colex id and inverse colex id array of the dictionary
[2026-09-29 14:38:35.015] [info] Elapsed time (s): 0.000597411
[2026-09-29 14:38:35.015] [info] Using 8 bytes for computing SA of the parsing
[2026-09-29 14:38:35.015] [info] Using 1 bytes for storing SA of the parsing
[2026-09-29 14:38:35.015] [info] Elapsed time (s): 1.583e-05
[2026-09-29 14:38:35.015] [info] Computing b_p
[2026-09-29 14:38:35.015] [info] Computing b_bwt and M of the parsing
[2026-09-29 14:38:35.015] [info] Computing inverted list of BWT(P)
[2026-09-29 14:38:35.015] [info] Using 1 bytes for storing the inverted list of the BWT of the parse
[2026-09-29 14:38:35.015] [info] Precomputing d lengths
[2026-09-29 14:38:35.017] [info] Precomputing d lengths
[2026-09-29 14:38:35.017] [info] Creating v table
[2026-09-29 14:38:35.017] [info] Creating E arrays
[2026-09-29 14:38:35.017] [info] Computing chunks for parallel execution. Total input size: 200011. Requested chunks: 1
[2026-09-29 14:38:37.801] [info] BWT ranges divided in 1 chunks.
[2026-09-29 14:38:40.669] [info] Chunk 1/1 completed
[2026-09-29 14:38:40.675] [info] Completed rle string merge
[2026-09-29 14:38:43.507] [info] Processed: 231 Skipped: 1
[2026-09-29 14:38:43.507] [info] Chunk 1/1 completed
[2026-09-29 14:38:43.507] [info] Writing out sa values at run heads
[2026-09-29 14:38:43.510] [info] Done
