[2026-09-29 14:38:33.527] [info] Current Configuration:
; PFP++

; Text file to parse.
text="/home/erikg/worktrees/sxgc/pi-worktree-de16a986-97f3-45c4-a7ca-fe2df3a51aa3-s0-0/bit6/sxi_logs/parsed-space/fixtures/cyclic.txt"

; Read -t as AGC: archive order, uppercase reversed contigs, 0x1e separators.
agc=false

; Output prefix.
out-prefix="/home/erikg/worktrees/sxgc/pi-worktree-de16a986-97f3-45c4-a7ca-fe2df3a51aa3-s0-0/bit6/sxi_logs/parsed-space/cyclic-checked/parse"

; Sliding window size.
window-size=10

; Modulo used during parsing.
modulo=100

; Number of threads.
threads=1

; Temporary files directory.
tmp-dir="/home/erikg/worktrees/sxgc/pi-worktree-de16a986-97f3-45c4-a7ca-fe2df3a51aa3-s0-0/bit6/sxi_logs/parsed-space/cyclic-checked-scratch"

; Also output compressed the dictionary.
compress-dictionary=false

; Use reference parse to avoid re-parsing.
use-vcf-acceleration=false

; Print out csv containing stats.
print-statistics=false

; Output count for each dictionary phrase.
output-occurrences=false

; Output sai array.
output-sai=false

; Output last array.
output-last=false

; Convert all non ACGT characters from a VCF or FASTA file to N.
acgt-only=false

; Verbose output.
verbose=false

; Version number.
version=false

[2026-09-29 14:38:33.528] [info] Parsing /home/erikg/worktrees/sxgc/pi-worktree-de16a986-97f3-45c4-a7ca-fe2df3a51aa3-s0-0/bit6/sxi_logs/parsed-space/fixtures/cyclic.txt
[2026-09-29 14:38:33.539] [info] Main parser: Replacing hash values with ranks.
[2026-09-29 14:38:33.543] [info] EXTERNAL_PHRASES phrases=2003 phrase_disk_bytes=220031 metadata_disk_bytes=112168 bucket_bytes=131072 order_bytes=48072 shards=16
[2026-09-29 14:38:33.546] [info] Main parser: writing dictionary on disk NOT COMPRESSED
[2026-09-29 14:38:33.550] [info] No properties requested.
[2026-09-29 14:38:33.550] [info] Main parser: closed
[2026-09-29 14:38:33.550] [info] Parser Text -	Parse size: 2004	Dic Size: 2003 Dic Total Length: 220031
[Disk Write (bytes): 246083]
