[2026-09-27 16:24:00.589] [info] Using 8 bytes for computing SA of the dictionary
[2026-09-27 16:24:00.589] [info] Using 2 bytes for storing SA of the dictionary
[2026-09-27 16:24:00.589] [info] Elapsed time (s): 0.000244191
[2026-09-27 16:24:00.589] [info] Using 1 bytes for DA of the dictionary
[2026-09-27 16:24:00.589] [info] Elapsed time (s): 2.123e-05
[2026-09-27 16:24:00.589] [info] Using 2 bytes for ISA of the dictionary
[2026-09-27 16:24:00.589] [info] Elapsed time (s): 1.817e-05
[2026-09-27 16:24:00.589] [info] Using 2 bytes for LCP of the dictionary
[2026-09-27 16:24:00.589] [info] Elapsed time (s): 4.344e-05
[2026-09-27 16:24:00.589] [info] Using 1 bytes for colex id and inverse colex id array of the dictionary
[2026-09-27 16:24:00.589] [info] Elapsed time (s): 1.394e-05
[2026-09-27 16:24:00.589] [info] Using 8 bytes for computing SA of the dictionary
[2026-09-27 16:24:00.589] [info] Using 1 bytes for storing SA of the dictionary
[2026-09-27 16:24:00.589] [info] Elapsed time (s): 8.23e-06
[2026-09-27 16:24:00.589] [info] Using 1 bytes for DA of the dictionary
[2026-09-27 16:24:00.589] [info] Elapsed time (s): 2.09e-06
[2026-09-27 16:24:00.589] [info] Using 1 bytes for ISA of the dictionary
[2026-09-27 16:24:00.589] [info] Elapsed time (s): 1.86e-06
[2026-09-27 16:24:00.589] [info] Using 1 bytes for LCP of the dictionary
[2026-09-27 16:24:00.589] [info] Elapsed time (s): 2.21e-06
[2026-09-27 16:24:00.589] [info] Computing RMQ over LCP of dictionary
[2026-09-27 16:24:00.589] [info] Elapsed time (s): 6.12e-06
[2026-09-27 16:24:00.589] [info] Using 1 bytes for colex DA of the dictionary
[2026-09-27 16:24:00.589] [info] Using 1 bytes for colex id and inverse colex id array of the dictionary
[2026-09-27 16:24:00.589] [info] Elapsed time (s): 1.123e-05
[2026-09-27 16:24:00.589] [info] Using 8 bytes for computing SA of the parsing
[2026-09-27 16:24:00.589] [info] Using 1 bytes for storing SA of the parsing
[2026-09-27 16:24:00.589] [info] Elapsed time (s): 5.28e-06
[2026-09-27 16:24:00.589] [info] Computing b_p
[2026-09-27 16:24:00.589] [info] Computing b_bwt and M of the parsing
[2026-09-27 16:24:00.589] [info] Computing inverted list of BWT(P)
[2026-09-27 16:24:00.589] [info] Using 1 bytes for storing the inverted list of the BWT of the parse
[2026-09-27 16:24:00.589] [info] Precomputing d lengths
[2026-09-27 16:24:00.589] [info] Precomputing d lengths
[2026-09-27 16:24:00.589] [info] Creating v table
[2026-09-27 16:24:00.589] [info] Creating E arrays
[2026-09-27 16:24:00.589] [info] Computing chunks for parallel execution. Total input size: 2013. Requested chunks: 1
[2026-09-27 16:24:00.589] [info] BWT ranges divided in 1 chunks.
[2026-09-27 16:24:00.590] [info] Chunk 1/1 completed
[2026-09-27 16:24:00.590] [info] Completed rle string merge
[2026-09-27 16:24:00.592] [info] Processed: 0 Skipped: 0
[2026-09-27 16:24:00.592] [info] Chunk 1/1 completed
[2026-09-27 16:24:00.592] [info] Writing out sa values at run heads
[2026-09-27 16:24:00.592] [info] Done
