[2026-09-27 16:24:00.669] [info] Current Configuration:
; PFP++

; Text file to parse.
text="/tmp/sxi-repair2/gates/xsa-build-z9vo3j7q/collection.txt"

; Output prefix.
out-prefix="/tmp/sxi-repair2/gates/xsa-build-z9vo3j7q/parse"

; Sliding window size.
window-size=10

; Modulo used during parsing.
modulo=100

; Number of threads.
threads=2

; Temporary files directory.
tmp-dir="/tmp/sxi-repair2/gates/xsa-build-z9vo3j7q"

; Also output compressed the dictionary.
compress-dictionary=false

; Use reference parse to avoid re-parsing.
use-vcf-acceleration=false

; Print out csv containing stats.
print-statistics=false

; Output count for each dictionary phrase.
output-occurrences=false

; Output sai array.
output-sai=false

; Output last array.
output-last=false

; Convert all non ACGT characters from a VCF or FASTA file to N.
acgt-only=false

; Verbose output.
verbose=false

; Version number.
version=false

[2026-09-27 16:24:00.669] [info] Parsing /tmp/sxi-repair2/gates/xsa-build-z9vo3j7q/collection.txt
[2026-09-27 16:24:00.669] [info] Main parser: Replacing hash values with ranks.
[2026-09-27 16:24:00.669] [info] Main parser: writing dictionary on disk NOT COMPRESSED
[2026-09-27 16:24:00.669] [info] No properties requested.
[2026-09-27 16:24:00.669] [info] Main parser: closed
[2026-09-27 16:24:00.669] [info] Parser Text -	Parse size: 20	Dic Size: 20 Dic Total Length: 2204
[Disk Write (bytes): 2465]
