[2026-09-27 16:24:00.677] [info] Using 8 bytes for computing SA of the dictionary
[2026-09-27 16:24:00.678] [info] Using 2 bytes for storing SA of the dictionary
[2026-09-27 16:24:00.678] [info] Elapsed time (s): 0.00024427
[2026-09-27 16:24:00.678] [info] Using 1 bytes for DA of the dictionary
[2026-09-27 16:24:00.678] [info] Elapsed time (s): 3.076e-05
[2026-09-27 16:24:00.678] [info] Using 2 bytes for ISA of the dictionary
[2026-09-27 16:24:00.678] [info] Elapsed time (s): 1.853e-05
[2026-09-27 16:24:00.678] [info] Using 2 bytes for LCP of the dictionary
[2026-09-27 16:24:00.678] [info] Elapsed time (s): 4.385e-05
[2026-09-27 16:24:00.678] [info] Using 1 bytes for colex id and inverse colex id array of the dictionary
[2026-09-27 16:24:00.678] [info] Elapsed time (s): 1.553e-05
[2026-09-27 16:24:00.678] [info] Using 8 bytes for computing SA of the dictionary
[2026-09-27 16:24:00.678] [info] Using 1 bytes for storing SA of the dictionary
[2026-09-27 16:24:00.678] [info] Elapsed time (s): 8.82e-06
[2026-09-27 16:24:00.678] [info] Using 1 bytes for DA of the dictionary
[2026-09-27 16:24:00.678] [info] Elapsed time (s): 2.07e-06
[2026-09-27 16:24:00.678] [info] Using 1 bytes for ISA of the dictionary
[2026-09-27 16:24:00.678] [info] Elapsed time (s): 1.86e-06
[2026-09-27 16:24:00.678] [info] Using 1 bytes for LCP of the dictionary
[2026-09-27 16:24:00.678] [info] Elapsed time (s): 2.14e-06
[2026-09-27 16:24:00.678] [info] Computing RMQ over LCP of dictionary
[2026-09-27 16:24:00.678] [info] Elapsed time (s): 7.7e-06
[2026-09-27 16:24:00.678] [info] Using 1 bytes for colex DA of the dictionary
[2026-09-27 16:24:00.678] [info] Using 1 bytes for colex id and inverse colex id array of the dictionary
[2026-09-27 16:24:00.678] [info] Elapsed time (s): 1.289e-05
[2026-09-27 16:24:00.678] [info] Using 8 bytes for computing SA of the parsing
[2026-09-27 16:24:00.678] [info] Using 1 bytes for storing SA of the parsing
[2026-09-27 16:24:00.678] [info] Elapsed time (s): 5.98e-06
[2026-09-27 16:24:00.678] [info] Computing b_p
[2026-09-27 16:24:00.678] [info] Computing b_bwt and M of the parsing
[2026-09-27 16:24:00.678] [info] Computing inverted list of BWT(P)
[2026-09-27 16:24:00.678] [info] Using 1 bytes for storing the inverted list of the BWT of the parse
[2026-09-27 16:24:00.678] [info] Precomputing d lengths
[2026-09-27 16:24:00.678] [info] Precomputing d lengths
[2026-09-27 16:24:00.678] [info] Creating v table
[2026-09-27 16:24:00.678] [info] Creating E arrays
[2026-09-27 16:24:00.678] [info] Computing chunks for parallel execution. Total input size: 2013. Requested chunks: 1
[2026-09-27 16:24:00.678] [info] BWT ranges divided in 1 chunks.
[2026-09-27 16:24:00.679] [info] Chunk 1/1 completed
[2026-09-27 16:24:00.679] [info] Completed rle string merge
[2026-09-27 16:24:00.681] [info] Processed: 0 Skipped: 0
[2026-09-27 16:24:00.681] [info] Chunk 1/1 completed
[2026-09-27 16:24:00.681] [info] Writing out sa values at run heads
[2026-09-27 16:24:00.681] [info] Done
