[2026-09-27 20:09:07.565] [info] Using 8 bytes for computing SA of the dictionary
[2026-09-27 20:09:07.566] [info] Using 2 bytes for storing SA of the dictionary
[2026-09-27 20:09:07.566] [info] Elapsed time (s): 0.000371131
[2026-09-27 20:09:07.566] [info] Using 1 bytes for DA of the dictionary
[2026-09-27 20:09:07.566] [info] Elapsed time (s): 2.149e-05
[2026-09-27 20:09:07.566] [info] Using 2 bytes for ISA of the dictionary
[2026-09-27 20:09:07.566] [info] Elapsed time (s): 1.823e-05
[2026-09-27 20:09:07.566] [info] Using 2 bytes for LCP of the dictionary
[2026-09-27 20:09:07.566] [info] Elapsed time (s): 4.349e-05
[2026-09-27 20:09:07.566] [info] Using 1 bytes for colex id and inverse colex id array of the dictionary
[2026-09-27 20:09:07.566] [info] Elapsed time (s): 1.387e-05
[2026-09-27 20:09:07.566] [info] Using 8 bytes for computing SA of the dictionary
[2026-09-27 20:09:07.566] [info] Using 1 bytes for storing SA of the dictionary
[2026-09-27 20:09:07.566] [info] Elapsed time (s): 9.24e-06
[2026-09-27 20:09:07.566] [info] Using 1 bytes for DA of the dictionary
[2026-09-27 20:09:07.566] [info] Elapsed time (s): 2.08e-06
[2026-09-27 20:09:07.566] [info] Using 1 bytes for ISA of the dictionary
[2026-09-27 20:09:07.566] [info] Elapsed time (s): 1.84e-06
[2026-09-27 20:09:07.566] [info] Using 1 bytes for LCP of the dictionary
[2026-09-27 20:09:07.566] [info] Elapsed time (s): 2.17e-06
[2026-09-27 20:09:07.566] [info] Computing RMQ over LCP of dictionary
[2026-09-27 20:09:07.566] [info] Elapsed time (s): 9.88e-06
[2026-09-27 20:09:07.566] [info] Using 1 bytes for colex DA of the dictionary
[2026-09-27 20:09:07.566] [info] Using 1 bytes for colex id and inverse colex id array of the dictionary
[2026-09-27 20:09:07.566] [info] Elapsed time (s): 1.307e-05
[2026-09-27 20:09:07.566] [info] Using 8 bytes for computing SA of the parsing
[2026-09-27 20:09:07.566] [info] Using 1 bytes for storing SA of the parsing
[2026-09-27 20:09:07.566] [info] Elapsed time (s): 5.89e-06
[2026-09-27 20:09:07.566] [info] Computing b_p
[2026-09-27 20:09:07.566] [info] Computing b_bwt and M of the parsing
[2026-09-27 20:09:07.566] [info] Computing inverted list of BWT(P)
[2026-09-27 20:09:07.566] [info] Using 1 bytes for storing the inverted list of the BWT of the parse
[2026-09-27 20:09:07.566] [info] Precomputing d lengths
[2026-09-27 20:09:07.566] [info] Precomputing d lengths
[2026-09-27 20:09:07.566] [info] Creating v table
[2026-09-27 20:09:07.566] [info] Creating E arrays
[2026-09-27 20:09:07.566] [info] Computing chunks for parallel execution. Total input size: 2013. Requested chunks: 1
[2026-09-27 20:09:07.566] [info] BWT ranges divided in 1 chunks.
[2026-09-27 20:09:07.567] [info] Chunk 1/1 completed
[2026-09-27 20:09:07.567] [info] Completed rle string merge
[2026-09-27 20:09:07.569] [info] Processed: 0 Skipped: 0
[2026-09-27 20:09:07.569] [info] Chunk 1/1 completed
[2026-09-27 20:09:07.569] [info] Writing out sa values at run heads
[2026-09-27 20:09:07.569] [info] Done
