ri4: n=2003 k=1 R=1515
SLIM_PHASE ri4-load wall=0.000 cumulative=0.000 peak_rss_kib=2048
SLIM_HEAD_SA bytes=12120 rows=1515 mmap=1
SLIM_PHASE dict-read wall=0.000 cumulative=0.000 peak_rss_kib=2048
SLIM_PHASE dict-boundaries wall=0.000 cumulative=0.000 peak_rss_kib=2048
SLIM_STRING_ENDS count=1 bytes=8 from_parse_dict=1 cyclic=1
SLIM_PHASE parse+boundaries wall=0.000 cumulative=0.000 peak_rss_kib=2048
SLIM_PHASE parse-fingerprints wall=0.000 cumulative=0.000 peak_rss_kib=2048
SLIM_PHASE dict-fingerprints wall=0.000 cumulative=0.000 peak_rss_kib=2048
SLIM_STRUCT n=2013 P=20 D=2234 phrases=20 parse_bytes=84 bd_bytes=238 bp_bytes=230 dict_resident=0 dict_cache_per_thread=262144 no_SA_ISA_LCP_RMQ=1 no_M_b_bwt_w_wt=1
SLIM_PHASE lce-build-total wall=0.000 cumulative=0.000 peak_rss_kib=2048
SLIM_PHASE lf-build wall=0.000 cumulative=0.000 peak_rss_kib=2048
SLIM_RI runs=7575 starts=12120 samples=2088 lf_capacity=20368
SLIM_PROGRESS runs=1515/1515 resolve_wall=0.000 lce_wall=0.001 write_wall=0.000 lf_steps=0 cache_hits=0
SLIM_PHASE query-chunks wall=0.002 cumulative=0.003 peak_rss_kib=4096
SLIM_PHASE queries+stream-write-final wall=0.000 cumulative=0.003 peak_rss_kib=4096
SLIM_FP parse tau=1 bytes=176 queries=0 verified_symbols=0 hash_probes=0 mean_verified=0.000000000 max_verified=0
SLIM_FP dict tau=12 bytes=1496 queries=1884 verified_symbols=10567 hash_probes=4 mean_verified=5.608811040 max_verified=13
SLIM_QUERY_PHASE resolve_wall=0.000425 resolve_peak_kib=4096 lce_wall=0.000745 lce_peak_kib=4096 write_wall=0.000052 write_peak_kib=4096
SLIM_SEEDS queries=1884 mean_verified_phrases=0.000000000 max_verified_phrases=0 (includes_zero_parse_work_seeds; boundary_included)
SLIM_RESOLVE walks=0 steps=0 max=0 anchor=0 failed=0 cache_hits=0
SLIM_BOUNDARY_RESOLVE head_direct=1515 tail_direct=1882 head_lf_steps=0
