[2026-09-28 17:56:59.391] [info] Using 8 bytes for computing SA of the dictionary
[2026-09-28 17:56:59.393] [info] Using 2 bytes for storing SA of the dictionary
[2026-09-28 17:56:59.393] [info] Elapsed time (s): 0.001390072
[2026-09-28 17:56:59.393] [info] Using 1 bytes for DA of the dictionary
[2026-09-28 17:56:59.393] [info] Elapsed time (s): 0.000168
[2026-09-28 17:56:59.393] [info] Using 2 bytes for ISA of the dictionary
[2026-09-28 17:56:59.393] [info] Elapsed time (s): 0.000152881
[2026-09-28 17:56:59.393] [info] Using 2 bytes for LCP of the dictionary
[2026-09-28 17:56:59.394] [info] Elapsed time (s): 0.00038641
[2026-09-28 17:56:59.394] [info] Using 1 bytes for colex id and inverse colex id array of the dictionary
[2026-09-28 17:56:59.394] [info] Elapsed time (s): 0.00011886
[2026-09-28 17:56:59.394] [info] Using 8 bytes for computing SA of the dictionary
[2026-09-28 17:56:59.394] [info] Using 2 bytes for storing SA of the dictionary
[2026-09-28 17:56:59.394] [info] Elapsed time (s): 2.365e-05
[2026-09-28 17:56:59.394] [info] Using 1 bytes for DA of the dictionary
[2026-09-28 17:56:59.394] [info] Elapsed time (s): 3.66e-06
[2026-09-28 17:56:59.394] [info] Using 2 bytes for ISA of the dictionary
[2026-09-28 17:56:59.394] [info] Elapsed time (s): 3.16e-06
[2026-09-28 17:56:59.394] [info] Using 1 bytes for LCP of the dictionary
[2026-09-28 17:56:59.394] [info] Elapsed time (s): 4e-06
[2026-09-28 17:56:59.394] [info] Computing RMQ over LCP of dictionary
[2026-09-28 17:56:59.394] [info] Elapsed time (s): 8.361e-06
[2026-09-28 17:56:59.394] [info] Using 1 bytes for colex DA of the dictionary
[2026-09-28 17:56:59.394] [info] Using 1 bytes for colex id and inverse colex id array of the dictionary
[2026-09-28 17:56:59.394] [info] Elapsed time (s): 3.053e-05
[2026-09-28 17:56:59.394] [info] Using 8 bytes for computing SA of the parsing
[2026-09-28 17:56:59.394] [info] Using 1 bytes for storing SA of the parsing
[2026-09-28 17:56:59.394] [info] Elapsed time (s): 4.76e-06
[2026-09-28 17:56:59.394] [info] Computing b_p
[2026-09-28 17:56:59.394] [info] Computing b_bwt and M of the parsing
[2026-09-28 17:56:59.394] [info] Computing inverted list of BWT(P)
[2026-09-28 17:56:59.394] [info] Using 1 bytes for storing the inverted list of the BWT of the parse
[2026-09-28 17:56:59.394] [info] Precomputing d lengths
[2026-09-28 17:56:59.394] [info] Precomputing d lengths
[2026-09-28 17:56:59.394] [info] Creating v table
[2026-09-28 17:56:59.394] [info] Creating E arrays
[2026-09-28 17:56:59.394] [info] Computing chunks for parallel execution. Total input size: 20011. Requested chunks: 1
[2026-09-28 17:56:59.399] [info] BWT ranges divided in 1 chunks.
[2026-09-28 17:56:59.405] [info] Chunk 1/1 completed
[2026-09-28 17:56:59.405] [info] Completed rle string merge
[2026-09-28 17:56:59.420] [info] Processed: 1 Skipped: 0
[2026-09-28 17:56:59.420] [info] Chunk 1/1 completed
[2026-09-28 17:56:59.420] [info] Writing out sa values at run heads
[2026-09-28 17:56:59.420] [info] Done
