[2026-09-27 15:40:27.436] [info] Using 8 bytes for computing SA of the dictionary
[2026-09-27 15:40:27.436] [info] Using 2 bytes for storing SA of the dictionary
[2026-09-27 15:40:27.436] [info] Elapsed time (s): 0.00021785
[2026-09-27 15:40:27.436] [info] Using 1 bytes for DA of the dictionary
[2026-09-27 15:40:27.436] [info] Elapsed time (s): 2.083e-05
[2026-09-27 15:40:27.436] [info] Using 2 bytes for ISA of the dictionary
[2026-09-27 15:40:27.436] [info] Elapsed time (s): 1.82e-05
[2026-09-27 15:40:27.436] [info] Using 2 bytes for LCP of the dictionary
[2026-09-27 15:40:27.436] [info] Elapsed time (s): 4.283e-05
[2026-09-27 15:40:27.436] [info] Using 1 bytes for colex id and inverse colex id array of the dictionary
[2026-09-27 15:40:27.436] [info] Elapsed time (s): 1.358e-05
[2026-09-27 15:40:27.436] [info] Using 8 bytes for computing SA of the dictionary
[2026-09-27 15:40:27.436] [info] Using 1 bytes for storing SA of the dictionary
[2026-09-27 15:40:27.436] [info] Elapsed time (s): 9.53e-06
[2026-09-27 15:40:27.436] [info] Using 1 bytes for DA of the dictionary
[2026-09-27 15:40:27.436] [info] Elapsed time (s): 2.01e-06
[2026-09-27 15:40:27.436] [info] Using 1 bytes for ISA of the dictionary
[2026-09-27 15:40:27.436] [info] Elapsed time (s): 1.94e-06
[2026-09-27 15:40:27.436] [info] Using 1 bytes for LCP of the dictionary
[2026-09-27 15:40:27.436] [info] Elapsed time (s): 2.19e-06
[2026-09-27 15:40:27.436] [info] Computing RMQ over LCP of dictionary
[2026-09-27 15:40:27.436] [info] Elapsed time (s): 6.56e-06
[2026-09-27 15:40:27.436] [info] Using 1 bytes for colex DA of the dictionary
[2026-09-27 15:40:27.436] [info] Using 1 bytes for colex id and inverse colex id array of the dictionary
[2026-09-27 15:40:27.436] [info] Elapsed time (s): 1.079e-05
[2026-09-27 15:40:27.436] [info] Using 8 bytes for computing SA of the parsing
[2026-09-27 15:40:27.436] [info] Using 1 bytes for storing SA of the parsing
[2026-09-27 15:40:27.436] [info] Elapsed time (s): 5.03e-06
[2026-09-27 15:40:27.436] [info] Computing b_p
[2026-09-27 15:40:27.436] [info] Computing b_bwt and M of the parsing
[2026-09-27 15:40:27.436] [info] Computing inverted list of BWT(P)
[2026-09-27 15:40:27.436] [info] Using 1 bytes for storing the inverted list of the BWT of the parse
[2026-09-27 15:40:27.436] [info] Precomputing d lengths
[2026-09-27 15:40:27.436] [info] Precomputing d lengths
[2026-09-27 15:40:27.436] [info] Creating v table
[2026-09-27 15:40:27.436] [info] Creating E arrays
[2026-09-27 15:40:27.436] [info] Computing chunks for parallel execution. Total input size: 2011. Requested chunks: 1
[2026-09-27 15:40:27.437] [info] BWT ranges divided in 1 chunks.
[2026-09-27 15:40:27.438] [info] Chunk 1/1 completed
[2026-09-27 15:40:27.438] [info] Completed rle string merge
[2026-09-27 15:40:27.439] [info] Processed: 0 Skipped: 0
[2026-09-27 15:40:27.439] [info] Chunk 1/1 completed
[2026-09-27 15:40:27.439] [info] Writing out sa values at run heads
[2026-09-27 15:40:27.440] [info] Done
