=== TIMED LOAD 2026-09-26T01:09:31+00:00
PHASE dict-b_d+read          4.07 s
PHASE parse-read/build       4.25 s
pfp index LOADED: n=3336986770 |M|=317476865 |D|=513395745 |P|=34134007 |wt|=34134006 W=10 (no build)
PHASE index-LOAD            36.54 s
PHASE calibration+spotchk    37.96 s
PHASE queries (r-scaled)   331.16 s
aggregates: 100904881 runs; LCE cross-checks=1190377 mismatches=0
PHASE write-agg            335.23 s
TIME dump-load wall=341.02 s maxRSS=20958060 KB
timed-load agg identical
=== TIMED BUILD 2026-09-26T01:15:14+00:00
PHASE dict-BUILD           202.45 s
PHASE parse-read/build     220.35 s
PHASE pf_parsing-BUILD     536.26 s
PHASE calibration+spotchk   537.60 s
PHASE queries (r-scaled)   808.84 s
aggregates: 100904881 runs; LCE cross-checks=1190377 mismatches=0
PHASE write-agg            812.78 s
TIME dump-build wall=819.70 s maxRSS=26522180 KB
timed-build agg identical
=== G3 TIMED DONE 2026-09-26T01:28:55+00:00
