=== V2 STAGE 1: index build 2026-09-26T01:30:45+00:00
[ 564.36s] INDEX BUILD DONE: n=3336986770 |M|=317476865 |D|=513395745 |P|=34134007 |wt|=34134006 W=10
TIME index-build wall=568.54 s maxRSS=25822132 KB
    b_bwt         397.800 MB  (  4.59%)
    b_p           397.800 MB  (  4.59%)
    w_wt          844.718 MB  (  9.75%)
    saP           130.211 MB  (  1.50%)
    isaP          130.211 MB  (  1.50%)
    lcpP          130.211 MB  (  1.50%)
    b_d            61.202 MB  (  0.71%)
    isaD         1958.449 MB  ( 22.61%)
    lcpD          979.225 MB  ( 11.30%)
    M            3633.234 MB  ( 41.94%)
INDEX FILE SIZE 9083877227 bytes (8.460 GB)
=== V2 STAGE 2: dump LOAD mode + digest 2026-09-26T01:40:13+00:00
PHASE dict-defer             1.62 s
PHASE parse-read/build       1.80 s
pfp index LOADED: n=3336986770 |M|=317476865 |D|=513395745 |P|=34134007 |wt|=34134006 W=10 (no build)
PHASE index-LOAD            34.83 s
digest b_bwt    2eb5c55226983340
digest b_p      ecc20db70dd1c779
digest M        a4b2bda29c8fab39 (317476865 entries)
digest saP      9bc041221a2cd4ba
digest isaP     54de0b5b32ca72ee
digest lcpP     e5c85a6e852bc998
digest isaD     e93dc2b1d21f6941
digest lcpD     ac90ff15d10a6b9b
digest b_d      4cf7661bd86baaa8
digest w_wt     45721401ab277a09 (size 34134006)
PHASE digest                55.99 s
calibration: ROW_OFF=10 (zero-bad offsets: 1)
PHASE calibration+spotchk    58.06 s
PHASE queries (r-scaled)   355.43 s
aggregates: 100904881 runs; LCE cross-checks=1190377 mismatches=0
PHASE write-agg            359.00 s
TIME dump-load wall=363.92 s maxRSS=20455372 KB
=== V2 STAGE 3: gates 2026-09-26T01:46:17+00:00
G2a PASS: load .agg BYTE-IDENTICAL to committed baseline (3228956204 B)
G2b PASS: all 10 structure digests EQUAL vs BUILD-mode at yeast
=== V2 STAGE 4: chi gate 2026-09-26T01:46:19+00:00
xsa chi-rspace: chi = 85404240 (N=3336986761, R=100904881)
xsa chi-rspace: wrote 85404240 witness values to /tmp/laneJ/yeast/yeast2.rs.out
witnesses 85,404,240 vs oracle 85,404,240
set equality: True
CHI VERDICT: GREEN
=== V2 YEAST GATE DONE 2026-09-26T01:48:34+00:00
