[2026-09-29 13:27:33.823] [info] Current Configuration:
; PFP++

; Integers file to parse.
int32t="/home/erikg/worktrees/sxgc/pi-worktree-83fce81c-553e-426d-980f-952003f67bf7-s0-0/bit6/sxi_logs/parse-memory/work/parse-100000000-w5-p100.parse"

; Sliding window size.
window-size=5

; Modulo used during parsing.
modulo=11

; Also output compressed the dictionary.
compress-dictionary=false

; Use reference parse to avoid re-parsing.
use-vcf-acceleration=false

; Print out csv containing stats.
print-statistics=false

; Output count for each dictionary phrase.
output-occurrences=false

; Output sai array.
output-sai=false

; Output last array.
output-last=false

; Convert all non ACGT characters from a VCF or FASTA file to N.
acgt-only=false

; Verbose output.
verbose=false

; Version number.
version=false

[2026-09-29 13:27:33.823] [info] Parsing /home/erikg/worktrees/sxgc/pi-worktree-83fce81c-553e-426d-980f-952003f67bf7-s0-0/bit6/sxi_logs/parse-memory/work/parse-100000000-w5-p100.parse
[2026-09-29 13:27:33.891] [info] Main parser: Replacing hash values with ranks.
[2026-09-29 13:27:33.958] [info] Main parser: writing dictionary on disk NOT COMPRESSED
[2026-09-29 13:27:33.994] [info] No properties requested.
[2026-09-29 13:27:33.994] [info] Main parser: closed
[2026-09-29 13:27:34.009] [info] Parser Integers -	Parse size: 103282	Dic Size: 102698 Dic Total Length: 6570484
[Disk Write (bytes): 8220664]
