[2026-09-29 13:21:56.461] [info] Current Configuration:
; PFP++

; Text file to parse.
text="/home/erikg/worktrees/sxgc/pi-worktree-83fce81c-553e-426d-980f-952003f67bf7-s0-0/bit6/sxi_logs/parse-memory/work/pile-500000000.txt"

; Output prefix.
out-prefix="/home/erikg/worktrees/sxgc/pi-worktree-83fce81c-553e-426d-980f-952003f67bf7-s0-0/bit6/sxi_logs/parse-memory/work/parse-500000000-w5-p100"

; Sliding window size.
window-size=5

; Modulo used during parsing.
modulo=100

; Also output compressed the dictionary.
compress-dictionary=false

; Use reference parse to avoid re-parsing.
use-vcf-acceleration=false

; Print out csv containing stats.
print-statistics=false

; Output count for each dictionary phrase.
output-occurrences=true

; Output sai array.
output-sai=false

; Output last array.
output-last=false

; Convert all non ACGT characters from a VCF or FASTA file to N.
acgt-only=false

; Verbose output.
verbose=false

; Version number.
version=false

[2026-09-29 13:21:56.461] [info] Parsing /home/erikg/worktrees/sxgc/pi-worktree-83fce81c-553e-426d-980f-952003f67bf7-s0-0/bit6/sxi_logs/parse-memory/work/pile-500000000.txt
[2026-09-29 13:22:09.776] [info] Main parser: Replacing hash values with ranks.
[2026-09-29 13:22:26.515] [info] Main parser: writing dictionary on disk NOT COMPRESSED
[2026-09-29 13:22:28.740] [info] Loading dictionary from disk.
[2026-09-29 13:22:38.935] [info] Read in parse and output properties
[2026-09-29 13:22:39.060] [info] Writing occurrences to file
[2026-09-29 13:22:39.216] [info] Main parser: closed
[2026-09-29 13:22:39.725] [info] Parser Text -	Parse size: 5684644	Dic Size: 4980178 Dic Total Length: 511457649
[Disk Write (bytes): 604574268]
