[2026-09-29 13:32:51.598] [info] Current Configuration:
; PFP++

; Integers file to parse.
int32t="/home/erikg/worktrees/sxgc/pi-worktree-83fce81c-553e-426d-980f-952003f67bf7-s0-0/bit6/sxi_logs/parse-memory/work/parse-100000000-w20-p100.parse"

; Sliding window size.
window-size=5

; Modulo used during parsing.
modulo=11

; Also output compressed the dictionary.
compress-dictionary=false

; Use reference parse to avoid re-parsing.
use-vcf-acceleration=false

; Print out csv containing stats.
print-statistics=false

; Output count for each dictionary phrase.
output-occurrences=false

; Output sai array.
output-sai=false

; Output last array.
output-last=false

; Convert all non ACGT characters from a VCF or FASTA file to N.
acgt-only=false

; Verbose output.
verbose=false

; Version number.
version=false

[2026-09-29 13:32:51.599] [info] Parsing /home/erikg/worktrees/sxgc/pi-worktree-83fce81c-553e-426d-980f-952003f67bf7-s0-0/bit6/sxi_logs/parse-memory/work/parse-100000000-w20-p100.parse
[2026-09-29 13:32:51.647] [info] Main parser: Replacing hash values with ranks.
[2026-09-29 13:32:51.685] [info] Main parser: writing dictionary on disk NOT COMPRESSED
[2026-09-29 13:32:51.701] [info] No properties requested.
[2026-09-29 13:32:51.701] [info] Main parser: closed
[2026-09-29 13:32:51.703] [info] Parser Integers -	Parse size: 90158	Dic Size: 89927 Dic Total Length: 5748376
[Disk Write (bytes): 7189984]
