[2026-09-29 13:20:15.532] [info] Current Configuration:
; PFP++

; Text file to parse.
text="/home/erikg/worktrees/sxgc/pi-worktree-83fce81c-553e-426d-980f-952003f67bf7-s0-0/bit6/sxi_logs/parse-memory/work/pile-100000000.txt"

; Output prefix.
out-prefix="/home/erikg/worktrees/sxgc/pi-worktree-83fce81c-553e-426d-980f-952003f67bf7-s0-0/bit6/sxi_logs/parse-memory/work/parse-100000000-w10-p100"

; Sliding window size.
window-size=10

; Modulo used during parsing.
modulo=100

; Also output compressed the dictionary.
compress-dictionary=false

; Use reference parse to avoid re-parsing.
use-vcf-acceleration=false

; Print out csv containing stats.
print-statistics=false

; Output count for each dictionary phrase.
output-occurrences=true

; Output sai array.
output-sai=false

; Output last array.
output-last=false

; Convert all non ACGT characters from a VCF or FASTA file to N.
acgt-only=false

; Verbose output.
verbose=false

; Version number.
version=false

[2026-09-29 13:20:15.533] [info] Parsing /home/erikg/worktrees/sxgc/pi-worktree-83fce81c-553e-426d-980f-952003f67bf7-s0-0/bit6/sxi_logs/parse-memory/work/pile-100000000.txt
[2026-09-29 13:20:17.973] [info] Main parser: Replacing hash values with ranks.
[2026-09-29 13:20:19.759] [info] Main parser: writing dictionary on disk NOT COMPRESSED
[2026-09-29 13:20:20.076] [info] Loading dictionary from disk.
[2026-09-29 13:20:22.192] [info] Read in parse and output properties
[2026-09-29 13:20:22.218] [info] Writing occurrences to file
[2026-09-29 13:20:22.266] [info] Main parser: closed
[2026-09-29 13:20:22.405] [info] Parser Text -	Parse size: 982041	Dic Size: 927820 Dic Total Length: 107688249
[Disk Write (bytes): 124111842]
