[2026-09-29 13:20:37.933] [info] Current Configuration:
; PFP++

; Text file to parse.
text="/home/erikg/worktrees/sxgc/pi-worktree-83fce81c-553e-426d-980f-952003f67bf7-s0-0/bit6/sxi_logs/parse-memory/work/pile-100000000.txt"

; Output prefix.
out-prefix="/home/erikg/worktrees/sxgc/pi-worktree-83fce81c-553e-426d-980f-952003f67bf7-s0-0/bit6/sxi_logs/parse-memory/work/parse-100000000-w3-p5"

; Sliding window size.
window-size=3

; Modulo used during parsing.
modulo=5

; Also output compressed the dictionary.
compress-dictionary=false

; Use reference parse to avoid re-parsing.
use-vcf-acceleration=false

; Print out csv containing stats.
print-statistics=false

; Output count for each dictionary phrase.
output-occurrences=true

; Output sai array.
output-sai=false

; Output last array.
output-last=false

; Convert all non ACGT characters from a VCF or FASTA file to N.
acgt-only=false

; Verbose output.
verbose=false

; Version number.
version=false

[2026-09-29 13:20:37.933] [info] Parsing /home/erikg/worktrees/sxgc/pi-worktree-83fce81c-553e-426d-980f-952003f67bf7-s0-0/bit6/sxi_logs/parse-memory/work/pile-100000000.txt
[2026-09-29 13:20:48.034] [info] Main parser: Replacing hash values with ranks.
[2026-09-29 13:21:01.522] [info] Main parser: writing dictionary on disk NOT COMPRESSED
[2026-09-29 13:21:02.469] [info] Loading dictionary from disk.
[2026-09-29 13:21:04.460] [info] Read in parse and output properties
[2026-09-29 13:21:04.974] [info] Writing occurrences to file
[2026-09-29 13:21:05.121] [info] Main parser: closed
[2026-09-29 13:21:05.663] [info] Parser Text -	Parse size: 19061672	Dic Size: 4694258 Dic Total Length: 61466060
[Disk Write (bytes): 313677415]
