[2026-09-29 13:22:41.953] [info] Current Configuration:
; PFP++

; Text file to parse.
text="/home/erikg/worktrees/sxgc/pi-worktree-83fce81c-553e-426d-980f-952003f67bf7-s0-0/bit6/sxi_logs/parse-memory/work/pile-500000000.txt"

; Output prefix.
out-prefix="/home/erikg/worktrees/sxgc/pi-worktree-83fce81c-553e-426d-980f-952003f67bf7-s0-0/bit6/sxi_logs/parse-memory/work/parse-500000000-w20-p100"

; Sliding window size.
window-size=20

; Modulo used during parsing.
modulo=100

; Also output compressed the dictionary.
compress-dictionary=false

; Use reference parse to avoid re-parsing.
use-vcf-acceleration=false

; Print out csv containing stats.
print-statistics=false

; Output count for each dictionary phrase.
output-occurrences=true

; Output sai array.
output-sai=false

; Output last array.
output-last=false

; Convert all non ACGT characters from a VCF or FASTA file to N.
acgt-only=false

; Verbose output.
verbose=false

; Version number.
version=false

[2026-09-29 13:22:41.953] [info] Parsing /home/erikg/worktrees/sxgc/pi-worktree-83fce81c-553e-426d-980f-952003f67bf7-s0-0/bit6/sxi_logs/parse-memory/work/pile-500000000.txt
[2026-09-29 13:22:52.927] [info] Main parser: Replacing hash values with ranks.
[2026-09-29 13:23:15.888] [info] Main parser: writing dictionary on disk NOT COMPRESSED
[2026-09-29 13:23:19.933] [info] Loading dictionary from disk.
[2026-09-29 13:23:32.422] [info] Read in parse and output properties
[2026-09-29 13:23:32.709] [info] Writing occurrences to file
[2026-09-29 13:23:34.917] [info] Main parser: closed
[2026-09-29 13:23:35.607] [info] Parser Text -	Parse size: 4956640	Dic Size: 4784783 Dic Total Length: 587205511
[Disk Write (bytes): 670609107]
