[2026-09-29 13:21:08.357] [info] Current Configuration:
; PFP++

; Text file to parse.
text="/home/erikg/worktrees/sxgc/pi-worktree-83fce81c-553e-426d-980f-952003f67bf7-s0-0/bit6/sxi_logs/parse-memory/work/pile-500000000.txt"

; Output prefix.
out-prefix="/home/erikg/worktrees/sxgc/pi-worktree-83fce81c-553e-426d-980f-952003f67bf7-s0-0/bit6/sxi_logs/parse-memory/work/parse-500000000-w10-p100"

; Sliding window size.
window-size=10

; Modulo used during parsing.
modulo=100

; Also output compressed the dictionary.
compress-dictionary=false

; Use reference parse to avoid re-parsing.
use-vcf-acceleration=false

; Print out csv containing stats.
print-statistics=false

; Output count for each dictionary phrase.
output-occurrences=true

; Output sai array.
output-sai=false

; Output last array.
output-last=false

; Convert all non ACGT characters from a VCF or FASTA file to N.
acgt-only=false

; Verbose output.
verbose=false

; Version number.
version=false

[2026-09-29 13:21:08.358] [info] Parsing /home/erikg/worktrees/sxgc/pi-worktree-83fce81c-553e-426d-980f-952003f67bf7-s0-0/bit6/sxi_logs/parse-memory/work/pile-500000000.txt
[2026-09-29 13:21:22.359] [info] Main parser: Replacing hash values with ranks.
[2026-09-29 13:21:38.238] [info] Main parser: writing dictionary on disk NOT COMPRESSED
[2026-09-29 13:21:40.661] [info] Loading dictionary from disk.
[2026-09-29 13:21:51.422] [info] Read in parse and output properties
[2026-09-29 13:21:51.585] [info] Writing occurrences to file
[2026-09-29 13:21:51.960] [info] Main parser: closed
[2026-09-29 13:21:52.915] [info] Parser Text -	Parse size: 4918240	Dic Size: 4576455 Dic Total Length: 536048786
[Disk Write (bytes): 617949942]
