[2026-09-29 13:18:02.883] [info] Current Configuration:
; PFP++

; Text file to parse.
text="bit6/sxi_logs/parse-memory/work/pile-100000000.txt"

; Read -t as AGC: archive order, uppercase reversed contigs, 0x1e separators.
agc=false

; Output prefix.
out-prefix="bit6/sxi_logs/parse-memory/work/probe"

; Sliding window size.
window-size=10

; Modulo used during parsing.
modulo=100

; Also output compressed the dictionary.
compress-dictionary=false

; Use reference parse to avoid re-parsing.
use-vcf-acceleration=false

; Print out csv containing stats.
print-statistics=false

; Output count for each dictionary phrase.
output-occurrences=false

; Output sai array.
output-sai=false

; Output last array.
output-last=false

; Convert all non ACGT characters from a VCF or FASTA file to N.
acgt-only=false

; Verbose output.
verbose=false

; Version number.
version=false

[2026-09-29 13:18:02.883] [info] Parsing bit6/sxi_logs/parse-memory/work/pile-100000000.txt
[2026-09-29 13:18:02.883] [error] Input may not contain bytes with integer value less than or equal to 5!
[Disk Write (bytes): 0]
