[2026-09-29 13:25:03.256] [info] Using 8 bytes for computing SA of the dictionary
[2026-09-29 13:25:40.885] [info] Using 4 bytes for storing SA of the dictionary
[2026-09-29 13:25:41.515] [info] Elapsed time (s): 38.259115
[2026-09-29 13:25:41.610] [info] Using 3 bytes for DA of the dictionary
[2026-09-29 13:25:45.363] [info] Elapsed time (s): 3.753125619
[2026-09-29 13:25:45.363] [info] Using 4 bytes for ISA of the dictionary
[2026-09-29 13:25:53.051] [info] Elapsed time (s): 7.688024868
[2026-09-29 13:25:53.051] [info] Using 2 bytes for LCP of the dictionary
[2026-09-29 13:26:07.706] [info] Elapsed time (s): 14.654536723
[2026-09-29 13:26:07.706] [info] Using 3 bytes for colex id and inverse colex id array of the dictionary
[2026-09-29 13:26:09.084] [info] Elapsed time (s): 1.378079042
[2026-09-29 13:26:09.179] [info] Using 8 bytes for computing SA of the dictionary
[2026-09-29 13:26:09.550] [info] Using 3 bytes for storing SA of the dictionary
[2026-09-29 13:26:09.555] [info] Elapsed time (s): 0.375633757
[2026-09-29 13:26:09.555] [info] Using 3 bytes for DA of the dictionary
[2026-09-29 13:26:09.570] [info] Elapsed time (s): 0.015254132
[2026-09-29 13:26:09.570] [info] Using 3 bytes for ISA of the dictionary
[2026-09-29 13:26:09.590] [info] Elapsed time (s): 0.019648648
[2026-09-29 13:26:09.590] [info] Using 1 bytes for LCP of the dictionary
[2026-09-29 13:26:09.636] [info] Elapsed time (s): 0.046372397
[2026-09-29 13:26:09.636] [info] Computing RMQ over LCP of dictionary
[2026-09-29 13:26:09.659] [info] Elapsed time (s): 0.023079863
[2026-09-29 13:26:09.659] [info] Using 3 bytes for colex DA of the dictionary
[2026-09-29 13:26:09.660] [info] Using 3 bytes for colex id and inverse colex id array of the dictionary
[2026-09-29 13:26:09.838] [info] Elapsed time (s): 0.178818405
[2026-09-29 13:26:09.838] [info] Using 8 bytes for computing SA of the parsing
[2026-09-29 13:26:09.848] [info] Using 3 bytes for storing SA of the parsing
[2026-09-29 13:26:09.848] [info] Elapsed time (s): 0.009583594
[2026-09-29 13:26:09.857] [info] Computing b_p
[2026-09-29 13:26:09.868] [info] Computing b_bwt and M of the parsing
[2026-09-29 13:26:10.117] [info] Computing inverted list of BWT(P)
[2026-09-29 13:26:10.119] [info] Using 3 bytes for storing the inverted list of the BWT of the parse
[2026-09-29 13:26:10.131] [info] Precomputing d lengths
[2026-09-29 13:26:10.212] [info] Precomputing d lengths
[2026-09-29 13:26:10.231] [info] Creating v table
[2026-09-29 13:26:10.664] [info] Creating E arrays
[2026-09-29 13:26:10.702] [info] Computing chunks for parallel execution. Total input size: 100000001. Requested chunks: 50
[2026-09-29 13:27:08.548] [info] BWT ranges divided in 50 chunks.
[2026-09-29 13:27:09.609] [info] Chunk 2/50 completed
[2026-09-29 13:27:09.851] [info] Chunk 1/50 completed
[2026-09-29 13:27:09.969] [info] Chunk 3/50 completed
[2026-09-29 13:27:10.102] [info] Chunk 13/50 completed
[2026-09-29 13:27:10.110] [info] Chunk 12/50 completed
[2026-09-29 13:27:10.157] [info] Chunk 10/50 completed
[2026-09-29 13:27:10.166] [info] Chunk 15/50 completed
[2026-09-29 13:27:10.206] [info] Chunk 14/50 completed
[2026-09-29 13:27:10.210] [info] Chunk 9/50 completed
[2026-09-29 13:27:10.251] [info] Chunk 8/50 completed
[2026-09-29 13:27:10.263] [info] Chunk 11/50 completed
[2026-09-29 13:27:10.435] [info] Chunk 4/50 completed
[2026-09-29 13:27:10.488] [info] Chunk 7/50 completed
[2026-09-29 13:27:10.494] [info] Chunk 6/50 completed
[2026-09-29 13:27:10.514] [info] Chunk 5/50 completed
[2026-09-29 13:27:10.562] [info] Chunk 16/50 completed
[2026-09-29 13:27:11.021] [info] Chunk 17/50 completed
[2026-09-29 13:27:11.257] [info] Chunk 18/50 completed
[2026-09-29 13:27:11.355] [info] Chunk 19/50 completed
[2026-09-29 13:27:11.827] [info] Chunk 20/50 completed
[2026-09-29 13:27:11.831] [info] Chunk 21/50 completed
[2026-09-29 13:27:11.910] [info] Chunk 22/50 completed
[2026-09-29 13:27:11.916] [info] Chunk 24/50 completed
[2026-09-29 13:27:11.932] [info] Chunk 25/50 completed
[2026-09-29 13:27:11.955] [info] Chunk 26/50 completed
[2026-09-29 13:27:11.961] [info] Chunk 27/50 completed
[2026-09-29 13:27:11.968] [info] Chunk 23/50 completed
[2026-09-29 13:27:12.058] [info] Chunk 28/50 completed
[2026-09-29 13:27:12.164] [info] Chunk 31/50 completed
[2026-09-29 13:27:12.267] [info] Chunk 29/50 completed
[2026-09-29 13:27:12.287] [info] Chunk 30/50 completed
[2026-09-29 13:27:12.427] [info] Chunk 33/50 completed
[2026-09-29 13:27:12.598] [info] Chunk 32/50 completed
[2026-09-29 13:27:12.710] [info] Chunk 34/50 completed
[2026-09-29 13:27:12.794] [info] Chunk 35/50 completed
[2026-09-29 13:27:13.526] [info] Chunk 41/50 completed
[2026-09-29 13:27:13.537] [info] Chunk 40/50 completed
[2026-09-29 13:27:13.632] [info] Chunk 36/50 completed
[2026-09-29 13:27:13.643] [info] Chunk 38/50 completed
[2026-09-29 13:27:13.719] [info] Chunk 39/50 completed
[2026-09-29 13:27:13.783] [info] Chunk 42/50 completed
[2026-09-29 13:27:13.792] [info] Chunk 44/50 completed
[2026-09-29 13:27:13.816] [info] Chunk 43/50 completed
[2026-09-29 13:27:13.870] [info] Chunk 45/50 completed
[2026-09-29 13:27:14.002] [info] Chunk 50/50 completed
[2026-09-29 13:27:14.057] [info] Chunk 48/50 completed
[2026-09-29 13:27:14.329] [info] Chunk 47/50 completed
[2026-09-29 13:27:14.467] [info] Chunk 46/50 completed
[2026-09-29 13:27:14.477] [info] Chunk 37/50 completed
[2026-09-29 13:27:14.756] [info] Chunk 49/50 completed
[2026-09-29 13:27:16.392] [info] Completed rle string merge
[2026-09-29 13:27:20.300] [info] Processed: 95188 Skipped: 86186
[2026-09-29 13:27:20.300] [info] Chunk 1/50 completed
[2026-09-29 13:27:21.044] [info] Processed: 82573 Skipped: 69111
[2026-09-29 13:27:21.044] [info] Chunk 15/50 completed
[2026-09-29 13:27:21.055] [info] Processed: 85043 Skipped: 43826
[2026-09-29 13:27:21.055] [info] Chunk 10/50 completed
[2026-09-29 13:27:21.409] [info] Processed: 63382 Skipped: 53011
[2026-09-29 13:27:21.409] [info] Chunk 12/50 completed
[2026-09-29 13:27:21.869] [info] Processed: 72309 Skipped: 74093
[2026-09-29 13:27:21.870] [info] Chunk 14/50 completed
[2026-09-29 13:27:22.019] [info] Processed: 77041 Skipped: 31787
[2026-09-29 13:27:22.019] [info] Chunk 11/50 completed
[2026-09-29 13:27:22.156] [info] Processed: 87497 Skipped: 26492
[2026-09-29 13:27:22.156] [info] Chunk 3/50 completed
[2026-09-29 13:27:22.167] [info] Processed: 73185 Skipped: 50744
[2026-09-29 13:27:22.167] [info] Chunk 13/50 completed
[2026-09-29 13:27:22.776] [info] Processed: 55306 Skipped: 51463
[2026-09-29 13:27:22.776] [info] Chunk 16/50 completed
[2026-09-29 13:27:23.137] [info] Processed: 118414 Skipped: 171704
[2026-09-29 13:27:23.137] [info] Chunk 2/50 completed
[2026-09-29 13:27:23.569] [info] Processed: 106267 Skipped: 15529
[2026-09-29 13:27:23.569] [info] Chunk 4/50 completed
[2026-09-29 13:27:23.845] [info] Processed: 110284 Skipped: 8128
[2026-09-29 13:27:23.845] [info] Chunk 7/50 completed
[2026-09-29 13:27:23.885] [info] Processed: 47524 Skipped: 59522
[2026-09-29 13:27:23.885] [info] Chunk 17/50 completed
[2026-09-29 13:27:23.896] [info] Processed: 120020 Skipped: 7822
[2026-09-29 13:27:23.896] [info] Chunk 6/50 completed
[2026-09-29 13:27:24.145] [info] Processed: 113128 Skipped: 9468
[2026-09-29 13:27:24.145] [info] Chunk 9/50 completed
[2026-09-29 13:27:24.173] [info] Processed: 118718 Skipped: 8194
[2026-09-29 13:27:24.173] [info] Chunk 8/50 completed
[2026-09-29 13:27:24.291] [info] Processed: 45606 Skipped: 65279
[2026-09-29 13:27:24.291] [info] Chunk 19/50 completed
[2026-09-29 13:27:24.302] [info] Processed: 118643 Skipped: 9948
[2026-09-29 13:27:24.302] [info] Chunk 5/50 completed
[2026-09-29 13:27:24.857] [info] Processed: 54602 Skipped: 50320
[2026-09-29 13:27:24.857] [info] Chunk 18/50 completed
[2026-09-29 13:27:25.140] [info] Processed: 58631 Skipped: 52063
[2026-09-29 13:27:25.140] [info] Chunk 20/50 completed
[2026-09-29 13:27:25.917] [info] Processed: 40321 Skipped: 72044
[2026-09-29 13:27:25.917] [info] Chunk 26/50 completed
[2026-09-29 13:27:25.974] [info] Processed: 55813 Skipped: 50136
[2026-09-29 13:27:25.975] [info] Chunk 21/50 completed
[2026-09-29 13:27:26.109] [info] Processed: 52043 Skipped: 54228
[2026-09-29 13:27:26.109] [info] Chunk 24/50 completed
[2026-09-29 13:27:26.288] [info] Processed: 71010 Skipped: 38052
[2026-09-29 13:27:26.288] [info] Chunk 23/50 completed
[2026-09-29 13:27:26.683] [info] Processed: 90535 Skipped: 22523
[2026-09-29 13:27:26.683] [info] Chunk 22/50 completed
[2026-09-29 13:27:26.870] [info] Processed: 38454 Skipped: 62312
[2026-09-29 13:27:26.870] [info] Chunk 27/50 completed
[2026-09-29 13:27:26.881] [info] Processed: 55952 Skipped: 56497
[2026-09-29 13:27:26.881] [info] Chunk 28/50 completed
[2026-09-29 13:27:27.168] [info] Processed: 47741 Skipped: 54020
[2026-09-29 13:27:27.168] [info] Chunk 29/50 completed
[2026-09-29 13:27:27.532] [info] Processed: 60369 Skipped: 49096
[2026-09-29 13:27:27.532] [info] Chunk 25/50 completed
[2026-09-29 13:27:27.705] [info] Processed: 67283 Skipped: 49591
[2026-09-29 13:27:27.705] [info] Chunk 30/50 completed
[2026-09-29 13:27:27.725] [info] Processed: 38548 Skipped: 62385
[2026-09-29 13:27:27.725] [info] Chunk 35/50 completed
[2026-09-29 13:27:27.763] [info] Processed: 46113 Skipped: 52180
[2026-09-29 13:27:27.763] [info] Chunk 33/50 completed
[2026-09-29 13:27:28.215] [info] Processed: 52053 Skipped: 53988
[2026-09-29 13:27:28.215] [info] Chunk 32/50 completed
[2026-09-29 13:27:28.262] [info] Processed: 49654 Skipped: 50268
[2026-09-29 13:27:28.262] [info] Chunk 31/50 completed
[2026-09-29 13:27:28.298] [info] Processed: 45601 Skipped: 55062
[2026-09-29 13:27:28.298] [info] Chunk 36/50 completed
[2026-09-29 13:27:28.657] [info] Processed: 61486 Skipped: 41308
[2026-09-29 13:27:28.657] [info] Chunk 34/50 completed
[2026-09-29 13:27:28.731] [info] Processed: 35315 Skipped: 69404
[2026-09-29 13:27:28.731] [info] Chunk 37/50 completed
[2026-09-29 13:27:29.447] [info] Processed: 45229 Skipped: 66671
[2026-09-29 13:27:29.447] [info] Chunk 39/50 completed
[2026-09-29 13:27:29.529] [info] Processed: 51755 Skipped: 54676
[2026-09-29 13:27:29.529] [info] Chunk 38/50 completed
[2026-09-29 13:27:29.709] [info] Processed: 41212 Skipped: 67665
[2026-09-29 13:27:29.709] [info] Chunk 41/50 completed
[2026-09-29 13:27:29.894] [info] Processed: 58350 Skipped: 43795
[2026-09-29 13:27:29.894] [info] Chunk 40/50 completed
[2026-09-29 13:27:30.601] [info] Processed: 53911 Skipped: 53658
[2026-09-29 13:27:30.601] [info] Chunk 43/50 completed
[2026-09-29 13:27:30.690] [info] Processed: 43854 Skipped: 62034
[2026-09-29 13:27:30.690] [info] Chunk 50/50 completed
[2026-09-29 13:27:30.803] [info] Processed: 45547 Skipped: 66012
[2026-09-29 13:27:30.803] [info] Chunk 47/50 completed
[2026-09-29 13:27:31.060] [info] Processed: 65910 Skipped: 37567
[2026-09-29 13:27:31.060] [info] Chunk 44/50 completed
[2026-09-29 13:27:31.069] [info] Processed: 50367 Skipped: 68398
[2026-09-29 13:27:31.069] [info] Chunk 46/50 completed
[2026-09-29 13:27:31.296] [info] Processed: 38428 Skipped: 57140
[2026-09-29 13:27:31.296] [info] Chunk 48/50 completed
[2026-09-29 13:27:31.532] [info] Processed: 51546 Skipped: 60880
[2026-09-29 13:27:31.532] [info] Chunk 45/50 completed
[2026-09-29 13:27:31.997] [info] Processed: 44776 Skipped: 52479
[2026-09-29 13:27:31.998] [info] Chunk 49/50 completed
[2026-09-29 13:27:32.019] [info] Processed: 79860 Skipped: 24698
[2026-09-29 13:27:32.019] [info] Chunk 42/50 completed
[2026-09-29 13:27:32.019] [info] Writing out sa values at run heads
[2026-09-29 13:27:32.863] [info] Done
