[2026-09-28 17:56:59.920] [info] Using 8 bytes for computing SA of the dictionary
[2026-09-28 17:56:59.922] [info] Using 2 bytes for storing SA of the dictionary
[2026-09-28 17:56:59.922] [info] Elapsed time (s): 0.001673882
[2026-09-28 17:56:59.922] [info] Using 1 bytes for DA of the dictionary
[2026-09-28 17:56:59.922] [info] Elapsed time (s): 0.000196751
[2026-09-28 17:56:59.922] [info] Using 2 bytes for ISA of the dictionary
[2026-09-28 17:56:59.923] [info] Elapsed time (s): 0.00018271
[2026-09-28 17:56:59.923] [info] Using 2 bytes for LCP of the dictionary
[2026-09-28 17:56:59.923] [info] Elapsed time (s): 0.000468061
[2026-09-28 17:56:59.923] [info] Using 1 bytes for colex id and inverse colex id array of the dictionary
[2026-09-28 17:56:59.923] [info] Elapsed time (s): 0.00012746
[2026-09-28 17:56:59.923] [info] Using 8 bytes for computing SA of the dictionary
[2026-09-28 17:56:59.923] [info] Using 2 bytes for storing SA of the dictionary
[2026-09-28 17:56:59.923] [info] Elapsed time (s): 2.874e-05
[2026-09-28 17:56:59.923] [info] Using 1 bytes for DA of the dictionary
[2026-09-28 17:56:59.923] [info] Elapsed time (s): 4.28e-06
[2026-09-28 17:56:59.923] [info] Using 2 bytes for ISA of the dictionary
[2026-09-28 17:56:59.923] [info] Elapsed time (s): 3.78e-06
[2026-09-28 17:56:59.923] [info] Using 1 bytes for LCP of the dictionary
[2026-09-28 17:56:59.923] [info] Elapsed time (s): 4.78e-06
[2026-09-28 17:56:59.923] [info] Computing RMQ over LCP of dictionary
[2026-09-28 17:56:59.923] [info] Elapsed time (s): 1.088e-05
[2026-09-28 17:56:59.923] [info] Using 1 bytes for colex DA of the dictionary
[2026-09-28 17:56:59.923] [info] Using 1 bytes for colex id and inverse colex id array of the dictionary
[2026-09-28 17:56:59.923] [info] Elapsed time (s): 3.591e-05
[2026-09-28 17:56:59.923] [info] Using 8 bytes for computing SA of the parsing
[2026-09-28 17:56:59.923] [info] Using 1 bytes for storing SA of the parsing
[2026-09-28 17:56:59.923] [info] Elapsed time (s): 7.28e-06
[2026-09-28 17:56:59.923] [info] Computing b_p
[2026-09-28 17:56:59.923] [info] Computing b_bwt and M of the parsing
[2026-09-28 17:56:59.923] [info] Computing inverted list of BWT(P)
[2026-09-28 17:56:59.923] [info] Using 1 bytes for storing the inverted list of the BWT of the parse
[2026-09-28 17:56:59.923] [info] Precomputing d lengths
[2026-09-28 17:56:59.923] [info] Precomputing d lengths
[2026-09-28 17:56:59.923] [info] Creating v table
[2026-09-28 17:56:59.923] [info] Creating E arrays
[2026-09-28 17:56:59.923] [info] Computing chunks for parallel execution. Total input size: 20011. Requested chunks: 1
[2026-09-28 17:56:59.928] [info] BWT ranges divided in 1 chunks.
[2026-09-28 17:56:59.935] [info] Chunk 1/1 completed
[2026-09-28 17:56:59.936] [info] Completed rle string merge
[2026-09-28 17:56:59.951] [info] Processed: 1 Skipped: 0
[2026-09-28 17:56:59.951] [info] Chunk 1/1 completed
[2026-09-28 17:56:59.951] [info] Writing out sa values at run heads
[2026-09-28 17:56:59.952] [info] Done
