[2026-09-28 17:56:59.906] [info] Current Configuration:
; PFP++

; Text file to parse.
text="/tmp/xsa-cargo-gate-wc0zsqfi/battery.input"

; Read -t as AGC: archive order, uppercase reversed contigs, 0x1e separators.
agc=false

; Output prefix.
out-prefix="/tmp/xsa-cargo-gate-wc0zsqfi/xsa-build-8sr3vgkh/parse"

; Sliding window size.
window-size=10

; Modulo used during parsing.
modulo=100

; Number of threads.
threads=2

; Temporary files directory.
tmp-dir="/tmp/xsa-cargo-gate-wc0zsqfi/xsa-build-8sr3vgkh"

; Also output compressed the dictionary.
compress-dictionary=false

; Use reference parse to avoid re-parsing.
use-vcf-acceleration=false

; Print out csv containing stats.
print-statistics=false

; Output count for each dictionary phrase.
output-occurrences=false

; Output sai array.
output-sai=false

; Output last array.
output-last=false

; Convert all non ACGT characters from a VCF or FASTA file to N.
acgt-only=false

; Verbose output.
verbose=false

; Version number.
version=false

[2026-09-28 17:56:59.906] [info] Parsing /tmp/xsa-cargo-gate-wc0zsqfi/battery.input
[2026-09-28 17:56:59.906] [info] Main parser: Replacing hash values with ranks.
[2026-09-28 17:56:59.906] [info] Main parser: writing dictionary on disk NOT COMPRESSED
[2026-09-28 17:56:59.907] [info] No properties requested.
[2026-09-28 17:56:59.907] [info] Main parser: closed
[2026-09-28 17:56:59.907] [info] Parser Text -	Parse size: 196	Dic Size: 196 Dic Total Length: 21962
[Disk Write (bytes): 24511]
