[2026-09-28 17:56:36.840] [info] Using 8 bytes for computing SA of the dictionary
[2026-09-28 17:56:36.840] [info] Using 2 bytes for storing SA of the dictionary
[2026-09-28 17:56:36.840] [info] Elapsed time (s): 0.000216881
[2026-09-28 17:56:36.840] [info] Using 1 bytes for DA of the dictionary
[2026-09-28 17:56:36.840] [info] Elapsed time (s): 2.065e-05
[2026-09-28 17:56:36.840] [info] Using 2 bytes for ISA of the dictionary
[2026-09-28 17:56:36.840] [info] Elapsed time (s): 1.803e-05
[2026-09-28 17:56:36.840] [info] Using 2 bytes for LCP of the dictionary
[2026-09-28 17:56:36.840] [info] Elapsed time (s): 4.305e-05
[2026-09-28 17:56:36.840] [info] Using 1 bytes for colex id and inverse colex id array of the dictionary
[2026-09-28 17:56:36.840] [info] Elapsed time (s): 1.288e-05
[2026-09-28 17:56:36.841] [info] Using 8 bytes for computing SA of the dictionary
[2026-09-28 17:56:36.841] [info] Using 1 bytes for storing SA of the dictionary
[2026-09-28 17:56:36.841] [info] Elapsed time (s): 9.52e-06
[2026-09-28 17:56:36.841] [info] Using 1 bytes for DA of the dictionary
[2026-09-28 17:56:36.841] [info] Elapsed time (s): 2.05e-06
[2026-09-28 17:56:36.841] [info] Using 1 bytes for ISA of the dictionary
[2026-09-28 17:56:36.841] [info] Elapsed time (s): 1.82e-06
[2026-09-28 17:56:36.841] [info] Using 1 bytes for LCP of the dictionary
[2026-09-28 17:56:36.841] [info] Elapsed time (s): 2.21e-06
[2026-09-28 17:56:36.841] [info] Computing RMQ over LCP of dictionary
[2026-09-28 17:56:36.841] [info] Elapsed time (s): 5.42e-06
[2026-09-28 17:56:36.841] [info] Using 1 bytes for colex DA of the dictionary
[2026-09-28 17:56:36.841] [info] Using 1 bytes for colex id and inverse colex id array of the dictionary
[2026-09-28 17:56:36.841] [info] Elapsed time (s): 1.041e-05
[2026-09-28 17:56:36.841] [info] Using 8 bytes for computing SA of the parsing
[2026-09-28 17:56:36.841] [info] Using 1 bytes for storing SA of the parsing
[2026-09-28 17:56:36.841] [info] Elapsed time (s): 4.87e-06
[2026-09-28 17:56:36.841] [info] Computing b_p
[2026-09-28 17:56:36.841] [info] Computing b_bwt and M of the parsing
[2026-09-28 17:56:36.841] [info] Computing inverted list of BWT(P)
[2026-09-28 17:56:36.841] [info] Using 1 bytes for storing the inverted list of the BWT of the parse
[2026-09-28 17:56:36.841] [info] Precomputing d lengths
[2026-09-28 17:56:36.841] [info] Precomputing d lengths
[2026-09-28 17:56:36.841] [info] Creating v table
[2026-09-28 17:56:36.841] [info] Creating E arrays
[2026-09-28 17:56:36.841] [info] Computing chunks for parallel execution. Total input size: 2011. Requested chunks: 1
[2026-09-28 17:56:36.841] [info] BWT ranges divided in 1 chunks.
[2026-09-28 17:56:36.842] [info] Chunk 1/1 completed
[2026-09-28 17:56:36.842] [info] Completed rle string merge
[2026-09-28 17:56:36.843] [info] Processed: 0 Skipped: 0
[2026-09-28 17:56:36.844] [info] Chunk 1/1 completed
[2026-09-28 17:56:36.844] [info] Writing out sa values at run heads
[2026-09-28 17:56:36.844] [info] Done
