[2026-09-27 12:48:00.754] [info] Using 8 bytes for computing SA of the dictionary
[2026-09-27 12:48:00.755] [info] Using 2 bytes for storing SA of the dictionary
[2026-09-27 12:48:00.755] [info] Elapsed time (s): 0.001670242
[2026-09-27 12:48:00.755] [info] Using 1 bytes for DA of the dictionary
[2026-09-27 12:48:00.756] [info] Elapsed time (s): 0.00021336
[2026-09-27 12:48:00.756] [info] Using 2 bytes for ISA of the dictionary
[2026-09-27 12:48:00.756] [info] Elapsed time (s): 0.000182501
[2026-09-27 12:48:00.756] [info] Using 2 bytes for LCP of the dictionary
[2026-09-27 12:48:00.756] [info] Elapsed time (s): 0.000461
[2026-09-27 12:48:00.756] [info] Using 1 bytes for colex id and inverse colex id array of the dictionary
[2026-09-27 12:48:00.756] [info] Elapsed time (s): 0.00012799
[2026-09-27 12:48:00.756] [info] Using 8 bytes for computing SA of the dictionary
[2026-09-27 12:48:00.756] [info] Using 2 bytes for storing SA of the dictionary
[2026-09-27 12:48:00.756] [info] Elapsed time (s): 3.1091e-05
[2026-09-27 12:48:00.756] [info] Using 1 bytes for DA of the dictionary
[2026-09-27 12:48:00.757] [info] Elapsed time (s): 4.52e-06
[2026-09-27 12:48:00.757] [info] Using 2 bytes for ISA of the dictionary
[2026-09-27 12:48:00.757] [info] Elapsed time (s): 4.29e-06
[2026-09-27 12:48:00.757] [info] Using 1 bytes for LCP of the dictionary
[2026-09-27 12:48:00.757] [info] Elapsed time (s): 5.07e-06
[2026-09-27 12:48:00.757] [info] Computing RMQ over LCP of dictionary
[2026-09-27 12:48:00.757] [info] Elapsed time (s): 1.296e-05
[2026-09-27 12:48:00.757] [info] Using 1 bytes for colex DA of the dictionary
[2026-09-27 12:48:00.757] [info] Using 1 bytes for colex id and inverse colex id array of the dictionary
[2026-09-27 12:48:00.757] [info] Elapsed time (s): 4.059e-05
[2026-09-27 12:48:00.757] [info] Using 8 bytes for computing SA of the parsing
[2026-09-27 12:48:00.757] [info] Using 1 bytes for storing SA of the parsing
[2026-09-27 12:48:00.757] [info] Elapsed time (s): 6.68e-06
[2026-09-27 12:48:00.757] [info] Computing b_p
[2026-09-27 12:48:00.757] [info] Computing b_bwt and M of the parsing
[2026-09-27 12:48:00.757] [info] Computing inverted list of BWT(P)
[2026-09-27 12:48:00.757] [info] Using 1 bytes for storing the inverted list of the BWT of the parse
[2026-09-27 12:48:00.757] [info] Precomputing d lengths
[2026-09-27 12:48:00.757] [info] Precomputing d lengths
[2026-09-27 12:48:00.757] [info] Creating v table
[2026-09-27 12:48:00.757] [info] Creating E arrays
[2026-09-27 12:48:00.757] [info] Computing chunks for parallel execution. Total input size: 20011. Requested chunks: 1
[2026-09-27 12:48:00.762] [info] BWT ranges divided in 1 chunks.
[2026-09-27 12:48:00.770] [info] Chunk 1/1 completed
[2026-09-27 12:48:00.771] [info] Completed rle string merge
[2026-09-27 12:48:00.788] [info] Processed: 5 Skipped: 0
[2026-09-27 12:48:00.788] [info] Chunk 1/1 completed
[2026-09-27 12:48:00.788] [info] Writing out sa values at run heads
[2026-09-27 12:48:00.788] [info] Done
