[2026-09-27 12:45:20.421] [info] Using 8 bytes for computing SA of the dictionary
[2026-09-27 12:45:20.422] [info] Using 2 bytes for storing SA of the dictionary
[2026-09-27 12:45:20.422] [info] Elapsed time (s): 0.001625833
[2026-09-27 12:45:20.422] [info] Using 1 bytes for DA of the dictionary
[2026-09-27 12:45:20.422] [info] Elapsed time (s): 0.00020711
[2026-09-27 12:45:20.422] [info] Using 2 bytes for ISA of the dictionary
[2026-09-27 12:45:20.423] [info] Elapsed time (s): 0.00018185
[2026-09-27 12:45:20.423] [info] Using 2 bytes for LCP of the dictionary
[2026-09-27 12:45:20.423] [info] Elapsed time (s): 0.000470221
[2026-09-27 12:45:20.423] [info] Using 1 bytes for colex id and inverse colex id array of the dictionary
[2026-09-27 12:45:20.423] [info] Elapsed time (s): 0.00012803
[2026-09-27 12:45:20.423] [info] Using 8 bytes for computing SA of the dictionary
[2026-09-27 12:45:20.423] [info] Using 2 bytes for storing SA of the dictionary
[2026-09-27 12:45:20.423] [info] Elapsed time (s): 2.954e-05
[2026-09-27 12:45:20.423] [info] Using 1 bytes for DA of the dictionary
[2026-09-27 12:45:20.423] [info] Elapsed time (s): 4.64e-06
[2026-09-27 12:45:20.423] [info] Using 2 bytes for ISA of the dictionary
[2026-09-27 12:45:20.423] [info] Elapsed time (s): 3.95e-06
[2026-09-27 12:45:20.423] [info] Using 1 bytes for LCP of the dictionary
[2026-09-27 12:45:20.423] [info] Elapsed time (s): 5.1e-06
[2026-09-27 12:45:20.423] [info] Computing RMQ over LCP of dictionary
[2026-09-27 12:45:20.423] [info] Elapsed time (s): 1.111e-05
[2026-09-27 12:45:20.423] [info] Using 1 bytes for colex DA of the dictionary
[2026-09-27 12:45:20.423] [info] Using 1 bytes for colex id and inverse colex id array of the dictionary
[2026-09-27 12:45:20.423] [info] Elapsed time (s): 3.827e-05
[2026-09-27 12:45:20.423] [info] Using 8 bytes for computing SA of the parsing
[2026-09-27 12:45:20.423] [info] Using 1 bytes for storing SA of the parsing
[2026-09-27 12:45:20.423] [info] Elapsed time (s): 6.14e-06
[2026-09-27 12:45:20.423] [info] Computing b_p
[2026-09-27 12:45:20.423] [info] Computing b_bwt and M of the parsing
[2026-09-27 12:45:20.423] [info] Computing inverted list of BWT(P)
[2026-09-27 12:45:20.423] [info] Using 1 bytes for storing the inverted list of the BWT of the parse
[2026-09-27 12:45:20.423] [info] Precomputing d lengths
[2026-09-27 12:45:20.423] [info] Precomputing d lengths
[2026-09-27 12:45:20.423] [info] Creating v table
[2026-09-27 12:45:20.423] [info] Creating E arrays
[2026-09-27 12:45:20.423] [info] Computing chunks for parallel execution. Total input size: 20011. Requested chunks: 1
[2026-09-27 12:45:20.429] [info] BWT ranges divided in 1 chunks.
[2026-09-27 12:45:20.436] [info] Chunk 1/1 completed
[2026-09-27 12:45:20.437] [info] Completed rle string merge
[2026-09-27 12:45:20.452] [info] Processed: 5 Skipped: 0
[2026-09-27 12:45:20.452] [info] Chunk 1/1 completed
[2026-09-27 12:45:20.452] [info] Writing out sa values at run heads
[2026-09-27 12:45:20.453] [info] Done
