[2026-09-27 12:45:20.327] [info] Using 8 bytes for computing SA of the dictionary
[2026-09-27 12:45:20.328] [info] Using 2 bytes for storing SA of the dictionary
[2026-09-27 12:45:20.328] [info] Elapsed time (s): 0.00021742
[2026-09-27 12:45:20.328] [info] Using 1 bytes for DA of the dictionary
[2026-09-27 12:45:20.328] [info] Elapsed time (s): 2.076e-05
[2026-09-27 12:45:20.328] [info] Using 2 bytes for ISA of the dictionary
[2026-09-27 12:45:20.328] [info] Elapsed time (s): 1.8e-05
[2026-09-27 12:45:20.328] [info] Using 2 bytes for LCP of the dictionary
[2026-09-27 12:45:20.328] [info] Elapsed time (s): 4.288e-05
[2026-09-27 12:45:20.328] [info] Using 1 bytes for colex id and inverse colex id array of the dictionary
[2026-09-27 12:45:20.328] [info] Elapsed time (s): 2.2591e-05
[2026-09-27 12:45:20.328] [info] Using 8 bytes for computing SA of the dictionary
[2026-09-27 12:45:20.328] [info] Using 1 bytes for storing SA of the dictionary
[2026-09-27 12:45:20.328] [info] Elapsed time (s): 9.84e-06
[2026-09-27 12:45:20.328] [info] Using 1 bytes for DA of the dictionary
[2026-09-27 12:45:20.328] [info] Elapsed time (s): 2.06e-06
[2026-09-27 12:45:20.328] [info] Using 1 bytes for ISA of the dictionary
[2026-09-27 12:45:20.328] [info] Elapsed time (s): 1.83e-06
[2026-09-27 12:45:20.328] [info] Using 1 bytes for LCP of the dictionary
[2026-09-27 12:45:20.328] [info] Elapsed time (s): 2.24e-06
[2026-09-27 12:45:20.328] [info] Computing RMQ over LCP of dictionary
[2026-09-27 12:45:20.328] [info] Elapsed time (s): 5.8e-06
[2026-09-27 12:45:20.328] [info] Using 1 bytes for colex DA of the dictionary
[2026-09-27 12:45:20.328] [info] Using 1 bytes for colex id and inverse colex id array of the dictionary
[2026-09-27 12:45:20.328] [info] Elapsed time (s): 1.116e-05
[2026-09-27 12:45:20.328] [info] Using 8 bytes for computing SA of the parsing
[2026-09-27 12:45:20.328] [info] Using 1 bytes for storing SA of the parsing
[2026-09-27 12:45:20.328] [info] Elapsed time (s): 5.05e-06
[2026-09-27 12:45:20.328] [info] Computing b_p
[2026-09-27 12:45:20.328] [info] Computing b_bwt and M of the parsing
[2026-09-27 12:45:20.328] [info] Computing inverted list of BWT(P)
[2026-09-27 12:45:20.328] [info] Using 1 bytes for storing the inverted list of the BWT of the parse
[2026-09-27 12:45:20.328] [info] Precomputing d lengths
[2026-09-27 12:45:20.328] [info] Precomputing d lengths
[2026-09-27 12:45:20.328] [info] Creating v table
[2026-09-27 12:45:20.328] [info] Creating E arrays
[2026-09-27 12:45:20.328] [info] Computing chunks for parallel execution. Total input size: 2011. Requested chunks: 1
[2026-09-27 12:45:20.328] [info] BWT ranges divided in 1 chunks.
[2026-09-27 12:45:20.329] [info] Chunk 1/1 completed
[2026-09-27 12:45:20.329] [info] Completed rle string merge
[2026-09-27 12:45:20.330] [info] Processed: 0 Skipped: 0
[2026-09-27 12:45:20.330] [info] Chunk 1/1 completed
[2026-09-27 12:45:20.330] [info] Writing out sa values at run heads
[2026-09-27 12:45:20.331] [info] Done
