[2026-09-27 12:45:19.538] [info] Using 8 bytes for computing SA of the dictionary
[2026-09-27 12:45:19.539] [info] Using 2 bytes for storing SA of the dictionary
[2026-09-27 12:45:19.540] [info] Elapsed time (s): 0.001622032
[2026-09-27 12:45:19.540] [info] Using 2 bytes for DA of the dictionary
[2026-09-27 12:45:19.540] [info] Elapsed time (s): 0.000216551
[2026-09-27 12:45:19.540] [info] Using 2 bytes for ISA of the dictionary
[2026-09-27 12:45:19.540] [info] Elapsed time (s): 0.00019244
[2026-09-27 12:45:19.540] [info] Using 2 bytes for LCP of the dictionary
[2026-09-27 12:45:19.540] [info] Elapsed time (s): 0.00040577
[2026-09-27 12:45:19.540] [info] Using 2 bytes for colex id and inverse colex id array of the dictionary
[2026-09-27 12:45:19.541] [info] Elapsed time (s): 0.000153451
[2026-09-27 12:45:19.541] [info] Using 8 bytes for computing SA of the dictionary
[2026-09-27 12:45:19.541] [info] Using 2 bytes for storing SA of the dictionary
[2026-09-27 12:45:19.541] [info] Elapsed time (s): 3.643e-05
[2026-09-27 12:45:19.541] [info] Using 1 bytes for DA of the dictionary
[2026-09-27 12:45:19.541] [info] Elapsed time (s): 1.283e-05
[2026-09-27 12:45:19.541] [info] Using 2 bytes for ISA of the dictionary
[2026-09-27 12:45:19.541] [info] Elapsed time (s): 4.71e-06
[2026-09-27 12:45:19.541] [info] Using 1 bytes for LCP of the dictionary
[2026-09-27 12:45:19.541] [info] Elapsed time (s): 5.77e-06
[2026-09-27 12:45:19.541] [info] Computing RMQ over LCP of dictionary
[2026-09-27 12:45:19.541] [info] Elapsed time (s): 1.279e-05
[2026-09-27 12:45:19.541] [info] Using 1 bytes for colex DA of the dictionary
[2026-09-27 12:45:19.541] [info] Using 1 bytes for colex id and inverse colex id array of the dictionary
[2026-09-27 12:45:19.541] [info] Elapsed time (s): 4.651e-05
[2026-09-27 12:45:19.541] [info] Using 8 bytes for computing SA of the parsing
[2026-09-27 12:45:19.541] [info] Using 1 bytes for storing SA of the parsing
[2026-09-27 12:45:19.541] [info] Elapsed time (s): 6.37e-06
[2026-09-27 12:45:19.541] [info] Computing b_p
[2026-09-27 12:45:19.541] [info] Computing b_bwt and M of the parsing
[2026-09-27 12:45:19.541] [info] Computing inverted list of BWT(P)
[2026-09-27 12:45:19.541] [info] Using 1 bytes for storing the inverted list of the BWT of the parse
[2026-09-27 12:45:19.541] [info] Precomputing d lengths
[2026-09-27 12:45:19.541] [info] Precomputing d lengths
[2026-09-27 12:45:19.541] [info] Creating v table
[2026-09-27 12:45:19.541] [info] Creating E arrays
[2026-09-27 12:45:19.541] [info] Computing chunks for parallel execution. Total input size: 20013. Requested chunks: 1
[2026-09-27 12:45:19.546] [info] BWT ranges divided in 1 chunks.
[2026-09-27 12:45:19.552] [info] Chunk 1/1 completed
[2026-09-27 12:45:19.553] [info] Completed rle string merge
[2026-09-27 12:45:19.568] [info] Processed: 1024 Skipped: 45
[2026-09-27 12:45:19.568] [info] Chunk 1/1 completed
[2026-09-27 12:45:19.568] [info] Writing out sa values at run heads
[2026-09-27 12:45:19.568] [info] Done
