ri4: n=20003 k=3 R=14963
SLIM_PHASE ri4-load wall=0.000 cumulative=0.000 peak_rss_kib=2048
SLIM_HEAD_SA bytes=119704 rows=14963 mmap=1
SLIM_PHASE dict-read wall=0.000 cumulative=0.000 peak_rss_kib=2048
SLIM_PHASE dict-boundaries wall=0.000 cumulative=0.001 peak_rss_kib=2048
SLIM_STRING_ENDS count=3 bytes=32 from_parse_dict=1
SLIM_PHASE parse+boundaries wall=0.000 cumulative=0.001 peak_rss_kib=2048
SLIM_PHASE parse-fingerprints wall=0.000 cumulative=0.001 peak_rss_kib=2048
SLIM_PHASE dict-fingerprints wall=0.000 cumulative=0.001 peak_rss_kib=2048
SLIM_STRUCT n=20013 P=189 D=22093 phrases=189 parse_bytes=760 bd_bytes=478 bp_bytes=478 dict_resident=0 dict_cache_per_thread=262144 no_SA_ISA_LCP_RMQ=1 no_M_b_bwt_w_wt=1
SLIM_PHASE lce-build-total wall=0.000 cumulative=0.001 peak_rss_kib=2048
SLIM_PHASE lf-build wall=0.000 cumulative=0.001 peak_rss_kib=2048
SLIM_RI runs=74815 starts=119704 samples=28056 lf_capacity=185296
SLIM_PROGRESS runs=14963/14963 resolve_wall=0.001 lce_wall=0.007 write_wall=0.000 lf_steps=0 cache_hits=0
SLIM_PHASE query-chunks wall=0.009 cumulative=0.010 peak_rss_kib=4096
SLIM_PHASE queries+stream-write-final wall=0.000 cumulative=0.010 peak_rss_kib=4096
SLIM_FP parse tau=1 bytes=1528 queries=2 verified_symbols=2 hash_probes=0 mean_verified=1.000000000 max_verified=1
SLIM_FP dict tau=12 bytes=14736 queries=18740 verified_symbols=136870 hash_probes=40 mean_verified=7.303628602 max_verified=13
SLIM_QUERY_PHASE resolve_wall=0.000586 resolve_peak_kib=4096 lce_wall=0.007150 lce_peak_kib=4096 write_wall=0.000432 write_peak_kib=4096
SLIM_SEEDS queries=18741 mean_verified_phrases=0.000106718 max_verified_phrases=1 (includes_zero_parse_work_seeds; boundary_included)
SLIM_RESOLVE walks=0 steps=0 max=0 anchor=0 failed=0 cache_hits=0
SLIM_BOUNDARY_RESOLVE head_direct=14963 tail_direct=18741 head_lf_steps=0
