[2026-09-27 12:47:57.105] [info] Using 8 bytes for computing SA of the dictionary
[2026-09-27 12:47:57.107] [info] Using 2 bytes for storing SA of the dictionary
[2026-09-27 12:47:57.107] [info] Elapsed time (s): 0.001679143
[2026-09-27 12:47:57.107] [info] Using 1 bytes for DA of the dictionary
[2026-09-27 12:47:57.107] [info] Elapsed time (s): 0.00019959
[2026-09-27 12:47:57.107] [info] Using 2 bytes for ISA of the dictionary
[2026-09-27 12:47:57.107] [info] Elapsed time (s): 0.0001818
[2026-09-27 12:47:57.107] [info] Using 2 bytes for LCP of the dictionary
[2026-09-27 12:47:57.108] [info] Elapsed time (s): 0.000469001
[2026-09-27 12:47:57.108] [info] Using 1 bytes for colex id and inverse colex id array of the dictionary
[2026-09-27 12:47:57.108] [info] Elapsed time (s): 0.00012684
[2026-09-27 12:47:57.108] [info] Using 8 bytes for computing SA of the dictionary
[2026-09-27 12:47:57.108] [info] Using 2 bytes for storing SA of the dictionary
[2026-09-27 12:47:57.108] [info] Elapsed time (s): 2.707e-05
[2026-09-27 12:47:57.108] [info] Using 1 bytes for DA of the dictionary
[2026-09-27 12:47:57.108] [info] Elapsed time (s): 4.11e-06
[2026-09-27 12:47:57.108] [info] Using 2 bytes for ISA of the dictionary
[2026-09-27 12:47:57.108] [info] Elapsed time (s): 3.77e-06
[2026-09-27 12:47:57.108] [info] Using 1 bytes for LCP of the dictionary
[2026-09-27 12:47:57.108] [info] Elapsed time (s): 4.63e-06
[2026-09-27 12:47:57.108] [info] Computing RMQ over LCP of dictionary
[2026-09-27 12:47:57.108] [info] Elapsed time (s): 8.95e-06
[2026-09-27 12:47:57.108] [info] Using 1 bytes for colex DA of the dictionary
[2026-09-27 12:47:57.108] [info] Using 1 bytes for colex id and inverse colex id array of the dictionary
[2026-09-27 12:47:57.108] [info] Elapsed time (s): 3.277e-05
[2026-09-27 12:47:57.108] [info] Using 8 bytes for computing SA of the parsing
[2026-09-27 12:47:57.108] [info] Using 1 bytes for storing SA of the parsing
[2026-09-27 12:47:57.108] [info] Elapsed time (s): 5.37e-06
[2026-09-27 12:47:57.108] [info] Computing b_p
[2026-09-27 12:47:57.108] [info] Computing b_bwt and M of the parsing
[2026-09-27 12:47:57.108] [info] Computing inverted list of BWT(P)
[2026-09-27 12:47:57.108] [info] Using 1 bytes for storing the inverted list of the BWT of the parse
[2026-09-27 12:47:57.108] [info] Precomputing d lengths
[2026-09-27 12:47:57.108] [info] Precomputing d lengths
[2026-09-27 12:47:57.108] [info] Creating v table
[2026-09-27 12:47:57.108] [info] Creating E arrays
[2026-09-27 12:47:57.108] [info] Computing chunks for parallel execution. Total input size: 20013. Requested chunks: 1
[2026-09-27 12:47:57.114] [info] BWT ranges divided in 1 chunks.
[2026-09-27 12:47:57.121] [info] Chunk 1/1 completed
[2026-09-27 12:47:57.122] [info] Completed rle string merge
[2026-09-27 12:47:57.139] [info] Processed: 5 Skipped: 0
[2026-09-27 12:47:57.139] [info] Chunk 1/1 completed
[2026-09-27 12:47:57.139] [info] Writing out sa values at run heads
[2026-09-27 12:47:57.139] [info] Done
