[2026-09-27 12:47:57.204] [info] Using 8 bytes for computing SA of the dictionary
[2026-09-27 12:47:57.206] [info] Using 2 bytes for storing SA of the dictionary
[2026-09-27 12:47:57.206] [info] Elapsed time (s): 0.001679712
[2026-09-27 12:47:57.206] [info] Using 1 bytes for DA of the dictionary
[2026-09-27 12:47:57.206] [info] Elapsed time (s): 0.00020016
[2026-09-27 12:47:57.206] [info] Using 2 bytes for ISA of the dictionary
[2026-09-27 12:47:57.206] [info] Elapsed time (s): 0.00018294
[2026-09-27 12:47:57.206] [info] Using 2 bytes for LCP of the dictionary
[2026-09-27 12:47:57.207] [info] Elapsed time (s): 0.000470561
[2026-09-27 12:47:57.207] [info] Using 1 bytes for colex id and inverse colex id array of the dictionary
[2026-09-27 12:47:57.207] [info] Elapsed time (s): 0.00012426
[2026-09-27 12:47:57.207] [info] Using 8 bytes for computing SA of the dictionary
[2026-09-27 12:47:57.207] [info] Using 2 bytes for storing SA of the dictionary
[2026-09-27 12:47:57.207] [info] Elapsed time (s): 2.706e-05
[2026-09-27 12:47:57.207] [info] Using 1 bytes for DA of the dictionary
[2026-09-27 12:47:57.207] [info] Elapsed time (s): 4.09e-06
[2026-09-27 12:47:57.207] [info] Using 2 bytes for ISA of the dictionary
[2026-09-27 12:47:57.207] [info] Elapsed time (s): 3.83e-06
[2026-09-27 12:47:57.207] [info] Using 1 bytes for LCP of the dictionary
[2026-09-27 12:47:57.207] [info] Elapsed time (s): 4.65e-06
[2026-09-27 12:47:57.207] [info] Computing RMQ over LCP of dictionary
[2026-09-27 12:47:57.207] [info] Elapsed time (s): 9.36e-06
[2026-09-27 12:47:57.207] [info] Using 1 bytes for colex DA of the dictionary
[2026-09-27 12:47:57.207] [info] Using 1 bytes for colex id and inverse colex id array of the dictionary
[2026-09-27 12:47:57.207] [info] Elapsed time (s): 3.314e-05
[2026-09-27 12:47:57.207] [info] Using 8 bytes for computing SA of the parsing
[2026-09-27 12:47:57.207] [info] Using 1 bytes for storing SA of the parsing
[2026-09-27 12:47:57.207] [info] Elapsed time (s): 5.51e-06
[2026-09-27 12:47:57.207] [info] Computing b_p
[2026-09-27 12:47:57.207] [info] Computing b_bwt and M of the parsing
[2026-09-27 12:47:57.207] [info] Computing inverted list of BWT(P)
[2026-09-27 12:47:57.207] [info] Using 1 bytes for storing the inverted list of the BWT of the parse
[2026-09-27 12:47:57.207] [info] Precomputing d lengths
[2026-09-27 12:47:57.207] [info] Precomputing d lengths
[2026-09-27 12:47:57.207] [info] Creating v table
[2026-09-27 12:47:57.207] [info] Creating E arrays
[2026-09-27 12:47:57.207] [info] Computing chunks for parallel execution. Total input size: 20013. Requested chunks: 1
[2026-09-27 12:47:57.213] [info] BWT ranges divided in 1 chunks.
[2026-09-27 12:47:57.220] [info] Chunk 1/1 completed
[2026-09-27 12:47:57.221] [info] Completed rle string merge
[2026-09-27 12:47:57.238] [info] Processed: 5 Skipped: 0
[2026-09-27 12:47:57.238] [info] Chunk 1/1 completed
[2026-09-27 12:47:57.238] [info] Writing out sa values at run heads
[2026-09-27 12:47:57.239] [info] Done
