[2026-09-27 12:47:16.130] [info] Using 8 bytes for computing SA of the dictionary
[2026-09-27 12:47:16.132] [info] Using 2 bytes for storing SA of the dictionary
[2026-09-27 12:47:16.132] [info] Elapsed time (s): 0.001638873
[2026-09-27 12:47:16.132] [info] Using 2 bytes for DA of the dictionary
[2026-09-27 12:47:16.132] [info] Elapsed time (s): 0.0002103
[2026-09-27 12:47:16.132] [info] Using 2 bytes for ISA of the dictionary
[2026-09-27 12:47:16.132] [info] Elapsed time (s): 0.00019045
[2026-09-27 12:47:16.132] [info] Using 2 bytes for LCP of the dictionary
[2026-09-27 12:47:16.133] [info] Elapsed time (s): 0.000416941
[2026-09-27 12:47:16.133] [info] Using 2 bytes for colex id and inverse colex id array of the dictionary
[2026-09-27 12:47:16.133] [info] Elapsed time (s): 0.00015293
[2026-09-27 12:47:16.133] [info] Using 8 bytes for computing SA of the dictionary
[2026-09-27 12:47:16.133] [info] Using 2 bytes for storing SA of the dictionary
[2026-09-27 12:47:16.133] [info] Elapsed time (s): 3.496e-05
[2026-09-27 12:47:16.133] [info] Using 1 bytes for DA of the dictionary
[2026-09-27 12:47:16.133] [info] Elapsed time (s): 5.02e-06
[2026-09-27 12:47:16.133] [info] Using 2 bytes for ISA of the dictionary
[2026-09-27 12:47:16.133] [info] Elapsed time (s): 4.59e-06
[2026-09-27 12:47:16.133] [info] Using 1 bytes for LCP of the dictionary
[2026-09-27 12:47:16.133] [info] Elapsed time (s): 5.79e-06
[2026-09-27 12:47:16.133] [info] Computing RMQ over LCP of dictionary
[2026-09-27 12:47:16.133] [info] Elapsed time (s): 1.111e-05
[2026-09-27 12:47:16.133] [info] Using 1 bytes for colex DA of the dictionary
[2026-09-27 12:47:16.133] [info] Using 1 bytes for colex id and inverse colex id array of the dictionary
[2026-09-27 12:47:16.133] [info] Elapsed time (s): 4.454e-05
[2026-09-27 12:47:16.133] [info] Using 8 bytes for computing SA of the parsing
[2026-09-27 12:47:16.133] [info] Using 1 bytes for storing SA of the parsing
[2026-09-27 12:47:16.133] [info] Elapsed time (s): 5.71e-06
[2026-09-27 12:47:16.133] [info] Computing b_p
[2026-09-27 12:47:16.133] [info] Computing b_bwt and M of the parsing
[2026-09-27 12:47:16.133] [info] Computing inverted list of BWT(P)
[2026-09-27 12:47:16.133] [info] Using 1 bytes for storing the inverted list of the BWT of the parse
[2026-09-27 12:47:16.133] [info] Precomputing d lengths
[2026-09-27 12:47:16.133] [info] Precomputing d lengths
[2026-09-27 12:47:16.133] [info] Creating v table
[2026-09-27 12:47:16.133] [info] Creating E arrays
[2026-09-27 12:47:16.133] [info] Computing chunks for parallel execution. Total input size: 20013. Requested chunks: 1
[2026-09-27 12:47:16.138] [info] BWT ranges divided in 1 chunks.
[2026-09-27 12:47:16.145] [info] Chunk 1/1 completed
[2026-09-27 12:47:16.145] [info] Completed rle string merge
[2026-09-27 12:47:16.160] [info] Processed: 1024 Skipped: 45
[2026-09-27 12:47:16.160] [info] Chunk 1/1 completed
[2026-09-27 12:47:16.160] [info] Writing out sa values at run heads
[2026-09-27 12:47:16.160] [info] Done
