[2026-09-27 12:47:17.426] [info] Using 8 bytes for computing SA of the dictionary
[2026-09-27 12:47:17.440] [info] Using 3 bytes for storing SA of the dictionary
[2026-09-27 12:47:17.441] [info] Elapsed time (s): 0.015523112
[2026-09-27 12:47:17.441] [info] Using 2 bytes for DA of the dictionary
[2026-09-27 12:47:17.443] [info] Elapsed time (s): 0.001949963
[2026-09-27 12:47:17.443] [info] Using 3 bytes for ISA of the dictionary
[2026-09-27 12:47:17.446] [info] Elapsed time (s): 0.002449363
[2026-09-27 12:47:17.446] [info] Using 2 bytes for LCP of the dictionary
[2026-09-27 12:47:17.452] [info] Elapsed time (s): 0.005866138
[2026-09-27 12:47:17.452] [info] Using 2 bytes for colex id and inverse colex id array of the dictionary
[2026-09-27 12:47:17.453] [info] Elapsed time (s): 0.001197662
[2026-09-27 12:47:17.453] [info] Using 8 bytes for computing SA of the dictionary
[2026-09-27 12:47:17.453] [info] Using 2 bytes for storing SA of the dictionary
[2026-09-27 12:47:17.453] [info] Elapsed time (s): 0.000243891
[2026-09-27 12:47:17.453] [info] Using 1 bytes for DA of the dictionary
[2026-09-27 12:47:17.453] [info] Elapsed time (s): 2.855e-05
[2026-09-27 12:47:17.453] [info] Using 2 bytes for ISA of the dictionary
[2026-09-27 12:47:17.453] [info] Elapsed time (s): 2.387e-05
[2026-09-27 12:47:17.453] [info] Using 1 bytes for LCP of the dictionary
[2026-09-27 12:47:17.453] [info] Elapsed time (s): 3.125e-05
[2026-09-27 12:47:17.453] [info] Computing RMQ over LCP of dictionary
[2026-09-27 12:47:17.453] [info] Elapsed time (s): 6.692e-05
[2026-09-27 12:47:17.453] [info] Using 1 bytes for colex DA of the dictionary
[2026-09-27 12:47:17.453] [info] Using 1 bytes for colex id and inverse colex id array of the dictionary
[2026-09-27 12:47:17.454] [info] Elapsed time (s): 0.00031732
[2026-09-27 12:47:17.454] [info] Using 8 bytes for computing SA of the parsing
[2026-09-27 12:47:17.454] [info] Using 1 bytes for storing SA of the parsing
[2026-09-27 12:47:17.454] [info] Elapsed time (s): 1.843e-05
[2026-09-27 12:47:17.454] [info] Computing b_p
[2026-09-27 12:47:17.454] [info] Computing b_bwt and M of the parsing
[2026-09-27 12:47:17.454] [info] Computing inverted list of BWT(P)
[2026-09-27 12:47:17.454] [info] Using 1 bytes for storing the inverted list of the BWT of the parse
[2026-09-27 12:47:17.454] [info] Precomputing d lengths
[2026-09-27 12:47:17.454] [info] Precomputing d lengths
[2026-09-27 12:47:17.454] [info] Creating v table
[2026-09-27 12:47:17.454] [info] Creating E arrays
[2026-09-27 12:47:17.454] [info] Computing chunks for parallel execution. Total input size: 200013. Requested chunks: 1
[2026-09-27 12:47:17.461] [info] BWT ranges divided in 1 chunks.
[2026-09-27 12:47:17.478] [info] Chunk 1/1 completed
[2026-09-27 12:47:17.483] [info] Completed rle string merge
[2026-09-27 12:47:17.589] [info] Processed: 252 Skipped: 3
[2026-09-27 12:47:17.589] [info] Chunk 1/1 completed
[2026-09-27 12:47:17.589] [info] Writing out sa values at run heads
[2026-09-27 12:47:17.591] [info] Done
