[2026-09-27 12:47:57.623] [info] Using 8 bytes for computing SA of the dictionary
[2026-09-27 12:47:57.624] [info] Using 2 bytes for storing SA of the dictionary
[2026-09-27 12:47:57.624] [info] Elapsed time (s): 0.001609283
[2026-09-27 12:47:57.624] [info] Using 2 bytes for DA of the dictionary
[2026-09-27 12:47:57.624] [info] Elapsed time (s): 0.00023195
[2026-09-27 12:47:57.624] [info] Using 2 bytes for ISA of the dictionary
[2026-09-27 12:47:57.625] [info] Elapsed time (s): 0.00020394
[2026-09-27 12:47:57.625] [info] Using 2 bytes for LCP of the dictionary
[2026-09-27 12:47:57.625] [info] Elapsed time (s): 0.000407411
[2026-09-27 12:47:57.625] [info] Using 2 bytes for colex id and inverse colex id array of the dictionary
[2026-09-27 12:47:57.625] [info] Elapsed time (s): 0.00015181
[2026-09-27 12:47:57.625] [info] Using 8 bytes for computing SA of the dictionary
[2026-09-27 12:47:57.625] [info] Using 2 bytes for storing SA of the dictionary
[2026-09-27 12:47:57.625] [info] Elapsed time (s): 3.565e-05
[2026-09-27 12:47:57.625] [info] Using 1 bytes for DA of the dictionary
[2026-09-27 12:47:57.625] [info] Elapsed time (s): 4.98e-06
[2026-09-27 12:47:57.625] [info] Using 2 bytes for ISA of the dictionary
[2026-09-27 12:47:57.625] [info] Elapsed time (s): 4.58e-06
[2026-09-27 12:47:57.625] [info] Using 1 bytes for LCP of the dictionary
[2026-09-27 12:47:57.625] [info] Elapsed time (s): 5.76e-06
[2026-09-27 12:47:57.625] [info] Computing RMQ over LCP of dictionary
[2026-09-27 12:47:57.625] [info] Elapsed time (s): 1.133e-05
[2026-09-27 12:47:57.625] [info] Using 1 bytes for colex DA of the dictionary
[2026-09-27 12:47:57.625] [info] Using 1 bytes for colex id and inverse colex id array of the dictionary
[2026-09-27 12:47:57.625] [info] Elapsed time (s): 4.455e-05
[2026-09-27 12:47:57.625] [info] Using 8 bytes for computing SA of the parsing
[2026-09-27 12:47:57.625] [info] Using 1 bytes for storing SA of the parsing
[2026-09-27 12:47:57.625] [info] Elapsed time (s): 5.67e-06
[2026-09-27 12:47:57.625] [info] Computing b_p
[2026-09-27 12:47:57.625] [info] Computing b_bwt and M of the parsing
[2026-09-27 12:47:57.625] [info] Computing inverted list of BWT(P)
[2026-09-27 12:47:57.625] [info] Using 1 bytes for storing the inverted list of the BWT of the parse
[2026-09-27 12:47:57.625] [info] Precomputing d lengths
[2026-09-27 12:47:57.626] [info] Precomputing d lengths
[2026-09-27 12:47:57.626] [info] Creating v table
[2026-09-27 12:47:57.626] [info] Creating E arrays
[2026-09-27 12:47:57.626] [info] Computing chunks for parallel execution. Total input size: 20013. Requested chunks: 1
[2026-09-27 12:47:57.630] [info] BWT ranges divided in 1 chunks.
[2026-09-27 12:47:57.637] [info] Chunk 1/1 completed
[2026-09-27 12:47:57.637] [info] Completed rle string merge
[2026-09-27 12:47:57.652] [info] Processed: 1024 Skipped: 45
[2026-09-27 12:47:57.652] [info] Chunk 1/1 completed
[2026-09-27 12:47:57.652] [info] Writing out sa values at run heads
[2026-09-27 12:47:57.653] [info] Done
