[2026-09-27 12:47:56.929] [info] Using 8 bytes for computing SA of the dictionary
[2026-09-27 12:47:56.930] [info] Using 2 bytes for storing SA of the dictionary
[2026-09-27 12:47:56.930] [info] Elapsed time (s): 0.00021891
[2026-09-27 12:47:56.930] [info] Using 1 bytes for DA of the dictionary
[2026-09-27 12:47:56.930] [info] Elapsed time (s): 2.155e-05
[2026-09-27 12:47:56.930] [info] Using 2 bytes for ISA of the dictionary
[2026-09-27 12:47:56.930] [info] Elapsed time (s): 1.895e-05
[2026-09-27 12:47:56.930] [info] Using 1 bytes for LCP of the dictionary
[2026-09-27 12:47:56.930] [info] Elapsed time (s): 4.124e-05
[2026-09-27 12:47:56.930] [info] Using 1 bytes for colex id and inverse colex id array of the dictionary
[2026-09-27 12:47:56.930] [info] Elapsed time (s): 1.529e-05
[2026-09-27 12:47:56.930] [info] Using 8 bytes for computing SA of the dictionary
[2026-09-27 12:47:56.930] [info] Using 1 bytes for storing SA of the dictionary
[2026-09-27 12:47:56.930] [info] Elapsed time (s): 1.003e-05
[2026-09-27 12:47:56.930] [info] Using 1 bytes for DA of the dictionary
[2026-09-27 12:47:56.930] [info] Elapsed time (s): 2.07e-06
[2026-09-27 12:47:56.930] [info] Using 1 bytes for ISA of the dictionary
[2026-09-27 12:47:56.930] [info] Elapsed time (s): 1.89e-06
[2026-09-27 12:47:56.930] [info] Using 1 bytes for LCP of the dictionary
[2026-09-27 12:47:56.930] [info] Elapsed time (s): 2.36e-06
[2026-09-27 12:47:56.930] [info] Computing RMQ over LCP of dictionary
[2026-09-27 12:47:56.930] [info] Elapsed time (s): 7.9e-06
[2026-09-27 12:47:56.930] [info] Using 1 bytes for colex DA of the dictionary
[2026-09-27 12:47:56.930] [info] Using 1 bytes for colex id and inverse colex id array of the dictionary
[2026-09-27 12:47:56.930] [info] Elapsed time (s): 1.131e-05
[2026-09-27 12:47:56.930] [info] Using 8 bytes for computing SA of the parsing
[2026-09-27 12:47:56.930] [info] Using 1 bytes for storing SA of the parsing
[2026-09-27 12:47:56.930] [info] Elapsed time (s): 4.29e-06
[2026-09-27 12:47:56.930] [info] Computing b_p
[2026-09-27 12:47:56.930] [info] Computing b_bwt and M of the parsing
[2026-09-27 12:47:56.930] [info] Computing inverted list of BWT(P)
[2026-09-27 12:47:56.930] [info] Using 1 bytes for storing the inverted list of the BWT of the parse
[2026-09-27 12:47:56.930] [info] Precomputing d lengths
[2026-09-27 12:47:56.930] [info] Precomputing d lengths
[2026-09-27 12:47:56.930] [info] Creating v table
[2026-09-27 12:47:56.930] [info] Creating E arrays
[2026-09-27 12:47:56.930] [info] Computing chunks for parallel execution. Total input size: 2013. Requested chunks: 1
[2026-09-27 12:47:56.930] [info] BWT ranges divided in 1 chunks.
[2026-09-27 12:47:56.931] [info] Chunk 1/1 completed
[2026-09-27 12:47:56.931] [info] Completed rle string merge
[2026-09-27 12:47:56.932] [info] Processed: 0 Skipped: 0
[2026-09-27 12:47:56.932] [info] Chunk 1/1 completed
[2026-09-27 12:47:56.932] [info] Writing out sa values at run heads
[2026-09-27 12:47:56.932] [info] Done
