[2026-09-27 12:47:16.630] [info] Using 8 bytes for computing SA of the dictionary
[2026-09-27 12:47:16.645] [info] Using 3 bytes for storing SA of the dictionary
[2026-09-27 12:47:16.645] [info] Elapsed time (s): 0.015698722
[2026-09-27 12:47:16.646] [info] Using 2 bytes for DA of the dictionary
[2026-09-27 12:47:16.648] [info] Elapsed time (s): 0.002279614
[2026-09-27 12:47:16.648] [info] Using 3 bytes for ISA of the dictionary
[2026-09-27 12:47:16.650] [info] Elapsed time (s): 0.002587693
[2026-09-27 12:47:16.650] [info] Using 2 bytes for LCP of the dictionary
[2026-09-27 12:47:16.657] [info] Elapsed time (s): 0.00692845
[2026-09-27 12:47:16.657] [info] Using 2 bytes for colex id and inverse colex id array of the dictionary
[2026-09-27 12:47:16.659] [info] Elapsed time (s): 0.001417432
[2026-09-27 12:47:16.659] [info] Using 8 bytes for computing SA of the dictionary
[2026-09-27 12:47:16.659] [info] Using 2 bytes for storing SA of the dictionary
[2026-09-27 12:47:16.659] [info] Elapsed time (s): 0.000218631
[2026-09-27 12:47:16.659] [info] Using 1 bytes for DA of the dictionary
[2026-09-27 12:47:16.659] [info] Elapsed time (s): 2.842e-05
[2026-09-27 12:47:16.659] [info] Using 2 bytes for ISA of the dictionary
[2026-09-27 12:47:16.659] [info] Elapsed time (s): 2.371e-05
[2026-09-27 12:47:16.659] [info] Using 1 bytes for LCP of the dictionary
[2026-09-27 12:47:16.659] [info] Elapsed time (s): 3.11e-05
[2026-09-27 12:47:16.659] [info] Computing RMQ over LCP of dictionary
[2026-09-27 12:47:16.659] [info] Elapsed time (s): 6.853e-05
[2026-09-27 12:47:16.659] [info] Using 1 bytes for colex DA of the dictionary
[2026-09-27 12:47:16.659] [info] Using 1 bytes for colex id and inverse colex id array of the dictionary
[2026-09-27 12:47:16.660] [info] Elapsed time (s): 0.00031374
[2026-09-27 12:47:16.660] [info] Using 8 bytes for computing SA of the parsing
[2026-09-27 12:47:16.660] [info] Using 1 bytes for storing SA of the parsing
[2026-09-27 12:47:16.660] [info] Elapsed time (s): 1.3941e-05
[2026-09-27 12:47:16.660] [info] Computing b_p
[2026-09-27 12:47:16.660] [info] Computing b_bwt and M of the parsing
[2026-09-27 12:47:16.660] [info] Computing inverted list of BWT(P)
[2026-09-27 12:47:16.660] [info] Using 1 bytes for storing the inverted list of the BWT of the parse
[2026-09-27 12:47:16.660] [info] Precomputing d lengths
[2026-09-27 12:47:16.660] [info] Precomputing d lengths
[2026-09-27 12:47:16.660] [info] Creating v table
[2026-09-27 12:47:16.660] [info] Creating E arrays
[2026-09-27 12:47:16.660] [info] Computing chunks for parallel execution. Total input size: 200013. Requested chunks: 1
[2026-09-27 12:47:16.668] [info] BWT ranges divided in 1 chunks.
[2026-09-27 12:47:16.687] [info] Chunk 1/1 completed
[2026-09-27 12:47:16.693] [info] Completed rle string merge
[2026-09-27 12:47:16.800] [info] Processed: 252 Skipped: 3
[2026-09-27 12:47:16.800] [info] Chunk 1/1 completed
[2026-09-27 12:47:16.800] [info] Writing out sa values at run heads
[2026-09-27 12:47:16.803] [info] Done
