[2026-09-27 12:45:19.129] [info] Using 8 bytes for computing SA of the dictionary
[2026-09-27 12:45:19.129] [info] Using 2 bytes for storing SA of the dictionary
[2026-09-27 12:45:19.129] [info] Elapsed time (s): 0.000255001
[2026-09-27 12:45:19.129] [info] Using 1 bytes for DA of the dictionary
[2026-09-27 12:45:19.129] [info] Elapsed time (s): 2.163e-05
[2026-09-27 12:45:19.129] [info] Using 2 bytes for ISA of the dictionary
[2026-09-27 12:45:19.129] [info] Elapsed time (s): 1.885e-05
[2026-09-27 12:45:19.129] [info] Using 1 bytes for LCP of the dictionary
[2026-09-27 12:45:19.129] [info] Elapsed time (s): 4.165e-05
[2026-09-27 12:45:19.129] [info] Using 1 bytes for colex id and inverse colex id array of the dictionary
[2026-09-27 12:45:19.129] [info] Elapsed time (s): 1.499e-05
[2026-09-27 12:45:19.129] [info] Using 8 bytes for computing SA of the dictionary
[2026-09-27 12:45:19.129] [info] Using 1 bytes for storing SA of the dictionary
[2026-09-27 12:45:19.129] [info] Elapsed time (s): 8.1e-06
[2026-09-27 12:45:19.129] [info] Using 1 bytes for DA of the dictionary
[2026-09-27 12:45:19.129] [info] Elapsed time (s): 2.21e-06
[2026-09-27 12:45:19.129] [info] Using 1 bytes for ISA of the dictionary
[2026-09-27 12:45:19.129] [info] Elapsed time (s): 1.92e-06
[2026-09-27 12:45:19.129] [info] Using 1 bytes for LCP of the dictionary
[2026-09-27 12:45:19.129] [info] Elapsed time (s): 2.4e-06
[2026-09-27 12:45:19.129] [info] Computing RMQ over LCP of dictionary
[2026-09-27 12:45:19.129] [info] Elapsed time (s): 4.7e-06
[2026-09-27 12:45:19.129] [info] Using 1 bytes for colex DA of the dictionary
[2026-09-27 12:45:19.129] [info] Using 1 bytes for colex id and inverse colex id array of the dictionary
[2026-09-27 12:45:19.129] [info] Elapsed time (s): 1.18e-05
[2026-09-27 12:45:19.129] [info] Using 8 bytes for computing SA of the parsing
[2026-09-27 12:45:19.129] [info] Using 1 bytes for storing SA of the parsing
[2026-09-27 12:45:19.129] [info] Elapsed time (s): 4.51e-06
[2026-09-27 12:45:19.129] [info] Computing b_p
[2026-09-27 12:45:19.129] [info] Computing b_bwt and M of the parsing
[2026-09-27 12:45:19.129] [info] Computing inverted list of BWT(P)
[2026-09-27 12:45:19.129] [info] Using 1 bytes for storing the inverted list of the BWT of the parse
[2026-09-27 12:45:19.129] [info] Precomputing d lengths
[2026-09-27 12:45:19.129] [info] Precomputing d lengths
[2026-09-27 12:45:19.129] [info] Creating v table
[2026-09-27 12:45:19.129] [info] Creating E arrays
[2026-09-27 12:45:19.129] [info] Computing chunks for parallel execution. Total input size: 2013. Requested chunks: 1
[2026-09-27 12:45:19.129] [info] BWT ranges divided in 1 chunks.
[2026-09-27 12:45:19.130] [info] Chunk 1/1 completed
[2026-09-27 12:45:19.130] [info] Completed rle string merge
[2026-09-27 12:45:19.132] [info] Processed: 0 Skipped: 0
[2026-09-27 12:45:19.132] [info] Chunk 1/1 completed
[2026-09-27 12:45:19.132] [info] Writing out sa values at run heads
[2026-09-27 12:45:19.132] [info] Done
