[2026-09-27 12:45:19.310] [info] Using 8 bytes for computing SA of the dictionary
[2026-09-27 12:45:19.312] [info] Using 2 bytes for storing SA of the dictionary
[2026-09-27 12:45:19.312] [info] Elapsed time (s): 0.001626643
[2026-09-27 12:45:19.312] [info] Using 2 bytes for DA of the dictionary
[2026-09-27 12:45:19.312] [info] Elapsed time (s): 0.0002098
[2026-09-27 12:45:19.312] [info] Using 2 bytes for ISA of the dictionary
[2026-09-27 12:45:19.312] [info] Elapsed time (s): 0.00019396
[2026-09-27 12:45:19.312] [info] Using 2 bytes for LCP of the dictionary
[2026-09-27 12:45:19.313] [info] Elapsed time (s): 0.000417491
[2026-09-27 12:45:19.313] [info] Using 2 bytes for colex id and inverse colex id array of the dictionary
[2026-09-27 12:45:19.313] [info] Elapsed time (s): 0.00015235
[2026-09-27 12:45:19.313] [info] Using 8 bytes for computing SA of the dictionary
[2026-09-27 12:45:19.313] [info] Using 2 bytes for storing SA of the dictionary
[2026-09-27 12:45:19.313] [info] Elapsed time (s): 3.591e-05
[2026-09-27 12:45:19.313] [info] Using 1 bytes for DA of the dictionary
[2026-09-27 12:45:19.313] [info] Elapsed time (s): 5.08e-06
[2026-09-27 12:45:19.313] [info] Using 2 bytes for ISA of the dictionary
[2026-09-27 12:45:19.313] [info] Elapsed time (s): 4.61e-06
[2026-09-27 12:45:19.313] [info] Using 1 bytes for LCP of the dictionary
[2026-09-27 12:45:19.313] [info] Elapsed time (s): 5.76e-06
[2026-09-27 12:45:19.313] [info] Computing RMQ over LCP of dictionary
[2026-09-27 12:45:19.313] [info] Elapsed time (s): 1.122e-05
[2026-09-27 12:45:19.313] [info] Using 1 bytes for colex DA of the dictionary
[2026-09-27 12:45:19.313] [info] Using 1 bytes for colex id and inverse colex id array of the dictionary
[2026-09-27 12:45:19.313] [info] Elapsed time (s): 4.405e-05
[2026-09-27 12:45:19.313] [info] Using 8 bytes for computing SA of the parsing
[2026-09-27 12:45:19.313] [info] Using 1 bytes for storing SA of the parsing
[2026-09-27 12:45:19.313] [info] Elapsed time (s): 6.02e-06
[2026-09-27 12:45:19.313] [info] Computing b_p
[2026-09-27 12:45:19.313] [info] Computing b_bwt and M of the parsing
[2026-09-27 12:45:19.313] [info] Computing inverted list of BWT(P)
[2026-09-27 12:45:19.313] [info] Using 1 bytes for storing the inverted list of the BWT of the parse
[2026-09-27 12:45:19.313] [info] Precomputing d lengths
[2026-09-27 12:45:19.313] [info] Precomputing d lengths
[2026-09-27 12:45:19.313] [info] Creating v table
[2026-09-27 12:45:19.313] [info] Creating E arrays
[2026-09-27 12:45:19.313] [info] Computing chunks for parallel execution. Total input size: 20013. Requested chunks: 1
[2026-09-27 12:45:19.318] [info] BWT ranges divided in 1 chunks.
[2026-09-27 12:45:19.324] [info] Chunk 1/1 completed
[2026-09-27 12:45:19.325] [info] Completed rle string merge
[2026-09-27 12:45:19.340] [info] Processed: 1024 Skipped: 45
[2026-09-27 12:45:19.340] [info] Chunk 1/1 completed
[2026-09-27 12:45:19.340] [info] Writing out sa values at run heads
[2026-09-27 12:45:19.340] [info] Done
