[2026-09-27 12:47:15.713] [info] Using 8 bytes for computing SA of the dictionary
[2026-09-27 12:47:15.714] [info] Using 2 bytes for storing SA of the dictionary
[2026-09-27 12:47:15.714] [info] Elapsed time (s): 0.001629322
[2026-09-27 12:47:15.714] [info] Using 1 bytes for DA of the dictionary
[2026-09-27 12:47:15.715] [info] Elapsed time (s): 0.000207101
[2026-09-27 12:47:15.715] [info] Using 2 bytes for ISA of the dictionary
[2026-09-27 12:47:15.715] [info] Elapsed time (s): 0.00018192
[2026-09-27 12:47:15.715] [info] Using 2 bytes for LCP of the dictionary
[2026-09-27 12:47:15.715] [info] Elapsed time (s): 0.000461891
[2026-09-27 12:47:15.715] [info] Using 1 bytes for colex id and inverse colex id array of the dictionary
[2026-09-27 12:47:15.715] [info] Elapsed time (s): 0.00012545
[2026-09-27 12:47:15.715] [info] Using 8 bytes for computing SA of the dictionary
[2026-09-27 12:47:15.715] [info] Using 2 bytes for storing SA of the dictionary
[2026-09-27 12:47:15.715] [info] Elapsed time (s): 2.677e-05
[2026-09-27 12:47:15.715] [info] Using 1 bytes for DA of the dictionary
[2026-09-27 12:47:15.715] [info] Elapsed time (s): 4.19e-06
[2026-09-27 12:47:15.715] [info] Using 2 bytes for ISA of the dictionary
[2026-09-27 12:47:15.715] [info] Elapsed time (s): 3.97e-06
[2026-09-27 12:47:15.715] [info] Using 1 bytes for LCP of the dictionary
[2026-09-27 12:47:15.715] [info] Elapsed time (s): 4.64e-06
[2026-09-27 12:47:15.715] [info] Computing RMQ over LCP of dictionary
[2026-09-27 12:47:15.716] [info] Elapsed time (s): 9.01e-06
[2026-09-27 12:47:15.716] [info] Using 1 bytes for colex DA of the dictionary
[2026-09-27 12:47:15.716] [info] Using 1 bytes for colex id and inverse colex id array of the dictionary
[2026-09-27 12:47:15.716] [info] Elapsed time (s): 3.316e-05
[2026-09-27 12:47:15.716] [info] Using 8 bytes for computing SA of the parsing
[2026-09-27 12:47:15.716] [info] Using 1 bytes for storing SA of the parsing
[2026-09-27 12:47:15.716] [info] Elapsed time (s): 5.38e-06
[2026-09-27 12:47:15.716] [info] Computing b_p
[2026-09-27 12:47:15.716] [info] Computing b_bwt and M of the parsing
[2026-09-27 12:47:15.716] [info] Computing inverted list of BWT(P)
[2026-09-27 12:47:15.716] [info] Using 1 bytes for storing the inverted list of the BWT of the parse
[2026-09-27 12:47:15.716] [info] Precomputing d lengths
[2026-09-27 12:47:15.716] [info] Precomputing d lengths
[2026-09-27 12:47:15.716] [info] Creating v table
[2026-09-27 12:47:15.716] [info] Creating E arrays
[2026-09-27 12:47:15.716] [info] Computing chunks for parallel execution. Total input size: 20013. Requested chunks: 1
[2026-09-27 12:47:15.721] [info] BWT ranges divided in 1 chunks.
[2026-09-27 12:47:15.728] [info] Chunk 1/1 completed
[2026-09-27 12:47:15.729] [info] Completed rle string merge
[2026-09-27 12:47:15.746] [info] Processed: 5 Skipped: 0
[2026-09-27 12:47:15.746] [info] Chunk 1/1 completed
[2026-09-27 12:47:15.746] [info] Writing out sa values at run heads
[2026-09-27 12:47:15.747] [info] Done
