[2026-09-27 12:47:16.361] [info] Using 8 bytes for computing SA of the dictionary
[2026-09-27 12:47:16.362] [info] Using 2 bytes for storing SA of the dictionary
[2026-09-27 12:47:16.362] [info] Elapsed time (s): 0.001619362
[2026-09-27 12:47:16.362] [info] Using 2 bytes for DA of the dictionary
[2026-09-27 12:47:16.363] [info] Elapsed time (s): 0.000230211
[2026-09-27 12:47:16.363] [info] Using 2 bytes for ISA of the dictionary
[2026-09-27 12:47:16.363] [info] Elapsed time (s): 0.0001905
[2026-09-27 12:47:16.363] [info] Using 2 bytes for LCP of the dictionary
[2026-09-27 12:47:16.363] [info] Elapsed time (s): 0.000404661
[2026-09-27 12:47:16.363] [info] Using 2 bytes for colex id and inverse colex id array of the dictionary
[2026-09-27 12:47:16.363] [info] Elapsed time (s): 0.00015215
[2026-09-27 12:47:16.364] [info] Using 8 bytes for computing SA of the dictionary
[2026-09-27 12:47:16.364] [info] Using 2 bytes for storing SA of the dictionary
[2026-09-27 12:47:16.364] [info] Elapsed time (s): 3.501e-05
[2026-09-27 12:47:16.364] [info] Using 1 bytes for DA of the dictionary
[2026-09-27 12:47:16.364] [info] Elapsed time (s): 5.01e-06
[2026-09-27 12:47:16.364] [info] Using 2 bytes for ISA of the dictionary
[2026-09-27 12:47:16.364] [info] Elapsed time (s): 4.61e-06
[2026-09-27 12:47:16.364] [info] Using 1 bytes for LCP of the dictionary
[2026-09-27 12:47:16.364] [info] Elapsed time (s): 5.73e-06
[2026-09-27 12:47:16.364] [info] Computing RMQ over LCP of dictionary
[2026-09-27 12:47:16.364] [info] Elapsed time (s): 1.118e-05
[2026-09-27 12:47:16.364] [info] Using 1 bytes for colex DA of the dictionary
[2026-09-27 12:47:16.364] [info] Using 1 bytes for colex id and inverse colex id array of the dictionary
[2026-09-27 12:47:16.364] [info] Elapsed time (s): 4.447e-05
[2026-09-27 12:47:16.364] [info] Using 8 bytes for computing SA of the parsing
[2026-09-27 12:47:16.364] [info] Using 1 bytes for storing SA of the parsing
[2026-09-27 12:47:16.364] [info] Elapsed time (s): 7.65e-06
[2026-09-27 12:47:16.364] [info] Computing b_p
[2026-09-27 12:47:16.364] [info] Computing b_bwt and M of the parsing
[2026-09-27 12:47:16.364] [info] Computing inverted list of BWT(P)
[2026-09-27 12:47:16.364] [info] Using 1 bytes for storing the inverted list of the BWT of the parse
[2026-09-27 12:47:16.364] [info] Precomputing d lengths
[2026-09-27 12:47:16.364] [info] Precomputing d lengths
[2026-09-27 12:47:16.364] [info] Creating v table
[2026-09-27 12:47:16.364] [info] Creating E arrays
[2026-09-27 12:47:16.364] [info] Computing chunks for parallel execution. Total input size: 20013. Requested chunks: 1
[2026-09-27 12:47:16.368] [info] BWT ranges divided in 1 chunks.
[2026-09-27 12:47:16.375] [info] Chunk 1/1 completed
[2026-09-27 12:47:16.375] [info] Completed rle string merge
[2026-09-27 12:47:16.388] [info] Processed: 1024 Skipped: 45
[2026-09-27 12:47:16.388] [info] Chunk 1/1 completed
[2026-09-27 12:47:16.388] [info] Writing out sa values at run heads
[2026-09-27 12:47:16.388] [info] Done
