[2026-09-27 12:45:18.970] [info] Using 8 bytes for computing SA of the dictionary
[2026-09-27 12:45:18.970] [info] Using 2 bytes for storing SA of the dictionary
[2026-09-27 12:45:18.970] [info] Elapsed time (s): 0.000227751
[2026-09-27 12:45:18.970] [info] Using 1 bytes for DA of the dictionary
[2026-09-27 12:45:18.970] [info] Elapsed time (s): 1.833e-05
[2026-09-27 12:45:18.970] [info] Using 2 bytes for ISA of the dictionary
[2026-09-27 12:45:18.970] [info] Elapsed time (s): 1.58e-05
[2026-09-27 12:45:18.970] [info] Using 1 bytes for LCP of the dictionary
[2026-09-27 12:45:18.970] [info] Elapsed time (s): 3.491e-05
[2026-09-27 12:45:18.970] [info] Using 1 bytes for colex id and inverse colex id array of the dictionary
[2026-09-27 12:45:18.970] [info] Elapsed time (s): 1.496e-05
[2026-09-27 12:45:18.970] [info] Using 8 bytes for computing SA of the dictionary
[2026-09-27 12:45:18.970] [info] Using 1 bytes for storing SA of the dictionary
[2026-09-27 12:45:18.970] [info] Elapsed time (s): 8.04e-06
[2026-09-27 12:45:18.970] [info] Using 1 bytes for DA of the dictionary
[2026-09-27 12:45:18.970] [info] Elapsed time (s): 1.84e-06
[2026-09-27 12:45:18.970] [info] Using 1 bytes for ISA of the dictionary
[2026-09-27 12:45:18.970] [info] Elapsed time (s): 1.58e-06
[2026-09-27 12:45:18.970] [info] Using 1 bytes for LCP of the dictionary
[2026-09-27 12:45:18.970] [info] Elapsed time (s): 2.05e-06
[2026-09-27 12:45:18.970] [info] Computing RMQ over LCP of dictionary
[2026-09-27 12:45:18.970] [info] Elapsed time (s): 8.47e-06
[2026-09-27 12:45:18.970] [info] Using 1 bytes for colex DA of the dictionary
[2026-09-27 12:45:18.970] [info] Using 1 bytes for colex id and inverse colex id array of the dictionary
[2026-09-27 12:45:18.970] [info] Elapsed time (s): 1.263e-05
[2026-09-27 12:45:18.970] [info] Using 8 bytes for computing SA of the parsing
[2026-09-27 12:45:18.970] [info] Using 1 bytes for storing SA of the parsing
[2026-09-27 12:45:18.970] [info] Elapsed time (s): 5.12e-06
[2026-09-27 12:45:18.970] [info] Computing b_p
[2026-09-27 12:45:18.970] [info] Computing b_bwt and M of the parsing
[2026-09-27 12:45:18.970] [info] Computing inverted list of BWT(P)
[2026-09-27 12:45:18.970] [info] Using 1 bytes for storing the inverted list of the BWT of the parse
[2026-09-27 12:45:18.970] [info] Precomputing d lengths
[2026-09-27 12:45:18.970] [info] Precomputing d lengths
[2026-09-27 12:45:18.970] [info] Creating v table
[2026-09-27 12:45:18.970] [info] Creating E arrays
[2026-09-27 12:45:18.970] [info] Computing chunks for parallel execution. Total input size: 2013. Requested chunks: 1
[2026-09-27 12:45:18.971] [info] BWT ranges divided in 1 chunks.
[2026-09-27 12:45:18.971] [info] Chunk 1/1 completed
[2026-09-27 12:45:18.971] [info] Completed rle string merge
[2026-09-27 12:45:18.973] [info] Processed: 0 Skipped: 0
[2026-09-27 12:45:18.973] [info] Chunk 1/1 completed
[2026-09-27 12:45:18.973] [info] Writing out sa values at run heads
[2026-09-27 12:45:18.973] [info] Done
