[2026-09-27 12:47:15.995] [info] Using 8 bytes for computing SA of the dictionary
[2026-09-27 12:47:15.997] [info] Using 2 bytes for storing SA of the dictionary
[2026-09-27 12:47:15.997] [info] Elapsed time (s): 0.001686863
[2026-09-27 12:47:15.997] [info] Using 1 bytes for DA of the dictionary
[2026-09-27 12:47:15.997] [info] Elapsed time (s): 0.00019768
[2026-09-27 12:47:15.997] [info] Using 2 bytes for ISA of the dictionary
[2026-09-27 12:47:15.997] [info] Elapsed time (s): 0.00018146
[2026-09-27 12:47:15.997] [info] Using 2 bytes for LCP of the dictionary
[2026-09-27 12:47:15.998] [info] Elapsed time (s): 0.000470371
[2026-09-27 12:47:15.998] [info] Using 1 bytes for colex id and inverse colex id array of the dictionary
[2026-09-27 12:47:15.998] [info] Elapsed time (s): 0.0001252
[2026-09-27 12:47:15.998] [info] Using 8 bytes for computing SA of the dictionary
[2026-09-27 12:47:15.998] [info] Using 2 bytes for storing SA of the dictionary
[2026-09-27 12:47:15.998] [info] Elapsed time (s): 2.812e-05
[2026-09-27 12:47:15.998] [info] Using 1 bytes for DA of the dictionary
[2026-09-27 12:47:15.998] [info] Elapsed time (s): 4.15e-06
[2026-09-27 12:47:15.998] [info] Using 2 bytes for ISA of the dictionary
[2026-09-27 12:47:15.998] [info] Elapsed time (s): 3.87e-06
[2026-09-27 12:47:15.998] [info] Using 1 bytes for LCP of the dictionary
[2026-09-27 12:47:15.998] [info] Elapsed time (s): 4.59e-06
[2026-09-27 12:47:15.998] [info] Computing RMQ over LCP of dictionary
[2026-09-27 12:47:15.998] [info] Elapsed time (s): 1.416e-05
[2026-09-27 12:47:15.998] [info] Using 1 bytes for colex DA of the dictionary
[2026-09-27 12:47:15.998] [info] Using 1 bytes for colex id and inverse colex id array of the dictionary
[2026-09-27 12:47:15.998] [info] Elapsed time (s): 3.545e-05
[2026-09-27 12:47:15.998] [info] Using 8 bytes for computing SA of the parsing
[2026-09-27 12:47:15.998] [info] Using 1 bytes for storing SA of the parsing
[2026-09-27 12:47:15.998] [info] Elapsed time (s): 6.26e-06
[2026-09-27 12:47:15.998] [info] Computing b_p
[2026-09-27 12:47:15.998] [info] Computing b_bwt and M of the parsing
[2026-09-27 12:47:15.998] [info] Computing inverted list of BWT(P)
[2026-09-27 12:47:15.998] [info] Using 1 bytes for storing the inverted list of the BWT of the parse
[2026-09-27 12:47:15.998] [info] Precomputing d lengths
[2026-09-27 12:47:15.998] [info] Precomputing d lengths
[2026-09-27 12:47:15.998] [info] Creating v table
[2026-09-27 12:47:15.998] [info] Creating E arrays
[2026-09-27 12:47:15.998] [info] Computing chunks for parallel execution. Total input size: 20013. Requested chunks: 1
[2026-09-27 12:47:16.004] [info] BWT ranges divided in 1 chunks.
[2026-09-27 12:47:16.010] [info] Chunk 1/1 completed
[2026-09-27 12:47:16.011] [info] Completed rle string merge
[2026-09-27 12:47:16.025] [info] Processed: 5 Skipped: 0
[2026-09-27 12:47:16.025] [info] Chunk 1/1 completed
[2026-09-27 12:47:16.025] [info] Writing out sa values at run heads
[2026-09-27 12:47:16.026] [info] Done
