[2026-09-27 12:47:58.443] [info] Using 8 bytes for computing SA of the dictionary
[2026-09-27 12:47:58.458] [info] Using 3 bytes for storing SA of the dictionary
[2026-09-27 12:47:58.459] [info] Elapsed time (s): 0.015839002
[2026-09-27 12:47:58.459] [info] Using 2 bytes for DA of the dictionary
[2026-09-27 12:47:58.462] [info] Elapsed time (s): 0.002281184
[2026-09-27 12:47:58.462] [info] Using 3 bytes for ISA of the dictionary
[2026-09-27 12:47:58.464] [info] Elapsed time (s): 0.002621093
[2026-09-27 12:47:58.464] [info] Using 2 bytes for LCP of the dictionary
[2026-09-27 12:47:58.471] [info] Elapsed time (s): 0.00703497
[2026-09-27 12:47:58.471] [info] Using 2 bytes for colex id and inverse colex id array of the dictionary
[2026-09-27 12:47:58.473] [info] Elapsed time (s): 0.001436433
[2026-09-27 12:47:58.473] [info] Using 8 bytes for computing SA of the dictionary
[2026-09-27 12:47:58.473] [info] Using 2 bytes for storing SA of the dictionary
[2026-09-27 12:47:58.473] [info] Elapsed time (s): 0.00022014
[2026-09-27 12:47:58.473] [info] Using 1 bytes for DA of the dictionary
[2026-09-27 12:47:58.473] [info] Elapsed time (s): 2.752e-05
[2026-09-27 12:47:58.473] [info] Using 2 bytes for ISA of the dictionary
[2026-09-27 12:47:58.473] [info] Elapsed time (s): 2.356e-05
[2026-09-27 12:47:58.473] [info] Using 1 bytes for LCP of the dictionary
[2026-09-27 12:47:58.473] [info] Elapsed time (s): 3.091e-05
[2026-09-27 12:47:58.473] [info] Computing RMQ over LCP of dictionary
[2026-09-27 12:47:58.473] [info] Elapsed time (s): 6.437e-05
[2026-09-27 12:47:58.473] [info] Using 1 bytes for colex DA of the dictionary
[2026-09-27 12:47:58.473] [info] Using 1 bytes for colex id and inverse colex id array of the dictionary
[2026-09-27 12:47:58.473] [info] Elapsed time (s): 0.000314601
[2026-09-27 12:47:58.473] [info] Using 8 bytes for computing SA of the parsing
[2026-09-27 12:47:58.473] [info] Using 1 bytes for storing SA of the parsing
[2026-09-27 12:47:58.474] [info] Elapsed time (s): 1.852e-05
[2026-09-27 12:47:58.474] [info] Computing b_p
[2026-09-27 12:47:58.474] [info] Computing b_bwt and M of the parsing
[2026-09-27 12:47:58.474] [info] Computing inverted list of BWT(P)
[2026-09-27 12:47:58.474] [info] Using 1 bytes for storing the inverted list of the BWT of the parse
[2026-09-27 12:47:58.474] [info] Precomputing d lengths
[2026-09-27 12:47:58.474] [info] Precomputing d lengths
[2026-09-27 12:47:58.474] [info] Creating v table
[2026-09-27 12:47:58.474] [info] Creating E arrays
[2026-09-27 12:47:58.474] [info] Computing chunks for parallel execution. Total input size: 200013. Requested chunks: 1
[2026-09-27 12:47:58.482] [info] BWT ranges divided in 1 chunks.
[2026-09-27 12:47:58.502] [info] Chunk 1/1 completed
[2026-09-27 12:47:58.508] [info] Completed rle string merge
[2026-09-27 12:47:58.630] [info] Processed: 252 Skipped: 3
[2026-09-27 12:47:58.630] [info] Chunk 1/1 completed
[2026-09-27 12:47:58.630] [info] Writing out sa values at run heads
[2026-09-27 12:47:58.633] [info] Done
