[2026-09-27 12:47:57.852] [info] Using 8 bytes for computing SA of the dictionary
[2026-09-27 12:47:57.854] [info] Using 2 bytes for storing SA of the dictionary
[2026-09-27 12:47:57.854] [info] Elapsed time (s): 0.001648432
[2026-09-27 12:47:57.854] [info] Using 2 bytes for DA of the dictionary
[2026-09-27 12:47:57.854] [info] Elapsed time (s): 0.000217511
[2026-09-27 12:47:57.854] [info] Using 2 bytes for ISA of the dictionary
[2026-09-27 12:47:57.854] [info] Elapsed time (s): 0.00019044
[2026-09-27 12:47:57.854] [info] Using 2 bytes for LCP of the dictionary
[2026-09-27 12:47:57.855] [info] Elapsed time (s): 0.000412511
[2026-09-27 12:47:57.855] [info] Using 2 bytes for colex id and inverse colex id array of the dictionary
[2026-09-27 12:47:57.855] [info] Elapsed time (s): 0.00015401
[2026-09-27 12:47:57.855] [info] Using 8 bytes for computing SA of the dictionary
[2026-09-27 12:47:57.855] [info] Using 2 bytes for storing SA of the dictionary
[2026-09-27 12:47:57.855] [info] Elapsed time (s): 3.626e-05
[2026-09-27 12:47:57.855] [info] Using 1 bytes for DA of the dictionary
[2026-09-27 12:47:57.855] [info] Elapsed time (s): 5.1e-06
[2026-09-27 12:47:57.855] [info] Using 2 bytes for ISA of the dictionary
[2026-09-27 12:47:57.855] [info] Elapsed time (s): 4.61e-06
[2026-09-27 12:47:57.855] [info] Using 1 bytes for LCP of the dictionary
[2026-09-27 12:47:57.855] [info] Elapsed time (s): 5.82e-06
[2026-09-27 12:47:57.855] [info] Computing RMQ over LCP of dictionary
[2026-09-27 12:47:57.855] [info] Elapsed time (s): 1.27e-05
[2026-09-27 12:47:57.855] [info] Using 1 bytes for colex DA of the dictionary
[2026-09-27 12:47:57.855] [info] Using 1 bytes for colex id and inverse colex id array of the dictionary
[2026-09-27 12:47:57.855] [info] Elapsed time (s): 4.846e-05
[2026-09-27 12:47:57.855] [info] Using 8 bytes for computing SA of the parsing
[2026-09-27 12:47:57.855] [info] Using 1 bytes for storing SA of the parsing
[2026-09-27 12:47:57.855] [info] Elapsed time (s): 7.62e-06
[2026-09-27 12:47:57.855] [info] Computing b_p
[2026-09-27 12:47:57.855] [info] Computing b_bwt and M of the parsing
[2026-09-27 12:47:57.855] [info] Computing inverted list of BWT(P)
[2026-09-27 12:47:57.855] [info] Using 1 bytes for storing the inverted list of the BWT of the parse
[2026-09-27 12:47:57.855] [info] Precomputing d lengths
[2026-09-27 12:47:57.855] [info] Precomputing d lengths
[2026-09-27 12:47:57.855] [info] Creating v table
[2026-09-27 12:47:57.855] [info] Creating E arrays
[2026-09-27 12:47:57.855] [info] Computing chunks for parallel execution. Total input size: 20013. Requested chunks: 1
[2026-09-27 12:47:57.860] [info] BWT ranges divided in 1 chunks.
[2026-09-27 12:47:57.867] [info] Chunk 1/1 completed
[2026-09-27 12:47:57.867] [info] Completed rle string merge
[2026-09-27 12:47:57.882] [info] Processed: 1024 Skipped: 45
[2026-09-27 12:47:57.882] [info] Chunk 1/1 completed
[2026-09-27 12:47:57.882] [info] Writing out sa values at run heads
[2026-09-27 12:47:57.882] [info] Done
