[2026-09-27 12:47:57.344] [info] Using 8 bytes for computing SA of the dictionary
[2026-09-27 12:47:57.345] [info] Using 2 bytes for storing SA of the dictionary
[2026-09-27 12:47:57.346] [info] Elapsed time (s): 0.001689312
[2026-09-27 12:47:57.346] [info] Using 1 bytes for DA of the dictionary
[2026-09-27 12:47:57.346] [info] Elapsed time (s): 0.00020479
[2026-09-27 12:47:57.346] [info] Using 2 bytes for ISA of the dictionary
[2026-09-27 12:47:57.346] [info] Elapsed time (s): 0.000182431
[2026-09-27 12:47:57.346] [info] Using 2 bytes for LCP of the dictionary
[2026-09-27 12:47:57.346] [info] Elapsed time (s): 0.00046107
[2026-09-27 12:47:57.346] [info] Using 1 bytes for colex id and inverse colex id array of the dictionary
[2026-09-27 12:47:57.347] [info] Elapsed time (s): 0.000123741
[2026-09-27 12:47:57.347] [info] Using 8 bytes for computing SA of the dictionary
[2026-09-27 12:47:57.347] [info] Using 2 bytes for storing SA of the dictionary
[2026-09-27 12:47:57.347] [info] Elapsed time (s): 2.712e-05
[2026-09-27 12:47:57.347] [info] Using 1 bytes for DA of the dictionary
[2026-09-27 12:47:57.347] [info] Elapsed time (s): 4.29e-06
[2026-09-27 12:47:57.347] [info] Using 2 bytes for ISA of the dictionary
[2026-09-27 12:47:57.347] [info] Elapsed time (s): 3.79e-06
[2026-09-27 12:47:57.347] [info] Using 1 bytes for LCP of the dictionary
[2026-09-27 12:47:57.347] [info] Elapsed time (s): 4.63e-06
[2026-09-27 12:47:57.347] [info] Computing RMQ over LCP of dictionary
[2026-09-27 12:47:57.347] [info] Elapsed time (s): 9.51e-06
[2026-09-27 12:47:57.347] [info] Using 1 bytes for colex DA of the dictionary
[2026-09-27 12:47:57.347] [info] Using 1 bytes for colex id and inverse colex id array of the dictionary
[2026-09-27 12:47:57.347] [info] Elapsed time (s): 4.047e-05
[2026-09-27 12:47:57.347] [info] Using 8 bytes for computing SA of the parsing
[2026-09-27 12:47:57.347] [info] Using 1 bytes for storing SA of the parsing
[2026-09-27 12:47:57.347] [info] Elapsed time (s): 5.76e-06
[2026-09-27 12:47:57.347] [info] Computing b_p
[2026-09-27 12:47:57.347] [info] Computing b_bwt and M of the parsing
[2026-09-27 12:47:57.347] [info] Computing inverted list of BWT(P)
[2026-09-27 12:47:57.347] [info] Using 1 bytes for storing the inverted list of the BWT of the parse
[2026-09-27 12:47:57.347] [info] Precomputing d lengths
[2026-09-27 12:47:57.347] [info] Precomputing d lengths
[2026-09-27 12:47:57.347] [info] Creating v table
[2026-09-27 12:47:57.347] [info] Creating E arrays
[2026-09-27 12:47:57.347] [info] Computing chunks for parallel execution. Total input size: 20013. Requested chunks: 1
[2026-09-27 12:47:57.352] [info] BWT ranges divided in 1 chunks.
[2026-09-27 12:47:57.359] [info] Chunk 1/1 completed
[2026-09-27 12:47:57.360] [info] Completed rle string merge
[2026-09-27 12:47:57.377] [info] Processed: 5 Skipped: 0
[2026-09-27 12:47:57.377] [info] Chunk 1/1 completed
[2026-09-27 12:47:57.377] [info] Writing out sa values at run heads
[2026-09-27 12:47:57.378] [info] Done
