[2026-09-27 12:47:57.719] [info] Using 8 bytes for computing SA of the dictionary
[2026-09-27 12:47:57.720] [info] Using 2 bytes for storing SA of the dictionary
[2026-09-27 12:47:57.720] [info] Elapsed time (s): 0.001610562
[2026-09-27 12:47:57.721] [info] Using 2 bytes for DA of the dictionary
[2026-09-27 12:47:57.721] [info] Elapsed time (s): 0.00021757
[2026-09-27 12:47:57.721] [info] Using 2 bytes for ISA of the dictionary
[2026-09-27 12:47:57.721] [info] Elapsed time (s): 0.00019125
[2026-09-27 12:47:57.721] [info] Using 2 bytes for LCP of the dictionary
[2026-09-27 12:47:57.721] [info] Elapsed time (s): 0.000406221
[2026-09-27 12:47:57.721] [info] Using 2 bytes for colex id and inverse colex id array of the dictionary
[2026-09-27 12:47:57.722] [info] Elapsed time (s): 0.00015189
[2026-09-27 12:47:57.722] [info] Using 8 bytes for computing SA of the dictionary
[2026-09-27 12:47:57.722] [info] Using 2 bytes for storing SA of the dictionary
[2026-09-27 12:47:57.722] [info] Elapsed time (s): 3.542e-05
[2026-09-27 12:47:57.722] [info] Using 1 bytes for DA of the dictionary
[2026-09-27 12:47:57.722] [info] Elapsed time (s): 5e-06
[2026-09-27 12:47:57.722] [info] Using 2 bytes for ISA of the dictionary
[2026-09-27 12:47:57.722] [info] Elapsed time (s): 4.63e-06
[2026-09-27 12:47:57.722] [info] Using 1 bytes for LCP of the dictionary
[2026-09-27 12:47:57.722] [info] Elapsed time (s): 5.7e-06
[2026-09-27 12:47:57.722] [info] Computing RMQ over LCP of dictionary
[2026-09-27 12:47:57.722] [info] Elapsed time (s): 1.434e-05
[2026-09-27 12:47:57.722] [info] Using 1 bytes for colex DA of the dictionary
[2026-09-27 12:47:57.722] [info] Using 1 bytes for colex id and inverse colex id array of the dictionary
[2026-09-27 12:47:57.722] [info] Elapsed time (s): 5.14e-05
[2026-09-27 12:47:57.722] [info] Using 8 bytes for computing SA of the parsing
[2026-09-27 12:47:57.722] [info] Using 1 bytes for storing SA of the parsing
[2026-09-27 12:47:57.722] [info] Elapsed time (s): 5.93e-06
[2026-09-27 12:47:57.722] [info] Computing b_p
[2026-09-27 12:47:57.722] [info] Computing b_bwt and M of the parsing
[2026-09-27 12:47:57.722] [info] Computing inverted list of BWT(P)
[2026-09-27 12:47:57.722] [info] Using 1 bytes for storing the inverted list of the BWT of the parse
[2026-09-27 12:47:57.722] [info] Precomputing d lengths
[2026-09-27 12:47:57.722] [info] Precomputing d lengths
[2026-09-27 12:47:57.722] [info] Creating v table
[2026-09-27 12:47:57.722] [info] Creating E arrays
[2026-09-27 12:47:57.722] [info] Computing chunks for parallel execution. Total input size: 20013. Requested chunks: 1
[2026-09-27 12:47:57.726] [info] BWT ranges divided in 1 chunks.
[2026-09-27 12:47:57.733] [info] Chunk 1/1 completed
[2026-09-27 12:47:57.733] [info] Completed rle string merge
[2026-09-27 12:47:57.748] [info] Processed: 1024 Skipped: 45
[2026-09-27 12:47:57.748] [info] Chunk 1/1 completed
[2026-09-27 12:47:57.748] [info] Writing out sa values at run heads
[2026-09-27 12:47:57.748] [info] Done
