ri4: n=200003 k=3 R=149897
SLIM_PHASE ri4-load wall=0.002 cumulative=0.002 peak_rss_kib=4096
SLIM_HEAD_SA bytes=1199176 rows=149897 mmap=1
SLIM_PHASE dict-read wall=0.000 cumulative=0.002 peak_rss_kib=4096
SLIM_PHASE dict-boundaries wall=0.002 cumulative=0.004 peak_rss_kib=4096
SLIM_STRING_ENDS count=3 bytes=32 from_parse_dict=1
SLIM_PHASE parse+boundaries wall=0.000 cumulative=0.004 peak_rss_kib=4096
SLIM_PHASE parse-fingerprints wall=0.000 cumulative=0.005 peak_rss_kib=4096
SLIM_PHASE dict-fingerprints wall=0.001 cumulative=0.006 peak_rss_kib=4096
SLIM_STRUCT n=200013 P=1989 D=221893 phrases=1989 parse_bytes=7960 bd_bytes=2558 bp_bytes=2558 dict_resident=0 dict_cache_per_thread=262144 no_SA_ISA_LCP_RMQ=1 no_M_b_bwt_w_wt=1
SLIM_PHASE lce-build-total wall=0.004 cumulative=0.006 peak_rss_kib=4096
SLIM_PHASE lf-build wall=0.002 cumulative=0.008 peak_rss_kib=6144
SLIM_RI runs=749485 starts=1199176 samples=337272 lf_capacity=2247808
SLIM_PROGRESS runs=65536/149897 resolve_wall=0.007 lce_wall=0.037 write_wall=0.002 lf_steps=0 cache_hits=0
SLIM_PHASE query-chunks wall=0.047 cumulative=0.055 peak_rss_kib=8192
SLIM_PHASE queries+stream-write-final wall=0.064 cumulative=0.119 peak_rss_kib=8192
SLIM_FP parse tau=1 bytes=15928 queries=61 verified_symbols=61 hash_probes=0 mean_verified=1.000000000 max_verified=1
SLIM_FP dict tau=12 bytes=147936 queries=187488 verified_symbols=1679678 hash_probes=4259 mean_verified=8.958856033 max_verified=19
SLIM_QUERY_PHASE resolve_wall=0.019574 resolve_peak_kib=8192 lce_wall=0.084816 lce_peak_kib=8192 write_wall=0.004754 write_peak_kib=8192
SLIM_SEEDS queries=187430 mean_verified_phrases=0.000325455 max_verified_phrases=1 (includes_zero_parse_work_seeds; boundary_included)
SLIM_RESOLVE walks=0 steps=0 max=0 anchor=0 failed=0 cache_hits=0
SLIM_BOUNDARY_RESOLVE head_direct=149897 tail_direct=187430 head_lf_steps=0
