[2026-09-27 12:47:17.925] [info] Using 8 bytes for computing SA of the dictionary
[2026-09-27 12:47:17.940] [info] Using 3 bytes for storing SA of the dictionary
[2026-09-27 12:47:17.941] [info] Elapsed time (s): 0.015436042
[2026-09-27 12:47:17.941] [info] Using 2 bytes for DA of the dictionary
[2026-09-27 12:47:17.943] [info] Elapsed time (s): 0.002093573
[2026-09-27 12:47:17.943] [info] Using 3 bytes for ISA of the dictionary
[2026-09-27 12:47:17.945] [info] Elapsed time (s): 0.002472674
[2026-09-27 12:47:17.945] [info] Using 2 bytes for LCP of the dictionary
[2026-09-27 12:47:17.952] [info] Elapsed time (s): 0.006555499
[2026-09-27 12:47:17.952] [info] Using 2 bytes for colex id and inverse colex id array of the dictionary
[2026-09-27 12:47:17.953] [info] Elapsed time (s): 0.001195882
[2026-09-27 12:47:17.953] [info] Using 8 bytes for computing SA of the dictionary
[2026-09-27 12:47:17.953] [info] Using 2 bytes for storing SA of the dictionary
[2026-09-27 12:47:17.953] [info] Elapsed time (s): 0.00018483
[2026-09-27 12:47:17.953] [info] Using 1 bytes for DA of the dictionary
[2026-09-27 12:47:17.953] [info] Elapsed time (s): 2.35e-05
[2026-09-27 12:47:17.953] [info] Using 2 bytes for ISA of the dictionary
[2026-09-27 12:47:17.953] [info] Elapsed time (s): 1.983e-05
[2026-09-27 12:47:17.953] [info] Using 1 bytes for LCP of the dictionary
[2026-09-27 12:47:17.953] [info] Elapsed time (s): 2.735e-05
[2026-09-27 12:47:17.953] [info] Computing RMQ over LCP of dictionary
[2026-09-27 12:47:17.954] [info] Elapsed time (s): 6.683e-05
[2026-09-27 12:47:17.954] [info] Using 1 bytes for colex DA of the dictionary
[2026-09-27 12:47:17.954] [info] Using 1 bytes for colex id and inverse colex id array of the dictionary
[2026-09-27 12:47:17.954] [info] Elapsed time (s): 0.000326471
[2026-09-27 12:47:17.954] [info] Using 8 bytes for computing SA of the parsing
[2026-09-27 12:47:17.954] [info] Using 1 bytes for storing SA of the parsing
[2026-09-27 12:47:17.954] [info] Elapsed time (s): 1.477e-05
[2026-09-27 12:47:17.954] [info] Computing b_p
[2026-09-27 12:47:17.954] [info] Computing b_bwt and M of the parsing
[2026-09-27 12:47:17.954] [info] Computing inverted list of BWT(P)
[2026-09-27 12:47:17.954] [info] Using 1 bytes for storing the inverted list of the BWT of the parse
[2026-09-27 12:47:17.954] [info] Precomputing d lengths
[2026-09-27 12:47:17.954] [info] Precomputing d lengths
[2026-09-27 12:47:17.954] [info] Creating v table
[2026-09-27 12:47:17.955] [info] Creating E arrays
[2026-09-27 12:47:17.955] [info] Computing chunks for parallel execution. Total input size: 200013. Requested chunks: 1
[2026-09-27 12:47:17.962] [info] BWT ranges divided in 1 chunks.
[2026-09-27 12:47:17.981] [info] Chunk 1/1 completed
[2026-09-27 12:47:17.987] [info] Completed rle string merge
[2026-09-27 12:47:18.091] [info] Processed: 252 Skipped: 3
[2026-09-27 12:47:18.091] [info] Chunk 1/1 completed
[2026-09-27 12:47:18.091] [info] Writing out sa values at run heads
[2026-09-27 12:47:18.094] [info] Done
