[2026-09-27 12:47:56.770] [info] Current Configuration:
; PFP++

; Text file to parse.
text="/tmp/sxi-input-modes-T3DUT2/acceptance/random-4-2k.txt"

; Output prefix.
out-prefix="/tmp/sxi-input-modes-T3DUT2/acceptance/xsa-build-gn2hy3gh/parse"

; Sliding window size.
window-size=10

; Modulo used during parsing.
modulo=100

; Number of threads.
threads=2

; Temporary files directory.
tmp-dir="/tmp/sxi-input-modes-T3DUT2/acceptance/xsa-build-gn2hy3gh"

; Also output compressed the dictionary.
compress-dictionary=false

; Use reference parse to avoid re-parsing.
use-vcf-acceleration=false

; Print out csv containing stats.
print-statistics=false

; Output count for each dictionary phrase.
output-occurrences=false

; Output sai array.
output-sai=false

; Output last array.
output-last=false

; Convert all non ACGT characters from a VCF or FASTA file to N.
acgt-only=false

; Verbose output.
verbose=false

; Version number.
version=false

[2026-09-27 12:47:56.770] [info] Parsing /tmp/sxi-input-modes-T3DUT2/acceptance/random-4-2k.txt
[2026-09-27 12:47:56.770] [info] Main parser: Replacing hash values with ranks.
[2026-09-27 12:47:56.770] [info] Main parser: writing dictionary on disk NOT COMPRESSED
[2026-09-27 12:47:56.770] [info] No properties requested.
[2026-09-27 12:47:56.770] [info] Main parser: closed
[2026-09-27 12:47:56.770] [info] Parser Text -	Parse size: 28	Dic Size: 28 Dic Total Length: 2284
[Disk Write (bytes): 2649]
