[2026-09-27 12:47:57.484] [info] Using 8 bytes for computing SA of the dictionary
[2026-09-27 12:47:57.485] [info] Using 2 bytes for storing SA of the dictionary
[2026-09-27 12:47:57.485] [info] Elapsed time (s): 0.001662812
[2026-09-27 12:47:57.485] [info] Using 1 bytes for DA of the dictionary
[2026-09-27 12:47:57.486] [info] Elapsed time (s): 0.00019618
[2026-09-27 12:47:57.486] [info] Using 2 bytes for ISA of the dictionary
[2026-09-27 12:47:57.486] [info] Elapsed time (s): 0.000194891
[2026-09-27 12:47:57.486] [info] Using 2 bytes for LCP of the dictionary
[2026-09-27 12:47:57.486] [info] Elapsed time (s): 0.00046419
[2026-09-27 12:47:57.486] [info] Using 1 bytes for colex id and inverse colex id array of the dictionary
[2026-09-27 12:47:57.486] [info] Elapsed time (s): 0.000124441
[2026-09-27 12:47:57.486] [info] Using 8 bytes for computing SA of the dictionary
[2026-09-27 12:47:57.486] [info] Using 2 bytes for storing SA of the dictionary
[2026-09-27 12:47:57.486] [info] Elapsed time (s): 2.725e-05
[2026-09-27 12:47:57.486] [info] Using 1 bytes for DA of the dictionary
[2026-09-27 12:47:57.486] [info] Elapsed time (s): 4.13e-06
[2026-09-27 12:47:57.486] [info] Using 2 bytes for ISA of the dictionary
[2026-09-27 12:47:57.486] [info] Elapsed time (s): 3.74e-06
[2026-09-27 12:47:57.486] [info] Using 1 bytes for LCP of the dictionary
[2026-09-27 12:47:57.486] [info] Elapsed time (s): 4.71e-06
[2026-09-27 12:47:57.486] [info] Computing RMQ over LCP of dictionary
[2026-09-27 12:47:57.486] [info] Elapsed time (s): 1.175e-05
[2026-09-27 12:47:57.486] [info] Using 1 bytes for colex DA of the dictionary
[2026-09-27 12:47:57.486] [info] Using 1 bytes for colex id and inverse colex id array of the dictionary
[2026-09-27 12:47:57.487] [info] Elapsed time (s): 3.289e-05
[2026-09-27 12:47:57.487] [info] Using 8 bytes for computing SA of the parsing
[2026-09-27 12:47:57.487] [info] Using 1 bytes for storing SA of the parsing
[2026-09-27 12:47:57.487] [info] Elapsed time (s): 5.32e-06
[2026-09-27 12:47:57.487] [info] Computing b_p
[2026-09-27 12:47:57.487] [info] Computing b_bwt and M of the parsing
[2026-09-27 12:47:57.487] [info] Computing inverted list of BWT(P)
[2026-09-27 12:47:57.487] [info] Using 1 bytes for storing the inverted list of the BWT of the parse
[2026-09-27 12:47:57.487] [info] Precomputing d lengths
[2026-09-27 12:47:57.487] [info] Precomputing d lengths
[2026-09-27 12:47:57.487] [info] Creating v table
[2026-09-27 12:47:57.487] [info] Creating E arrays
[2026-09-27 12:47:57.487] [info] Computing chunks for parallel execution. Total input size: 20013. Requested chunks: 1
[2026-09-27 12:47:57.492] [info] BWT ranges divided in 1 chunks.
[2026-09-27 12:47:57.499] [info] Chunk 1/1 completed
[2026-09-27 12:47:57.500] [info] Completed rle string merge
[2026-09-27 12:47:57.517] [info] Processed: 5 Skipped: 0
[2026-09-27 12:47:57.517] [info] Chunk 1/1 completed
[2026-09-27 12:47:57.517] [info] Writing out sa values at run heads
[2026-09-27 12:47:57.518] [info] Done
