ri4: n=20003 k=3 R=9889
SLIM_PHASE ri4-load wall=0.000 cumulative=0.000 peak_rss_kib=2048
SLIM_HEAD_SA bytes=79112 rows=9889 mmap=1
SLIM_PHASE dict-read wall=0.000 cumulative=0.000 peak_rss_kib=2048
SLIM_PHASE dict-boundaries wall=0.000 cumulative=0.001 peak_rss_kib=2048
SLIM_STRING_ENDS count=3 bytes=32 from_parse_dict=1
SLIM_PHASE parse+boundaries wall=0.000 cumulative=0.001 peak_rss_kib=2048
SLIM_PHASE parse-fingerprints wall=0.000 cumulative=0.001 peak_rss_kib=2048
SLIM_PHASE dict-fingerprints wall=0.000 cumulative=0.001 peak_rss_kib=2048
SLIM_STRUCT n=20013 P=261 D=22832 phrases=258 parse_bytes=1048 bd_bytes=574 bp_bytes=574 dict_resident=0 dict_cache_per_thread=262144 no_SA_ISA_LCP_RMQ=1 no_M_b_bwt_w_wt=1
SLIM_PHASE lce-build-total wall=0.001 cumulative=0.001 peak_rss_kib=2048
SLIM_PHASE lf-build wall=0.000 cumulative=0.001 peak_rss_kib=2048
SLIM_RI runs=49445 starts=79112 samples=18544 lf_capacity=144688
SLIM_PROGRESS runs=9889/9889 resolve_wall=0.000 lce_wall=0.011 write_wall=0.000 lf_steps=0 cache_hits=0
SLIM_PHASE query-chunks wall=0.013 cumulative=0.013 peak_rss_kib=4096
SLIM_PHASE queries+stream-write-final wall=0.000 cumulative=0.013 peak_rss_kib=4096
SLIM_FP parse tau=1 bytes=2104 queries=551 verified_symbols=551 hash_probes=0 mean_verified=1.000000000 max_verified=1
SLIM_FP dict tau=19 bytes=9616 queries=15390 verified_symbols=211020 hash_probes=7668 mean_verified=13.711500975 max_verified=27
SLIM_QUERY_PHASE resolve_wall=0.000387 resolve_peak_kib=4096 lce_wall=0.010625 lce_peak_kib=4096 write_wall=0.000273 write_peak_kib=4096
SLIM_SEEDS queries=14853 mean_verified_phrases=0.037096883 max_verified_phrases=1 (includes_zero_parse_work_seeds; boundary_included)
SLIM_RESOLVE walks=0 steps=0 max=0 anchor=0 failed=0 cache_hits=0
SLIM_BOUNDARY_RESOLVE head_direct=9889 tail_direct=14853 head_lf_steps=0
