[2026-09-27 12:47:15.348] [info] Using 8 bytes for computing SA of the dictionary
[2026-09-27 12:47:15.348] [info] Using 2 bytes for storing SA of the dictionary
[2026-09-27 12:47:15.348] [info] Elapsed time (s): 0.000248631
[2026-09-27 12:47:15.348] [info] Using 1 bytes for DA of the dictionary
[2026-09-27 12:47:15.348] [info] Elapsed time (s): 2.202e-05
[2026-09-27 12:47:15.348] [info] Using 2 bytes for ISA of the dictionary
[2026-09-27 12:47:15.348] [info] Elapsed time (s): 1.889e-05
[2026-09-27 12:47:15.348] [info] Using 1 bytes for LCP of the dictionary
[2026-09-27 12:47:15.348] [info] Elapsed time (s): 4.219e-05
[2026-09-27 12:47:15.348] [info] Using 1 bytes for colex id and inverse colex id array of the dictionary
[2026-09-27 12:47:15.348] [info] Elapsed time (s): 1.649e-05
[2026-09-27 12:47:15.348] [info] Using 8 bytes for computing SA of the dictionary
[2026-09-27 12:47:15.348] [info] Using 1 bytes for storing SA of the dictionary
[2026-09-27 12:47:15.348] [info] Elapsed time (s): 9.28e-06
[2026-09-27 12:47:15.348] [info] Using 1 bytes for DA of the dictionary
[2026-09-27 12:47:15.348] [info] Elapsed time (s): 2.16e-06
[2026-09-27 12:47:15.348] [info] Using 1 bytes for ISA of the dictionary
[2026-09-27 12:47:15.348] [info] Elapsed time (s): 1.96e-06
[2026-09-27 12:47:15.348] [info] Using 1 bytes for LCP of the dictionary
[2026-09-27 12:47:15.348] [info] Elapsed time (s): 2.41e-06
[2026-09-27 12:47:15.348] [info] Computing RMQ over LCP of dictionary
[2026-09-27 12:47:15.348] [info] Elapsed time (s): 7.49e-06
[2026-09-27 12:47:15.348] [info] Using 1 bytes for colex DA of the dictionary
[2026-09-27 12:47:15.348] [info] Using 1 bytes for colex id and inverse colex id array of the dictionary
[2026-09-27 12:47:15.348] [info] Elapsed time (s): 1.376e-05
[2026-09-27 12:47:15.348] [info] Using 8 bytes for computing SA of the parsing
[2026-09-27 12:47:15.348] [info] Using 1 bytes for storing SA of the parsing
[2026-09-27 12:47:15.348] [info] Elapsed time (s): 5.5e-06
[2026-09-27 12:47:15.348] [info] Computing b_p
[2026-09-27 12:47:15.348] [info] Computing b_bwt and M of the parsing
[2026-09-27 12:47:15.348] [info] Computing inverted list of BWT(P)
[2026-09-27 12:47:15.348] [info] Using 1 bytes for storing the inverted list of the BWT of the parse
[2026-09-27 12:47:15.348] [info] Precomputing d lengths
[2026-09-27 12:47:15.348] [info] Precomputing d lengths
[2026-09-27 12:47:15.348] [info] Creating v table
[2026-09-27 12:47:15.348] [info] Creating E arrays
[2026-09-27 12:47:15.348] [info] Computing chunks for parallel execution. Total input size: 2013. Requested chunks: 1
[2026-09-27 12:47:15.349] [info] BWT ranges divided in 1 chunks.
[2026-09-27 12:47:15.349] [info] Chunk 1/1 completed
[2026-09-27 12:47:15.350] [info] Completed rle string merge
[2026-09-27 12:47:15.351] [info] Processed: 0 Skipped: 0
[2026-09-27 12:47:15.351] [info] Chunk 1/1 completed
[2026-09-27 12:47:15.351] [info] Writing out sa values at run heads
[2026-09-27 12:47:15.351] [info] Done
