[2026-09-27 12:47:56.779] [info] Using 8 bytes for computing SA of the dictionary
[2026-09-27 12:47:56.779] [info] Using 2 bytes for storing SA of the dictionary
[2026-09-27 12:47:56.779] [info] Elapsed time (s): 0.000275001
[2026-09-27 12:47:56.779] [info] Using 1 bytes for DA of the dictionary
[2026-09-27 12:47:56.779] [info] Elapsed time (s): 2.161e-05
[2026-09-27 12:47:56.779] [info] Using 2 bytes for ISA of the dictionary
[2026-09-27 12:47:56.779] [info] Elapsed time (s): 1.905e-05
[2026-09-27 12:47:56.779] [info] Using 1 bytes for LCP of the dictionary
[2026-09-27 12:47:56.779] [info] Elapsed time (s): 4.144e-05
[2026-09-27 12:47:56.779] [info] Using 1 bytes for colex id and inverse colex id array of the dictionary
[2026-09-27 12:47:56.779] [info] Elapsed time (s): 1.575e-05
[2026-09-27 12:47:56.779] [info] Using 8 bytes for computing SA of the dictionary
[2026-09-27 12:47:56.779] [info] Using 1 bytes for storing SA of the dictionary
[2026-09-27 12:47:56.779] [info] Elapsed time (s): 8.61e-06
[2026-09-27 12:47:56.779] [info] Using 1 bytes for DA of the dictionary
[2026-09-27 12:47:56.779] [info] Elapsed time (s): 2.15e-06
[2026-09-27 12:47:56.779] [info] Using 1 bytes for ISA of the dictionary
[2026-09-27 12:47:56.779] [info] Elapsed time (s): 1.87e-06
[2026-09-27 12:47:56.779] [info] Using 1 bytes for LCP of the dictionary
[2026-09-27 12:47:56.779] [info] Elapsed time (s): 2.36e-06
[2026-09-27 12:47:56.779] [info] Computing RMQ over LCP of dictionary
[2026-09-27 12:47:56.779] [info] Elapsed time (s): 6.03e-06
[2026-09-27 12:47:56.779] [info] Using 1 bytes for colex DA of the dictionary
[2026-09-27 12:47:56.779] [info] Using 1 bytes for colex id and inverse colex id array of the dictionary
[2026-09-27 12:47:56.779] [info] Elapsed time (s): 1.259e-05
[2026-09-27 12:47:56.779] [info] Using 8 bytes for computing SA of the parsing
[2026-09-27 12:47:56.779] [info] Using 1 bytes for storing SA of the parsing
[2026-09-27 12:47:56.779] [info] Elapsed time (s): 4.99e-06
[2026-09-27 12:47:56.779] [info] Computing b_p
[2026-09-27 12:47:56.779] [info] Computing b_bwt and M of the parsing
[2026-09-27 12:47:56.779] [info] Computing inverted list of BWT(P)
[2026-09-27 12:47:56.779] [info] Using 1 bytes for storing the inverted list of the BWT of the parse
[2026-09-27 12:47:56.779] [info] Precomputing d lengths
[2026-09-27 12:47:56.779] [info] Precomputing d lengths
[2026-09-27 12:47:56.779] [info] Creating v table
[2026-09-27 12:47:56.779] [info] Creating E arrays
[2026-09-27 12:47:56.779] [info] Computing chunks for parallel execution. Total input size: 2013. Requested chunks: 1
[2026-09-27 12:47:56.780] [info] BWT ranges divided in 1 chunks.
[2026-09-27 12:47:56.780] [info] Chunk 1/1 completed
[2026-09-27 12:47:56.780] [info] Completed rle string merge
[2026-09-27 12:47:56.782] [info] Processed: 0 Skipped: 0
[2026-09-27 12:47:56.782] [info] Chunk 1/1 completed
[2026-09-27 12:47:56.782] [info] Writing out sa values at run heads
[2026-09-27 12:47:56.782] [info] Done
