[2026-09-27 12:45:19.219] [info] Using 8 bytes for computing SA of the dictionary
[2026-09-27 12:45:19.220] [info] Using 2 bytes for storing SA of the dictionary
[2026-09-27 12:45:19.220] [info] Elapsed time (s): 0.00023021
[2026-09-27 12:45:19.220] [info] Using 1 bytes for DA of the dictionary
[2026-09-27 12:45:19.220] [info] Elapsed time (s): 2.21e-05
[2026-09-27 12:45:19.220] [info] Using 2 bytes for ISA of the dictionary
[2026-09-27 12:45:19.220] [info] Elapsed time (s): 2.8791e-05
[2026-09-27 12:45:19.220] [info] Using 1 bytes for LCP of the dictionary
[2026-09-27 12:45:19.220] [info] Elapsed time (s): 4.166e-05
[2026-09-27 12:45:19.220] [info] Using 1 bytes for colex id and inverse colex id array of the dictionary
[2026-09-27 12:45:19.220] [info] Elapsed time (s): 1.804e-05
[2026-09-27 12:45:19.220] [info] Using 8 bytes for computing SA of the dictionary
[2026-09-27 12:45:19.220] [info] Using 1 bytes for storing SA of the dictionary
[2026-09-27 12:45:19.220] [info] Elapsed time (s): 9.34e-06
[2026-09-27 12:45:19.220] [info] Using 1 bytes for DA of the dictionary
[2026-09-27 12:45:19.220] [info] Elapsed time (s): 2.15e-06
[2026-09-27 12:45:19.220] [info] Using 1 bytes for ISA of the dictionary
[2026-09-27 12:45:19.220] [info] Elapsed time (s): 1.85e-06
[2026-09-27 12:45:19.220] [info] Using 1 bytes for LCP of the dictionary
[2026-09-27 12:45:19.220] [info] Elapsed time (s): 2.37e-06
[2026-09-27 12:45:19.220] [info] Computing RMQ over LCP of dictionary
[2026-09-27 12:45:19.220] [info] Elapsed time (s): 7.55e-06
[2026-09-27 12:45:19.220] [info] Using 1 bytes for colex DA of the dictionary
[2026-09-27 12:45:19.220] [info] Using 1 bytes for colex id and inverse colex id array of the dictionary
[2026-09-27 12:45:19.220] [info] Elapsed time (s): 1.437e-05
[2026-09-27 12:45:19.220] [info] Using 8 bytes for computing SA of the parsing
[2026-09-27 12:45:19.220] [info] Using 1 bytes for storing SA of the parsing
[2026-09-27 12:45:19.220] [info] Elapsed time (s): 5.48e-06
[2026-09-27 12:45:19.220] [info] Computing b_p
[2026-09-27 12:45:19.220] [info] Computing b_bwt and M of the parsing
[2026-09-27 12:45:19.220] [info] Computing inverted list of BWT(P)
[2026-09-27 12:45:19.220] [info] Using 1 bytes for storing the inverted list of the BWT of the parse
[2026-09-27 12:45:19.220] [info] Precomputing d lengths
[2026-09-27 12:45:19.220] [info] Precomputing d lengths
[2026-09-27 12:45:19.220] [info] Creating v table
[2026-09-27 12:45:19.220] [info] Creating E arrays
[2026-09-27 12:45:19.220] [info] Computing chunks for parallel execution. Total input size: 2013. Requested chunks: 1
[2026-09-27 12:45:19.220] [info] BWT ranges divided in 1 chunks.
[2026-09-27 12:45:19.221] [info] Chunk 1/1 completed
[2026-09-27 12:45:19.221] [info] Completed rle string merge
[2026-09-27 12:45:19.223] [info] Processed: 0 Skipped: 0
[2026-09-27 12:45:19.223] [info] Chunk 1/1 completed
[2026-09-27 12:45:19.223] [info] Writing out sa values at run heads
[2026-09-27 12:45:19.223] [info] Done
