[2026-09-27 12:47:15.526] [info] Using 8 bytes for computing SA of the dictionary
[2026-09-27 12:47:15.526] [info] Using 2 bytes for storing SA of the dictionary
[2026-09-27 12:47:15.526] [info] Elapsed time (s): 0.000236561
[2026-09-27 12:47:15.526] [info] Using 1 bytes for DA of the dictionary
[2026-09-27 12:47:15.526] [info] Elapsed time (s): 2.165e-05
[2026-09-27 12:47:15.526] [info] Using 2 bytes for ISA of the dictionary
[2026-09-27 12:47:15.526] [info] Elapsed time (s): 1.907e-05
[2026-09-27 12:47:15.526] [info] Using 1 bytes for LCP of the dictionary
[2026-09-27 12:47:15.526] [info] Elapsed time (s): 4.144e-05
[2026-09-27 12:47:15.526] [info] Using 1 bytes for colex id and inverse colex id array of the dictionary
[2026-09-27 12:47:15.526] [info] Elapsed time (s): 1.515e-05
[2026-09-27 12:47:15.526] [info] Using 8 bytes for computing SA of the dictionary
[2026-09-27 12:47:15.526] [info] Using 1 bytes for storing SA of the dictionary
[2026-09-27 12:47:15.526] [info] Elapsed time (s): 8.09e-06
[2026-09-27 12:47:15.526] [info] Using 1 bytes for DA of the dictionary
[2026-09-27 12:47:15.526] [info] Elapsed time (s): 2.19e-06
[2026-09-27 12:47:15.526] [info] Using 1 bytes for ISA of the dictionary
[2026-09-27 12:47:15.526] [info] Elapsed time (s): 1.85e-06
[2026-09-27 12:47:15.526] [info] Using 1 bytes for LCP of the dictionary
[2026-09-27 12:47:15.526] [info] Elapsed time (s): 2.34e-06
[2026-09-27 12:47:15.526] [info] Computing RMQ over LCP of dictionary
[2026-09-27 12:47:15.526] [info] Elapsed time (s): 4.72e-06
[2026-09-27 12:47:15.526] [info] Using 1 bytes for colex DA of the dictionary
[2026-09-27 12:47:15.526] [info] Using 1 bytes for colex id and inverse colex id array of the dictionary
[2026-09-27 12:47:15.526] [info] Elapsed time (s): 1.159e-05
[2026-09-27 12:47:15.526] [info] Using 8 bytes for computing SA of the parsing
[2026-09-27 12:47:15.526] [info] Using 1 bytes for storing SA of the parsing
[2026-09-27 12:47:15.526] [info] Elapsed time (s): 4.31e-06
[2026-09-27 12:47:15.526] [info] Computing b_p
[2026-09-27 12:47:15.526] [info] Computing b_bwt and M of the parsing
[2026-09-27 12:47:15.526] [info] Computing inverted list of BWT(P)
[2026-09-27 12:47:15.526] [info] Using 1 bytes for storing the inverted list of the BWT of the parse
[2026-09-27 12:47:15.526] [info] Precomputing d lengths
[2026-09-27 12:47:15.526] [info] Precomputing d lengths
[2026-09-27 12:47:15.526] [info] Creating v table
[2026-09-27 12:47:15.526] [info] Creating E arrays
[2026-09-27 12:47:15.526] [info] Computing chunks for parallel execution. Total input size: 2013. Requested chunks: 1
[2026-09-27 12:47:15.526] [info] BWT ranges divided in 1 chunks.
[2026-09-27 12:47:15.527] [info] Chunk 1/1 completed
[2026-09-27 12:47:15.527] [info] Completed rle string merge
[2026-09-27 12:47:15.529] [info] Processed: 0 Skipped: 0
[2026-09-27 12:47:15.529] [info] Chunk 1/1 completed
[2026-09-27 12:47:15.529] [info] Writing out sa values at run heads
[2026-09-27 12:47:15.529] [info] Done
