[2026-09-27 12:45:19.036] [info] Using 8 bytes for computing SA of the dictionary
[2026-09-27 12:45:19.036] [info] Using 2 bytes for storing SA of the dictionary
[2026-09-27 12:45:19.036] [info] Elapsed time (s): 0.00024793
[2026-09-27 12:45:19.036] [info] Using 1 bytes for DA of the dictionary
[2026-09-27 12:45:19.036] [info] Elapsed time (s): 2.202e-05
[2026-09-27 12:45:19.036] [info] Using 2 bytes for ISA of the dictionary
[2026-09-27 12:45:19.036] [info] Elapsed time (s): 1.887e-05
[2026-09-27 12:45:19.036] [info] Using 1 bytes for LCP of the dictionary
[2026-09-27 12:45:19.036] [info] Elapsed time (s): 4.165e-05
[2026-09-27 12:45:19.036] [info] Using 1 bytes for colex id and inverse colex id array of the dictionary
[2026-09-27 12:45:19.036] [info] Elapsed time (s): 1.739e-05
[2026-09-27 12:45:19.036] [info] Using 8 bytes for computing SA of the dictionary
[2026-09-27 12:45:19.037] [info] Using 1 bytes for storing SA of the dictionary
[2026-09-27 12:45:19.037] [info] Elapsed time (s): 9.85e-06
[2026-09-27 12:45:19.037] [info] Using 1 bytes for DA of the dictionary
[2026-09-27 12:45:19.037] [info] Elapsed time (s): 2.3e-06
[2026-09-27 12:45:19.037] [info] Using 1 bytes for ISA of the dictionary
[2026-09-27 12:45:19.037] [info] Elapsed time (s): 2.05e-06
[2026-09-27 12:45:19.037] [info] Using 1 bytes for LCP of the dictionary
[2026-09-27 12:45:19.037] [info] Elapsed time (s): 2.36e-06
[2026-09-27 12:45:19.037] [info] Computing RMQ over LCP of dictionary
[2026-09-27 12:45:19.037] [info] Elapsed time (s): 7.33e-06
[2026-09-27 12:45:19.037] [info] Using 1 bytes for colex DA of the dictionary
[2026-09-27 12:45:19.037] [info] Using 1 bytes for colex id and inverse colex id array of the dictionary
[2026-09-27 12:45:19.037] [info] Elapsed time (s): 1.506e-05
[2026-09-27 12:45:19.037] [info] Using 8 bytes for computing SA of the parsing
[2026-09-27 12:45:19.037] [info] Using 1 bytes for storing SA of the parsing
[2026-09-27 12:45:19.037] [info] Elapsed time (s): 6.33e-06
[2026-09-27 12:45:19.037] [info] Computing b_p
[2026-09-27 12:45:19.037] [info] Computing b_bwt and M of the parsing
[2026-09-27 12:45:19.037] [info] Computing inverted list of BWT(P)
[2026-09-27 12:45:19.037] [info] Using 1 bytes for storing the inverted list of the BWT of the parse
[2026-09-27 12:45:19.037] [info] Precomputing d lengths
[2026-09-27 12:45:19.037] [info] Precomputing d lengths
[2026-09-27 12:45:19.037] [info] Creating v table
[2026-09-27 12:45:19.037] [info] Creating E arrays
[2026-09-27 12:45:19.037] [info] Computing chunks for parallel execution. Total input size: 2013. Requested chunks: 1
[2026-09-27 12:45:19.037] [info] BWT ranges divided in 1 chunks.
[2026-09-27 12:45:19.037] [info] Chunk 1/1 completed
[2026-09-27 12:45:19.038] [info] Completed rle string merge
[2026-09-27 12:45:19.039] [info] Processed: 0 Skipped: 0
[2026-09-27 12:45:19.039] [info] Chunk 1/1 completed
[2026-09-27 12:45:19.039] [info] Writing out sa values at run heads
[2026-09-27 12:45:19.040] [info] Done
