[2026-09-27 12:47:59.539] [info] Using 8 bytes for computing SA of the dictionary
[2026-09-27 12:47:59.554] [info] Using 3 bytes for storing SA of the dictionary
[2026-09-27 12:47:59.555] [info] Elapsed time (s): 0.016362304
[2026-09-27 12:47:59.555] [info] Using 2 bytes for DA of the dictionary
[2026-09-27 12:47:59.557] [info] Elapsed time (s): 0.002268913
[2026-09-27 12:47:59.557] [info] Using 3 bytes for ISA of the dictionary
[2026-09-27 12:47:59.560] [info] Elapsed time (s): 0.002620684
[2026-09-27 12:47:59.560] [info] Using 2 bytes for LCP of the dictionary
[2026-09-27 12:47:59.567] [info] Elapsed time (s): 0.00704358
[2026-09-27 12:47:59.567] [info] Using 2 bytes for colex id and inverse colex id array of the dictionary
[2026-09-27 12:47:59.569] [info] Elapsed time (s): 0.001448102
[2026-09-27 12:47:59.569] [info] Using 8 bytes for computing SA of the dictionary
[2026-09-27 12:47:59.569] [info] Using 2 bytes for storing SA of the dictionary
[2026-09-27 12:47:59.569] [info] Elapsed time (s): 0.000221611
[2026-09-27 12:47:59.569] [info] Using 1 bytes for DA of the dictionary
[2026-09-27 12:47:59.569] [info] Elapsed time (s): 2.837e-05
[2026-09-27 12:47:59.569] [info] Using 2 bytes for ISA of the dictionary
[2026-09-27 12:47:59.569] [info] Elapsed time (s): 2.366e-05
[2026-09-27 12:47:59.569] [info] Using 1 bytes for LCP of the dictionary
[2026-09-27 12:47:59.569] [info] Elapsed time (s): 3.118e-05
[2026-09-27 12:47:59.569] [info] Computing RMQ over LCP of dictionary
[2026-09-27 12:47:59.569] [info] Elapsed time (s): 6.676e-05
[2026-09-27 12:47:59.569] [info] Using 1 bytes for colex DA of the dictionary
[2026-09-27 12:47:59.569] [info] Using 1 bytes for colex id and inverse colex id array of the dictionary
[2026-09-27 12:47:59.569] [info] Elapsed time (s): 0.00031473
[2026-09-27 12:47:59.569] [info] Using 8 bytes for computing SA of the parsing
[2026-09-27 12:47:59.569] [info] Using 1 bytes for storing SA of the parsing
[2026-09-27 12:47:59.569] [info] Elapsed time (s): 1.542e-05
[2026-09-27 12:47:59.569] [info] Computing b_p
[2026-09-27 12:47:59.569] [info] Computing b_bwt and M of the parsing
[2026-09-27 12:47:59.570] [info] Computing inverted list of BWT(P)
[2026-09-27 12:47:59.570] [info] Using 1 bytes for storing the inverted list of the BWT of the parse
[2026-09-27 12:47:59.570] [info] Precomputing d lengths
[2026-09-27 12:47:59.570] [info] Precomputing d lengths
[2026-09-27 12:47:59.570] [info] Creating v table
[2026-09-27 12:47:59.570] [info] Creating E arrays
[2026-09-27 12:47:59.570] [info] Computing chunks for parallel execution. Total input size: 200013. Requested chunks: 1
[2026-09-27 12:47:59.577] [info] BWT ranges divided in 1 chunks.
[2026-09-27 12:47:59.598] [info] Chunk 1/1 completed
[2026-09-27 12:47:59.604] [info] Completed rle string merge
[2026-09-27 12:47:59.730] [info] Processed: 252 Skipped: 3
[2026-09-27 12:47:59.730] [info] Chunk 1/1 completed
[2026-09-27 12:47:59.730] [info] Writing out sa values at run heads
[2026-09-27 12:47:59.733] [info] Done
