[2026-09-27 12:47:15.615] [info] Using 8 bytes for computing SA of the dictionary
[2026-09-27 12:47:15.616] [info] Using 2 bytes for storing SA of the dictionary
[2026-09-27 12:47:15.617] [info] Elapsed time (s): 0.001656322
[2026-09-27 12:47:15.617] [info] Using 1 bytes for DA of the dictionary
[2026-09-27 12:47:15.617] [info] Elapsed time (s): 0.000208661
[2026-09-27 12:47:15.617] [info] Using 2 bytes for ISA of the dictionary
[2026-09-27 12:47:15.617] [info] Elapsed time (s): 0.00018301
[2026-09-27 12:47:15.617] [info] Using 2 bytes for LCP of the dictionary
[2026-09-27 12:47:15.617] [info] Elapsed time (s): 0.000462721
[2026-09-27 12:47:15.617] [info] Using 1 bytes for colex id and inverse colex id array of the dictionary
[2026-09-27 12:47:15.618] [info] Elapsed time (s): 0.00012515
[2026-09-27 12:47:15.618] [info] Using 8 bytes for computing SA of the dictionary
[2026-09-27 12:47:15.618] [info] Using 2 bytes for storing SA of the dictionary
[2026-09-27 12:47:15.618] [info] Elapsed time (s): 2.892e-05
[2026-09-27 12:47:15.618] [info] Using 1 bytes for DA of the dictionary
[2026-09-27 12:47:15.618] [info] Elapsed time (s): 1.325e-05
[2026-09-27 12:47:15.618] [info] Using 2 bytes for ISA of the dictionary
[2026-09-27 12:47:15.618] [info] Elapsed time (s): 3.95e-06
[2026-09-27 12:47:15.618] [info] Using 1 bytes for LCP of the dictionary
[2026-09-27 12:47:15.618] [info] Elapsed time (s): 4.62e-06
[2026-09-27 12:47:15.618] [info] Computing RMQ over LCP of dictionary
[2026-09-27 12:47:15.618] [info] Elapsed time (s): 1.193e-05
[2026-09-27 12:47:15.618] [info] Using 1 bytes for colex DA of the dictionary
[2026-09-27 12:47:15.618] [info] Using 1 bytes for colex id and inverse colex id array of the dictionary
[2026-09-27 12:47:15.618] [info] Elapsed time (s): 3.587e-05
[2026-09-27 12:47:15.618] [info] Using 8 bytes for computing SA of the parsing
[2026-09-27 12:47:15.618] [info] Using 1 bytes for storing SA of the parsing
[2026-09-27 12:47:15.618] [info] Elapsed time (s): 6.93e-06
[2026-09-27 12:47:15.618] [info] Computing b_p
[2026-09-27 12:47:15.618] [info] Computing b_bwt and M of the parsing
[2026-09-27 12:47:15.618] [info] Computing inverted list of BWT(P)
[2026-09-27 12:47:15.618] [info] Using 1 bytes for storing the inverted list of the BWT of the parse
[2026-09-27 12:47:15.618] [info] Precomputing d lengths
[2026-09-27 12:47:15.618] [info] Precomputing d lengths
[2026-09-27 12:47:15.618] [info] Creating v table
[2026-09-27 12:47:15.618] [info] Creating E arrays
[2026-09-27 12:47:15.618] [info] Computing chunks for parallel execution. Total input size: 20013. Requested chunks: 1
[2026-09-27 12:47:15.623] [info] BWT ranges divided in 1 chunks.
[2026-09-27 12:47:15.630] [info] Chunk 1/1 completed
[2026-09-27 12:47:15.631] [info] Completed rle string merge
[2026-09-27 12:47:15.646] [info] Processed: 5 Skipped: 0
[2026-09-27 12:47:15.646] [info] Chunk 1/1 completed
[2026-09-27 12:47:15.646] [info] Writing out sa values at run heads
[2026-09-27 12:47:15.647] [info] Done
