[2026-09-27 12:47:14.932] [info] Using 8 bytes for computing SA of the dictionary
[2026-09-27 12:47:14.932] [info] Using 2 bytes for storing SA of the dictionary
[2026-09-27 12:47:14.932] [info] Elapsed time (s): 0.000245711
[2026-09-27 12:47:14.932] [info] Using 1 bytes for DA of the dictionary
[2026-09-27 12:47:14.932] [info] Elapsed time (s): 2.082e-05
[2026-09-27 12:47:14.932] [info] Using 2 bytes for ISA of the dictionary
[2026-09-27 12:47:14.932] [info] Elapsed time (s): 1.83e-05
[2026-09-27 12:47:14.932] [info] Using 2 bytes for LCP of the dictionary
[2026-09-27 12:47:14.932] [info] Elapsed time (s): 4.296e-05
[2026-09-27 12:47:14.932] [info] Using 1 bytes for colex id and inverse colex id array of the dictionary
[2026-09-27 12:47:14.932] [info] Elapsed time (s): 1.425e-05
[2026-09-27 12:47:14.932] [info] Using 8 bytes for computing SA of the dictionary
[2026-09-27 12:47:14.932] [info] Using 1 bytes for storing SA of the dictionary
[2026-09-27 12:47:14.932] [info] Elapsed time (s): 1.022e-05
[2026-09-27 12:47:14.932] [info] Using 1 bytes for DA of the dictionary
[2026-09-27 12:47:14.932] [info] Elapsed time (s): 2.03e-06
[2026-09-27 12:47:14.932] [info] Using 1 bytes for ISA of the dictionary
[2026-09-27 12:47:14.932] [info] Elapsed time (s): 1.81e-06
[2026-09-27 12:47:14.932] [info] Using 1 bytes for LCP of the dictionary
[2026-09-27 12:47:14.932] [info] Elapsed time (s): 2.19e-06
[2026-09-27 12:47:14.932] [info] Computing RMQ over LCP of dictionary
[2026-09-27 12:47:14.932] [info] Elapsed time (s): 7.41e-06
[2026-09-27 12:47:14.932] [info] Using 1 bytes for colex DA of the dictionary
[2026-09-27 12:47:14.932] [info] Using 1 bytes for colex id and inverse colex id array of the dictionary
[2026-09-27 12:47:14.932] [info] Elapsed time (s): 1.261e-05
[2026-09-27 12:47:14.932] [info] Using 8 bytes for computing SA of the parsing
[2026-09-27 12:47:14.932] [info] Using 1 bytes for storing SA of the parsing
[2026-09-27 12:47:14.932] [info] Elapsed time (s): 5.73e-06
[2026-09-27 12:47:14.932] [info] Computing b_p
[2026-09-27 12:47:14.932] [info] Computing b_bwt and M of the parsing
[2026-09-27 12:47:14.932] [info] Computing inverted list of BWT(P)
[2026-09-27 12:47:14.932] [info] Using 1 bytes for storing the inverted list of the BWT of the parse
[2026-09-27 12:47:14.932] [info] Precomputing d lengths
[2026-09-27 12:47:14.932] [info] Precomputing d lengths
[2026-09-27 12:47:14.932] [info] Creating v table
[2026-09-27 12:47:14.932] [info] Creating E arrays
[2026-09-27 12:47:14.932] [info] Computing chunks for parallel execution. Total input size: 2011. Requested chunks: 1
[2026-09-27 12:47:14.932] [info] BWT ranges divided in 1 chunks.
[2026-09-27 12:47:14.933] [info] Chunk 1/1 completed
[2026-09-27 12:47:14.934] [info] Completed rle string merge
[2026-09-27 12:47:14.935] [info] Processed: 0 Skipped: 0
[2026-09-27 12:47:14.935] [info] Chunk 1/1 completed
[2026-09-27 12:47:14.935] [info] Writing out sa values at run heads
[2026-09-27 12:47:14.935] [info] Done
