[2026-09-27 12:47:15.002] [info] Using 8 bytes for computing SA of the dictionary
[2026-09-27 12:47:15.003] [info] Using 2 bytes for storing SA of the dictionary
[2026-09-27 12:47:15.003] [info] Elapsed time (s): 0.00027051
[2026-09-27 12:47:15.003] [info] Using 1 bytes for DA of the dictionary
[2026-09-27 12:47:15.003] [info] Elapsed time (s): 2.295e-05
[2026-09-27 12:47:15.003] [info] Using 2 bytes for ISA of the dictionary
[2026-09-27 12:47:15.003] [info] Elapsed time (s): 2.013e-05
[2026-09-27 12:47:15.003] [info] Using 2 bytes for LCP of the dictionary
[2026-09-27 12:47:15.003] [info] Elapsed time (s): 4.57e-05
[2026-09-27 12:47:15.003] [info] Using 1 bytes for colex id and inverse colex id array of the dictionary
[2026-09-27 12:47:15.003] [info] Elapsed time (s): 1.403e-05
[2026-09-27 12:47:15.003] [info] Using 8 bytes for computing SA of the dictionary
[2026-09-27 12:47:15.003] [info] Using 1 bytes for storing SA of the dictionary
[2026-09-27 12:47:15.003] [info] Elapsed time (s): 1.168e-05
[2026-09-27 12:47:15.003] [info] Using 1 bytes for DA of the dictionary
[2026-09-27 12:47:15.003] [info] Elapsed time (s): 2.34e-06
[2026-09-27 12:47:15.003] [info] Using 1 bytes for ISA of the dictionary
[2026-09-27 12:47:15.003] [info] Elapsed time (s): 2.06e-06
[2026-09-27 12:47:15.003] [info] Using 1 bytes for LCP of the dictionary
[2026-09-27 12:47:15.003] [info] Elapsed time (s): 2.78e-06
[2026-09-27 12:47:15.003] [info] Computing RMQ over LCP of dictionary
[2026-09-27 12:47:15.003] [info] Elapsed time (s): 5.25e-06
[2026-09-27 12:47:15.003] [info] Using 1 bytes for colex DA of the dictionary
[2026-09-27 12:47:15.003] [info] Using 1 bytes for colex id and inverse colex id array of the dictionary
[2026-09-27 12:47:15.003] [info] Elapsed time (s): 1.385e-05
[2026-09-27 12:47:15.003] [info] Using 8 bytes for computing SA of the parsing
[2026-09-27 12:47:15.003] [info] Using 1 bytes for storing SA of the parsing
[2026-09-27 12:47:15.003] [info] Elapsed time (s): 4.91e-06
[2026-09-27 12:47:15.003] [info] Computing b_p
[2026-09-27 12:47:15.003] [info] Computing b_bwt and M of the parsing
[2026-09-27 12:47:15.003] [info] Computing inverted list of BWT(P)
[2026-09-27 12:47:15.003] [info] Using 1 bytes for storing the inverted list of the BWT of the parse
[2026-09-27 12:47:15.003] [info] Precomputing d lengths
[2026-09-27 12:47:15.003] [info] Precomputing d lengths
[2026-09-27 12:47:15.003] [info] Creating v table
[2026-09-27 12:47:15.003] [info] Creating E arrays
[2026-09-27 12:47:15.003] [info] Computing chunks for parallel execution. Total input size: 4012. Requested chunks: 1
[2026-09-27 12:47:15.003] [info] BWT ranges divided in 1 chunks.
[2026-09-27 12:47:15.004] [info] Chunk 1/1 completed
[2026-09-27 12:47:15.004] [info] Completed rle string merge
[2026-09-27 12:47:15.006] [info] Processed: 1765 Skipped: 126
[2026-09-27 12:47:15.006] [info] Chunk 1/1 completed
[2026-09-27 12:47:15.006] [info] Writing out sa values at run heads
[2026-09-27 12:47:15.006] [info] Done
