[2026-09-27 12:47:18.830] [info] Using 8 bytes for computing SA of the dictionary
[2026-09-27 12:47:18.831] [info] Using 2 bytes for storing SA of the dictionary
[2026-09-27 12:47:18.831] [info] Elapsed time (s): 0.000683151
[2026-09-27 12:47:18.831] [info] Using 1 bytes for DA of the dictionary
[2026-09-27 12:47:18.831] [info] Elapsed time (s): 0.000162421
[2026-09-27 12:47:18.831] [info] Using 2 bytes for ISA of the dictionary
[2026-09-27 12:47:18.831] [info] Elapsed time (s): 0.00010414
[2026-09-27 12:47:18.831] [info] Using 2 bytes for LCP of the dictionary
[2026-09-27 12:47:18.831] [info] Elapsed time (s): 0.00015697
[2026-09-27 12:47:18.831] [info] Using 1 bytes for colex id and inverse colex id array of the dictionary
[2026-09-27 12:47:18.831] [info] Elapsed time (s): 7.472e-05
[2026-09-27 12:47:18.831] [info] Using 8 bytes for computing SA of the dictionary
[2026-09-27 12:47:18.831] [info] Using 1 bytes for storing SA of the dictionary
[2026-09-27 12:47:18.831] [info] Elapsed time (s): 6.63e-06
[2026-09-27 12:47:18.831] [info] Using 1 bytes for DA of the dictionary
[2026-09-27 12:47:18.831] [info] Elapsed time (s): 1.81e-06
[2026-09-27 12:47:18.831] [info] Using 1 bytes for ISA of the dictionary
[2026-09-27 12:47:18.831] [info] Elapsed time (s): 1.74e-06
[2026-09-27 12:47:18.831] [info] Using 1 bytes for LCP of the dictionary
[2026-09-27 12:47:18.831] [info] Elapsed time (s): 2.1e-06
[2026-09-27 12:47:18.831] [info] Computing RMQ over LCP of dictionary
[2026-09-27 12:47:18.831] [info] Elapsed time (s): 6.67e-06
[2026-09-27 12:47:18.831] [info] Using 1 bytes for colex DA of the dictionary
[2026-09-27 12:47:18.831] [info] Using 1 bytes for colex id and inverse colex id array of the dictionary
[2026-09-27 12:47:18.831] [info] Elapsed time (s): 8.9e-06
[2026-09-27 12:47:18.831] [info] Using 8 bytes for computing SA of the parsing
[2026-09-27 12:47:18.831] [info] Using 1 bytes for storing SA of the parsing
[2026-09-27 12:47:18.831] [info] Elapsed time (s): 5.89e-06
[2026-09-27 12:47:18.831] [info] Computing b_p
[2026-09-27 12:47:18.831] [info] Computing b_bwt and M of the parsing
[2026-09-27 12:47:18.831] [info] Computing inverted list of BWT(P)
[2026-09-27 12:47:18.831] [info] Using 1 bytes for storing the inverted list of the BWT of the parse
[2026-09-27 12:47:18.831] [info] Precomputing d lengths
[2026-09-27 12:47:18.831] [info] Precomputing d lengths
[2026-09-27 12:47:18.831] [info] Creating v table
[2026-09-27 12:47:18.831] [info] Creating E arrays
[2026-09-27 12:47:18.831] [info] Computing chunks for parallel execution. Total input size: 18513. Requested chunks: 1
[2026-09-27 12:47:18.849] [info] BWT ranges divided in 1 chunks.
[2026-09-27 12:47:18.868] [info] Chunk 1/1 completed
[2026-09-27 12:47:18.868] [info] Completed rle string merge
[2026-09-27 12:47:18.886] [info] Processed: 0 Skipped: 0
[2026-09-27 12:47:18.887] [info] Chunk 1/1 completed
[2026-09-27 12:47:18.887] [info] Writing out sa values at run heads
[2026-09-27 12:47:18.887] [info] Done
