[2026-09-27 12:47:18.419] [info] Using 8 bytes for computing SA of the dictionary
[2026-09-27 12:47:18.420] [info] Using 2 bytes for storing SA of the dictionary
[2026-09-27 12:47:18.420] [info] Elapsed time (s): 0.000715621
[2026-09-27 12:47:18.420] [info] Using 1 bytes for DA of the dictionary
[2026-09-27 12:47:18.420] [info] Elapsed time (s): 0.00016241
[2026-09-27 12:47:18.420] [info] Using 2 bytes for ISA of the dictionary
[2026-09-27 12:47:18.420] [info] Elapsed time (s): 0.00010372
[2026-09-27 12:47:18.420] [info] Using 2 bytes for LCP of the dictionary
[2026-09-27 12:47:18.420] [info] Elapsed time (s): 0.0001598
[2026-09-27 12:47:18.420] [info] Using 1 bytes for colex id and inverse colex id array of the dictionary
[2026-09-27 12:47:18.421] [info] Elapsed time (s): 7.549e-05
[2026-09-27 12:47:18.421] [info] Using 8 bytes for computing SA of the dictionary
[2026-09-27 12:47:18.421] [info] Using 1 bytes for storing SA of the dictionary
[2026-09-27 12:47:18.421] [info] Elapsed time (s): 7.26e-06
[2026-09-27 12:47:18.421] [info] Using 1 bytes for DA of the dictionary
[2026-09-27 12:47:18.421] [info] Elapsed time (s): 1.83e-06
[2026-09-27 12:47:18.421] [info] Using 1 bytes for ISA of the dictionary
[2026-09-27 12:47:18.421] [info] Elapsed time (s): 1.69e-06
[2026-09-27 12:47:18.421] [info] Using 1 bytes for LCP of the dictionary
[2026-09-27 12:47:18.421] [info] Elapsed time (s): 1.79e-06
[2026-09-27 12:47:18.421] [info] Computing RMQ over LCP of dictionary
[2026-09-27 12:47:18.421] [info] Elapsed time (s): 8.29e-06
[2026-09-27 12:47:18.421] [info] Using 1 bytes for colex DA of the dictionary
[2026-09-27 12:47:18.421] [info] Using 1 bytes for colex id and inverse colex id array of the dictionary
[2026-09-27 12:47:18.421] [info] Elapsed time (s): 9.36e-06
[2026-09-27 12:47:18.421] [info] Using 8 bytes for computing SA of the parsing
[2026-09-27 12:47:18.421] [info] Using 1 bytes for storing SA of the parsing
[2026-09-27 12:47:18.421] [info] Elapsed time (s): 6.19e-06
[2026-09-27 12:47:18.421] [info] Computing b_p
[2026-09-27 12:47:18.421] [info] Computing b_bwt and M of the parsing
[2026-09-27 12:47:18.421] [info] Computing inverted list of BWT(P)
[2026-09-27 12:47:18.421] [info] Using 1 bytes for storing the inverted list of the BWT of the parse
[2026-09-27 12:47:18.421] [info] Precomputing d lengths
[2026-09-27 12:47:18.421] [info] Precomputing d lengths
[2026-09-27 12:47:18.421] [info] Creating v table
[2026-09-27 12:47:18.421] [info] Creating E arrays
[2026-09-27 12:47:18.421] [info] Computing chunks for parallel execution. Total input size: 18513. Requested chunks: 1
[2026-09-27 12:47:18.438] [info] BWT ranges divided in 1 chunks.
[2026-09-27 12:47:18.457] [info] Chunk 1/1 completed
[2026-09-27 12:47:18.457] [info] Completed rle string merge
[2026-09-27 12:47:18.477] [info] Processed: 0 Skipped: 0
[2026-09-27 12:47:18.477] [info] Chunk 1/1 completed
[2026-09-27 12:47:18.477] [info] Writing out sa values at run heads
[2026-09-27 12:47:18.477] [info] Done
