[2026-09-27 12:48:00.517] [info] Using 8 bytes for computing SA of the dictionary
[2026-09-27 12:48:00.518] [info] Using 2 bytes for storing SA of the dictionary
[2026-09-27 12:48:00.518] [info] Elapsed time (s): 0.000690841
[2026-09-27 12:48:00.518] [info] Using 1 bytes for DA of the dictionary
[2026-09-27 12:48:00.518] [info] Elapsed time (s): 0.00017457
[2026-09-27 12:48:00.518] [info] Using 2 bytes for ISA of the dictionary
[2026-09-27 12:48:00.518] [info] Elapsed time (s): 0.00010412
[2026-09-27 12:48:00.518] [info] Using 2 bytes for LCP of the dictionary
[2026-09-27 12:48:00.518] [info] Elapsed time (s): 0.00015734
[2026-09-27 12:48:00.518] [info] Using 1 bytes for colex id and inverse colex id array of the dictionary
[2026-09-27 12:48:00.518] [info] Elapsed time (s): 7.3601e-05
[2026-09-27 12:48:00.518] [info] Using 8 bytes for computing SA of the dictionary
[2026-09-27 12:48:00.518] [info] Using 1 bytes for storing SA of the dictionary
[2026-09-27 12:48:00.518] [info] Elapsed time (s): 5.5e-06
[2026-09-27 12:48:00.518] [info] Using 1 bytes for DA of the dictionary
[2026-09-27 12:48:00.518] [info] Elapsed time (s): 1.8e-06
[2026-09-27 12:48:00.518] [info] Using 1 bytes for ISA of the dictionary
[2026-09-27 12:48:00.518] [info] Elapsed time (s): 1.63e-06
[2026-09-27 12:48:00.518] [info] Using 1 bytes for LCP of the dictionary
[2026-09-27 12:48:00.518] [info] Elapsed time (s): 1.8e-06
[2026-09-27 12:48:00.518] [info] Computing RMQ over LCP of dictionary
[2026-09-27 12:48:00.518] [info] Elapsed time (s): 3.81e-06
[2026-09-27 12:48:00.518] [info] Using 1 bytes for colex DA of the dictionary
[2026-09-27 12:48:00.518] [info] Using 1 bytes for colex id and inverse colex id array of the dictionary
[2026-09-27 12:48:00.518] [info] Elapsed time (s): 6.73e-06
[2026-09-27 12:48:00.518] [info] Using 8 bytes for computing SA of the parsing
[2026-09-27 12:48:00.518] [info] Using 1 bytes for storing SA of the parsing
[2026-09-27 12:48:00.518] [info] Elapsed time (s): 3.9e-06
[2026-09-27 12:48:00.518] [info] Computing b_p
[2026-09-27 12:48:00.518] [info] Computing b_bwt and M of the parsing
[2026-09-27 12:48:00.518] [info] Computing inverted list of BWT(P)
[2026-09-27 12:48:00.518] [info] Using 1 bytes for storing the inverted list of the BWT of the parse
[2026-09-27 12:48:00.518] [info] Precomputing d lengths
[2026-09-27 12:48:00.518] [info] Precomputing d lengths
[2026-09-27 12:48:00.518] [info] Creating v table
[2026-09-27 12:48:00.518] [info] Creating E arrays
[2026-09-27 12:48:00.518] [info] Computing chunks for parallel execution. Total input size: 18513. Requested chunks: 1
[2026-09-27 12:48:00.536] [info] BWT ranges divided in 1 chunks.
[2026-09-27 12:48:00.555] [info] Chunk 1/1 completed
[2026-09-27 12:48:00.555] [info] Completed rle string merge
[2026-09-27 12:48:00.576] [info] Processed: 0 Skipped: 0
[2026-09-27 12:48:00.576] [info] Chunk 1/1 completed
[2026-09-27 12:48:00.576] [info] Writing out sa values at run heads
[2026-09-27 12:48:00.576] [info] Done
