[2026-09-27 12:48:00.094] [info] Using 8 bytes for computing SA of the dictionary
[2026-09-27 12:48:00.095] [info] Using 2 bytes for storing SA of the dictionary
[2026-09-27 12:48:00.095] [info] Elapsed time (s): 0.000699661
[2026-09-27 12:48:00.095] [info] Using 1 bytes for DA of the dictionary
[2026-09-27 12:48:00.095] [info] Elapsed time (s): 0.000162301
[2026-09-27 12:48:00.095] [info] Using 2 bytes for ISA of the dictionary
[2026-09-27 12:48:00.095] [info] Elapsed time (s): 0.0001032
[2026-09-27 12:48:00.095] [info] Using 2 bytes for LCP of the dictionary
[2026-09-27 12:48:00.096] [info] Elapsed time (s): 0.0001582
[2026-09-27 12:48:00.096] [info] Using 1 bytes for colex id and inverse colex id array of the dictionary
[2026-09-27 12:48:00.096] [info] Elapsed time (s): 7.464e-05
[2026-09-27 12:48:00.096] [info] Using 8 bytes for computing SA of the dictionary
[2026-09-27 12:48:00.096] [info] Using 1 bytes for storing SA of the dictionary
[2026-09-27 12:48:00.096] [info] Elapsed time (s): 7.26e-06
[2026-09-27 12:48:00.096] [info] Using 1 bytes for DA of the dictionary
[2026-09-27 12:48:00.096] [info] Elapsed time (s): 1.74e-06
[2026-09-27 12:48:00.096] [info] Using 1 bytes for ISA of the dictionary
[2026-09-27 12:48:00.096] [info] Elapsed time (s): 1.93e-06
[2026-09-27 12:48:00.096] [info] Using 1 bytes for LCP of the dictionary
[2026-09-27 12:48:00.096] [info] Elapsed time (s): 1.81e-06
[2026-09-27 12:48:00.096] [info] Computing RMQ over LCP of dictionary
[2026-09-27 12:48:00.096] [info] Elapsed time (s): 1.496e-05
[2026-09-27 12:48:00.096] [info] Using 1 bytes for colex DA of the dictionary
[2026-09-27 12:48:00.096] [info] Using 1 bytes for colex id and inverse colex id array of the dictionary
[2026-09-27 12:48:00.096] [info] Elapsed time (s): 8.97e-06
[2026-09-27 12:48:00.096] [info] Using 8 bytes for computing SA of the parsing
[2026-09-27 12:48:00.096] [info] Using 1 bytes for storing SA of the parsing
[2026-09-27 12:48:00.096] [info] Elapsed time (s): 5.64e-06
[2026-09-27 12:48:00.096] [info] Computing b_p
[2026-09-27 12:48:00.096] [info] Computing b_bwt and M of the parsing
[2026-09-27 12:48:00.096] [info] Computing inverted list of BWT(P)
[2026-09-27 12:48:00.096] [info] Using 1 bytes for storing the inverted list of the BWT of the parse
[2026-09-27 12:48:00.096] [info] Precomputing d lengths
[2026-09-27 12:48:00.096] [info] Precomputing d lengths
[2026-09-27 12:48:00.096] [info] Creating v table
[2026-09-27 12:48:00.096] [info] Creating E arrays
[2026-09-27 12:48:00.096] [info] Computing chunks for parallel execution. Total input size: 18513. Requested chunks: 1
[2026-09-27 12:48:00.114] [info] BWT ranges divided in 1 chunks.
[2026-09-27 12:48:00.133] [info] Chunk 1/1 completed
[2026-09-27 12:48:00.133] [info] Completed rle string merge
[2026-09-27 12:48:00.153] [info] Processed: 0 Skipped: 0
[2026-09-27 12:48:00.153] [info] Chunk 1/1 completed
[2026-09-27 12:48:00.153] [info] Writing out sa values at run heads
[2026-09-27 12:48:00.154] [info] Done
