[2026-09-27 12:47:18.540] [info] Using 8 bytes for computing SA of the dictionary
[2026-09-27 12:47:18.541] [info] Using 2 bytes for storing SA of the dictionary
[2026-09-27 12:47:18.541] [info] Elapsed time (s): 0.000710701
[2026-09-27 12:47:18.541] [info] Using 1 bytes for DA of the dictionary
[2026-09-27 12:47:18.541] [info] Elapsed time (s): 0.000168041
[2026-09-27 12:47:18.541] [info] Using 2 bytes for ISA of the dictionary
[2026-09-27 12:47:18.541] [info] Elapsed time (s): 0.00010336
[2026-09-27 12:47:18.541] [info] Using 2 bytes for LCP of the dictionary
[2026-09-27 12:47:18.541] [info] Elapsed time (s): 0.00016077
[2026-09-27 12:47:18.541] [info] Using 1 bytes for colex id and inverse colex id array of the dictionary
[2026-09-27 12:47:18.541] [info] Elapsed time (s): 7.576e-05
[2026-09-27 12:47:18.541] [info] Using 8 bytes for computing SA of the dictionary
[2026-09-27 12:47:18.541] [info] Using 1 bytes for storing SA of the dictionary
[2026-09-27 12:47:18.541] [info] Elapsed time (s): 6.75e-06
[2026-09-27 12:47:18.541] [info] Using 1 bytes for DA of the dictionary
[2026-09-27 12:47:18.541] [info] Elapsed time (s): 1.77e-06
[2026-09-27 12:47:18.541] [info] Using 1 bytes for ISA of the dictionary
[2026-09-27 12:47:18.541] [info] Elapsed time (s): 1.67e-06
[2026-09-27 12:47:18.541] [info] Using 1 bytes for LCP of the dictionary
[2026-09-27 12:47:18.541] [info] Elapsed time (s): 2.18e-06
[2026-09-27 12:47:18.541] [info] Computing RMQ over LCP of dictionary
[2026-09-27 12:47:18.541] [info] Elapsed time (s): 6.05e-06
[2026-09-27 12:47:18.541] [info] Using 1 bytes for colex DA of the dictionary
[2026-09-27 12:47:18.541] [info] Using 1 bytes for colex id and inverse colex id array of the dictionary
[2026-09-27 12:47:18.541] [info] Elapsed time (s): 8.98e-06
[2026-09-27 12:47:18.541] [info] Using 8 bytes for computing SA of the parsing
[2026-09-27 12:47:18.541] [info] Using 1 bytes for storing SA of the parsing
[2026-09-27 12:47:18.541] [info] Elapsed time (s): 5.94e-06
[2026-09-27 12:47:18.541] [info] Computing b_p
[2026-09-27 12:47:18.541] [info] Computing b_bwt and M of the parsing
[2026-09-27 12:47:18.541] [info] Computing inverted list of BWT(P)
[2026-09-27 12:47:18.541] [info] Using 1 bytes for storing the inverted list of the BWT of the parse
[2026-09-27 12:47:18.541] [info] Precomputing d lengths
[2026-09-27 12:47:18.541] [info] Precomputing d lengths
[2026-09-27 12:47:18.541] [info] Creating v table
[2026-09-27 12:47:18.541] [info] Creating E arrays
[2026-09-27 12:47:18.541] [info] Computing chunks for parallel execution. Total input size: 18513. Requested chunks: 1
[2026-09-27 12:47:18.559] [info] BWT ranges divided in 1 chunks.
[2026-09-27 12:47:18.578] [info] Chunk 1/1 completed
[2026-09-27 12:47:18.578] [info] Completed rle string merge
[2026-09-27 12:47:18.598] [info] Processed: 0 Skipped: 0
[2026-09-27 12:47:18.598] [info] Chunk 1/1 completed
[2026-09-27 12:47:18.598] [info] Writing out sa values at run heads
[2026-09-27 12:47:18.599] [info] Done
