[2026-09-27 12:45:20.183] [info] Using 8 bytes for computing SA of the dictionary
[2026-09-27 12:45:20.183] [info] Using 2 bytes for storing SA of the dictionary
[2026-09-27 12:45:20.183] [info] Elapsed time (s): 0.000589181
[2026-09-27 12:45:20.183] [info] Using 1 bytes for DA of the dictionary
[2026-09-27 12:45:20.184] [info] Elapsed time (s): 0.00013635
[2026-09-27 12:45:20.184] [info] Using 2 bytes for ISA of the dictionary
[2026-09-27 12:45:20.184] [info] Elapsed time (s): 9.3581e-05
[2026-09-27 12:45:20.184] [info] Using 2 bytes for LCP of the dictionary
[2026-09-27 12:45:20.184] [info] Elapsed time (s): 0.00013222
[2026-09-27 12:45:20.184] [info] Using 1 bytes for colex id and inverse colex id array of the dictionary
[2026-09-27 12:45:20.184] [info] Elapsed time (s): 6.197e-05
[2026-09-27 12:45:20.184] [info] Using 8 bytes for computing SA of the dictionary
[2026-09-27 12:45:20.184] [info] Using 1 bytes for storing SA of the dictionary
[2026-09-27 12:45:20.184] [info] Elapsed time (s): 5.33e-06
[2026-09-27 12:45:20.184] [info] Using 1 bytes for DA of the dictionary
[2026-09-27 12:45:20.184] [info] Elapsed time (s): 1.53e-06
[2026-09-27 12:45:20.184] [info] Using 1 bytes for ISA of the dictionary
[2026-09-27 12:45:20.184] [info] Elapsed time (s): 1.38e-06
[2026-09-27 12:45:20.184] [info] Using 1 bytes for LCP of the dictionary
[2026-09-27 12:45:20.184] [info] Elapsed time (s): 1.49e-06
[2026-09-27 12:45:20.184] [info] Computing RMQ over LCP of dictionary
[2026-09-27 12:45:20.184] [info] Elapsed time (s): 3.45e-06
[2026-09-27 12:45:20.184] [info] Using 1 bytes for colex DA of the dictionary
[2026-09-27 12:45:20.184] [info] Using 1 bytes for colex id and inverse colex id array of the dictionary
[2026-09-27 12:45:20.184] [info] Elapsed time (s): 6.86e-06
[2026-09-27 12:45:20.184] [info] Using 8 bytes for computing SA of the parsing
[2026-09-27 12:45:20.184] [info] Using 1 bytes for storing SA of the parsing
[2026-09-27 12:45:20.184] [info] Elapsed time (s): 4.24e-06
[2026-09-27 12:45:20.184] [info] Computing b_p
[2026-09-27 12:45:20.184] [info] Computing b_bwt and M of the parsing
[2026-09-27 12:45:20.184] [info] Computing inverted list of BWT(P)
[2026-09-27 12:45:20.184] [info] Using 1 bytes for storing the inverted list of the BWT of the parse
[2026-09-27 12:45:20.184] [info] Precomputing d lengths
[2026-09-27 12:45:20.184] [info] Precomputing d lengths
[2026-09-27 12:45:20.184] [info] Creating v table
[2026-09-27 12:45:20.184] [info] Creating E arrays
[2026-09-27 12:45:20.184] [info] Computing chunks for parallel execution. Total input size: 18513. Requested chunks: 1
[2026-09-27 12:45:20.199] [info] BWT ranges divided in 1 chunks.
[2026-09-27 12:45:20.215] [info] Chunk 1/1 completed
[2026-09-27 12:45:20.215] [info] Completed rle string merge
[2026-09-27 12:45:20.233] [info] Processed: 0 Skipped: 0
[2026-09-27 12:45:20.233] [info] Chunk 1/1 completed
[2026-09-27 12:45:20.233] [info] Writing out sa values at run heads
[2026-09-27 12:45:20.233] [info] Done
