ri4: n=18503 k=3 R=372
SLIM_PHASE ri4-load wall=0.000 cumulative=0.000 peak_rss_kib=2048
SLIM_HEAD_SA bytes=2976 rows=372 mmap=1
SLIM_PHASE dict-read wall=0.000 cumulative=0.000 peak_rss_kib=2048
SLIM_PHASE dict-boundaries wall=0.000 cumulative=0.000 peak_rss_kib=2048
SLIM_STRING_ENDS count=3 bytes=32 from_parse_dict=1
SLIM_PHASE parse+boundaries wall=0.000 cumulative=0.000 peak_rss_kib=2048
SLIM_PHASE parse-fingerprints wall=0.000 cumulative=0.000 peak_rss_kib=2048
SLIM_PHASE dict-fingerprints wall=0.000 cumulative=0.000 peak_rss_kib=2048
SLIM_STRUCT n=18513 P=5 D=18569 phrases=5 parse_bytes=24 bd_bytes=198 bp_bytes=190 dict_resident=0 dict_cache_per_thread=262144 no_SA_ISA_LCP_RMQ=1 no_M_b_bwt_w_wt=1
SLIM_PHASE lce-build-total wall=0.000 cumulative=0.000 peak_rss_kib=2048
SLIM_PHASE lf-build wall=0.000 cumulative=0.000 peak_rss_kib=2048
SLIM_RI runs=1860 starts=2976 samples=704 lf_capacity=5072
SLIM_PROGRESS runs=372/372 resolve_wall=0.000 lce_wall=0.001 write_wall=0.000 lf_steps=0 cache_hits=0
SLIM_PHASE query-chunks wall=0.003 cumulative=0.003 peak_rss_kib=4096
SLIM_PHASE queries+stream-write-final wall=0.000 cumulative=0.003 peak_rss_kib=4096
SLIM_FP parse tau=1 bytes=56 queries=0 verified_symbols=0 hash_probes=0 mean_verified=0.000000000 max_verified=0
SLIM_FP dict tau=400 bytes=376 queries=476 verified_symbols=31544 hash_probes=99 mean_verified=66.268907563 max_verified=6166
SLIM_QUERY_PHASE resolve_wall=0.000431 resolve_peak_kib=4096 lce_wall=0.000959 lce_peak_kib=4096 write_wall=0.000023 write_peak_kib=4096
SLIM_SEEDS queries=479 mean_verified_phrases=0.000000000 max_verified_phrases=0 (includes_zero_parse_work_seeds; boundary_included)
SLIM_RESOLVE walks=0 steps=0 max=0 anchor=0 failed=0 cache_hits=0
SLIM_BOUNDARY_RESOLVE head_direct=372 tail_direct=479 head_lf_steps=0
