[2026-09-27 17:36:24.911] [info] Using 8 bytes for computing SA of the dictionary
[2026-09-27 17:36:24.911] [info] Using 2 bytes for storing SA of the dictionary
[2026-09-27 17:36:24.911] [info] Elapsed time (s): 0.00023009
[2026-09-27 17:36:24.911] [info] Using 1 bytes for DA of the dictionary
[2026-09-27 17:36:24.911] [info] Elapsed time (s): 2.1e-05
[2026-09-27 17:36:24.911] [info] Using 2 bytes for ISA of the dictionary
[2026-09-27 17:36:24.911] [info] Elapsed time (s): 1.799e-05
[2026-09-27 17:36:24.911] [info] Using 2 bytes for LCP of the dictionary
[2026-09-27 17:36:24.911] [info] Elapsed time (s): 4.288e-05
[2026-09-27 17:36:24.911] [info] Using 1 bytes for colex id and inverse colex id array of the dictionary
[2026-09-27 17:36:24.911] [info] Elapsed time (s): 1.372e-05
[2026-09-27 17:36:24.911] [info] Using 8 bytes for computing SA of the dictionary
[2026-09-27 17:36:24.911] [info] Using 1 bytes for storing SA of the dictionary
[2026-09-27 17:36:24.911] [info] Elapsed time (s): 9.74e-06
[2026-09-27 17:36:24.911] [info] Using 1 bytes for DA of the dictionary
[2026-09-27 17:36:24.911] [info] Elapsed time (s): 2.09e-06
[2026-09-27 17:36:24.911] [info] Using 1 bytes for ISA of the dictionary
[2026-09-27 17:36:24.911] [info] Elapsed time (s): 1.78e-06
[2026-09-27 17:36:24.911] [info] Using 1 bytes for LCP of the dictionary
[2026-09-27 17:36:24.911] [info] Elapsed time (s): 2.27e-06
[2026-09-27 17:36:24.911] [info] Computing RMQ over LCP of dictionary
[2026-09-27 17:36:24.911] [info] Elapsed time (s): 6.68e-06
[2026-09-27 17:36:24.911] [info] Using 1 bytes for colex DA of the dictionary
[2026-09-27 17:36:24.911] [info] Using 1 bytes for colex id and inverse colex id array of the dictionary
[2026-09-27 17:36:24.911] [info] Elapsed time (s): 1.092e-05
[2026-09-27 17:36:24.911] [info] Using 8 bytes for computing SA of the parsing
[2026-09-27 17:36:24.911] [info] Using 1 bytes for storing SA of the parsing
[2026-09-27 17:36:24.911] [info] Elapsed time (s): 5.09e-06
[2026-09-27 17:36:24.911] [info] Computing b_p
[2026-09-27 17:36:24.912] [info] Computing b_bwt and M of the parsing
[2026-09-27 17:36:24.912] [info] Computing inverted list of BWT(P)
[2026-09-27 17:36:24.912] [info] Using 1 bytes for storing the inverted list of the BWT of the parse
[2026-09-27 17:36:24.912] [info] Precomputing d lengths
[2026-09-27 17:36:24.912] [info] Precomputing d lengths
[2026-09-27 17:36:24.912] [info] Creating v table
[2026-09-27 17:36:24.912] [info] Creating E arrays
[2026-09-27 17:36:24.912] [info] Computing chunks for parallel execution. Total input size: 2011. Requested chunks: 1
[2026-09-27 17:36:24.912] [info] BWT ranges divided in 1 chunks.
[2026-09-27 17:36:24.913] [info] Chunk 1/1 completed
[2026-09-27 17:36:24.913] [info] Completed rle string merge
[2026-09-27 17:36:24.914] [info] Processed: 0 Skipped: 0
[2026-09-27 17:36:24.915] [info] Chunk 1/1 completed
[2026-09-27 17:36:24.915] [info] Writing out sa values at run heads
[2026-09-27 17:36:24.915] [info] Done
