[2026-09-27 17:36:24.988] [info] Using 8 bytes for computing SA of the dictionary
[2026-09-27 17:36:24.988] [info] Using 2 bytes for storing SA of the dictionary
[2026-09-27 17:36:24.988] [info] Elapsed time (s): 0.0002726
[2026-09-27 17:36:24.988] [info] Using 1 bytes for DA of the dictionary
[2026-09-27 17:36:24.988] [info] Elapsed time (s): 2.274e-05
[2026-09-27 17:36:24.988] [info] Using 2 bytes for ISA of the dictionary
[2026-09-27 17:36:24.988] [info] Elapsed time (s): 2.027e-05
[2026-09-27 17:36:24.988] [info] Using 2 bytes for LCP of the dictionary
[2026-09-27 17:36:24.988] [info] Elapsed time (s): 4.559e-05
[2026-09-27 17:36:24.988] [info] Using 1 bytes for colex id and inverse colex id array of the dictionary
[2026-09-27 17:36:24.988] [info] Elapsed time (s): 1.425e-05
[2026-09-27 17:36:24.988] [info] Using 8 bytes for computing SA of the dictionary
[2026-09-27 17:36:24.988] [info] Using 1 bytes for storing SA of the dictionary
[2026-09-27 17:36:24.988] [info] Elapsed time (s): 1.171e-05
[2026-09-27 17:36:24.988] [info] Using 1 bytes for DA of the dictionary
[2026-09-27 17:36:24.988] [info] Elapsed time (s): 2.32e-06
[2026-09-27 17:36:24.988] [info] Using 1 bytes for ISA of the dictionary
[2026-09-27 17:36:24.988] [info] Elapsed time (s): 2e-06
[2026-09-27 17:36:24.988] [info] Using 1 bytes for LCP of the dictionary
[2026-09-27 17:36:24.988] [info] Elapsed time (s): 2.69e-06
[2026-09-27 17:36:24.988] [info] Computing RMQ over LCP of dictionary
[2026-09-27 17:36:24.988] [info] Elapsed time (s): 5.7e-06
[2026-09-27 17:36:24.988] [info] Using 1 bytes for colex DA of the dictionary
[2026-09-27 17:36:24.988] [info] Using 1 bytes for colex id and inverse colex id array of the dictionary
[2026-09-27 17:36:24.988] [info] Elapsed time (s): 1.423e-05
[2026-09-27 17:36:24.988] [info] Using 8 bytes for computing SA of the parsing
[2026-09-27 17:36:24.988] [info] Using 1 bytes for storing SA of the parsing
[2026-09-27 17:36:24.988] [info] Elapsed time (s): 5.28e-06
[2026-09-27 17:36:24.988] [info] Computing b_p
[2026-09-27 17:36:24.988] [info] Computing b_bwt and M of the parsing
[2026-09-27 17:36:24.988] [info] Computing inverted list of BWT(P)
[2026-09-27 17:36:24.988] [info] Using 1 bytes for storing the inverted list of the BWT of the parse
[2026-09-27 17:36:24.988] [info] Precomputing d lengths
[2026-09-27 17:36:24.988] [info] Precomputing d lengths
[2026-09-27 17:36:24.988] [info] Creating v table
[2026-09-27 17:36:24.988] [info] Creating E arrays
[2026-09-27 17:36:24.988] [info] Computing chunks for parallel execution. Total input size: 4012. Requested chunks: 1
[2026-09-27 17:36:24.989] [info] BWT ranges divided in 1 chunks.
[2026-09-27 17:36:24.990] [info] Chunk 1/1 completed
[2026-09-27 17:36:24.990] [info] Completed rle string merge
[2026-09-27 17:36:24.992] [info] Processed: 1765 Skipped: 126
[2026-09-27 17:36:24.992] [info] Chunk 1/1 completed
[2026-09-27 17:36:24.992] [info] Writing out sa values at run heads
[2026-09-27 17:36:24.992] [info] Done
