[2026-09-29 14:38:06.957] [info] Current Configuration:
; PFP++

; Text file to parse.
text="/home/erikg/worktrees/sxgc/pi-worktree-de16a986-97f3-45c4-a7ca-fe2df3a51aa3-s0-0/bit6/sxi_logs/parsed-space/fixtures/web-100m.txt"

; Read -t as AGC: archive order, uppercase reversed contigs, 0x1e separators.
agc=false

; Output prefix.
out-prefix="/home/erikg/worktrees/sxgc/pi-worktree-de16a986-97f3-45c4-a7ca-fe2df3a51aa3-s0-0/bit6/sxi_logs/parsed-space/web-parser-bounded/parse"

; Sliding window size.
window-size=10

; Modulo used during parsing.
modulo=100

; Number of threads.
threads=1

; Temporary files directory.
tmp-dir="/mnt/nvme2n1/erikg/sxgc-parsed-space-de16a986-web100m-bounded"

; Also output compressed the dictionary.
compress-dictionary=false

; Use reference parse to avoid re-parsing.
use-vcf-acceleration=false

; Print out csv containing stats.
print-statistics=false

; Output count for each dictionary phrase.
output-occurrences=false

; Output sai array.
output-sai=false

; Output last array.
output-last=false

; Convert all non ACGT characters from a VCF or FASTA file to N.
acgt-only=false

; Verbose output.
verbose=false

; Version number.
version=false

[2026-09-29 14:38:06.958] [info] Parsing /home/erikg/worktrees/sxgc/pi-worktree-de16a986-97f3-45c4-a7ca-fe2df3a51aa3-s0-0/bit6/sxi_logs/parsed-space/fixtures/web-100m.txt
[2026-09-29 14:38:17.325] [info] Main parser: Replacing hash values with ranks.
[2026-09-29 14:38:23.011] [info] EXTERNAL_PHRASES phrases=926333 phrase_disk_bytes=107488860 metadata_disk_bytes=51874648 bucket_bytes=2097152 order_bytes=22231992 shards=16
[2026-09-29 14:38:27.087] [info] Main parser: writing dictionary on disk NOT COMPRESSED
[2026-09-29 14:38:29.823] [info] No properties requested.
[2026-09-29 14:38:29.823] [info] Main parser: closed
[2026-09-29 14:38:29.823] [info] Parser Text -	Parse size: 993476	Dic Size: 926333 Dic Total Length: 107488860
[Disk Write (bytes): 120336906]
