[2026-09-28 02:48:16.246] [info] Current Configuration:
; PFP++

; Integers file to parse.
int32t="/mnt/nvme3n1/erikg/sxgc-k10sep/from-zero-p_fwd37s/scratch-B/xsa-build-eutfiy_w/parse.parse"

; Sliding window size.
window-size=5

; Modulo used during parsing.
modulo=11

; Number of threads.
threads=16

; Temporary files directory.
tmp-dir="/mnt/nvme3n1/erikg/sxgc-k10sep/from-zero-p_fwd37s/scratch-B/xsa-build-eutfiy_w"

; Also output compressed the dictionary.
compress-dictionary=false

; Use reference parse to avoid re-parsing.
use-vcf-acceleration=false

; Print out csv containing stats.
print-statistics=false

; Output count for each dictionary phrase.
output-occurrences=false

; Output sai array.
output-sai=false

; Output last array.
output-last=false

; Convert all non ACGT characters from a VCF or FASTA file to N.
acgt-only=false

; Verbose output.
verbose=false

; Version number.
version=false

[2026-09-28 02:48:16.247] [info] Parsing /mnt/nvme3n1/erikg/sxgc-k10sep/from-zero-p_fwd37s/scratch-B/xsa-build-eutfiy_w/parse.parse
[2026-09-28 02:48:36.995] [info] Main parser: Replacing hash values with ranks.
[2026-09-28 02:49:04.358] [info] Main parser: writing dictionary on disk NOT COMPRESSED
[2026-09-28 02:49:07.427] [info] No properties requested.
[2026-09-28 02:49:07.427] [info] Main parser: closed
[2026-09-28 02:49:08.754] [info] Parser Integers -	Parse size: 29184752	Dic Size: 12254013 Dic Total Length: 945582912
[Disk Write (bytes): 1344815992]
