[2026-09-28 02:34:27.600] [info] Current Configuration:
; PFP++

; Text file to parse.
text="/mnt/nvme3n1/erikg/sxgc-k10sep/k10sep.txt"

; Output prefix.
out-prefix="/mnt/nvme3n1/erikg/sxgc-k10sep/from-zero-p_fwd37s/scratch-B/xsa-build-eutfiy_w/parse"

; Sliding window size.
window-size=10

; Modulo used during parsing.
modulo=100

; Number of threads.
threads=16

; Temporary files directory.
tmp-dir="/mnt/nvme3n1/erikg/sxgc-k10sep/from-zero-p_fwd37s/scratch-B/xsa-build-eutfiy_w"

; Also output compressed the dictionary.
compress-dictionary=false

; Use reference parse to avoid re-parsing.
use-vcf-acceleration=false

; Print out csv containing stats.
print-statistics=false

; Output count for each dictionary phrase.
output-occurrences=false

; Output sai array.
output-sai=false

; Output last array.
output-last=false

; Convert all non ACGT characters from a VCF or FASTA file to N.
acgt-only=false

; Verbose output.
verbose=false

; Version number.
version=false

[2026-09-28 02:34:27.600] [info] Parsing /mnt/nvme3n1/erikg/sxgc-k10sep/k10sep.txt
[2026-09-28 02:44:31.517] [info] Main parser: Replacing hash values with ranks.
[2026-09-28 02:47:39.114] [info] Main parser: writing dictionary on disk NOT COMPRESSED
[2026-09-28 02:47:50.273] [info] No properties requested.
[2026-09-28 02:47:50.273] [info] Main parser: closed
[2026-09-28 02:47:55.619] [info] Parser Text -	Parse size: 333531753	Dic Size: 37705242 Dic Total Length: 5446049484
[Disk Write (bytes): 9486135763]
