PASS parser: 15 valid cases, 25 malformed cases
{"check": "oracle-plain", "passed": true, "returncode": 0, "stderr": "PFP_TERMINAL byte=0x1e source=argument raw_n=25 raw_r=15\nENDPOINT_PASS raw_n=25 raw_r=15 n=15 k=1 r=13 padding_rows=10 cyclic_seam_certified=1\n", "n": 15, "raw_runs": 15, "cyclic_runs": 13}
{"check": "oracle-plain-no-invalid-output", "passed": true}
{"check": "oracle-plain-unseparated", "passed": true, "returncode": 0, "stderr": "PFP_TERMINAL byte=0x54 source=argument raw_n=14 raw_r=5\nENDPOINT_PASS raw_n=14 raw_r=5 n=4 k=1 r=4 padding_rows=10 cyclic_seam_certified=1\n", "n": 4, "raw_runs": 5, "cyclic_runs": 4}
{"check": "oracle-plain-unseparated-no-invalid-output", "passed": true}
{"check": "oracle-legacy-newline", "passed": true, "returncode": 0, "stderr": "PFP_TERMINAL byte=0x0a source=argument raw_n=25 raw_r=15\nENDPOINT_PASS raw_n=25 raw_r=15 n=15 k=1 r=13 padding_rows=10 cyclic_seam_certified=1\n", "n": 15, "raw_runs": 15, "cyclic_runs": 13}
{"check": "oracle-legacy-newline-no-invalid-output", "passed": true}
{"check": "oracle-repetitive", "passed": true, "returncode": 0, "stderr": "PFP_TERMINAL byte=0x1e source=argument raw_n=331 raw_r=7\nENDPOINT_PASS raw_n=331 raw_r=7 n=321 k=1 r=5 padding_rows=10 cyclic_seam_certified=1\n", "n": 321, "raw_runs": 7, "cyclic_runs": 5}
{"check": "oracle-repetitive-no-invalid-output", "passed": true}
{"check": "oracle-HOR-nested", "passed": true, "returncode": 0, "stderr": "PFP_TERMINAL byte=0x1e source=argument raw_n=445 raw_r=18\nENDPOINT_PASS raw_n=445 raw_r=18 n=435 k=1 r=16 padding_rows=10 cyclic_seam_certified=1\n", "n": 435, "raw_runs": 18, "cyclic_runs": 16}
{"check": "oracle-HOR-nested-no-invalid-output", "passed": true}
{"check": "oracle-multi-string", "passed": true, "returncode": 0, "stderr": "PFP_TERMINAL byte=0x1e source=argument raw_n=2013 raw_r=1517\nCYCLIC_SEAM_REPAIR terminal=0x1e predecessors_before_zero=1\nSLIM_PHASE dict-read wall=0.000 cumulative=0.001 peak_rss_kib=22528\nSLIM_PHASE dict-boundaries wall=0.000 cumulative=0.001 peak_rss_kib=22528\nSLIM_STRING_ENDS count=1 bytes=8 from_parse_dict=1 cyclic=1\nSLIM_PHASE parse+boundaries wall=0.000 cumulative=0.001 peak_rss_kib=22528\nSLIM_PHASE parse-fingerprints wall=0.000 cumulative=0.001 peak_rss_kib=22528\nSLIM_PHASE dict-fingerprints wall=0.000 cumulative=0.001 peak_rss_kib=22528\nSLIM_STRUCT n=2013 P=2 D=2036 phrases=2 parse_bytes=12 bd_bytes=174 bp_bytes=150 dict_resident=0 dict_cache_per_thread=262144 no_SA_ISA_LCP_RMQ=1 no_M_b_bwt_w_wt=1\nCYCLIC_SEAM_LCE_POLICY max_probe_and_verification=1331 max(1000,bit_width(raw_n)^3)\nCYCLIC_SEAM_REPAIRED classes=1 rows=3 discovery_steps=2 limit=1000 phi_samples=1517\nSLIM_FP seam-parse tau=1 bytes=32 queries=0 verified_symbols=0 hash_probes=0 mean_verified=0.000000000 max_verified=0\nSLIM_FP seam-dict tau=11 bytes=1488 queries=5 verified_symbols=8 hash_probes=0 mean_verified=1.600000000 max_verified=2\nENDPOINT_PASS raw_n=2013 raw_r=1517 n=2003 k=1 r=1515 padding_rows=10 cyclic_seam_certified=0\n", "n": 2003, "raw_runs": 1517, "cyclic_runs": 1515}
{"check": "oracle-multi-string-no-invalid-output", "passed": true}
{"check": "oracle-seam-refuse", "passed": true, "returncode": 1, "stderr": "PFP_TERMINAL byte=0x41 source=argument raw_n=2059 raw_r=6\nCYCLIC_SEAM_REPAIR terminal=0x41 predecessors_before_zero=1023\nCYCLIC_SEAM_REFUSED class_size=2048 limit=1000 policy=max(1000,raw_r/1000); no O(n) fallback\nFATAL: cyclic seam repair exceeds compressed-work policy; no O(n) fallback\n", "n": 2049, "raw_runs": 6, "cyclic_runs": 2}
{"check": "oracle-seam-refuse-no-invalid-output", "passed": true}
{"check": "oracle-seam-aperiodic", "passed": true, "returncode": 0, "stderr": "PFP_TERMINAL byte=0x41 source=argument raw_n=267 raw_r=6\nCYCLIC_SEAM_REPAIR terminal=0x41 predecessors_before_zero=127\nSLIM_PHASE dict-read wall=0.000 cumulative=0.000 peak_rss_kib=24576\nSLIM_PHASE dict-boundaries wall=0.000 cumulative=0.000 peak_rss_kib=24576\nSLIM_STRING_ENDS count=1 bytes=8 from_parse_dict=1 cyclic=1\nSLIM_PHASE parse+boundaries wall=0.000 cumulative=0.000 peak_rss_kib=24576\nSLIM_PHASE parse-fingerprints wall=0.000 cumulative=0.000 peak_rss_kib=24576\nSLIM_PHASE dict-fingerprints wall=0.000 cumulative=0.000 peak_rss_kib=24576\nSLIM_STRUCT n=267 P=2 D=290 phrases=2 parse_bytes=12 bd_bytes=174 bp_bytes=150 dict_resident=0 dict_cache_per_thread=262144 no_SA_ISA_LCP_RMQ=1 no_M_b_bwt_w_wt=1\nCYCLIC_SEAM_LCE_POLICY max_probe_and_verification=1000 max(1000,bit_width(raw_n)^3)\nCYCLIC_SEAM_REPAIRED classes=1 rows=256 discovery_steps=129 limit=1000 phi_samples=6\nSLIM_FP seam-parse tau=4 bytes=8 queries=0 verified_symbols=0 hash_probes=0 mean_verified=0.000000000 max_verified=0\nSLIM_FP seam-dict tau=387 bytes=8 queries=9076 verified_symbols=540736 hash_probes=52965 mean_verified=59.578669017 max_verified=129\nENDPOINT_PASS raw_n=267 raw_r=6 n=257 k=1 r=2 padding_rows=10 cyclic_seam_certified=0\n", "n": 257, "raw_runs": 6, "cyclic_runs": 2}
{"check": "oracle-seam-aperiodic-no-invalid-output", "passed": true}
{"check": "oracle-seam-periodic", "passed": true, "returncode": 0, "stderr": "PFP_TERMINAL byte=0x1e source=argument raw_n=266 raw_r=7\nCYCLIC_SEAM_REPAIR terminal=0x1e predecessors_before_zero=63\nSLIM_PHASE dict-read wall=0.000 cumulative=0.000 peak_rss_kib=24576\nSLIM_PHASE dict-boundaries wall=0.000 cumulative=0.000 peak_rss_kib=24576\nSLIM_STRING_ENDS count=1 bytes=8 from_parse_dict=1 cyclic=1\nSLIM_PHASE parse+boundaries wall=0.000 cumulative=0.000 peak_rss_kib=24576\nSLIM_PHASE parse-fingerprints wall=0.000 cumulative=0.000 peak_rss_kib=24576\nSLIM_PHASE dict-fingerprints wall=0.000 cumulative=0.000 peak_rss_kib=24576\nSLIM_STRUCT n=266 P=2 D=289 phrases=2 parse_bytes=12 bd_bytes=174 bp_bytes=150 dict_resident=0 dict_cache_per_thread=262144 no_SA_ISA_LCP_RMQ=1 no_M_b_bwt_w_wt=1\nCYCLIC_SEAM_LCE_POLICY max_probe_and_verification=1000 max(1000,bit_width(raw_n)^3)\nCYCLIC_SEAM_REPAIRED classes=4 rows=256 discovery_steps=253 limit=1000 phi_samples=7\nSLIM_FP seam-parse tau=4 bytes=8 queries=0 verified_symbols=0 hash_probes=0 mean_verified=0.000000000 max_verified=0\nSLIM_FP seam-dict tau=331 bytes=8 queries=3267 verified_symbols=403619 hash_probes=23722 mean_verified=123.544230181 max_verified=253\nENDPOINT_PASS raw_n=266 raw_r=7 n=256 k=1 r=4 padding_rows=10 cyclic_seam_certified=0\n", "n": 256, "raw_runs": 7, "cyclic_runs": 4}
{"check": "oracle-seam-periodic-no-invalid-output", "passed": true}
{"check": "oracle-seam-periodic-no-separator", "passed": true, "returncode": 0, "stderr": "PFP_TERMINAL byte=0x41 source=argument raw_n=202 raw_r=6\nCYCLIC_SEAM_REPAIR terminal=0x41 predecessors_before_zero=63\nSLIM_PHASE dict-read wall=0.000 cumulative=0.000 peak_rss_kib=24576\nSLIM_PHASE dict-boundaries wall=0.000 cumulative=0.000 peak_rss_kib=24576\nSLIM_STRING_ENDS count=1 bytes=8 from_parse_dict=1 cyclic=1\nSLIM_PHASE parse+boundaries wall=0.000 cumulative=0.000 peak_rss_kib=24576\nSLIM_PHASE parse-fingerprints wall=0.000 cumulative=0.000 peak_rss_kib=24576\nSLIM_PHASE dict-fingerprints wall=0.000 cumulative=0.000 peak_rss_kib=24576\nSLIM_STRUCT n=202 P=2 D=225 phrases=2 parse_bytes=12 bd_bytes=174 bp_bytes=150 dict_resident=0 dict_cache_per_thread=262144 no_SA_ISA_LCP_RMQ=1 no_M_b_bwt_w_wt=1\nCYCLIC_SEAM_LCE_POLICY max_probe_and_verification=1000 max(1000,bit_width(raw_n)^3)\nCYCLIC_SEAM_REPAIRED classes=2 rows=192 discovery_steps=190 limit=1000 phi_samples=6\nSLIM_FP seam-parse tau=4 bytes=8 queries=0 verified_symbols=0 hash_probes=0 mean_verified=0.000000000 max_verified=0\nSLIM_FP seam-dict tau=300 bytes=8 queries=7081 verified_symbols=624161 hash_probes=47164 mean_verified=88.145883350 max_verified=190\nENDPOINT_PASS raw_n=202 raw_r=6 n=192 k=1 r=2 padding_rows=10 cyclic_seam_certified=0\n", "n": 192, "raw_runs": 6, "cyclic_runs": 2}
{"check": "oracle-seam-periodic-no-separator-no-invalid-output", "passed": true}
{"check": "seam-lower-bound-8", "passed": true, "n": 17, "raw_runs": 6, "changed_rows": 8, "backwards_row_relocations": 7}
{"check": "seam-lower-bound-32", "passed": true, "n": 65, "raw_runs": 6, "changed_rows": 32, "backwards_row_relocations": 31}
{"check": "seam-lower-bound-128", "passed": true, "n": 257, "raw_runs": 6, "changed_rows": 128, "backwards_row_relocations": 127}
{"check": "seam-lower-bound-512", "passed": true, "n": 1025, "raw_runs": 6, "changed_rows": 512, "backwards_row_relocations": 511}
{"check": "sep-text-publication", "passed": true, "command": ["/tmp/sxgc-laneV/xsa/target/release/xsa", "build", "--text", "/tmp/k10-endpoints-debug/separator/control.txt", "-o", "/tmp/k10-endpoints-debug/separator/sep-text.sxi", "--threads", "2", "--scratch", "/tmp/k10-endpoints-debug/separator", "--log-dir", "bit6/sxi_logs/k10-endpoints-debug/separator"], "stderr": "xsa build: work=/tmp/k10-endpoints-debug/separator/xsa-build-auk_3x0d log=/tmp/sxgc-laneV/bit6/sxi_logs/k10-endpoints-debug/separator/sep-text-xsa-build-auk_3x0d.jsonl\n"}
{"check": "raw-text-as-is", "passed": true}
{"check": "sep-fasta-publication", "passed": true, "command": ["/tmp/sxgc-laneV/xsa/target/release/xsa", "build", "--fasta", "/tmp/k10-endpoints-debug/separator/fasta", "-o", "/tmp/k10-endpoints-debug/separator/sep-fasta.sxi", "--threads", "2", "--scratch", "/tmp/k10-endpoints-debug/separator", "--log-dir", "bit6/sxi_logs/k10-endpoints-debug/separator", "--expect-heads", "/tmp/k10-endpoints-debug/separator/xsa-build-auk_3x0d/fresh.head_sa", "--expect-ri4", "/tmp/k10-endpoints-debug/separator/xsa-build-auk_3x0d/fresh.ri4"], "stderr": "xsa build: work=/tmp/k10-endpoints-debug/separator/xsa-build-wc_zlnlh log=/tmp/sxgc-laneV/bit6/sxi_logs/k10-endpoints-debug/separator/sep-fasta-xsa-build-wc_zlnlh.jsonl\nprepare-fasta: record=1 name=0 sequence_bytes=666 collection_bytes=667\nprepare-fasta: record=2 name=1 sequence_bytes=667 collection_bytes=1335\nprepare-fasta: record=3 name=2 sequence_bytes=667 collection_bytes=2003\n"}
{"check": "fasta-materialized-bytes", "passed": true}
{"check": "fasta-endpoint-byte-gates", "passed": true}
{"check": "fasta-core-members", "passed": true}
{"check": "sep-fastq-publication", "passed": true, "command": ["/tmp/sxgc-laneV/xsa/target/release/xsa", "build", "--fastq", "/tmp/k10-endpoints-debug/separator/fastq", "-o", "/tmp/k10-endpoints-debug/separator/sep-fastq.sxi", "--threads", "2", "--scratch", "/tmp/k10-endpoints-debug/separator", "--log-dir", "bit6/sxi_logs/k10-endpoints-debug/separator", "--expect-heads", "/tmp/k10-endpoints-debug/separator/xsa-build-auk_3x0d/fresh.head_sa", "--expect-ri4", "/tmp/k10-endpoints-debug/separator/xsa-build-auk_3x0d/fresh.ri4"], "stderr": "xsa build: work=/tmp/k10-endpoints-debug/separator/xsa-build-lup8m1y2 log=/tmp/sxgc-laneV/bit6/sxi_logs/k10-endpoints-debug/separator/sep-fastq-xsa-build-lup8m1y2.jsonl\nprepare-fastq: record=1 name=0 sequence_bytes=666 collection_bytes=667\nprepare-fastq: record=2 name=1 sequence_bytes=667 collection_bytes=1335\nprepare-fastq: record=3 name=2 sequence_bytes=667 collection_bytes=2003\n"}
{"check": "fastq-materialized-bytes", "passed": true}
{"check": "fastq-endpoint-byte-gates", "passed": true}
{"check": "fastq-core-members", "passed": true}
{"check": "producer-padded-oracle.ssa", "passed": true}
{"check": "producer-padded-oracle.ssa_t", "passed": true}
{"check": "independent-cyclic-order", "passed": true, "n": 2003, "k": 1, "actual_runs": 1515, "cyclic_runs": 1515, "first_actual_heads": [1334, 2002, 666, 2001, 1598, 1370, 195, 1260, 1599, 1446], "first_cyclic_heads": [1334, 2002, 666, 2001, 1598, 1370, 195, 1260, 1599, 1446], "bwt_equal": true, "heads_equal": true, "text_sha256": "ec0b4018eaba48a9981f6aae5873cbbd9fc1159948a1fb150eadbb6f02528a4f"}
{"check": "reserved-fasta", "passed": true, "command": ["/tmp/sxgc-laneV/xsa/target/release/xsa", "build", "--fasta", "/tmp/k10-endpoints-debug/separator/reserved.fasta", "-o", "/tmp/k10-endpoints-debug/separator/reserved-fasta.sxi", "--threads", "2", "--scratch", "/tmp/k10-endpoints-debug/separator", "--log-dir", "bit6/sxi_logs/k10-endpoints-debug/separator"]}
{"check": "reserved-fastq", "passed": true, "command": ["/tmp/sxgc-laneV/xsa/target/release/xsa", "build", "--fastq", "/tmp/k10-endpoints-debug/separator/reserved.fastq", "-o", "/tmp/k10-endpoints-debug/separator/reserved-fastq.sxi", "--threads", "2", "--scratch", "/tmp/k10-endpoints-debug/separator", "--log-dir", "bit6/sxi_logs/k10-endpoints-debug/separator"]}
{"check": "reserved-agc", "passed": false, "command": ["/tmp/sxgc-laneV/xsa/target/release/xsa", "build", "--agc", "/tmp/sxi-sep-8xat6poa/reserved.agc", "-o", "/tmp/k10-endpoints-debug/separator/reserved-agc.sxi", "--threads", "2", "--scratch", "/tmp/k10-endpoints-debug/separator", "--log-dir", "bit6/sxi_logs/k10-endpoints-debug/separator"]}
{"check": "sep-agc-publication", "passed": false, "command": ["/tmp/sxgc-laneV/xsa/target/release/xsa", "build", "--agc", "/tmp/laneV/agc-test/tiny.agc", "-o", "/tmp/k10-endpoints-debug/separator/sep-agc.sxi", "--threads", "2", "--scratch", "/tmp/k10-endpoints-debug/separator", "--log-dir", "bit6/sxi_logs/k10-endpoints-debug/separator"], "stderr": "xsa build: work=/tmp/k10-endpoints-debug/separator/xsa-build-kssc8fu3 log=/tmp/sxgc-laneV/bit6/sxi_logs/k10-endpoints-debug/separator/sep-agc-xsa-build-kssc8fu3.jsonl\nxsa build: prepare-agc failed (1); see /tmp/sxgc-laneV/bit6/sxi_logs/k10-endpoints-debug/separator/sep-agc-xsa-build-kssc8fu3.prepare-agc.log; no final SXI published\nxsa: error: build: pipeline failed: exit status: 1\n"}
Traceback (most recent call last):
  File "/tmp/sxgc-laneV/bit6/test_sxi_separator.py", line 255, in <module>
    raise SystemExit(main())
                     ^^^^^^
  File "/tmp/sxgc-laneV/bit6/test_sxi_separator.py", line 232, in main
    control_output, control_work = build('sep-agc-text', 'text', agc_work / 'collection.txt',
                                   ^^^^^^^^^^^^^^^^^^^^^^^^^^^^^^^^^^^^^^^^^^^^^^^^^^^^^^^^^^
  File "/tmp/sxgc-laneV/bit6/test_sxi_separator.py", line 157, in build
    line = next(line for line in result.stderr.splitlines() if line.startswith('xsa build: work='))
           ^^^^^^^^^^^^^^^^^^^^^^^^^^^^^^^^^^^^^^^^^^^^^^^^^^^^^^^^^^^^^^^^^^^^^^^^^^^^^^^^^^^^^^^^
StopIteration
