[2026-09-28 17:26:42.222] [info] Using 8 bytes for computing SA of the dictionary
[2026-09-28 17:26:42.223] [info] Using 2 bytes for storing SA of the dictionary
[2026-09-28 17:26:42.224] [info] Elapsed time (s): 0.001662552
[2026-09-28 17:26:42.224] [info] Using 1 bytes for DA of the dictionary
[2026-09-28 17:26:42.224] [info] Elapsed time (s): 0.000208051
[2026-09-28 17:26:42.224] [info] Using 2 bytes for ISA of the dictionary
[2026-09-28 17:26:42.224] [info] Elapsed time (s): 0.00018244
[2026-09-28 17:26:42.224] [info] Using 2 bytes for LCP of the dictionary
[2026-09-28 17:26:42.224] [info] Elapsed time (s): 0.000458661
[2026-09-28 17:26:42.224] [info] Using 1 bytes for colex id and inverse colex id array of the dictionary
[2026-09-28 17:26:42.225] [info] Elapsed time (s): 0.00013489
[2026-09-28 17:26:42.225] [info] Using 8 bytes for computing SA of the dictionary
[2026-09-28 17:26:42.225] [info] Using 2 bytes for storing SA of the dictionary
[2026-09-28 17:26:42.225] [info] Elapsed time (s): 2.851e-05
[2026-09-28 17:26:42.225] [info] Using 1 bytes for DA of the dictionary
[2026-09-28 17:26:42.225] [info] Elapsed time (s): 1.078e-05
[2026-09-28 17:26:42.225] [info] Using 2 bytes for ISA of the dictionary
[2026-09-28 17:26:42.225] [info] Elapsed time (s): 3.93e-06
[2026-09-28 17:26:42.225] [info] Using 1 bytes for LCP of the dictionary
[2026-09-28 17:26:42.225] [info] Elapsed time (s): 4.82e-06
[2026-09-28 17:26:42.225] [info] Computing RMQ over LCP of dictionary
[2026-09-28 17:26:42.225] [info] Elapsed time (s): 9.93e-06
[2026-09-28 17:26:42.225] [info] Using 1 bytes for colex DA of the dictionary
[2026-09-28 17:26:42.225] [info] Using 1 bytes for colex id and inverse colex id array of the dictionary
[2026-09-28 17:26:42.225] [info] Elapsed time (s): 3.643e-05
[2026-09-28 17:26:42.225] [info] Using 8 bytes for computing SA of the parsing
[2026-09-28 17:26:42.225] [info] Using 1 bytes for storing SA of the parsing
[2026-09-28 17:26:42.225] [info] Elapsed time (s): 5.91e-06
[2026-09-28 17:26:42.225] [info] Computing b_p
[2026-09-28 17:26:42.225] [info] Computing b_bwt and M of the parsing
[2026-09-28 17:26:42.225] [info] Computing inverted list of BWT(P)
[2026-09-28 17:26:42.225] [info] Using 1 bytes for storing the inverted list of the BWT of the parse
[2026-09-28 17:26:42.225] [info] Precomputing d lengths
[2026-09-28 17:26:42.225] [info] Precomputing d lengths
[2026-09-28 17:26:42.225] [info] Creating v table
[2026-09-28 17:26:42.225] [info] Creating E arrays
[2026-09-28 17:26:42.225] [info] Computing chunks for parallel execution. Total input size: 20011. Requested chunks: 1
[2026-09-28 17:26:42.230] [info] BWT ranges divided in 1 chunks.
[2026-09-28 17:26:42.238] [info] Chunk 1/1 completed
[2026-09-28 17:26:42.238] [info] Completed rle string merge
[2026-09-28 17:26:42.258] [info] Processed: 1 Skipped: 0
[2026-09-28 17:26:42.258] [info] Chunk 1/1 completed
[2026-09-28 17:26:42.258] [info] Writing out sa values at run heads
[2026-09-28 17:26:42.259] [info] Done
