[2026-09-28 17:30:14.544] [info] Using 8 bytes for computing SA of the dictionary
[2026-09-28 17:30:14.557] [info] Using 3 bytes for storing SA of the dictionary
[2026-09-28 17:30:14.558] [info] Elapsed time (s): 0.014499061
[2026-09-28 17:30:14.558] [info] Using 2 bytes for DA of the dictionary
[2026-09-28 17:30:14.561] [info] Elapsed time (s): 0.002886924
[2026-09-28 17:30:14.561] [info] Using 3 bytes for ISA of the dictionary
[2026-09-28 17:30:14.565] [info] Elapsed time (s): 0.003346025
[2026-09-28 17:30:14.565] [info] Using 2 bytes for LCP of the dictionary
[2026-09-28 17:30:14.569] [info] Elapsed time (s): 0.004795507
[2026-09-28 17:30:14.569] [info] Using 2 bytes for colex id and inverse colex id array of the dictionary
[2026-09-28 17:30:14.571] [info] Elapsed time (s): 0.001658672
[2026-09-28 17:30:14.571] [info] Using 8 bytes for computing SA of the dictionary
[2026-09-28 17:30:14.572] [info] Using 2 bytes for storing SA of the dictionary
[2026-09-28 17:30:14.572] [info] Elapsed time (s): 0.00057363
[2026-09-28 17:30:14.572] [info] Using 2 bytes for DA of the dictionary
[2026-09-28 17:30:14.572] [info] Elapsed time (s): 6.8841e-05
[2026-09-28 17:30:14.572] [info] Using 2 bytes for ISA of the dictionary
[2026-09-28 17:30:14.572] [info] Elapsed time (s): 5.98e-05
[2026-09-28 17:30:14.572] [info] Using 1 bytes for LCP of the dictionary
[2026-09-28 17:30:14.572] [info] Elapsed time (s): 0.0001077
[2026-09-28 17:30:14.572] [info] Computing RMQ over LCP of dictionary
[2026-09-28 17:30:14.572] [info] Elapsed time (s): 0.00022218
[2026-09-28 17:30:14.572] [info] Using 2 bytes for colex DA of the dictionary
[2026-09-28 17:30:14.572] [info] Using 2 bytes for colex id and inverse colex id array of the dictionary
[2026-09-28 17:30:14.573] [info] Elapsed time (s): 0.000839311
[2026-09-28 17:30:14.573] [info] Using 8 bytes for computing SA of the parsing
[2026-09-28 17:30:14.573] [info] Using 2 bytes for storing SA of the parsing
[2026-09-28 17:30:14.573] [info] Elapsed time (s): 2.75e-05
[2026-09-28 17:30:14.573] [info] Computing b_p
[2026-09-28 17:30:14.573] [info] Computing b_bwt and M of the parsing
[2026-09-28 17:30:14.574] [info] Computing inverted list of BWT(P)
[2026-09-28 17:30:14.574] [info] Using 2 bytes for storing the inverted list of the BWT of the parse
[2026-09-28 17:30:14.574] [info] Precomputing d lengths
[2026-09-28 17:30:14.575] [info] Precomputing d lengths
[2026-09-28 17:30:14.575] [info] Creating v table
[2026-09-28 17:30:14.575] [info] Creating E arrays
[2026-09-28 17:30:14.575] [info] Computing chunks for parallel execution. Total input size: 600011. Requested chunks: 1
[2026-09-28 17:30:14.583] [info] BWT ranges divided in 1 chunks.
[2026-09-28 17:30:14.606] [info] Chunk 1/1 completed
[2026-09-28 17:30:14.607] [info] Completed rle string merge
[2026-09-28 17:30:14.754] [info] Processed: 314374 Skipped: 121500
[2026-09-28 17:30:14.754] [info] Chunk 1/1 completed
[2026-09-28 17:30:14.754] [info] Writing out sa values at run heads
[2026-09-28 17:30:14.755] [info] Done
