[2026-09-28 17:30:16.641] [info] Using 8 bytes for computing SA of the dictionary
[2026-09-28 17:30:16.641] [info] Using 2 bytes for storing SA of the dictionary
[2026-09-28 17:30:16.641] [info] Elapsed time (s): 0.00012979
[2026-09-28 17:30:16.641] [info] Using 1 bytes for DA of the dictionary
[2026-09-28 17:30:16.641] [info] Elapsed time (s): 1.278e-05
[2026-09-28 17:30:16.641] [info] Using 2 bytes for ISA of the dictionary
[2026-09-28 17:30:16.641] [info] Elapsed time (s): 8.96e-06
[2026-09-28 17:30:16.641] [info] Using 2 bytes for LCP of the dictionary
[2026-09-28 17:30:16.641] [info] Elapsed time (s): 1.599e-05
[2026-09-28 17:30:16.641] [info] Using 1 bytes for colex id and inverse colex id array of the dictionary
[2026-09-28 17:30:16.641] [info] Elapsed time (s): 7.52e-06
[2026-09-28 17:30:16.641] [info] Using 8 bytes for computing SA of the dictionary
[2026-09-28 17:30:16.641] [info] Using 1 bytes for storing SA of the dictionary
[2026-09-28 17:30:16.641] [info] Elapsed time (s): 6.77e-06
[2026-09-28 17:30:16.641] [info] Using 1 bytes for DA of the dictionary
[2026-09-28 17:30:16.641] [info] Elapsed time (s): 2.33e-06
[2026-09-28 17:30:16.641] [info] Using 1 bytes for ISA of the dictionary
[2026-09-28 17:30:16.641] [info] Elapsed time (s): 1.92e-06
[2026-09-28 17:30:16.641] [info] Using 1 bytes for LCP of the dictionary
[2026-09-28 17:30:16.641] [info] Elapsed time (s): 2.31e-06
[2026-09-28 17:30:16.641] [info] Computing RMQ over LCP of dictionary
[2026-09-28 17:30:16.641] [info] Elapsed time (s): 4.96e-06
[2026-09-28 17:30:16.641] [info] Using 1 bytes for colex DA of the dictionary
[2026-09-28 17:30:16.641] [info] Using 1 bytes for colex id and inverse colex id array of the dictionary
[2026-09-28 17:30:16.641] [info] Elapsed time (s): 9.77e-06
[2026-09-28 17:30:16.641] [info] Using 8 bytes for computing SA of the parsing
[2026-09-28 17:30:16.641] [info] Using 1 bytes for storing SA of the parsing
[2026-09-28 17:30:16.641] [info] Elapsed time (s): 4.42e-06
[2026-09-28 17:30:16.641] [info] Computing b_p
[2026-09-28 17:30:16.641] [info] Computing b_bwt and M of the parsing
[2026-09-28 17:30:16.641] [info] Computing inverted list of BWT(P)
[2026-09-28 17:30:16.641] [info] Using 1 bytes for storing the inverted list of the BWT of the parse
[2026-09-28 17:30:16.641] [info] Precomputing d lengths
[2026-09-28 17:30:16.641] [info] Precomputing d lengths
[2026-09-28 17:30:16.641] [info] Creating v table
[2026-09-28 17:30:16.641] [info] Creating E arrays
[2026-09-28 17:30:16.641] [info] Computing chunks for parallel execution. Total input size: 18371. Requested chunks: 1
[2026-09-28 17:30:16.641] [info] BWT ranges divided in 1 chunks.
[2026-09-28 17:30:16.642] [info] Chunk 1/1 completed
[2026-09-28 17:30:16.642] [info] Completed rle string merge
[2026-09-28 17:30:16.643] [info] Processed: 345 Skipped: 17106
[2026-09-28 17:30:16.643] [info] Chunk 1/1 completed
[2026-09-28 17:30:16.643] [info] Writing out sa values at run heads
[2026-09-28 17:30:16.643] [info] Done
