[2026-09-28 17:30:16.427] [info] Using 8 bytes for computing SA of the dictionary
[2026-09-28 17:30:16.427] [info] Using 2 bytes for storing SA of the dictionary
[2026-09-28 17:30:16.427] [info] Elapsed time (s): 0.000767701
[2026-09-28 17:30:16.427] [info] Using 1 bytes for DA of the dictionary
[2026-09-28 17:30:16.428] [info] Elapsed time (s): 0.00016658
[2026-09-28 17:30:16.428] [info] Using 2 bytes for ISA of the dictionary
[2026-09-28 17:30:16.428] [info] Elapsed time (s): 0.00010299
[2026-09-28 17:30:16.428] [info] Using 2 bytes for LCP of the dictionary
[2026-09-28 17:30:16.428] [info] Elapsed time (s): 0.000270991
[2026-09-28 17:30:16.428] [info] Using 1 bytes for colex id and inverse colex id array of the dictionary
[2026-09-28 17:30:16.428] [info] Elapsed time (s): 7.678e-05
[2026-09-28 17:30:16.428] [info] Using 8 bytes for computing SA of the dictionary
[2026-09-28 17:30:16.428] [info] Using 1 bytes for storing SA of the dictionary
[2026-09-28 17:30:16.428] [info] Elapsed time (s): 6.87e-06
[2026-09-28 17:30:16.428] [info] Using 1 bytes for DA of the dictionary
[2026-09-28 17:30:16.428] [info] Elapsed time (s): 1.78e-06
[2026-09-28 17:30:16.428] [info] Using 1 bytes for ISA of the dictionary
[2026-09-28 17:30:16.428] [info] Elapsed time (s): 1.73e-06
[2026-09-28 17:30:16.428] [info] Using 1 bytes for LCP of the dictionary
[2026-09-28 17:30:16.428] [info] Elapsed time (s): 1.9e-06
[2026-09-28 17:30:16.428] [info] Computing RMQ over LCP of dictionary
[2026-09-28 17:30:16.428] [info] Elapsed time (s): 6.32e-06
[2026-09-28 17:30:16.428] [info] Using 1 bytes for colex DA of the dictionary
[2026-09-28 17:30:16.428] [info] Using 1 bytes for colex id and inverse colex id array of the dictionary
[2026-09-28 17:30:16.428] [info] Elapsed time (s): 8.76e-06
[2026-09-28 17:30:16.428] [info] Using 8 bytes for computing SA of the parsing
[2026-09-28 17:30:16.428] [info] Using 1 bytes for storing SA of the parsing
[2026-09-28 17:30:16.428] [info] Elapsed time (s): 6.31e-06
[2026-09-28 17:30:16.428] [info] Computing b_p
[2026-09-28 17:30:16.428] [info] Computing b_bwt and M of the parsing
[2026-09-28 17:30:16.428] [info] Computing inverted list of BWT(P)
[2026-09-28 17:30:16.428] [info] Using 1 bytes for storing the inverted list of the BWT of the parse
[2026-09-28 17:30:16.428] [info] Precomputing d lengths
[2026-09-28 17:30:16.428] [info] Precomputing d lengths
[2026-09-28 17:30:16.428] [info] Creating v table
[2026-09-28 17:30:16.428] [info] Creating E arrays
[2026-09-28 17:30:16.428] [info] Computing chunks for parallel execution. Total input size: 18511. Requested chunks: 1
[2026-09-28 17:30:16.446] [info] BWT ranges divided in 1 chunks.
[2026-09-28 17:30:16.465] [info] Chunk 1/1 completed
[2026-09-28 17:30:16.465] [info] Completed rle string merge
[2026-09-28 17:30:16.490] [info] Processed: 0 Skipped: 0
[2026-09-28 17:30:16.490] [info] Chunk 1/1 completed
[2026-09-28 17:30:16.490] [info] Writing out sa values at run heads
[2026-09-28 17:30:16.490] [info] Done
